========================================================================
  Topology-Aware Heuristic — run summary
========================================================================
  Instance aircraft : 10
  Positions         : ['P1', 'P2', 'P3', 'P4', 'P5']
  Blocking load     : P1=0  P2=0  P3=2  P4=1  P5=0

  Parameters:
    time_limit_s: 60
    min_separation: 10.0
    weight_makespan: 0.1
    weight_delay: 1.0
    weight_movements: 10
    weight_topology: 1.0
    alpha: 0.3
    seed: None
    log_enabled: True
    MIPGap: 0.0
    NoRelHeurTime: 0

========================================================================
  Iterations: 1410
  Best objective: 6.7980
  Makespan: 62.5900   Delay: 0.5390   Movements: 0
========================================================================

  Improvement log:
  iter=1  t=0.00s  obj=26.21  makespan=68.40  delay=19.37  mov=0  *
  iter=3  t=0.15s  obj=24.03  makespan=73.37  delay=16.69  mov=0  *
  iter=305  t=12.66s  obj=14.25  makespan=73.37  delay=6.91  mov=0  *
  iter=366  t=15.07s  obj=6.80  makespan=62.59  delay=0.54  mov=0  *

========================================================================
  Best solution — aircraft assignments:
  ID      Pos    load   duration     start    finish    delay
  --------------------------------------------------------
  R3      P3        2      16.05      0.00     16.05     0.00
  R2      P5        0      25.44      0.00     25.44     0.00
  R1      P4        1      21.52      0.00     21.52     0.00
  R8      P1        0       7.74     13.02     20.75     0.00
  R10     P2        0       9.26     18.84     28.10     0.00
  R7      P1        0      21.55     30.75     52.30     0.00
  R9      P5        0      27.15     35.44     62.59     0.00
  R4      P3        2      20.17     35.44     55.61     0.54
  R6      P4        1      20.80     35.44     56.24     0.00
  R5      P2        0      20.40     38.10     58.50     0.00
========================================================================
