========================================================================
  ConstructiveHeuristic — unknown
========================================================================
  alpha=0.4  time_limit=60s  seed=None  min_sep=10.0
  weights: makespan=0.1  delay=1.0  movements=10

  Instance: 5 aircraft  5 positions  3 blocking arcs
  Blocking arcs: P3→P4  P3→P5  P4→P5

────────────────────────────────────────────────────────────────────────
  Best construction detail  (iter 1  obj=3.1220)
────────────────────────────────────────────────────────────────────────
Blocking arcs: P3→P4  P3→P5  P4→P5

Aircraft initial ranking (target_finish ASC, total_duration ASC):
  Rank   ID       earliest     target    duration
  ----------------------------------------------
  [ 0]  R1           0.00      36.54       23.45
  [ 1]  R2           0.00      44.47       18.81
  [ 2]  R3           0.00      48.88       31.22
  [ 3]  R4           0.00      53.32       20.97
  [ 4]  R5           0.00      60.06       25.85

========================================================================
  STEP 1/5
========================================================================

  Pair evaluation  (25 pairs):
    Rank   ID      Pos     t_start   t_finish    delay      gap   blocking      score    weight     P(%)   cum(%)
    ---------------------------------------------------------------------------------------------------------
    [ 0]  R2      P1         0.00      18.81     0.00     0.00       none       1.88    1.0000   40.00%   40.00%
    [ 1]  R2      P2         0.00      18.81     0.00     0.00       none       1.88    0.6000   24.00%   64.00%
    [ 2]  R2      P3         0.00      18.81     0.00     0.00       none       1.88    0.3600   14.40%   78.40%
    [ 3]  R2      P4         0.00      18.81     0.00     0.00       none       1.88    0.2160    8.64%   87.04%
    [ 4]  R2      P5         0.00      18.81     0.00     0.00       none       1.88    0.1296    5.18%   92.22%
    [ 5]  R4      P1         0.00      20.97     0.00     0.00       none       2.10    0.0778    3.11%   95.33%
    [ 6]  R4      P2         0.00      20.97     0.00     0.00       none       2.10    0.0467    1.87%   97.20%
    [ 7]  R4      P3         0.00      20.97     0.00     0.00       none       2.10    0.0280    1.12%   98.32%
    [ 8]  R4      P4         0.00      20.97     0.00     0.00       none       2.10    0.0168    0.67%   98.99%
    [ 9]  R4      P5         0.00      20.97     0.00     0.00       none       2.10    0.0101    0.40%   99.40%
    [10]  R1      P1         0.00      23.45     0.00     0.00       none       2.35    0.0060    0.24%   99.64%
    [11]  R1      P2         0.00      23.45     0.00     0.00       none       2.35    0.0036    0.15%   99.78%
    [12]  R1      P3         0.00      23.45     0.00     0.00       none       2.35    0.0022    0.09%   99.87%
    [13]  R1      P4         0.00      23.45     0.00     0.00       none       2.35    0.0013    0.05%   99.92%
    [14]  R1      P5         0.00      23.45     0.00     0.00       none       2.35    0.0008    0.03%   99.95%
    [15]  R5      P1         0.00      25.85     0.00     0.00       none       2.59    0.0005    0.02%   99.97%
    [16]  R5      P2         0.00      25.85     0.00     0.00       none       2.59    0.0003    0.01%   99.98%
    [17]  R5      P3         0.00      25.85     0.00     0.00       none       2.59    0.0002    0.01%   99.99%
    [18]  R5      P4         0.00      25.85     0.00     0.00       none       2.59    0.0001    0.00%   99.99%
    [19]  R5      P5         0.00      25.85     0.00     0.00       none       2.59    0.0001    0.00%  100.00%
    [20]  R3      P1         0.00      31.22     0.00     0.00       none       3.12    0.0000    0.00%  100.00%
    [21]  R3      P2         0.00      31.22     0.00     0.00       none       3.12    0.0000    0.00%  100.00%
    [22]  R3      P3         0.00      31.22     0.00     0.00       none       3.12    0.0000    0.00%  100.00%
    [23]  R3      P4         0.00      31.22     0.00     0.00       none       3.12    0.0000    0.00%  100.00%
    [24]  R3      P5         0.00      31.22     0.00     0.00       none       3.12    0.0000    0.00%  100.00%
    draw=0.6638  →  (R2, P1) (rank 0) selected

  Assignment: R2 → P1  [0.00 → 18.81]  delay=0.00
    J2-1       [0.00 → 6.09]
    J2-2       [6.09 → 18.81]

  Assigned so far:
    ID      Pos       start    finish    delay
    ----------------------------------------
    R2      P1         0.00     18.81     0.00

========================================================================
  STEP 2/5
========================================================================

  Pair evaluation  (20 pairs):
    Rank   ID      Pos     t_start   t_finish    delay      gap   blocking      score    weight     P(%)   cum(%)
    ---------------------------------------------------------------------------------------------------------
    [ 0]  R4      P2         0.00      20.97     0.00     0.00       none       2.10    1.0000   40.00%   40.00%
    [ 1]  R4      P3         0.00      20.97     0.00     0.00       none       2.10    0.6000   24.00%   64.00%
    [ 2]  R4      P4         0.00      20.97     0.00     0.00       none       2.10    0.3600   14.40%   78.40%
    [ 3]  R4      P5         0.00      20.97     0.00     0.00       none       2.10    0.2160    8.64%   87.04%
    [ 4]  R1      P2         0.00      23.45     0.00     0.00       none       2.35    0.1296    5.18%   92.23%
    [ 5]  R1      P3         0.00      23.45     0.00     0.00       none       2.35    0.0778    3.11%   95.34%
    [ 6]  R1      P4         0.00      23.45     0.00     0.00       none       2.35    0.0467    1.87%   97.20%
    [ 7]  R1      P5         0.00      23.45     0.00     0.00       none       2.35    0.0280    1.12%   98.32%
    [ 8]  R5      P2         0.00      25.85     0.00     0.00       none       2.59    0.0168    0.67%   99.00%
    [ 9]  R5      P3         0.00      25.85     0.00     0.00       none       2.59    0.0101    0.40%   99.40%
    [10]  R5      P4         0.00      25.85     0.00     0.00       none       2.59    0.0060    0.24%   99.64%
    [11]  R5      P5         0.00      25.85     0.00     0.00       none       2.59    0.0036    0.15%   99.79%
    [12]  R3      P2         0.00      31.22     0.00     0.00       none       3.12    0.0022    0.09%   99.87%
    [13]  R3      P3         0.00      31.22     0.00     0.00       none       3.12    0.0013    0.05%   99.93%
    [14]  R3      P4         0.00      31.22     0.00     0.00       none       3.12    0.0008    0.03%   99.96%
    [15]  R3      P5         0.00      31.22     0.00     0.00       none       3.12    0.0005    0.02%   99.98%
    [16]  R4      P1        28.81      49.78     0.00    10.00       none       5.98    0.0003    0.01%   99.99%
    [17]  R5      P1        28.81      54.66     0.00    10.00       none       6.47    0.0002    0.01%   99.99%
    [18]  R3      P1        28.81      60.03    11.15    10.00       none      18.15    0.0001    0.00%  100.00%
    [19]  R1      P1        28.81      52.26    15.72    10.00       none      21.94    0.0001    0.00%  100.00%
    draw=2.2673  →  (R1, P2) (rank 4) selected

  Assignment: R1 → P2  [0.00 → 23.45]  delay=0.00
    J1-1       [0.00 → 12.46]
    J1-2       [12.46 → 23.45]

  Assigned so far:
    ID      Pos       start    finish    delay
    ----------------------------------------
    R2      P1         0.00     18.81     0.00
    R1      P2         0.00     23.45     0.00

========================================================================
  STEP 3/5
========================================================================

  Pair evaluation  (15 pairs):
    Rank   ID      Pos     t_start   t_finish    delay      gap   blocking      score    weight     P(%)   cum(%)
    ---------------------------------------------------------------------------------------------------------
    [ 0]  R4      P3         0.00      20.97     0.00     0.00       none       2.10    1.0000   40.02%   40.02%
    [ 1]  R4      P4         0.00      20.97     0.00     0.00       none       2.10    0.6000   24.01%   64.03%
    [ 2]  R4      P5         0.00      20.97     0.00     0.00       none       2.10    0.3600   14.41%   78.44%
    [ 3]  R5      P3         0.00      25.85     0.00     0.00       none       2.59    0.2160    8.64%   87.08%
    [ 4]  R5      P4         0.00      25.85     0.00     0.00       none       2.59    0.1296    5.19%   92.27%
    [ 5]  R5      P5         0.00      25.85     0.00     0.00       none       2.59    0.0778    3.11%   95.38%
    [ 6]  R3      P3         0.00      31.22     0.00     0.00       none       3.12    0.0467    1.87%   97.25%
    [ 7]  R3      P4         0.00      31.22     0.00     0.00       none       3.12    0.0280    1.12%   98.37%
    [ 8]  R3      P5         0.00      31.22     0.00     0.00       none       3.12    0.0168    0.67%   99.04%
    [ 9]  R4      P1        28.81      49.78     0.00    10.00       none       5.98    0.0101    0.40%   99.44%
    [10]  R5      P1        28.81      54.66     0.00    10.00       none       6.47    0.0060    0.24%   99.68%
    [11]  R5      P2        33.45      59.30     0.00    10.00       none       6.93    0.0036    0.15%   99.83%
    [12]  R4      P2        33.45      54.42     1.10    10.00       none       7.54    0.0022    0.09%   99.92%
    [13]  R3      P1        28.81      60.03    11.15    10.00       none      18.15    0.0013    0.05%   99.97%
    [14]  R3      P2        33.45      64.67    15.79    10.00       none      23.26    0.0008    0.03%  100.00%
    draw=1.9127  →  (R4, P5) (rank 2) selected

  Assignment: R4 → P5  [0.00 → 20.97]  delay=0.00
    J4-1       [0.00 → 10.88]
    J4-2       [10.88 → 20.97]

  Assigned so far:
    ID      Pos       start    finish    delay
    ----------------------------------------
    R2      P1         0.00     18.81     0.00
    R1      P2         0.00     23.45     0.00
    R4      P5         0.00     20.97     0.00

========================================================================
  STEP 4/5
========================================================================

  Pair evaluation  (10 pairs):
    Rank   ID      Pos     t_start   t_finish    delay      gap   blocking      score    weight     P(%)   cum(%)
    ---------------------------------------------------------------------------------------------------------
    [ 0]  R5      P3        20.97      46.82     0.00     0.00       none       4.68    1.0000   40.24%   40.24%
    [ 1]  R5      P4        20.97      46.82     0.00     0.00       none       4.68    0.6000   24.15%   64.39%
    [ 2]  R5      P1        28.81      54.66     0.00    10.00       none       6.47    0.3600   14.49%   78.88%
    [ 3]  R5      P5        30.97      56.82     0.00    10.00       none       6.68    0.2160    8.69%   87.57%
    [ 4]  R5      P2        33.45      59.30     0.00    10.00       none       6.93    0.1296    5.22%   92.79%
    [ 5]  R3      P3        20.97      52.19     3.31     0.00       none       8.53    0.0778    3.13%   95.91%
    [ 6]  R3      P4        20.97      52.19     3.31     0.00       none       8.53    0.0467    1.88%   97.79%
    [ 7]  R3      P1        28.81      60.03    11.15    10.00       none      18.15    0.0280    1.13%   98.92%
    [ 8]  R3      P5        30.97      62.19    13.31    10.00       none      20.53    0.0168    0.68%   99.59%
    [ 9]  R3      P2        33.45      64.67    15.79    10.00       none      23.26    0.0101    0.41%  100.00%
    draw=1.5232  →  (R5, P4) (rank 1) selected
  start-time compare  R5 → P4:  t_imm=0.00 cost=42.59 (2 new movs)  vs  t_nob=20.97 cost=4.68

  Assignment: R5 → P4  [20.97 → 46.82]  delay=0.00
    J5-1       [20.97 → 28.76]
    J5-2       [28.76 → 38.27]
    J5-3       [38.27 → 46.82]

  Assigned so far:
    ID      Pos       start    finish    delay
    ----------------------------------------
    R2      P1         0.00     18.81     0.00
    R1      P2         0.00     23.45     0.00
    R4      P5         0.00     20.97     0.00
    R5      P4        20.97     46.82     0.00

========================================================================
  STEP 5/5
========================================================================

  Pair evaluation  (5 pairs):
    Rank   ID      Pos     t_start   t_finish    delay      gap   blocking      score    weight     P(%)   cum(%)
    ---------------------------------------------------------------------------------------------------------
    [ 0]  R3      P1        28.81      60.03    11.15    10.00       none      18.15    1.0000   43.37%   43.37%
    [ 1]  R3      P2        33.45      64.67    15.79    10.00       none      23.26    0.6000   26.02%   69.40%
    [ 2]  R3      P3        46.82      78.04    29.16     0.00       none      36.96    0.3600   15.61%   85.01%
    [ 3]  R3      P5        46.82      78.04    29.16    25.85       none      39.55    0.2160    9.37%   94.38%
    [ 4]  R3      P4        56.82      88.04    39.16    10.00       none      48.96    0.1296    5.62%  100.00%
    draw=0.8784  →  (R3, P1) (rank 0) selected

  Assignment: R3 → P1  [28.81 → 60.03]  delay=11.15
    J3-1       [28.81 → 37.20]
    J3-2       [37.20 → 48.94]
    J3-3       [48.94 → 60.03]

  Assigned so far:
    ID      Pos       start    finish    delay
    ----------------------------------------
    R2      P1         0.00     18.81     0.00
    R1      P2         0.00     23.45     0.00
    R4      P5         0.00     20.97     0.00
    R5      P4        20.97     46.82     0.00
    R3      P1        28.81     60.03    11.15

========================================================================
  Iteration result:  makespan=60.03  movements=0  delay=11.15
========================================================================

========================================================================
  Local search start  obj=17.15
========================================================================
  LS move: R2  P1 → P3  obj 17.15 → 4.68
  LS 2-opt swap: R2 P3<->P5 R4  obj 4.68 -> 4.47
  LS 2-opt swap: R2 P5<->P1 R3  obj 4.47 -> 3.12
  Local search end    obj=3.12

────────────────────────────────────────────────────────────────────────
  Iteration history
────────────────────────────────────────────────────────────────────────
      Iter   Time(s)           Obj    Makespan       Delay    Mov
  ------------------------------------------------------------
         1      0.08          3.12       31.22        0.00      0  *
         2      0.61          4.98       49.78        0.00      0
         3      0.96          3.12       31.22        0.00      0
         4      1.12          4.98       49.78        0.00      0
         5      1.31          4.98       49.78        0.00      0
         6      1.33          3.12       31.22        0.00      0
         7      1.51          5.93       59.30        0.00      0
         8      1.65          4.98       49.78        0.00      0
         9      1.80          5.93       59.30        0.00      0
        10      1.93          3.12       31.22        0.00      0
        11      2.08          4.98       49.78        0.00      0
        12      2.23          5.93       59.30        0.00      0
        13      2.37          4.98       49.78        0.00      0
        14      2.39          5.93       59.30        0.00      0
        15      2.41          4.98       49.78        0.00      0
        16      2.44          5.93       59.30        0.00      0
        17      2.55          3.12       31.22        0.00      0
        18      2.57          3.12       31.22        0.00      0
        19      2.60          4.98       49.78        0.00      0
        20      2.74          3.12       31.22        0.00      0
        21      2.78          4.98       49.78        0.00      0
        22      2.89          3.12       31.22        0.00      0
        23      2.93          4.98       49.78        0.00      0
        24      2.94          3.12       31.22        0.00      0
        25      3.01          3.12       31.22        0.00      0
        26      3.09          3.12       31.22        0.00      0
        27      3.11          5.93       59.30        0.00      0
        28      3.13         17.15       60.03       11.15      0
        29      3.15          3.12       31.22        0.00      0
        30      3.28          4.98       49.78        0.00      0
        31      3.30          5.93       59.30        0.00      0
        32      3.33          3.12       31.22        0.00      0
        33      3.46          4.98       49.78        0.00      0
        34      3.49          4.98       49.78        0.00      0
        35      3.51          3.12       31.22        0.00      0
        36      3.64          4.98       49.78        0.00      0
        37      3.68          3.12       31.22        0.00      0
        38      3.83          4.98       49.78        0.00      0
        39      3.84          3.12       31.22        0.00      0
        40      3.97          4.98       49.78        0.00      0
        41      4.13          3.12       31.22        0.00      0
        42      4.79          3.12       31.22        0.00      0
        43      5.01          3.12       31.22        0.00      0
        44      5.29          4.98       49.78        0.00      0
        45      5.44          5.93       59.30        0.00      0
        46      5.50          3.12       31.22        0.00      0
        47      5.63          3.12       31.22        0.00      0
        48      5.83          3.12       31.22        0.00      0
        49      5.87          4.98       49.78        0.00      0
        50      5.99          3.12       31.22        0.00      0
        51      6.09          3.12       31.22        0.00      0
        52      6.17          4.98       49.78        0.00      0
        53      6.20          3.12       31.22        0.00      0
        54      6.33          3.12       31.22        0.00      0
        55      6.37          3.12       31.22        0.00      0
        56      6.39          4.98       49.78        0.00      0
        57      6.52          4.98       49.78        0.00      0
        58      6.54          3.12       31.22        0.00      0
        59      6.56          3.12       31.22        0.00      0
        60      6.83          5.47       54.66        0.00      0
        61      6.86          4.98       49.78        0.00      0
        62      7.00          3.12       31.22        0.00      0
        63      7.04          3.12       31.22        0.00      0
        64      7.33          4.98       49.78        0.00      0
        65      7.47         17.15       60.03       11.15      0
        66      7.50          4.98       49.78        0.00      0
        67      7.52          4.98       49.78        0.00      0
        68      7.65          4.98       49.78        0.00      0
        69      7.77          4.98       49.78        0.00      0
        70      7.80          3.12       31.22        0.00      0
        71      7.81          3.12       31.22        0.00      0
        72      7.97          4.98       49.78        0.00      0
        73      7.98          3.12       31.22        0.00      0
        74      8.10          3.12       31.22        0.00      0
        75      8.15          4.98       49.78        0.00      0
        76      8.17          3.12       31.22        0.00      0
        77      8.21          3.12       31.22        0.00      0
        78      8.29          3.12       31.22        0.00      0
        79      8.31          5.93       59.30        0.00      0
        80      8.40          3.12       31.22        0.00      0
        81      8.47          3.12       31.22        0.00      0
        82      8.49          3.12       31.22        0.00      0
        83      8.55          4.98       49.78        0.00      0
        84      8.64          4.98       49.78        0.00      0
        85      8.66          3.12       31.22        0.00      0
        86      8.68          3.12       31.22        0.00      0
        87      8.70          4.98       49.78        0.00      0
        88      8.79          4.98       49.78        0.00      0
        89      8.81          3.12       31.22        0.00      0
        90      8.94          3.12       31.22        0.00      0
        91      8.99          3.12       31.22        0.00      0
        92      9.02          3.12       31.22        0.00      0
        93      9.04          3.12       31.22        0.00      0
        94      9.15          3.12       31.22        0.00      0
        95      9.26          3.12       31.22        0.00      0
        96      9.30          3.12       31.22        0.00      0
        97      9.33          3.12       31.22        0.00      0
        98      9.49          4.98       49.78        0.00      0
        99      9.51          4.98       49.78        0.00      0
       100      9.63          4.98       49.78        0.00      0
       101      9.67          3.12       31.22        0.00      0
       102      9.69          3.12       31.22        0.00      0
       103      9.80          5.93       59.30        0.00      0
       104      9.84          6.15       50.03        1.15      0
       105      9.87          4.98       49.78        0.00      0
       106     10.01          5.93       59.30        0.00      0
       107     10.03          4.98       49.78        0.00      0
       108     10.13          4.98       49.78        0.00      0
       109     10.15          3.12       31.22        0.00      0
       110     10.19          4.68       46.82        0.00      0
       111     10.35          5.93       59.30        0.00      0
       112     10.43          4.98       49.78        0.00      0
       113     10.51          4.98       49.78        0.00      0
       114     10.52          3.12       31.22        0.00      0
       115     10.66          4.98       49.78        0.00      0
       116     10.70          3.12       31.22        0.00      0
       117     10.83          3.12       31.22        0.00      0
       118     10.85          4.98       49.78        0.00      0
       119     10.87          4.98       49.78        0.00      0
       120     10.99          3.12       31.22        0.00      0
       121     11.01          5.93       59.30        0.00      0
       122     11.04          3.12       31.22        0.00      0
       123     11.14          3.12       31.22        0.00      0
       124     11.16          3.12       31.22        0.00      0
       125     11.27          4.98       49.78        0.00      0
       126     11.31          4.98       49.78        0.00      0
       127     11.35          3.12       31.22        0.00      0
       128     11.47          3.12       31.22        0.00      0
       129     11.52          3.12       31.22        0.00      0
       130     11.55          4.98       49.78        0.00      0
       131     11.68          5.93       59.30        0.00      0
       132     11.70          3.12       31.22        0.00      0
       133     11.72          5.93       59.30        0.00      0
       134     11.85          3.12       31.22        0.00      0
       135     11.89          3.12       31.22        0.00      0
       136     12.01          4.98       49.78        0.00      0
       137     12.16          3.12       31.22        0.00      0
       138     12.32          3.12       31.22        0.00      0
       139     12.46          3.12       31.22        0.00      0
       140     12.58          3.12       31.22        0.00      0
       141     12.73          3.12       31.22        0.00      0
       142     12.88          3.12       31.22        0.00      0
       143     12.91          4.98       49.78        0.00      0
       144     13.03          4.98       49.78        0.00      0
       145     13.07          3.12       31.22        0.00      0
       146     13.21          3.12       31.22        0.00      0
       147     13.34          3.12       31.22        0.00      0
       148     13.48          3.12       31.22        0.00      0
       149     13.62          5.47       54.66        0.00      0
       150     13.65          3.12       31.22        0.00      0
       151     13.67          4.98       49.78        0.00      0
       152     13.81          3.12       31.22        0.00      0
       153     13.98          3.12       31.22        0.00      0
       154     14.00          3.12       31.22        0.00      0
       155     14.16          4.98       49.78        0.00      0
       156     14.18          3.12       31.22        0.00      0
       157     14.29          3.12       31.22        0.00      0
       158     14.32          3.12       31.22        0.00      0
       159     14.46          3.12       31.22        0.00      0
       160     14.70          5.93       59.30        0.00      0
       161     14.73          4.98       49.78        0.00      0
       162     14.85          3.12       31.22        0.00      0
       163     14.88          3.12       31.22        0.00      0
       164     14.92          3.12       31.22        0.00      0
       165     15.15          4.98       49.78        0.00      0
       166     15.27          3.12       31.22        0.00      0
       167     15.44          3.12       31.22        0.00      0
       168     15.58          5.93       59.30        0.00      0
       169     15.61          3.12       31.22        0.00      0
       170     15.86          3.12       31.22        0.00      0
       171     15.95          3.12       31.22        0.00      0
       172     16.10          3.12       31.22        0.00      0
       173     16.11          4.98       49.78        0.00      0
       174     16.26          4.98       49.78        0.00      0
       175     16.36          3.12       31.22        0.00      0
       176     16.42          3.12       31.22        0.00      0
       177     16.45          3.12       31.22        0.00      0
       178     16.81          5.93       59.30        0.00      0
       179     16.95          3.12       31.22        0.00      0
       180     17.24          4.98       49.78        0.00      0
       181     17.26          3.12       31.22        0.00      0
       182     17.31          4.98       49.78        0.00      0
       183     17.42          3.12       31.22        0.00      0
       184     17.61          3.12       31.22        0.00      0
       185     17.71          3.12       31.22        0.00      0
       186     17.75          3.12       31.22        0.00      0
       187     17.77          4.98       49.78        0.00      0
       188     18.02          3.12       31.22        0.00      0
       189     18.16          4.98       49.78        0.00      0
       190     18.33          5.93       59.30        0.00      0
       191     18.47          4.68       46.82        0.00      0
       192     18.75          4.98       49.78        0.00      0
       193     18.90          3.12       31.22        0.00      0
       194     19.02          3.12       31.22        0.00      0
       195     19.17          3.12       31.22        0.00      0
       196     19.33          5.93       59.30        0.00      0
       197     19.48          4.98       49.78        0.00      0
       198     19.51          4.98       49.78        0.00      0
       199     19.64          5.93       59.30        0.00      0
       200     19.80          3.12       31.22        0.00      0
       201     20.04          3.12       31.22        0.00      0
       202     20.16          4.98       49.78        0.00      0
       203     20.31          3.12       31.22        0.00      0
       204     20.42          4.98       49.78        0.00      0
       205     20.62          4.98       49.78        0.00      0
       206     20.65          3.12       31.22        0.00      0
       207     20.78          4.98       49.78        0.00      0
       208     20.80          4.98       49.78        0.00      0
       209     20.94          3.12       31.22        0.00      0
       210     20.96          3.12       31.22        0.00      0
       211     20.98          3.12       31.22        0.00      0
       212     21.12          3.12       31.22        0.00      0
       213     21.26          3.12       31.22        0.00      0
       214     21.38          3.12       31.22        0.00      0
       215     21.42          3.12       31.22        0.00      0
       216     21.56          3.12       31.22        0.00      0
       217     21.64          3.12       31.22        0.00      0
       218     21.72          3.12       31.22        0.00      0
       219     21.85          3.12       31.22        0.00      0
       220     21.88          5.93       59.30        0.00      0
       221     22.00          4.98       49.78        0.00      0
       222     22.01          3.12       31.22        0.00      0
       223     22.16          3.12       31.22        0.00      0
       224     22.28          4.98       49.78        0.00      0
       225     22.34          4.98       49.78        0.00      0
       226     22.41          3.12       31.22        0.00      0
       227     22.51          3.12       31.22        0.00      0
       228     22.54          3.12       31.22        0.00      0
       229     22.56          4.98       49.78        0.00      0
       230     22.68          5.93       59.30        0.00      0
       231     22.71          4.98       49.78        0.00      0
       232     22.83          3.12       31.22        0.00      0
       233     22.86          4.98       49.78        0.00      0
       234     22.99          3.12       31.22        0.00      0
       235     23.03          4.98       49.78        0.00      0
       236     23.07          3.12       31.22        0.00      0
       237     23.17          3.12       31.22        0.00      0
       238     23.29          4.68       46.82        0.00      0
       239     23.40          4.98       49.78        0.00      0
       240     23.45          3.12       31.22        0.00      0
       241     23.46          3.12       31.22        0.00      0
       242     23.48          3.12       31.22        0.00      0
       243     23.55          3.12       31.22        0.00      0
       244     23.72          4.98       49.78        0.00      0
       245     23.85          3.12       31.22        0.00      0
       246     23.88          5.93       59.30        0.00      0
       247     24.00          4.98       49.78        0.00      0
       248     24.03          4.98       49.78        0.00      0
       249     24.18          3.12       31.22        0.00      0
       250     24.20          3.12       31.22        0.00      0
       251     24.49          3.12       31.22        0.00      0
       252     24.52          3.12       31.22        0.00      0
       253     24.54          4.98       49.78        0.00      0
       254     24.66          4.98       49.78        0.00      0
       255     24.69          4.98       49.78        0.00      0
       256     24.84          3.12       31.22        0.00      0
       257     24.86          4.98       49.78        0.00      0
       258     24.87          3.12       31.22        0.00      0
       259     25.03          4.98       49.78        0.00      0
       260     25.05          4.98       49.78        0.00      0
       261     25.19          4.98       49.78        0.00      0
       262     25.36          3.12       31.22        0.00      0
       263     25.39          4.98       49.78        0.00      0
       264     25.65          4.98       49.78        0.00      0
       265     26.12          4.98       49.78        0.00      0
       266     26.28          3.12       31.22        0.00      0
       267     26.45          3.12       31.22        0.00      0
       268     26.55          4.98       49.78        0.00      0
       269     26.58          4.98       49.78        0.00      0
       270     26.83          3.12       31.22        0.00      0
       271     26.85          3.12       31.22        0.00      0
       272     26.87          3.12       31.22        0.00      0
       273     27.03          5.93       59.30        0.00      0
       274     27.17          4.98       49.78        0.00      0
       275     27.28          3.12       31.22        0.00      0
       276     27.57          4.98       49.78        0.00      0
       277     27.93          5.93       59.30        0.00      0
       278     28.07          3.12       31.22        0.00      0
       279     28.10          3.12       31.22        0.00      0
       280     28.24          3.12       31.22        0.00      0
       281     28.27          3.12       31.22        0.00      0
       282     28.29          4.98       49.78        0.00      0
       283     28.53          3.12       31.22        0.00      0
       284     29.03          3.12       31.22        0.00      0
       285     29.21          3.12       31.22        0.00      0
       286     29.33          3.12       31.22        0.00      0
       287     29.38          4.98       49.78        0.00      0
       288     29.46          3.12       31.22        0.00      0
       289     29.49          3.12       31.22        0.00      0
       290     29.63          4.98       49.78        0.00      0
       291     29.65          3.12       31.22        0.00      0
       292     29.79          3.12       31.22        0.00      0
       293     29.82          3.12       31.22        0.00      0
       294     29.85          4.98       49.78        0.00      0
       295     29.96          3.12       31.22        0.00      0
       296     30.01          3.12       31.22        0.00      0
       297     30.11          4.98       49.78        0.00      0
       298     30.75          3.12       31.22        0.00      0
       299     31.01          3.12       31.22        0.00      0
       300     31.05          3.12       31.22        0.00      0
       301     31.20          4.98       49.78        0.00      0
       302     31.33          4.98       49.78        0.00      0
       303     31.36          5.93       59.30        0.00      0
       304     31.74          3.12       31.22        0.00      0
       305     32.05          4.98       49.78        0.00      0
       306     32.07          4.98       49.78        0.00      0
       307     32.69          4.98       49.78        0.00      0
       308     33.46          3.12       31.22        0.00      0
       309     33.61          3.12       31.22        0.00      0
       310     33.67          4.98       49.78        0.00      0
       311     33.91          3.12       31.22        0.00      0
       312     33.95          3.12       31.22        0.00      0
       313     34.07          4.98       49.78        0.00      0
       314     34.25          5.93       59.30        0.00      0
       315     34.29          4.98       49.78        0.00      0
       316     34.43          3.12       31.22        0.00      0
       317     34.53          3.12       31.22        0.00      0
       318     34.70          4.98       49.78        0.00      0
       319     34.86          4.98       49.78        0.00      0
       320     34.88          4.98       49.78        0.00      0
       321     34.97          4.98       49.78        0.00      0
       322     35.04          3.12       31.22        0.00      0
       323     35.22          5.93       59.30        0.00      0
       324     35.48          3.12       31.22        0.00      0
       325     35.63          4.98       49.78        0.00      0
       326     35.76          4.98       49.78        0.00      0
       327     35.88          3.12       31.22        0.00      0
       328     35.92          3.12       31.22        0.00      0
       329     36.07          3.12       31.22        0.00      0
       330     36.21          3.12       31.22        0.00      0
       331     36.28          3.12       31.22        0.00      0
       332     36.42          3.12       31.22        0.00      0
       333     36.45          3.12       31.22        0.00      0
       334     36.58          3.12       31.22        0.00      0
       335     36.78          4.98       49.78        0.00      0
       336     36.93          5.93       59.30        0.00      0
       337     37.22          5.93       59.30        0.00      0
       338     37.40          4.98       49.78        0.00      0
       339     37.56          3.12       31.22        0.00      0
       340     37.74          3.12       31.22        0.00      0
       341     37.87          3.12       31.22        0.00      0
       342     38.06          3.12       31.22        0.00      0
       343     38.08          4.98       49.78        0.00      0
       344     38.23          3.12       31.22        0.00      0
       345     38.25          3.12       31.22        0.00      0
       346     38.47          4.98       49.78        0.00      0
       347     38.61          4.98       49.78        0.00      0
       348     38.69          3.12       31.22        0.00      0
       349     38.83          3.12       31.22        0.00      0
       350     38.88          3.12       31.22        0.00      0
       351     39.01          3.12       31.22        0.00      0
       352     39.16          5.68       56.82        0.00      0
       353     39.18          5.93       59.30        0.00      0
       354     39.35          5.93       59.30        0.00      0
       355     39.50          4.98       49.78        0.00      0
       356     39.65          4.98       49.78        0.00      0
       357     39.86          3.12       31.22        0.00      0
       358     39.99          3.12       31.22        0.00      0
       359     40.02          3.12       31.22        0.00      0
       360     40.14          3.12       31.22        0.00      0
       361     40.17          3.12       31.22        0.00      0
       362     40.34          3.12       31.22        0.00      0
       363     40.48          3.12       31.22        0.00      0
       364     40.52          3.12       31.22        0.00      0
       365     40.60          3.12       31.22        0.00      0
       366     40.71          4.98       49.78        0.00      0
       367     40.80          3.12       31.22        0.00      0
       368     40.87          3.12       31.22        0.00      0
       369     40.89          3.12       31.22        0.00      0
       370     40.91          4.98       49.78        0.00      0
       371     41.07          3.12       31.22        0.00      0
       372     41.23          3.12       31.22        0.00      0
       373     41.37          3.12       31.22        0.00      0
       374     41.40          3.12       31.22        0.00      0
       375     41.48          3.12       31.22        0.00      0
       376     41.57          3.12       31.22        0.00      0
       377     41.72          4.98       49.78        0.00      0
       378     41.75          4.98       49.78        0.00      0
       379     41.91          3.12       31.22        0.00      0
       380     41.96          3.12       31.22        0.00      0
       381     42.10          5.93       59.30        0.00      0
       382     42.25          3.12       31.22        0.00      0
       383     42.44          4.98       49.78        0.00      0
       384     42.47          3.12       31.22        0.00      0
       385     42.63          3.12       31.22        0.00      0
       386     42.66          3.12       31.22        0.00      0
       387     42.67          4.98       49.78        0.00      0
       388     42.80          4.98       49.78        0.00      0
       389     42.94          4.98       49.78        0.00      0
       390     42.98          4.98       49.78        0.00      0
       391     43.01          4.98       49.78        0.00      0
       392     43.12          3.12       31.22        0.00      0
       393     43.26          4.98       49.78        0.00      0
       394     43.57          4.98       49.78        0.00      0
       395     43.71          3.12       31.22        0.00      0
       396     43.85          4.98       49.78        0.00      0
       397     43.87          3.12       31.22        0.00      0
       398     43.90          3.12       31.22        0.00      0
       399     43.91          4.98       49.78        0.00      0
       400     44.01          4.98       49.78        0.00      0
       401     44.05          5.93       59.30        0.00      0
       402     44.16          4.98       49.78        0.00      0
       403     44.30          4.98       49.78        0.00      0
       404     44.34          4.98       49.78        0.00      0
       405     44.36          3.12       31.22        0.00      0
       406     44.49          4.98       49.78        0.00      0
       407     44.55          4.98       49.78        0.00      0
       408     44.63          3.12       31.22        0.00      0
       409     44.66          4.98       49.78        0.00      0
       410     44.78          3.12       31.22        0.00      0
       411     44.83          4.98       49.78        0.00      0
       412     44.96          3.12       31.22        0.00      0
       413     45.00          5.93       59.30        0.00      0
       414     45.19          4.98       49.78        0.00      0
       415     45.21          4.98       49.78        0.00      0
       416     45.38          3.12       31.22        0.00      0
       417     45.56          4.98       49.78        0.00      0
       418     45.72          3.12       31.22        0.00      0
       419     45.76          4.98       49.78        0.00      0
       420     45.93          3.12       31.22        0.00      0
       421     46.08          3.12       31.22        0.00      0
       422     46.24          4.98       49.78        0.00      0
       423     46.31          3.12       31.22        0.00      0
       424     46.42          4.98       49.78        0.00      0
       425     46.44          3.12       31.22        0.00      0
       426     46.58          3.12       31.22        0.00      0
       427     46.61          3.12       31.22        0.00      0
       428     46.68          3.12       31.22        0.00      0
       429     46.75          4.98       49.78        0.00      0
       430     46.77          3.12       31.22        0.00      0
       431     46.95          3.12       31.22        0.00      0
       432     47.05          3.12       31.22        0.00      0
       433     47.22          3.12       31.22        0.00      0
       434     47.36          4.98       49.78        0.00      0
       435     47.41          3.12       31.22        0.00      0
       436     47.54          3.12       31.22        0.00      0
       437     47.58          3.12       31.22        0.00      0
       438     47.70          5.93       59.30        0.00      0
       439     47.75          4.98       49.78        0.00      0
       440     47.89          3.12       31.22        0.00      0
       441     48.10          3.12       31.22        0.00      0
       442     48.28          3.12       31.22        0.00      0
       443     48.55          3.12       31.22        0.00      0
       444     48.60          3.12       31.22        0.00      0
       445     48.78          5.93       59.30        0.00      0
       446     48.93          4.98       49.78        0.00      0
       447     49.08          3.12       31.22        0.00      0
       448     49.41          3.12       31.22        0.00      0
       449     49.55          3.12       31.22        0.00      0
       450     49.73          4.98       49.78        0.00      0
       451     49.76          3.12       31.22        0.00      0
       452     49.87          4.98       49.78        0.00      0
       453     49.90          5.93       59.30        0.00      0
       454     50.01          4.98       49.78        0.00      0
       455     50.04          4.98       49.78        0.00      0
       456     50.15          5.93       59.30        0.00      0
       457     50.19          4.98       49.78        0.00      0
       458     50.34          3.12       31.22        0.00      0
       459     50.36          4.98       49.78        0.00      0
       460     50.47          3.12       31.22        0.00      0
       461     50.50          3.12       31.22        0.00      0
       462     50.61          5.47       54.66        0.00      0
       463     50.68          3.12       31.22        0.00      0
       464     50.84          4.98       49.78        0.00      0
       465     51.15          4.98       49.78        0.00      0
       466     51.30          4.98       49.78        0.00      0
       467     51.48          5.93       59.30        0.00      0
       468     51.61          4.98       49.78        0.00      0
       469     51.64          3.12       31.22        0.00      0
       470     51.80          4.98       49.78        0.00      0
       471     51.83          3.12       31.22        0.00      0
       472     51.96          3.12       31.22        0.00      0
       473     52.19          4.98       49.78        0.00      0
       474     52.32          3.12       31.22        0.00      0
       475     53.08          3.12       31.22        0.00      0
       476     53.26          3.12       31.22        0.00      0
       477     53.41          4.98       49.78        0.00      0
       478     53.44          4.98       49.78        0.00      0
       479     53.73          3.12       31.22        0.00      0
       480     53.87          5.93       59.30        0.00      0
       481     54.00          3.12       31.22        0.00      0
       482     54.04          4.98       49.78        0.00      0
       483     54.18          3.12       31.22        0.00      0
       484     54.59          3.12       31.22        0.00      0
       485     54.91          4.98       49.78        0.00      0
       486     55.38          3.12       31.22        0.00      0
       487     55.58          4.98       49.78        0.00      0
       488     55.75          4.98       49.78        0.00      0
       489     55.78          4.98       49.78        0.00      0
       490     55.96          3.12       31.22        0.00      0
       491     56.11          4.98       49.78        0.00      0
       492     56.27          3.12       31.22        0.00      0
       493     56.38          4.98       49.78        0.00      0
       494     56.61          3.12       31.22        0.00      0
       495     57.24          4.98       49.78        0.00      0
       496     57.53          3.12       31.22        0.00      0
       497     58.34          4.98       49.78        0.00      0
       498     58.69          3.12       31.22        0.00      0
       499     58.88          3.12       31.22        0.00      0
       500     59.13          3.12       31.22        0.00      0
       501     59.47          3.12       31.22        0.00      0
       502     59.65          4.98       49.78        0.00      0
       503     59.81          6.56       54.66        1.10      0
       504     59.96          5.93       59.30        0.00      0
  ------------------------------------------------------------
