========================================================================
  ConstructiveHeuristic — unknown
========================================================================
  alpha=0.7  time_limit=5s  seed=None  min_sep=10.0
  weights: makespan=10.0  delay=100.0  movements=1.0

  Instance: 5 aircraft  5 positions  3 blocking arcs
  Blocking arcs: P3→P4  P3→P5  P4→P5

────────────────────────────────────────────────────────────────────────
  Best construction detail  (iter 1  obj=312.2000)
────────────────────────────────────────────────────────────────────────
Blocking arcs: P3→P4  P3→P5  P4→P5

Aircraft initial ranking (target_finish ASC, total_duration ASC):
  Rank   ID       earliest     target    duration
  ----------------------------------------------
  [ 0]  R1           0.00      36.54       23.45
  [ 1]  R2           0.00      44.47       18.81
  [ 2]  R3           0.00      48.88       31.22
  [ 3]  R4           0.00      53.32       20.97
  [ 4]  R5           0.00      60.06       25.85

========================================================================
  STEP 1/5
========================================================================

  Pair evaluation  (25 pairs):
    Rank   ID      Pos     t_start   t_finish    delay      gap   blocking      score    weight     P(%)   cum(%)
    ---------------------------------------------------------------------------------------------------------
    [ 0]  R2      P1         0.00      18.81     0.00     0.00       none     188.10    1.0000   70.00%   70.00%
    [ 1]  R2      P2         0.00      18.81     0.00     0.00       none     188.10    0.3000   21.00%   91.00%
    [ 2]  R2      P3         0.00      18.81     0.00     0.00       none     188.10    0.0900    6.30%   97.30%
    [ 3]  R2      P4         0.00      18.81     0.00     0.00       none     188.10    0.0270    1.89%   99.19%
    [ 4]  R2      P5         0.00      18.81     0.00     0.00       none     188.10    0.0081    0.57%   99.76%
    [ 5]  R4      P1         0.00      20.97     0.00     0.00       none     209.70    0.0024    0.17%   99.93%
    [ 6]  R4      P2         0.00      20.97     0.00     0.00       none     209.70    0.0007    0.05%   99.98%
    [ 7]  R4      P3         0.00      20.97     0.00     0.00       none     209.70    0.0002    0.02%   99.99%
    [ 8]  R4      P4         0.00      20.97     0.00     0.00       none     209.70    0.0001    0.00%  100.00%
    [ 9]  R4      P5         0.00      20.97     0.00     0.00       none     209.70    0.0000    0.00%  100.00%
    [10]  R1      P1         0.00      23.45     0.00     0.00       none     234.50    0.0000    0.00%  100.00%
    [11]  R1      P2         0.00      23.45     0.00     0.00       none     234.50    0.0000    0.00%  100.00%
    [12]  R1      P3         0.00      23.45     0.00     0.00       none     234.50    0.0000    0.00%  100.00%
    [13]  R1      P4         0.00      23.45     0.00     0.00       none     234.50    0.0000    0.00%  100.00%
    [14]  R1      P5         0.00      23.45     0.00     0.00       none     234.50    0.0000    0.00%  100.00%
    [15]  R5      P1         0.00      25.85     0.00     0.00       none     258.50    0.0000    0.00%  100.00%
    [16]  R5      P2         0.00      25.85     0.00     0.00       none     258.50    0.0000    0.00%  100.00%
    [17]  R5      P3         0.00      25.85     0.00     0.00       none     258.50    0.0000    0.00%  100.00%
    [18]  R5      P4         0.00      25.85     0.00     0.00       none     258.50    0.0000    0.00%  100.00%
    [19]  R5      P5         0.00      25.85     0.00     0.00       none     258.50    0.0000    0.00%  100.00%
    [20]  R3      P1         0.00      31.22     0.00     0.00       none     312.20    0.0000    0.00%  100.00%
    [21]  R3      P2         0.00      31.22     0.00     0.00       none     312.20    0.0000    0.00%  100.00%
    [22]  R3      P3         0.00      31.22     0.00     0.00       none     312.20    0.0000    0.00%  100.00%
    [23]  R3      P4         0.00      31.22     0.00     0.00       none     312.20    0.0000    0.00%  100.00%
    [24]  R3      P5         0.00      31.22     0.00     0.00       none     312.20    0.0000    0.00%  100.00%
    draw=0.6759  →  (R2, P1) (rank 0) selected

  Assignment: R2 → P1  [0.00 → 18.81]  delay=0.00
    J2-1       [0.00 → 6.09]
    J2-2       [6.09 → 18.81]

  Assigned so far:
    ID      Pos       start    finish    delay
    ----------------------------------------
    R2      P1         0.00     18.81     0.00

========================================================================
  STEP 2/5
========================================================================

  Pair evaluation  (20 pairs):
    Rank   ID      Pos     t_start   t_finish    delay      gap   blocking      score    weight     P(%)   cum(%)
    ---------------------------------------------------------------------------------------------------------
    [ 0]  R4      P2         0.00      20.97     0.00     0.00       none     209.70    1.0000   70.00%   70.00%
    [ 1]  R4      P3         0.00      20.97     0.00     0.00       none     209.70    0.3000   21.00%   91.00%
    [ 2]  R4      P4         0.00      20.97     0.00     0.00       none     209.70    0.0900    6.30%   97.30%
    [ 3]  R4      P5         0.00      20.97     0.00     0.00       none     209.70    0.0270    1.89%   99.19%
    [ 4]  R1      P2         0.00      23.45     0.00     0.00       none     234.50    0.0081    0.57%   99.76%
    [ 5]  R1      P3         0.00      23.45     0.00     0.00       none     234.50    0.0024    0.17%   99.93%
    [ 6]  R1      P4         0.00      23.45     0.00     0.00       none     234.50    0.0007    0.05%   99.98%
    [ 7]  R1      P5         0.00      23.45     0.00     0.00       none     234.50    0.0002    0.02%   99.99%
    [ 8]  R5      P2         0.00      25.85     0.00     0.00       none     258.50    0.0001    0.00%  100.00%
    [ 9]  R5      P3         0.00      25.85     0.00     0.00       none     258.50    0.0000    0.00%  100.00%
    [10]  R5      P4         0.00      25.85     0.00     0.00       none     258.50    0.0000    0.00%  100.00%
    [11]  R5      P5         0.00      25.85     0.00     0.00       none     258.50    0.0000    0.00%  100.00%
    [12]  R3      P2         0.00      31.22     0.00     0.00       none     312.20    0.0000    0.00%  100.00%
    [13]  R3      P3         0.00      31.22     0.00     0.00       none     312.20    0.0000    0.00%  100.00%
    [14]  R3      P4         0.00      31.22     0.00     0.00       none     312.20    0.0000    0.00%  100.00%
    [15]  R3      P5         0.00      31.22     0.00     0.00       none     312.20    0.0000    0.00%  100.00%
    [16]  R4      P1        28.81      49.78     0.00    10.00       none     597.80    0.0000    0.00%  100.00%
    [17]  R5      P1        28.81      54.66     0.00    10.00       none     646.60    0.0000    0.00%  100.00%
    [18]  R3      P1        28.81      60.03    11.15    10.00       none    1815.40    0.0000    0.00%  100.00%
    [19]  R1      P1        28.81      52.26    15.72    10.00       none    2194.20    0.0000    0.00%  100.00%
    draw=1.2895  →  (R4, P3) (rank 1) selected

  Assignment: R4 → P3  [0.00 → 20.97]  delay=0.00
    J4-1       [0.00 → 10.88]
    J4-2       [10.88 → 20.97]

  Assigned so far:
    ID      Pos       start    finish    delay
    ----------------------------------------
    R2      P1         0.00     18.81     0.00
    R4      P3         0.00     20.97     0.00

========================================================================
  STEP 3/5
========================================================================

  Pair evaluation  (15 pairs):
    Rank   ID      Pos     t_start   t_finish    delay      gap   blocking      score    weight     P(%)   cum(%)
    ---------------------------------------------------------------------------------------------------------
    [ 0]  R1      P2         0.00      23.45     0.00     0.00       none     234.50    1.0000   70.00%   70.00%
    [ 1]  R1      P4         0.00      23.45     0.00     0.00       none     234.50    0.3000   21.00%   91.00%
    [ 2]  R1      P5         0.00      23.45     0.00     0.00       none     234.50    0.0900    6.30%   97.30%
    [ 3]  R5      P2         0.00      25.85     0.00     0.00       none     258.50    0.0270    1.89%   99.19%
    [ 4]  R5      P4         0.00      25.85     0.00     0.00       none     258.50    0.0081    0.57%   99.76%
    [ 5]  R5      P5         0.00      25.85     0.00     0.00       none     258.50    0.0024    0.17%   99.93%
    [ 6]  R3      P2         0.00      31.22     0.00     0.00       none     312.20    0.0007    0.05%   99.98%
    [ 7]  R3      P4         0.00      31.22     0.00     0.00       none     312.20    0.0002    0.02%   99.99%
    [ 8]  R3      P5         0.00      31.22     0.00     0.00       none     312.20    0.0001    0.00%  100.00%
    [ 9]  R5      P1        28.81      54.66     0.00    10.00       none     646.60    0.0000    0.00%  100.00%
    [10]  R5      P3        30.97      56.82     0.00    10.00       none     668.20    0.0000    0.00%  100.00%
    [11]  R3      P1        28.81      60.03    11.15    10.00       none    1815.40    0.0000    0.00%  100.00%
    [12]  R3      P3        30.97      62.19    13.31    10.00       none    2053.00    0.0000    0.00%  100.00%
    [13]  R1      P1        28.81      52.26    15.72    10.00       none    2194.20    0.0000    0.00%  100.00%
    [14]  R1      P3        30.97      54.42    17.88    10.00       none    2431.80    0.0000    0.00%  100.00%
    draw=1.2589  →  (R1, P4) (rank 1) selected

  Assignment: R1 → P4  [0.00 → 23.45]  delay=0.00
    J1-1       [0.00 → 12.46]
    J1-2       [12.46 → 23.45]

  Assigned so far:
    ID      Pos       start    finish    delay
    ----------------------------------------
    R2      P1         0.00     18.81     0.00
    R4      P3         0.00     20.97     0.00
    R1      P4         0.00     23.45     0.00

========================================================================
  STEP 4/5
========================================================================

  Pair evaluation  (10 pairs):
    Rank   ID      Pos     t_start   t_finish    delay      gap   blocking      score    weight     P(%)   cum(%)
    ---------------------------------------------------------------------------------------------------------
    [ 0]  R5      P2         0.00      25.85     0.00     0.00       none     258.50    1.0000   70.00%   70.00%
    [ 1]  R5      P5         0.00      25.85     0.00     0.00       none     258.50    0.3000   21.00%   91.00%
    [ 2]  R3      P2         0.00      31.22     0.00     0.00       none     312.20    0.0900    6.30%   97.30%
    [ 3]  R3      P5         0.00      31.22     0.00     0.00       none     312.20    0.0270    1.89%   99.19%
    [ 4]  R5      P1        28.81      54.66     0.00    10.00       none     646.60    0.0081    0.57%   99.76%
    [ 5]  R5      P3        30.97      56.82     0.00    10.00       none     668.20    0.0024    0.17%   99.93%
    [ 6]  R5      P4        33.45      59.30     0.00    10.00       none     693.00    0.0007    0.05%   99.98%
    [ 7]  R3      P1        28.81      60.03    11.15    10.00       none    1815.40    0.0002    0.02%   99.99%
    [ 8]  R3      P3        30.97      62.19    13.31    10.00       none    2053.00    0.0001    0.00%  100.00%
    [ 9]  R3      P4        33.45      64.67    15.79    10.00       none    2325.80    0.0000    0.00%  100.00%
    draw=0.9547  →  (R5, P2) (rank 0) selected

  Assignment: R5 → P2  [0.00 → 25.85]  delay=0.00
    J5-1       [0.00 → 7.79]
    J5-2       [7.79 → 17.30]
    J5-3       [17.30 → 25.85]

  Assigned so far:
    ID      Pos       start    finish    delay
    ----------------------------------------
    R2      P1         0.00     18.81     0.00
    R4      P3         0.00     20.97     0.00
    R1      P4         0.00     23.45     0.00
    R5      P2         0.00     25.85     0.00

========================================================================
  STEP 5/5
========================================================================

  Pair evaluation  (5 pairs):
    Rank   ID      Pos     t_start   t_finish    delay      gap   blocking      score    weight     P(%)   cum(%)
    ---------------------------------------------------------------------------------------------------------
    [ 0]  R3      P5         0.00      31.22     0.00     0.00       none     312.20    1.0000   70.17%   70.17%
    [ 1]  R3      P1        28.81      60.03    11.15    10.00       none    1815.40    0.3000   21.05%   91.22%
    [ 2]  R3      P3        30.97      62.19    13.31    10.00       none    2053.00    0.0900    6.32%   97.54%
    [ 3]  R3      P4        33.45      64.67    15.79    10.00       none    2325.80    0.0270    1.89%   99.43%
    [ 4]  R3      P2        35.85      67.07    18.19    10.00       none    2589.80    0.0081    0.57%  100.00%
    draw=0.1742  →  (R3, P5) (rank 0) selected

  Assignment: R3 → P5  [0.00 → 31.22]  delay=0.00
    J3-1       [0.00 → 8.39]
    J3-2       [8.39 → 20.13]
    J3-3       [20.13 → 31.22]

  Assigned so far:
    ID      Pos       start    finish    delay
    ----------------------------------------
    R2      P1         0.00     18.81     0.00
    R4      P3         0.00     20.97     0.00
    R1      P4         0.00     23.45     0.00
    R5      P2         0.00     25.85     0.00
    R3      P5         0.00     31.22     0.00

========================================================================
  Iteration result:  makespan=31.22  movements=0  delay=0.00
========================================================================

========================================================================
  Local search start  obj=312.20
========================================================================
  Local search end    obj=312.20

────────────────────────────────────────────────────────────────────────
  Iteration history
────────────────────────────────────────────────────────────────────────
      Iter   Time(s)           Obj    Makespan       Delay    Mov
  ------------------------------------------------------------
         1      0.00        312.20       31.22        0.00      0  *
         2      0.00        312.20       31.22        0.00      0
         3      0.01        312.20       31.22        0.00      0
         4      0.02        312.20       31.22        0.00      0
         5      0.02        312.20       31.22        0.00      0
         6      0.03        312.20       31.22        0.00      0
         7      0.03        312.20       31.22        0.00      0
         8      0.04        312.20       31.22        0.00      0
         9      0.05        312.20       31.22        0.00      0
        10      0.05        312.20       31.22        0.00      0
        11      0.06        312.20       31.22        0.00      0
        12      0.06        312.20       31.22        0.00      0
        13      0.07        312.20       31.22        0.00      0
        14      0.07        312.20       31.22        0.00      0
        15      0.07        312.20       31.22        0.00      0
        16      0.08        312.20       31.22        0.00      0
        17      0.08        312.20       31.22        0.00      0
        18      0.08        312.20       31.22        0.00      0
        19      0.09        312.20       31.22        0.00      0
        20      0.09        312.20       31.22        0.00      0
        21      0.10        312.20       31.22        0.00      0
        22      0.10        312.20       31.22        0.00      0
        23      0.10        312.20       31.22        0.00      0
        24      0.11        312.20       31.22        0.00      0
        25      0.11        312.20       31.22        0.00      0
        26      0.11        312.20       31.22        0.00      0
        27      0.12        312.20       31.22        0.00      0
        28      0.12        312.20       31.22        0.00      0
        29      0.13        312.20       31.22        0.00      0
        30      0.13        312.20       31.22        0.00      0
        31      0.14        312.20       31.22        0.00      0
        32      0.14        312.20       31.22        0.00      0
        33      0.15        312.20       31.22        0.00      0
        34      0.15        312.20       31.22        0.00      0
        35      0.15        312.20       31.22        0.00      0
        36      0.16        312.20       31.22        0.00      0
        37      0.16        312.20       31.22        0.00      0
        38      0.17        312.20       31.22        0.00      0
        39      0.17        312.20       31.22        0.00      0
        40      0.18        312.20       31.22        0.00      0
        41      0.18        312.20       31.22        0.00      0
        42      0.18        312.20       31.22        0.00      0
        43      0.19        312.20       31.22        0.00      0
        44      0.19        312.20       31.22        0.00      0
        45      0.19        312.20       31.22        0.00      0
        46      0.20        312.20       31.22        0.00      0
        47      0.20        312.20       31.22        0.00      0
        48      0.21        312.20       31.22        0.00      0
        49      0.21        312.20       31.22        0.00      0
        50      0.21        312.20       31.22        0.00      0
        51      0.22        312.20       31.22        0.00      0
        52      0.22        312.20       31.22        0.00      0
        53      0.22        312.20       31.22        0.00      0
        54      0.23        312.20       31.22        0.00      0
        55      0.23        312.20       31.22        0.00      0
        56      0.23        312.20       31.22        0.00      0
        57      0.24        312.20       31.22        0.00      0
        58      0.24        312.20       31.22        0.00      0
        59      0.25        312.20       31.22        0.00      0
        60      0.25        312.20       31.22        0.00      0
        61      0.26        312.20       31.22        0.00      0
        62      0.26        312.20       31.22        0.00      0
        63      0.26        312.20       31.22        0.00      0
        64      0.27        312.20       31.22        0.00      0
        65      0.27        312.20       31.22        0.00      0
        66      0.27        312.20       31.22        0.00      0
        67      0.27        312.20       31.22        0.00      0
        68      0.28        312.20       31.22        0.00      0
        69      0.29        312.20       31.22        0.00      0
        70      0.29        312.20       31.22        0.00      0
        71      0.30        312.20       31.22        0.00      0
        72      0.30        312.20       31.22        0.00      0
        73      0.31        312.20       31.22        0.00      0
        74      0.31        312.20       31.22        0.00      0
        75      0.32        312.20       31.22        0.00      0
        76      0.32        312.20       31.22        0.00      0
        77      0.32        312.20       31.22        0.00      0
        78      0.33        312.20       31.22        0.00      0
        79      0.33        312.20       31.22        0.00      0
        80      0.34        312.20       31.22        0.00      0
        81      0.34        312.20       31.22        0.00      0
        82      0.35        312.20       31.22        0.00      0
        83      0.35        312.20       31.22        0.00      0
        84      0.36        312.20       31.22        0.00      0
        85      0.36        312.20       31.22        0.00      0
        86      0.36        312.20       31.22        0.00      0
        87      0.37        312.20       31.22        0.00      0
        88      0.37        312.20       31.22        0.00      0
        89      0.38        312.20       31.22        0.00      0
        90      0.38        312.20       31.22        0.00      0
        91      0.39        312.20       31.22        0.00      0
        92      0.39        312.20       31.22        0.00      0
        93      0.39        312.20       31.22        0.00      0
        94      0.40        312.20       31.22        0.00      0
        95      0.40        312.20       31.22        0.00      0
        96      0.40        312.20       31.22        0.00      0
        97      0.41        312.20       31.22        0.00      0
        98      0.41        312.20       31.22        0.00      0
        99      0.42        312.20       31.22        0.00      0
       100      0.42        312.20       31.22        0.00      0
       101      0.43        312.20       31.22        0.00      0
       102      0.43        312.20       31.22        0.00      0
       103      0.43        312.20       31.22        0.00      0
       104      0.44        312.20       31.22        0.00      0
       105      0.44        312.20       31.22        0.00      0
       106      0.44        312.20       31.22        0.00      0
       107      0.45        312.20       31.22        0.00      0
       108      0.45        312.20       31.22        0.00      0
       109      0.46        312.20       31.22        0.00      0
       110      0.46        312.20       31.22        0.00      0
       111      0.47        312.20       31.22        0.00      0
       112      0.47        312.20       31.22        0.00      0
       113      0.47        312.20       31.22        0.00      0
       114      0.48        312.20       31.22        0.00      0
       115      0.48        312.20       31.22        0.00      0
       116      0.49        312.20       31.22        0.00      0
       117      0.49        312.20       31.22        0.00      0
       118      0.49        312.20       31.22        0.00      0
       119      0.49        312.20       31.22        0.00      0
       120      0.50        312.20       31.22        0.00      0
       121      0.50        312.20       31.22        0.00      0
       122      0.51        312.20       31.22        0.00      0
       123      0.51        312.20       31.22        0.00      0
       124      0.51        312.20       31.22        0.00      0
       125      0.52        312.20       31.22        0.00      0
       126      0.52        312.20       31.22        0.00      0
       127      0.52        312.20       31.22        0.00      0
       128      0.53        312.20       31.22        0.00      0
       129      0.53        312.20       31.22        0.00      0
       130      0.54        312.20       31.22        0.00      0
       131      0.54        312.20       31.22        0.00      0
       132      0.55        312.20       31.22        0.00      0
       133      0.55        312.20       31.22        0.00      0
       134      0.55        312.20       31.22        0.00      0
       135      0.56        312.20       31.22        0.00      0
       136      0.56        312.20       31.22        0.00      0
       137      0.57        312.20       31.22        0.00      0
       138      0.57        312.20       31.22        0.00      0
       139      0.57        312.20       31.22        0.00      0
       140      0.58        312.20       31.22        0.00      0
       141      0.58        312.20       31.22        0.00      0
       142      0.58        312.20       31.22        0.00      0
       143      0.59        312.20       31.22        0.00      0
       144      0.59        312.20       31.22        0.00      0
       145      0.59        312.20       31.22        0.00      0
       146      0.59        312.20       31.22        0.00      0
       147      0.60        312.20       31.22        0.00      0
       148      0.60        312.20       31.22        0.00      0
       149      0.60        312.20       31.22        0.00      0
       150      0.61        312.20       31.22        0.00      0
       151      0.61        312.20       31.22        0.00      0
       152      0.61        312.20       31.22        0.00      0
       153      0.62        312.20       31.22        0.00      0
       154      0.62        312.20       31.22        0.00      0
       155      0.63        312.20       31.22        0.00      0
       156      0.63        312.20       31.22        0.00      0
       157      0.63        312.20       31.22        0.00      0
       158      0.63        312.20       31.22        0.00      0
       159      0.64        312.20       31.22        0.00      0
       160      0.64        312.20       31.22        0.00      0
       161      0.65        312.20       31.22        0.00      0
       162      0.65        312.20       31.22        0.00      0
       163      0.65        312.20       31.22        0.00      0
       164      0.66        312.20       31.22        0.00      0
       165      0.66        312.20       31.22        0.00      0
       166      0.67        312.20       31.22        0.00      0
       167      0.67        312.20       31.22        0.00      0
       168      0.67        312.20       31.22        0.00      0
       169      0.68        312.20       31.22        0.00      0
       170      0.68        312.20       31.22        0.00      0
       171      0.69        312.20       31.22        0.00      0
       172      0.69        312.20       31.22        0.00      0
       173      0.70        312.20       31.22        0.00      0
       174      0.70        312.20       31.22        0.00      0
       175      0.71        312.20       31.22        0.00      0
       176      0.71        312.20       31.22        0.00      0
       177      0.71        312.20       31.22        0.00      0
       178      0.72        312.20       31.22        0.00      0
       179      0.72        312.20       31.22        0.00      0
       180      0.73        312.20       31.22        0.00      0
       181      0.74        312.20       31.22        0.00      0
       182      0.74        312.20       31.22        0.00      0
       183      0.75        312.20       31.22        0.00      0
       184      0.75        312.20       31.22        0.00      0
       185      0.75        312.20       31.22        0.00      0
       186      0.76        312.20       31.22        0.00      0
       187      0.76        312.20       31.22        0.00      0
       188      0.77        312.20       31.22        0.00      0
       189      0.77        312.20       31.22        0.00      0
       190      0.77        312.20       31.22        0.00      0
       191      0.78        312.20       31.22        0.00      0
       192      0.79        312.20       31.22        0.00      0
       193      0.79        312.20       31.22        0.00      0
       194      0.80        312.20       31.22        0.00      0
       195      0.81        312.20       31.22        0.00      0
       196      0.81        312.20       31.22        0.00      0
       197      0.82        312.20       31.22        0.00      0
       198      0.82        312.20       31.22        0.00      0
       199      0.83        312.20       31.22        0.00      0
       200      0.83        312.20       31.22        0.00      0
       201      0.84        312.20       31.22        0.00      0
       202      0.84        312.20       31.22        0.00      0
       203      0.85        312.20       31.22        0.00      0
       204      0.85        312.20       31.22        0.00      0
       205      0.85        312.20       31.22        0.00      0
       206      0.86        312.20       31.22        0.00      0
       207      0.86        312.20       31.22        0.00      0
       208      0.87        312.20       31.22        0.00      0
       209      0.87        312.20       31.22        0.00      0
       210      0.88        312.20       31.22        0.00      0
       211      0.88        312.20       31.22        0.00      0
       212      0.89        312.20       31.22        0.00      0
       213      0.89        312.20       31.22        0.00      0
       214      0.90        312.20       31.22        0.00      0
       215      0.90        312.20       31.22        0.00      0
       216      0.91        312.20       31.22        0.00      0
       217      0.91        312.20       31.22        0.00      0
       218      0.91        312.20       31.22        0.00      0
       219      0.92        312.20       31.22        0.00      0
       220      0.92        312.20       31.22        0.00      0
       221      0.93        312.20       31.22        0.00      0
       222      0.93        312.20       31.22        0.00      0
       223      0.93        312.20       31.22        0.00      0
       224      0.94        312.20       31.22        0.00      0
       225      0.94        312.20       31.22        0.00      0
       226      0.95        312.20       31.22        0.00      0
       227      0.95        312.20       31.22        0.00      0
       228      0.96        312.20       31.22        0.00      0
       229      0.96        312.20       31.22        0.00      0
       230      0.96        312.20       31.22        0.00      0
       231      0.97        312.20       31.22        0.00      0
       232      0.97        312.20       31.22        0.00      0
       233      0.98        312.20       31.22        0.00      0
       234      0.98        312.20       31.22        0.00      0
       235      0.98        312.20       31.22        0.00      0
       236      0.99        312.20       31.22        0.00      0
       237      0.99        312.20       31.22        0.00      0
       238      0.99        312.20       31.22        0.00      0
       239      1.00        312.20       31.22        0.00      0
       240      1.00        312.20       31.22        0.00      0
       241      1.01        312.20       31.22        0.00      0
       242      1.01        312.20       31.22        0.00      0
       243      1.01        312.20       31.22        0.00      0
       244      1.01        312.20       31.22        0.00      0
       245      1.02        312.20       31.22        0.00      0
       246      1.03        312.20       31.22        0.00      0
       247      1.03        312.20       31.22        0.00      0
       248      1.04        312.20       31.22        0.00      0
       249      1.04        312.20       31.22        0.00      0
       250      1.05        312.20       31.22        0.00      0
       251      1.05        312.20       31.22        0.00      0
       252      1.06        312.20       31.22        0.00      0
       253      1.06        312.20       31.22        0.00      0
       254      1.06        312.20       31.22        0.00      0
       255      1.07        312.20       31.22        0.00      0
       256      1.07        312.20       31.22        0.00      0
       257      1.08        312.20       31.22        0.00      0
       258      1.08        312.20       31.22        0.00      0
       259      1.08        312.20       31.22        0.00      0
       260      1.09        312.20       31.22        0.00      0
       261      1.09        312.20       31.22        0.00      0
       262      1.10        312.20       31.22        0.00      0
       263      1.10        312.20       31.22        0.00      0
       264      1.11        312.20       31.22        0.00      0
       265      1.11        312.20       31.22        0.00      0
       266      1.12        312.20       31.22        0.00      0
       267      1.12        312.20       31.22        0.00      0
       268      1.13        312.20       31.22        0.00      0
       269      1.13        312.20       31.22        0.00      0
       270      1.13        312.20       31.22        0.00      0
       271      1.14        312.20       31.22        0.00      0
       272      1.15        312.20       31.22        0.00      0
       273      1.15        312.20       31.22        0.00      0
       274      1.15        312.20       31.22        0.00      0
       275      1.16        312.20       31.22        0.00      0
       276      1.16        312.20       31.22        0.00      0
       277      1.17        312.20       31.22        0.00      0
       278      1.17        312.20       31.22        0.00      0
       279      1.18        312.20       31.22        0.00      0
       280      1.18        312.20       31.22        0.00      0
       281      1.18        312.20       31.22        0.00      0
       282      1.19        312.20       31.22        0.00      0
       283      1.19        312.20       31.22        0.00      0
       284      1.20        312.20       31.22        0.00      0
       285      1.20        312.20       31.22        0.00      0
       286      1.21        312.20       31.22        0.00      0
       287      1.22        312.20       31.22        0.00      0
       288      1.23        312.20       31.22        0.00      0
       289      1.24        312.20       31.22        0.00      0
       290      1.24        312.20       31.22        0.00      0
       291      1.25        312.20       31.22        0.00      0
       292      1.25        312.20       31.22        0.00      0
       293      1.26        312.20       31.22        0.00      0
       294      1.26        312.20       31.22        0.00      0
       295      1.27        312.20       31.22        0.00      0
       296      1.27        312.20       31.22        0.00      0
       297      1.28        312.20       31.22        0.00      0
       298      1.29        312.20       31.22        0.00      0
       299      1.29        312.20       31.22        0.00      0
       300      1.30        312.20       31.22        0.00      0
       301      1.30        312.20       31.22        0.00      0
       302      1.30        312.20       31.22        0.00      0
       303      1.31        312.20       31.22        0.00      0
       304      1.31        312.20       31.22        0.00      0
       305      1.32        312.20       31.22        0.00      0
       306      1.32        312.20       31.22        0.00      0
       307      1.33        312.20       31.22        0.00      0
       308      1.34        312.20       31.22        0.00      0
       309      1.34        312.20       31.22        0.00      0
       310      1.35        312.20       31.22        0.00      0
       311      1.35        312.20       31.22        0.00      0
       312      1.35        312.20       31.22        0.00      0
       313      1.36        312.20       31.22        0.00      0
       314      1.36        312.20       31.22        0.00      0
       315      1.37        312.20       31.22        0.00      0
       316      1.37        312.20       31.22        0.00      0
       317      1.38        312.20       31.22        0.00      0
       318      1.38        312.20       31.22        0.00      0
       319      1.38        312.20       31.22        0.00      0
       320      1.39        312.20       31.22        0.00      0
       321      1.39        312.20       31.22        0.00      0
       322      1.39        312.20       31.22        0.00      0
       323      1.40        312.20       31.22        0.00      0
       324      1.40        312.20       31.22        0.00      0
       325      1.41        312.20       31.22        0.00      0
       326      1.41        312.20       31.22        0.00      0
       327      1.42        312.20       31.22        0.00      0
       328      1.42        312.20       31.22        0.00      0
       329      1.43        312.20       31.22        0.00      0
       330      1.43        312.20       31.22        0.00      0
       331      1.44        312.20       31.22        0.00      0
       332      1.44        312.20       31.22        0.00      0
       333      1.45        312.20       31.22        0.00      0
       334      1.45        312.20       31.22        0.00      0
       335      1.46        312.20       31.22        0.00      0
       336      1.46        312.20       31.22        0.00      0
       337      1.47        312.20       31.22        0.00      0
       338      1.47        312.20       31.22        0.00      0
       339      1.48        312.20       31.22        0.00      0
       340      1.48        312.20       31.22        0.00      0
       341      1.48        312.20       31.22        0.00      0
       342      1.49        312.20       31.22        0.00      0
       343      1.49        312.20       31.22        0.00      0
       344      1.49        312.20       31.22        0.00      0
       345      1.50        312.20       31.22        0.00      0
       346      1.50        312.20       31.22        0.00      0
       347      1.50        312.20       31.22        0.00      0
       348      1.51        312.20       31.22        0.00      0
       349      1.51        312.20       31.22        0.00      0
       350      1.52        312.20       31.22        0.00      0
       351      1.53        312.20       31.22        0.00      0
       352      1.53        312.20       31.22        0.00      0
       353      1.53        312.20       31.22        0.00      0
       354      1.54        312.20       31.22        0.00      0
       355      1.54        312.20       31.22        0.00      0
       356      1.55        312.20       31.22        0.00      0
       357      1.55        312.20       31.22        0.00      0
       358      1.55        312.20       31.22        0.00      0
       359      1.56        312.20       31.22        0.00      0
       360      1.57        312.20       31.22        0.00      0
       361      1.57        312.20       31.22        0.00      0
       362      1.57        312.20       31.22        0.00      0
       363      1.57        312.20       31.22        0.00      0
       364      1.58        312.20       31.22        0.00      0
       365      1.58        312.20       31.22        0.00      0
       366      1.59        312.20       31.22        0.00      0
       367      1.59        312.20       31.22        0.00      0
       368      1.59        312.20       31.22        0.00      0
       369      1.60        312.20       31.22        0.00      0
       370      1.60        312.20       31.22        0.00      0
       371      1.60        312.20       31.22        0.00      0
       372      1.61        312.20       31.22        0.00      0
       373      1.61        312.20       31.22        0.00      0
       374      1.61        312.20       31.22        0.00      0
       375      1.62        312.20       31.22        0.00      0
       376      1.62        312.20       31.22        0.00      0
       377      1.62        312.20       31.22        0.00      0
       378      1.63        312.20       31.22        0.00      0
       379      1.63        312.20       31.22        0.00      0
       380      1.64        312.20       31.22        0.00      0
       381      1.64        312.20       31.22        0.00      0
       382      1.64        312.20       31.22        0.00      0
       383      1.65        312.20       31.22        0.00      0
       384      1.65        312.20       31.22        0.00      0
       385      1.66        312.20       31.22        0.00      0
       386      1.66        312.20       31.22        0.00      0
       387      1.67        312.20       31.22        0.00      0
       388      1.67        312.20       31.22        0.00      0
       389      1.67        312.20       31.22        0.00      0
       390      1.68        312.20       31.22        0.00      0
       391      1.68        312.20       31.22        0.00      0
       392      1.69        312.20       31.22        0.00      0
       393      1.69        312.20       31.22        0.00      0
       394      1.69        312.20       31.22        0.00      0
       395      1.69        312.20       31.22        0.00      0
       396      1.70        312.20       31.22        0.00      0
       397      1.70        312.20       31.22        0.00      0
       398      1.70        312.20       31.22        0.00      0
       399      1.71        312.20       31.22        0.00      0
       400      1.71        312.20       31.22        0.00      0
       401      1.71        312.20       31.22        0.00      0
       402      1.72        312.20       31.22        0.00      0
       403      1.72        312.20       31.22        0.00      0
       404      1.72        312.20       31.22        0.00      0
       405      1.73        312.20       31.22        0.00      0
       406      1.73        312.20       31.22        0.00      0
       407      1.73        312.20       31.22        0.00      0
       408      1.74        312.20       31.22        0.00      0
       409      1.74        312.20       31.22        0.00      0
       410      1.74        312.20       31.22        0.00      0
       411      1.75        312.20       31.22        0.00      0
       412      1.76        312.20       31.22        0.00      0
       413      1.76        312.20       31.22        0.00      0
       414      1.76        312.20       31.22        0.00      0
       415      1.77        312.20       31.22        0.00      0
       416      1.77        312.20       31.22        0.00      0
       417      1.78        312.20       31.22        0.00      0
       418      1.78        312.20       31.22        0.00      0
       419      1.79        312.20       31.22        0.00      0
       420      1.79        312.20       31.22        0.00      0
       421      1.80        312.20       31.22        0.00      0
       422      1.80        312.20       31.22        0.00      0
       423      1.81        312.20       31.22        0.00      0
       424      1.81        312.20       31.22        0.00      0
       425      1.82        312.20       31.22        0.00      0
       426      1.82        312.20       31.22        0.00      0
       427      1.82        312.20       31.22        0.00      0
       428      1.83        312.20       31.22        0.00      0
       429      1.84        312.20       31.22        0.00      0
       430      1.84        312.20       31.22        0.00      0
       431      1.85        312.20       31.22        0.00      0
       432      1.85        312.20       31.22        0.00      0
       433      1.86        312.20       31.22        0.00      0
       434      1.86        312.20       31.22        0.00      0
       435      1.86        312.20       31.22        0.00      0
       436      1.87        312.20       31.22        0.00      0
       437      1.87        312.20       31.22        0.00      0
       438      1.87        312.20       31.22        0.00      0
       439      1.88        312.20       31.22        0.00      0
       440      1.88        312.20       31.22        0.00      0
       441      1.88        312.20       31.22        0.00      0
       442      1.89        312.20       31.22        0.00      0
       443      1.89        312.20       31.22        0.00      0
       444      1.90        312.20       31.22        0.00      0
       445      1.90        312.20       31.22        0.00      0
       446      1.91        312.20       31.22        0.00      0
       447      1.91        312.20       31.22        0.00      0
       448      1.91        312.20       31.22        0.00      0
       449      1.92        312.20       31.22        0.00      0
       450      1.92        312.20       31.22        0.00      0
       451      1.92        312.20       31.22        0.00      0
       452      1.93        312.20       31.22        0.00      0
       453      1.93        312.20       31.22        0.00      0
       454      1.94        312.20       31.22        0.00      0
       455      1.94        312.20       31.22        0.00      0
       456      1.95        312.20       31.22        0.00      0
       457      1.95        312.20       31.22        0.00      0
       458      1.95        312.20       31.22        0.00      0
       459      1.95        312.20       31.22        0.00      0
       460      1.96        312.20       31.22        0.00      0
       461      1.96        312.20       31.22        0.00      0
       462      1.97        312.20       31.22        0.00      0
       463      1.97        312.20       31.22        0.00      0
       464      1.97        312.20       31.22        0.00      0
       465      1.98        312.20       31.22        0.00      0
       466      1.98        312.20       31.22        0.00      0
       467      1.99        312.20       31.22        0.00      0
       468      1.99        312.20       31.22        0.00      0
       469      2.00        312.20       31.22        0.00      0
       470      2.00        312.20       31.22        0.00      0
       471      2.00        312.20       31.22        0.00      0
       472      2.01        312.20       31.22        0.00      0
       473      2.01        312.20       31.22        0.00      0
       474      2.02        312.20       31.22        0.00      0
       475      2.02        312.20       31.22        0.00      0
       476      2.03        312.20       31.22        0.00      0
       477      2.04        312.20       31.22        0.00      0
       478      2.04        312.20       31.22        0.00      0
       479      2.05        312.20       31.22        0.00      0
       480      2.05        312.20       31.22        0.00      0
       481      2.05        312.20       31.22        0.00      0
       482      2.06        312.20       31.22        0.00      0
       483      2.06        312.20       31.22        0.00      0
       484      2.07        312.20       31.22        0.00      0
       485      2.07        312.20       31.22        0.00      0
       486      2.07        312.20       31.22        0.00      0
       487      2.08        312.20       31.22        0.00      0
       488      2.08        312.20       31.22        0.00      0
       489      2.09        312.20       31.22        0.00      0
       490      2.09        312.20       31.22        0.00      0
       491      2.10        312.20       31.22        0.00      0
       492      2.10        312.20       31.22        0.00      0
       493      2.11        312.20       31.22        0.00      0
       494      2.11        312.20       31.22        0.00      0
       495      2.11        312.20       31.22        0.00      0
       496      2.12        312.20       31.22        0.00      0
       497      2.12        312.20       31.22        0.00      0
       498      2.12        312.20       31.22        0.00      0
       499      2.12        312.20       31.22        0.00      0
       500      2.13        312.20       31.22        0.00      0
       501      2.13        312.20       31.22        0.00      0
       502      2.14        312.20       31.22        0.00      0
       503      2.14        312.20       31.22        0.00      0
       504      2.14        312.20       31.22        0.00      0
       505      2.15        312.20       31.22        0.00      0
       506      2.15        312.20       31.22        0.00      0
       507      2.16        312.20       31.22        0.00      0
       508      2.16        312.20       31.22        0.00      0
       509      2.17        312.20       31.22        0.00      0
       510      2.17        312.20       31.22        0.00      0
       511      2.17        312.20       31.22        0.00      0
       512      2.17        312.20       31.22        0.00      0
       513      2.18        312.20       31.22        0.00      0
       514      2.18        312.20       31.22        0.00      0
       515      2.18        312.20       31.22        0.00      0
       516      2.19        312.20       31.22        0.00      0
       517      2.19        312.20       31.22        0.00      0
       518      2.19        312.20       31.22        0.00      0
       519      2.20        312.20       31.22        0.00      0
       520      2.20        312.20       31.22        0.00      0
       521      2.21        312.20       31.22        0.00      0
       522      2.21        312.20       31.22        0.00      0
       523      2.21        312.20       31.22        0.00      0
       524      2.22        312.20       31.22        0.00      0
       525      2.22        312.20       31.22        0.00      0
       526      2.23        312.20       31.22        0.00      0
       527      2.23        312.20       31.22        0.00      0
       528      2.23        312.20       31.22        0.00      0
       529      2.24        312.20       31.22        0.00      0
       530      2.24        312.20       31.22        0.00      0
       531      2.25        312.20       31.22        0.00      0
       532      2.25        312.20       31.22        0.00      0
       533      2.26        312.20       31.22        0.00      0
       534      2.27        312.20       31.22        0.00      0
       535      2.27        312.20       31.22        0.00      0
       536      2.27        312.20       31.22        0.00      0
       537      2.27        312.20       31.22        0.00      0
       538      2.28        312.20       31.22        0.00      0
       539      2.28        312.20       31.22        0.00      0
       540      2.28        312.20       31.22        0.00      0
       541      2.29        312.20       31.22        0.00      0
       542      2.29        312.20       31.22        0.00      0
       543      2.30        312.20       31.22        0.00      0
       544      2.30        312.20       31.22        0.00      0
       545      2.30        312.20       31.22        0.00      0
       546      2.31        312.20       31.22        0.00      0
       547      2.31        312.20       31.22        0.00      0
       548      2.32        312.20       31.22        0.00      0
       549      2.32        312.20       31.22        0.00      0
       550      2.32        312.20       31.22        0.00      0
       551      2.33        312.20       31.22        0.00      0
       552      2.35        312.20       31.22        0.00      0
       553      2.35        312.20       31.22        0.00      0
       554      2.36        312.20       31.22        0.00      0
       555      2.37        312.20       31.22        0.00      0
       556      2.37        312.20       31.22        0.00      0
       557      2.37        312.20       31.22        0.00      0
       558      2.38        312.20       31.22        0.00      0
       559      2.38        312.20       31.22        0.00      0
       560      2.39        312.20       31.22        0.00      0
       561      2.39        312.20       31.22        0.00      0
       562      2.39        312.20       31.22        0.00      0
       563      2.40        312.20       31.22        0.00      0
       564      2.40        312.20       31.22        0.00      0
       565      2.40        312.20       31.22        0.00      0
       566      2.41        312.20       31.22        0.00      0
       567      2.41        312.20       31.22        0.00      0
       568      2.42        312.20       31.22        0.00      0
       569      2.42        312.20       31.22        0.00      0
       570      2.42        312.20       31.22        0.00      0
       571      2.43        312.20       31.22        0.00      0
       572      2.43        312.20       31.22        0.00      0
       573      2.44        312.20       31.22        0.00      0
       574      2.44        312.20       31.22        0.00      0
       575      2.44        312.20       31.22        0.00      0
       576      2.45        312.20       31.22        0.00      0
       577      2.45        312.20       31.22        0.00      0
       578      2.45        312.20       31.22        0.00      0
       579      2.46        312.20       31.22        0.00      0
       580      2.46        312.20       31.22        0.00      0
       581      2.47        312.20       31.22        0.00      0
       582      2.48        312.20       31.22        0.00      0
       583      2.49        312.20       31.22        0.00      0
       584      2.49        312.20       31.22        0.00      0
       585      2.49        312.20       31.22        0.00      0
       586      2.50        312.20       31.22        0.00      0
       587      2.50        312.20       31.22        0.00      0
       588      2.51        312.20       31.22        0.00      0
       589      2.51        312.20       31.22        0.00      0
       590      2.51        312.20       31.22        0.00      0
       591      2.52        312.20       31.22        0.00      0
       592      2.53        312.20       31.22        0.00      0
       593      2.54        312.20       31.22        0.00      0
       594      2.54        312.20       31.22        0.00      0
       595      2.54        312.20       31.22        0.00      0
       596      2.55        312.20       31.22        0.00      0
       597      2.55        312.20       31.22        0.00      0
       598      2.56        312.20       31.22        0.00      0
       599      2.56        312.20       31.22        0.00      0
       600      2.57        312.20       31.22        0.00      0
       601      2.58        312.20       31.22        0.00      0
       602      2.59        312.20       31.22        0.00      0
       603      2.59        312.20       31.22        0.00      0
       604      2.60        312.20       31.22        0.00      0
       605      2.60        312.20       31.22        0.00      0
       606      2.61        312.20       31.22        0.00      0
       607      2.61        312.20       31.22        0.00      0
       608      2.61        312.20       31.22        0.00      0
       609      2.62        312.20       31.22        0.00      0
       610      2.62        312.20       31.22        0.00      0
       611      2.63        312.20       31.22        0.00      0
       612      2.63        312.20       31.22        0.00      0
       613      2.64        312.20       31.22        0.00      0
       614      2.64        312.20       31.22        0.00      0
       615      2.64        312.20       31.22        0.00      0
       616      2.65        312.20       31.22        0.00      0
       617      2.65        312.20       31.22        0.00      0
       618      2.66        312.20       31.22        0.00      0
       619      2.67        312.20       31.22        0.00      0
       620      2.67        312.20       31.22        0.00      0
       621      2.68        312.20       31.22        0.00      0
       622      2.68        312.20       31.22        0.00      0
       623      2.69        312.20       31.22        0.00      0
       624      2.70        312.20       31.22        0.00      0
       625      2.70        312.20       31.22        0.00      0
       626      2.71        312.20       31.22        0.00      0
       627      2.72        312.20       31.22        0.00      0
       628      2.73        312.20       31.22        0.00      0
       629      2.74        312.20       31.22        0.00      0
       630      2.74        312.20       31.22        0.00      0
       631      2.75        312.20       31.22        0.00      0
       632      2.75        312.20       31.22        0.00      0
       633      2.76        312.20       31.22        0.00      0
       634      2.77        312.20       31.22        0.00      0
       635      2.77        312.20       31.22        0.00      0
       636      2.77        312.20       31.22        0.00      0
       637      2.79        312.20       31.22        0.00      0
       638      2.79        312.20       31.22        0.00      0
       639      2.81        312.20       31.22        0.00      0
       640      2.82        312.20       31.22        0.00      0
       641      2.82        312.20       31.22        0.00      0
       642      2.83        312.20       31.22        0.00      0
       643      2.83        312.20       31.22        0.00      0
       644      2.84        312.20       31.22        0.00      0
       645      2.85        312.20       31.22        0.00      0
       646      2.86        312.20       31.22        0.00      0
       647      2.88        312.20       31.22        0.00      0
       648      2.89        312.20       31.22        0.00      0
       649      2.90        312.20       31.22        0.00      0
       650      2.91        312.20       31.22        0.00      0
       651      2.91        312.20       31.22        0.00      0
       652      2.92        312.20       31.22        0.00      0
       653      2.93        312.20       31.22        0.00      0
       654      2.93        312.20       31.22        0.00      0
       655      2.95        312.20       31.22        0.00      0
       656      2.96        312.20       31.22        0.00      0
       657      2.96        312.20       31.22        0.00      0
       658      2.96        312.20       31.22        0.00      0
       659      2.97        312.20       31.22        0.00      0
       660      2.98        312.20       31.22        0.00      0
       661      2.98        312.20       31.22        0.00      0
       662      2.98        312.20       31.22        0.00      0
       663      2.99        312.20       31.22        0.00      0
       664      2.99        312.20       31.22        0.00      0
       665      2.99        312.20       31.22        0.00      0
       666      3.00        312.20       31.22        0.00      0
       667      3.01        312.20       31.22        0.00      0
       668      3.02        312.20       31.22        0.00      0
       669      3.03        312.20       31.22        0.00      0
       670      3.03        312.20       31.22        0.00      0
       671      3.03        312.20       31.22        0.00      0
       672      3.04        312.20       31.22        0.00      0
       673      3.05        312.20       31.22        0.00      0
       674      3.06        312.20       31.22        0.00      0
       675      3.06        312.20       31.22        0.00      0
       676      3.07        312.20       31.22        0.00      0
       677      3.08        312.20       31.22        0.00      0
       678      3.09        312.20       31.22        0.00      0
       679      3.09        312.20       31.22        0.00      0
       680      3.10        312.20       31.22        0.00      0
       681      3.11        312.20       31.22        0.00      0
       682      3.11        312.20       31.22        0.00      0
       683      3.12        312.20       31.22        0.00      0
       684      3.13        312.20       31.22        0.00      0
       685      3.14        312.20       31.22        0.00      0
       686      3.14        312.20       31.22        0.00      0
       687      3.15        312.20       31.22        0.00      0
       688      3.15        312.20       31.22        0.00      0
       689      3.16        312.20       31.22        0.00      0
       690      3.16        312.20       31.22        0.00      0
       691      3.17        312.20       31.22        0.00      0
       692      3.18        312.20       31.22        0.00      0
       693      3.18        312.20       31.22        0.00      0
       694      3.18        312.20       31.22        0.00      0
       695      3.19        312.20       31.22        0.00      0
       696      3.19        312.20       31.22        0.00      0
       697      3.19        312.20       31.22        0.00      0
       698      3.20        312.20       31.22        0.00      0
       699      3.21        312.20       31.22        0.00      0
       700      3.21        312.20       31.22        0.00      0
       701      3.22        312.20       31.22        0.00      0
       702      3.23        312.20       31.22        0.00      0
       703      3.24        312.20       31.22        0.00      0
       704      3.24        312.20       31.22        0.00      0
       705      3.24        312.20       31.22        0.00      0
       706      3.25        312.20       31.22        0.00      0
       707      3.26        312.20       31.22        0.00      0
       708      3.27        312.20       31.22        0.00      0
       709      3.27        312.20       31.22        0.00      0
       710      3.28        312.20       31.22        0.00      0
       711      3.29        312.20       31.22        0.00      0
       712      3.30        312.20       31.22        0.00      0
       713      3.30        312.20       31.22        0.00      0
       714      3.31        312.20       31.22        0.00      0
       715      3.31        312.20       31.22        0.00      0
       716      3.33        312.20       31.22        0.00      0
       717      3.33        312.20       31.22        0.00      0
       718      3.34        312.20       31.22        0.00      0
       719      3.35        312.20       31.22        0.00      0
       720      3.36        312.20       31.22        0.00      0
       721      3.37        312.20       31.22        0.00      0
       722      3.38        312.20       31.22        0.00      0
       723      3.39        312.20       31.22        0.00      0
       724      3.39        312.20       31.22        0.00      0
       725      3.40        312.20       31.22        0.00      0
       726      3.40        312.20       31.22        0.00      0
       727      3.41        312.20       31.22        0.00      0
       728      3.41        312.20       31.22        0.00      0
       729      3.41        312.20       31.22        0.00      0
       730      3.42        312.20       31.22        0.00      0
       731      3.42        312.20       31.22        0.00      0
       732      3.43        312.20       31.22        0.00      0
       733      3.43        312.20       31.22        0.00      0
       734      3.45        312.20       31.22        0.00      0
       735      3.46        312.20       31.22        0.00      0
       736      3.47        312.20       31.22        0.00      0
       737      3.49        312.20       31.22        0.00      0
       738      3.50        312.20       31.22        0.00      0
       739      3.50        312.20       31.22        0.00      0
       740      3.51        312.20       31.22        0.00      0
       741      3.51        312.20       31.22        0.00      0
       742      3.52        312.20       31.22        0.00      0
       743      3.53        312.20       31.22        0.00      0
       744      3.53        312.20       31.22        0.00      0
       745      3.54        312.20       31.22        0.00      0
       746      3.54        312.20       31.22        0.00      0
       747      3.55        312.20       31.22        0.00      0
       748      3.56        312.20       31.22        0.00      0
       749      3.56        312.20       31.22        0.00      0
       750      3.57        312.20       31.22        0.00      0
       751      3.57        312.20       31.22        0.00      0
       752      3.57        312.20       31.22        0.00      0
       753      3.58        312.20       31.22        0.00      0
       754      3.58        312.20       31.22        0.00      0
       755      3.59        312.20       31.22        0.00      0
       756      3.59        312.20       31.22        0.00      0
       757      3.60        312.20       31.22        0.00      0
       758      3.60        312.20       31.22        0.00      0
       759      3.61        312.20       31.22        0.00      0
       760      3.61        312.20       31.22        0.00      0
       761      3.62        312.20       31.22        0.00      0
       762      3.62        312.20       31.22        0.00      0
       763      3.63        312.20       31.22        0.00      0
       764      3.64        312.20       31.22        0.00      0
       765      3.65        312.20       31.22        0.00      0
       766      3.66        312.20       31.22        0.00      0
       767      3.66        312.20       31.22        0.00      0
       768      3.67        312.20       31.22        0.00      0
       769      3.67        312.20       31.22        0.00      0
       770      3.68        312.20       31.22        0.00      0
       771      3.68        312.20       31.22        0.00      0
       772      3.69        312.20       31.22        0.00      0
       773      3.70        312.20       31.22        0.00      0
       774      3.70        312.20       31.22        0.00      0
       775      3.71        312.20       31.22        0.00      0
       776      3.71        312.20       31.22        0.00      0
       777      3.71        312.20       31.22        0.00      0
       778      3.72        312.20       31.22        0.00      0
       779      3.72        312.20       31.22        0.00      0
       780      3.73        312.20       31.22        0.00      0
       781      3.73        312.20       31.22        0.00      0
       782      3.73        312.20       31.22        0.00      0
       783      3.74        312.20       31.22        0.00      0
       784      3.74        312.20       31.22        0.00      0
       785      3.75        312.20       31.22        0.00      0
       786      3.75        312.20       31.22        0.00      0
       787      3.75        312.20       31.22        0.00      0
       788      3.76        312.20       31.22        0.00      0
       789      3.76        312.20       31.22        0.00      0
       790      3.77        312.20       31.22        0.00      0
       791      3.77        312.20       31.22        0.00      0
       792      3.77        312.20       31.22        0.00      0
       793      3.78        312.20       31.22        0.00      0
       794      3.79        312.20       31.22        0.00      0
       795      3.79        312.20       31.22        0.00      0
       796      3.80        312.20       31.22        0.00      0
       797      3.80        312.20       31.22        0.00      0
       798      3.81        312.20       31.22        0.00      0
       799      3.81        312.20       31.22        0.00      0
       800      3.82        312.20       31.22        0.00      0
       801      3.82        312.20       31.22        0.00      0
       802      3.83        312.20       31.22        0.00      0
       803      3.83        312.20       31.22        0.00      0
       804      3.84        312.20       31.22        0.00      0
       805      3.84        312.20       31.22        0.00      0
       806      3.85        312.20       31.22        0.00      0
       807      3.85        312.20       31.22        0.00      0
       808      3.86        312.20       31.22        0.00      0
       809      3.86        312.20       31.22        0.00      0
       810      3.86        312.20       31.22        0.00      0
       811      3.87        312.20       31.22        0.00      0
       812      3.87        312.20       31.22        0.00      0
       813      3.88        312.20       31.22        0.00      0
       814      3.88        312.20       31.22        0.00      0
       815      3.88        312.20       31.22        0.00      0
       816      3.89        312.20       31.22        0.00      0
       817      3.89        312.20       31.22        0.00      0
       818      3.89        312.20       31.22        0.00      0
       819      3.90        312.20       31.22        0.00      0
       820      3.90        312.20       31.22        0.00      0
       821      3.90        312.20       31.22        0.00      0
       822      3.91        312.20       31.22        0.00      0
       823      3.91        312.20       31.22        0.00      0
       824      3.92        312.20       31.22        0.00      0
       825      3.92        312.20       31.22        0.00      0
       826      3.92        312.20       31.22        0.00      0
       827      3.93        312.20       31.22        0.00      0
       828      3.94        312.20       31.22        0.00      0
       829      3.94        312.20       31.22        0.00      0
       830      3.94        312.20       31.22        0.00      0
       831      3.95        312.20       31.22        0.00      0
       832      3.95        312.20       31.22        0.00      0
       833      3.96        312.20       31.22        0.00      0
       834      3.96        312.20       31.22        0.00      0
       835      3.96        312.20       31.22        0.00      0
       836      3.97        312.20       31.22        0.00      0
       837      3.97        312.20       31.22        0.00      0
       838      3.98        312.20       31.22        0.00      0
       839      3.98        312.20       31.22        0.00      0
       840      3.98        312.20       31.22        0.00      0
       841      3.99        312.20       31.22        0.00      0
       842      3.99        312.20       31.22        0.00      0
       843      3.99        312.20       31.22        0.00      0
       844      4.00        312.20       31.22        0.00      0
       845      4.00        312.20       31.22        0.00      0
       846      4.00        312.20       31.22        0.00      0
       847      4.01        312.20       31.22        0.00      0
       848      4.01        312.20       31.22        0.00      0
       849      4.02        312.20       31.22        0.00      0
       850      4.02        312.20       31.22        0.00      0
       851      4.02        312.20       31.22        0.00      0
       852      4.02        312.20       31.22        0.00      0
       853      4.03        312.20       31.22        0.00      0
       854      4.04        312.20       31.22        0.00      0
       855      4.04        312.20       31.22        0.00      0
       856      4.04        312.20       31.22        0.00      0
       857      4.05        312.20       31.22        0.00      0
       858      4.05        312.20       31.22        0.00      0
       859      4.06        312.20       31.22        0.00      0
       860      4.06        312.20       31.22        0.00      0
       861      4.07        312.20       31.22        0.00      0
       862      4.07        312.20       31.22        0.00      0
       863      4.07        312.20       31.22        0.00      0
       864      4.08        312.20       31.22        0.00      0
       865      4.08        312.20       31.22        0.00      0
       866      4.08        312.20       31.22        0.00      0
       867      4.09        312.20       31.22        0.00      0
       868      4.09        312.20       31.22        0.00      0
       869      4.09        312.20       31.22        0.00      0
       870      4.10        312.20       31.22        0.00      0
       871      4.10        312.20       31.22        0.00      0
       872      4.10        312.20       31.22        0.00      0
       873      4.11        312.20       31.22        0.00      0
       874      4.11        312.20       31.22        0.00      0
       875      4.12        312.20       31.22        0.00      0
       876      4.13        312.20       31.22        0.00      0
       877      4.13        312.20       31.22        0.00      0
       878      4.13        312.20       31.22        0.00      0
       879      4.14        312.20       31.22        0.00      0
       880      4.14        312.20       31.22        0.00      0
       881      4.15        312.20       31.22        0.00      0
       882      4.15        312.20       31.22        0.00      0
       883      4.16        312.20       31.22        0.00      0
       884      4.16        312.20       31.22        0.00      0
       885      4.16        312.20       31.22        0.00      0
       886      4.17        312.20       31.22        0.00      0
       887      4.17        312.20       31.22        0.00      0
       888      4.18        312.20       31.22        0.00      0
       889      4.19        312.20       31.22        0.00      0
       890      4.19        312.20       31.22        0.00      0
       891      4.19        312.20       31.22        0.00      0
       892      4.20        312.20       31.22        0.00      0
       893      4.20        312.20       31.22        0.00      0
       894      4.20        312.20       31.22        0.00      0
       895      4.21        312.20       31.22        0.00      0
       896      4.21        312.20       31.22        0.00      0
       897      4.22        312.20       31.22        0.00      0
       898      4.23        312.20       31.22        0.00      0
       899      4.23        312.20       31.22        0.00      0
       900      4.24        312.20       31.22        0.00      0
       901      4.24        312.20       31.22        0.00      0
       902      4.25        312.20       31.22        0.00      0
       903      4.25        312.20       31.22        0.00      0
       904      4.26        312.20       31.22        0.00      0
       905      4.26        312.20       31.22        0.00      0
       906      4.27        312.20       31.22        0.00      0
       907      4.27        312.20       31.22        0.00      0
       908      4.27        312.20       31.22        0.00      0
       909      4.28        312.20       31.22        0.00      0
       910      4.28        312.20       31.22        0.00      0
       911      4.28        312.20       31.22        0.00      0
       912      4.29        312.20       31.22        0.00      0
       913      4.30        312.20       31.22        0.00      0
       914      4.30        312.20       31.22        0.00      0
       915      4.30        312.20       31.22        0.00      0
       916      4.31        312.20       31.22        0.00      0
       917      4.31        312.20       31.22        0.00      0
       918      4.32        312.20       31.22        0.00      0
       919      4.32        312.20       31.22        0.00      0
       920      4.32        312.20       31.22        0.00      0
       921      4.33        312.20       31.22        0.00      0
       922      4.33        312.20       31.22        0.00      0
       923      4.34        312.20       31.22        0.00      0
       924      4.34        312.20       31.22        0.00      0
       925      4.34        312.20       31.22        0.00      0
       926      4.35        312.20       31.22        0.00      0
       927      4.35        312.20       31.22        0.00      0
       928      4.35        312.20       31.22        0.00      0
       929      4.36        312.20       31.22        0.00      0
       930      4.36        312.20       31.22        0.00      0
       931      4.37        312.20       31.22        0.00      0
       932      4.37        312.20       31.22        0.00      0
       933      4.38        312.20       31.22        0.00      0
       934      4.38        312.20       31.22        0.00      0
       935      4.39        312.20       31.22        0.00      0
       936      4.39        312.20       31.22        0.00      0
       937      4.40        312.20       31.22        0.00      0
       938      4.40        312.20       31.22        0.00      0
       939      4.41        312.20       31.22        0.00      0
       940      4.41        312.20       31.22        0.00      0
       941      4.41        312.20       31.22        0.00      0
       942      4.42        312.20       31.22        0.00      0
       943      4.42        312.20       31.22        0.00      0
       944      4.42        312.20       31.22        0.00      0
       945      4.43        312.20       31.22        0.00      0
       946      4.43        312.20       31.22        0.00      0
       947      4.43        312.20       31.22        0.00      0
       948      4.43        312.20       31.22        0.00      0
       949      4.44        312.20       31.22        0.00      0
       950      4.44        312.20       31.22        0.00      0
       951      4.45        312.20       31.22        0.00      0
       952      4.45        312.20       31.22        0.00      0
       953      4.45        312.20       31.22        0.00      0
       954      4.46        312.20       31.22        0.00      0
       955      4.47        312.20       31.22        0.00      0
       956      4.47        312.20       31.22        0.00      0
       957      4.47        312.20       31.22        0.00      0
       958      4.48        312.20       31.22        0.00      0
       959      4.48        312.20       31.22        0.00      0
       960      4.49        312.20       31.22        0.00      0
       961      4.49        312.20       31.22        0.00      0
       962      4.49        312.20       31.22        0.00      0
       963      4.50        312.20       31.22        0.00      0
       964      4.50        312.20       31.22        0.00      0
       965      4.51        312.20       31.22        0.00      0
       966      4.51        312.20       31.22        0.00      0
       967      4.51        312.20       31.22        0.00      0
       968      4.52        312.20       31.22        0.00      0
       969      4.52        312.20       31.22        0.00      0
       970      4.52        312.20       31.22        0.00      0
       971      4.53        312.20       31.22        0.00      0
       972      4.53        312.20       31.22        0.00      0
       973      4.54        312.20       31.22        0.00      0
       974      4.54        312.20       31.22        0.00      0
       975      4.54        312.20       31.22        0.00      0
       976      4.55        312.20       31.22        0.00      0
       977      4.56        312.20       31.22        0.00      0
       978      4.56        312.20       31.22        0.00      0
       979      4.56        312.20       31.22        0.00      0
       980      4.57        312.20       31.22        0.00      0
       981      4.57        312.20       31.22        0.00      0
       982      4.58        312.20       31.22        0.00      0
       983      4.58        312.20       31.22        0.00      0
       984      4.59        312.20       31.22        0.00      0
       985      4.59        312.20       31.22        0.00      0
       986      4.60        312.20       31.22        0.00      0
       987      4.61        312.20       31.22        0.00      0
       988      4.61        312.20       31.22        0.00      0
       989      4.61        312.20       31.22        0.00      0
       990      4.62        312.20       31.22        0.00      0
       991      4.62        312.20       31.22        0.00      0
       992      4.62        312.20       31.22        0.00      0
       993      4.63        312.20       31.22        0.00      0
       994      4.64        312.20       31.22        0.00      0
       995      4.64        312.20       31.22        0.00      0
       996      4.64        312.20       31.22        0.00      0
       997      4.65        312.20       31.22        0.00      0
       998      4.65        312.20       31.22        0.00      0
       999      4.66        312.20       31.22        0.00      0
      1000      4.66        312.20       31.22        0.00      0
      1001      4.66        312.20       31.22        0.00      0
      1002      4.67        312.20       31.22        0.00      0
      1003      4.67        312.20       31.22        0.00      0
      1004      4.68        312.20       31.22        0.00      0
      1005      4.68        312.20       31.22        0.00      0
      1006      4.69        312.20       31.22        0.00      0
      1007      4.69        312.20       31.22        0.00      0
      1008      4.70        312.20       31.22        0.00      0
      1009      4.70        312.20       31.22        0.00      0
      1010      4.71        312.20       31.22        0.00      0
      1011      4.71        312.20       31.22        0.00      0
      1012      4.71        312.20       31.22        0.00      0
      1013      4.72        312.20       31.22        0.00      0
      1014      4.72        312.20       31.22        0.00      0
      1015      4.73        312.20       31.22        0.00      0
      1016      4.73        312.20       31.22        0.00      0
      1017      4.74        312.20       31.22        0.00      0
      1018      4.74        312.20       31.22        0.00      0
      1019      4.75        312.20       31.22        0.00      0
      1020      4.75        312.20       31.22        0.00      0
      1021      4.75        312.20       31.22        0.00      0
      1022      4.76        312.20       31.22        0.00      0
      1023      4.76        312.20       31.22        0.00      0
      1024      4.77        312.20       31.22        0.00      0
      1025      4.77        312.20       31.22        0.00      0
      1026      4.78        312.20       31.22        0.00      0
      1027      4.78        312.20       31.22        0.00      0
      1028      4.79        312.20       31.22        0.00      0
      1029      4.79        312.20       31.22        0.00      0
      1030      4.79        312.20       31.22        0.00      0
      1031      4.80        312.20       31.22        0.00      0
      1032      4.80        312.20       31.22        0.00      0
      1033      4.80        312.20       31.22        0.00      0
      1034      4.81        312.20       31.22        0.00      0
      1035      4.81        312.20       31.22        0.00      0
      1036      4.81        312.20       31.22        0.00      0
      1037      4.82        312.20       31.22        0.00      0
      1038      4.82        312.20       31.22        0.00      0
      1039      4.83        312.20       31.22        0.00      0
      1040      4.83        312.20       31.22        0.00      0
      1041      4.84        312.20       31.22        0.00      0
      1042      4.84        312.20       31.22        0.00      0
      1043      4.85        312.20       31.22        0.00      0
      1044      4.85        312.20       31.22        0.00      0
      1045      4.85        312.20       31.22        0.00      0
      1046      4.86        312.20       31.22        0.00      0
      1047      4.86        312.20       31.22        0.00      0
      1048      4.87        312.20       31.22        0.00      0
      1049      4.87        312.20       31.22        0.00      0
      1050      4.88        312.20       31.22        0.00      0
      1051      4.88        312.20       31.22        0.00      0
      1052      4.89        312.20       31.22        0.00      0
      1053      4.89        312.20       31.22        0.00      0
      1054      4.90        312.20       31.22        0.00      0
      1055      4.90        312.20       31.22        0.00      0
      1056      4.91        312.20       31.22        0.00      0
      1057      4.91        312.20       31.22        0.00      0
      1058      4.91        312.20       31.22        0.00      0
      1059      4.92        312.20       31.22        0.00      0
      1060      4.92        312.20       31.22        0.00      0
      1061      4.92        312.20       31.22        0.00      0
      1062      4.93        312.20       31.22        0.00      0
      1063      4.93        312.20       31.22        0.00      0
      1064      4.94        312.20       31.22        0.00      0
      1065      4.94        312.20       31.22        0.00      0
      1066      4.95        312.20       31.22        0.00      0
      1067      4.95        312.20       31.22        0.00      0
      1068      4.95        312.20       31.22        0.00      0
      1069      4.96        312.20       31.22        0.00      0
      1070      4.96        312.20       31.22        0.00      0
      1071      4.96        312.20       31.22        0.00      0
      1072      4.97        312.20       31.22        0.00      0
      1073      4.97        312.20       31.22        0.00      0
      1074      4.97        312.20       31.22        0.00      0
      1075      4.98        312.20       31.22        0.00      0
      1076      4.98        312.20       31.22        0.00      0
      1077      4.99        312.20       31.22        0.00      0
      1078      4.99        312.20       31.22        0.00      0
      1079      4.99        312.20       31.22        0.00      0
      1080      5.00        312.20       31.22        0.00      0
      1081      5.00        312.20       31.22        0.00      0
  ------------------------------------------------------------
