========================================================================
  ConstructiveHeuristic — unknown
========================================================================
  alpha=0.4  time_limit=60s  seed=None  min_sep=10.0
  weights: makespan=0.1  delay=1.0  movements=10

  Instance: 10 aircraft  5 positions  3 blocking arcs
  Blocking arcs: P3→P4  P3→P5  P4→P5

────────────────────────────────────────────────────────────────────────
  Best construction detail  (iter 39  obj=24.0280)
────────────────────────────────────────────────────────────────────────
Blocking arcs: P3→P4  P3→P5  P4→P5

Aircraft initial ranking (target_finish ASC, total_duration ASC):
  Rank   ID       earliest     target    duration
  ----------------------------------------------
  [ 0]  R8          13.02      21.99        7.74
  [ 1]  R10         18.84      29.89        9.26
  [ 2]  R3           0.00      35.63       16.05
  [ 3]  R1           0.00      51.06       21.52
  [ 4]  R2           0.00      53.35       25.44
  [ 5]  R4           5.62      55.07       20.17
  [ 6]  R5           6.51      60.01       20.40
  [ 7]  R6           8.77      62.89       20.80
  [ 8]  R7          12.91      63.99       21.55
  [ 9]  R9          13.44      70.59       27.15

========================================================================
  STEP 1/10
========================================================================

  Pair evaluation  (50 pairs):
    Rank   ID      Pos     t_start   t_finish    delay      gap   blocking      score    weight     P(%)   cum(%)
    ---------------------------------------------------------------------------------------------------------
    [ 0]  R3      P1         0.00      16.05     0.00     0.00       none       1.60    1.0000   40.00%   40.00%
    [ 1]  R3      P2         0.00      16.05     0.00     0.00       none       1.60    0.6000   24.00%   64.00%
    [ 2]  R3      P3         0.00      16.05     0.00     0.00       none       1.60    0.3600   14.40%   78.40%
    [ 3]  R3      P4         0.00      16.05     0.00     0.00       none       1.60    0.2160    8.64%   87.04%
    [ 4]  R3      P5         0.00      16.05     0.00     0.00       none       1.60    0.1296    5.18%   92.22%
    [ 5]  R8      P1        13.02      20.76     0.00     0.00       none       2.08    0.0778    3.11%   95.33%
    [ 6]  R8      P2        13.02      20.76     0.00     0.00       none       2.08    0.0467    1.87%   97.20%
    [ 7]  R8      P3        13.02      20.76     0.00     0.00       none       2.08    0.0280    1.12%   98.32%
    [ 8]  R8      P4        13.02      20.76     0.00     0.00       none       2.08    0.0168    0.67%   98.99%
    [ 9]  R8      P5        13.02      20.76     0.00     0.00       none       2.08    0.0101    0.40%   99.40%
    [10]  R1      P1         0.00      21.52     0.00     0.00       none       2.15    0.0060    0.24%   99.64%
    [11]  R1      P2         0.00      21.52     0.00     0.00       none       2.15    0.0036    0.15%   99.78%
    [12]  R1      P3         0.00      21.52     0.00     0.00       none       2.15    0.0022    0.09%   99.87%
    [13]  R1      P4         0.00      21.52     0.00     0.00       none       2.15    0.0013    0.05%   99.92%
    [14]  R1      P5         0.00      21.52     0.00     0.00       none       2.15    0.0008    0.03%   99.95%
    [15]  R2      P1         0.00      25.44     0.00     0.00       none       2.54    0.0005    0.02%   99.97%
    [16]  R2      P2         0.00      25.44     0.00     0.00       none       2.54    0.0003    0.01%   99.98%
    [17]  R2      P3         0.00      25.44     0.00     0.00       none       2.54    0.0002    0.01%   99.99%
    [18]  R2      P4         0.00      25.44     0.00     0.00       none       2.54    0.0001    0.00%   99.99%
    [19]  R2      P5         0.00      25.44     0.00     0.00       none       2.54    0.0001    0.00%  100.00%
    [20]  R4      P1         5.62      25.79     0.00     0.00       none       2.58    0.0000    0.00%  100.00%
    [21]  R4      P2         5.62      25.79     0.00     0.00       none       2.58    0.0000    0.00%  100.00%
    [22]  R4      P3         5.62      25.79     0.00     0.00       none       2.58    0.0000    0.00%  100.00%
    [23]  R4      P4         5.62      25.79     0.00     0.00       none       2.58    0.0000    0.00%  100.00%
    [24]  R4      P5         5.62      25.79     0.00     0.00       none       2.58    0.0000    0.00%  100.00%
    [25]  R5      P1         6.51      26.91     0.00     0.00       none       2.69    0.0000    0.00%  100.00%
    [26]  R5      P2         6.51      26.91     0.00     0.00       none       2.69    0.0000    0.00%  100.00%
    [27]  R5      P3         6.51      26.91     0.00     0.00       none       2.69    0.0000    0.00%  100.00%
    [28]  R5      P4         6.51      26.91     0.00     0.00       none       2.69    0.0000    0.00%  100.00%
    [29]  R5      P5         6.51      26.91     0.00     0.00       none       2.69    0.0000    0.00%  100.00%
    [30]  R10     P1        18.84      28.10     0.00     0.00       none       2.81    0.0000    0.00%  100.00%
    [31]  R10     P2        18.84      28.10     0.00     0.00       none       2.81    0.0000    0.00%  100.00%
    [32]  R10     P3        18.84      28.10     0.00     0.00       none       2.81    0.0000    0.00%  100.00%
    [33]  R10     P4        18.84      28.10     0.00     0.00       none       2.81    0.0000    0.00%  100.00%
    [34]  R10     P5        18.84      28.10     0.00     0.00       none       2.81    0.0000    0.00%  100.00%
    [35]  R6      P1         8.77      29.57     0.00     0.00       none       2.96    0.0000    0.00%  100.00%
    [36]  R6      P2         8.77      29.57     0.00     0.00       none       2.96    0.0000    0.00%  100.00%
    [37]  R6      P3         8.77      29.57     0.00     0.00       none       2.96    0.0000    0.00%  100.00%
    [38]  R6      P4         8.77      29.57     0.00     0.00       none       2.96    0.0000    0.00%  100.00%
    [39]  R6      P5         8.77      29.57     0.00     0.00       none       2.96    0.0000    0.00%  100.00%
    [40]  R7      P1        12.91      34.46     0.00     0.00       none       3.45    0.0000    0.00%  100.00%
    [41]  R7      P2        12.91      34.46     0.00     0.00       none       3.45    0.0000    0.00%  100.00%
    [42]  R7      P3        12.91      34.46     0.00     0.00       none       3.45    0.0000    0.00%  100.00%
    [43]  R7      P4        12.91      34.46     0.00     0.00       none       3.45    0.0000    0.00%  100.00%
    [44]  R7      P5        12.91      34.46     0.00     0.00       none       3.45    0.0000    0.00%  100.00%
    [45]  R9      P1        13.44      40.59     0.00     0.00       none       4.06    0.0000    0.00%  100.00%
    [46]  R9      P2        13.44      40.59     0.00     0.00       none       4.06    0.0000    0.00%  100.00%
    [47]  R9      P3        13.44      40.59     0.00     0.00       none       4.06    0.0000    0.00%  100.00%
    [48]  R9      P4        13.44      40.59     0.00     0.00       none       4.06    0.0000    0.00%  100.00%
    [49]  R9      P5        13.44      40.59     0.00     0.00       none       4.06    0.0000    0.00%  100.00%
    draw=1.2647  →  (R3, P2) (rank 1) selected

  Assignment: R3 → P2  [0.00 → 16.05]  delay=0.00
    J3-1       [0.00 → 8.95]
    J3-2       [8.95 → 16.05]

  Assigned so far:
    ID      Pos       start    finish    delay
    ----------------------------------------
    R3      P2         0.00     16.05     0.00

========================================================================
  STEP 2/10
========================================================================

  Pair evaluation  (45 pairs):
    Rank   ID      Pos     t_start   t_finish    delay      gap   blocking      score    weight     P(%)   cum(%)
    ---------------------------------------------------------------------------------------------------------
    [ 0]  R8      P1        13.02      20.76     0.00     0.00       none       2.08    1.0000   40.00%   40.00%
    [ 1]  R8      P3        13.02      20.76     0.00     0.00       none       2.08    0.6000   24.00%   64.00%
    [ 2]  R8      P4        13.02      20.76     0.00     0.00       none       2.08    0.3600   14.40%   78.40%
    [ 3]  R8      P5        13.02      20.76     0.00     0.00       none       2.08    0.2160    8.64%   87.04%
    [ 4]  R1      P1         0.00      21.52     0.00     0.00       none       2.15    0.1296    5.18%   92.22%
    [ 5]  R1      P3         0.00      21.52     0.00     0.00       none       2.15    0.0778    3.11%   95.33%
    [ 6]  R1      P4         0.00      21.52     0.00     0.00       none       2.15    0.0467    1.87%   97.20%
    [ 7]  R1      P5         0.00      21.52     0.00     0.00       none       2.15    0.0280    1.12%   98.32%
    [ 8]  R2      P1         0.00      25.44     0.00     0.00       none       2.54    0.0168    0.67%   98.99%
    [ 9]  R2      P3         0.00      25.44     0.00     0.00       none       2.54    0.0101    0.40%   99.40%
    [10]  R2      P4         0.00      25.44     0.00     0.00       none       2.54    0.0060    0.24%   99.64%
    [11]  R2      P5         0.00      25.44     0.00     0.00       none       2.54    0.0036    0.15%   99.78%
    [12]  R4      P1         5.62      25.79     0.00     0.00       none       2.58    0.0022    0.09%   99.87%
    [13]  R4      P3         5.62      25.79     0.00     0.00       none       2.58    0.0013    0.05%   99.92%
    [14]  R4      P4         5.62      25.79     0.00     0.00       none       2.58    0.0008    0.03%   99.95%
    [15]  R4      P5         5.62      25.79     0.00     0.00       none       2.58    0.0005    0.02%   99.97%
    [16]  R5      P1         6.51      26.91     0.00     0.00       none       2.69    0.0003    0.01%   99.98%
    [17]  R5      P3         6.51      26.91     0.00     0.00       none       2.69    0.0002    0.01%   99.99%
    [18]  R5      P4         6.51      26.91     0.00     0.00       none       2.69    0.0001    0.00%   99.99%
    [19]  R5      P5         6.51      26.91     0.00     0.00       none       2.69    0.0001    0.00%  100.00%
    [20]  R10     P1        18.84      28.10     0.00     0.00       none       2.81    0.0000    0.00%  100.00%
    [21]  R10     P3        18.84      28.10     0.00     0.00       none       2.81    0.0000    0.00%  100.00%
    [22]  R10     P4        18.84      28.10     0.00     0.00       none       2.81    0.0000    0.00%  100.00%
    [23]  R10     P5        18.84      28.10     0.00     0.00       none       2.81    0.0000    0.00%  100.00%
    [24]  R6      P1         8.77      29.57     0.00     0.00       none       2.96    0.0000    0.00%  100.00%
    [25]  R6      P3         8.77      29.57     0.00     0.00       none       2.96    0.0000    0.00%  100.00%
    [26]  R6      P4         8.77      29.57     0.00     0.00       none       2.96    0.0000    0.00%  100.00%
    [27]  R6      P5         8.77      29.57     0.00     0.00       none       2.96    0.0000    0.00%  100.00%
    [28]  R7      P1        12.91      34.46     0.00     0.00       none       3.45    0.0000    0.00%  100.00%
    [29]  R7      P3        12.91      34.46     0.00     0.00       none       3.45    0.0000    0.00%  100.00%
    [30]  R7      P4        12.91      34.46     0.00     0.00       none       3.45    0.0000    0.00%  100.00%
    [31]  R7      P5        12.91      34.46     0.00     0.00       none       3.45    0.0000    0.00%  100.00%
    [32]  R9      P1        13.44      40.59     0.00     0.00       none       4.06    0.0000    0.00%  100.00%
    [33]  R9      P3        13.44      40.59     0.00     0.00       none       4.06    0.0000    0.00%  100.00%
    [34]  R9      P4        13.44      40.59     0.00     0.00       none       4.06    0.0000    0.00%  100.00%
    [35]  R9      P5        13.44      40.59     0.00     0.00       none       4.06    0.0000    0.00%  100.00%
    [36]  R4      P2        26.05      46.22     0.00    10.00       none       5.62    0.0000    0.00%  100.00%
    [37]  R5      P2        26.05      46.45     0.00    10.00       none       5.64    0.0000    0.00%  100.00%
    [38]  R6      P2        26.05      46.85     0.00    10.00       none       5.68    0.0000    0.00%  100.00%
    [39]  R1      P2        26.05      47.57     0.00    10.00       none       5.76    0.0000    0.00%  100.00%
    [40]  R7      P2        26.05      47.60     0.00    10.00       none       5.76    0.0000    0.00%  100.00%
    [41]  R2      P2        26.05      51.49     0.00    10.00       none       6.15    0.0000    0.00%  100.00%
    [42]  R9      P2        26.05      53.20     0.00    10.00       none       6.32    0.0000    0.00%  100.00%
    [43]  R10     P2        26.05      35.31     5.42    10.00       none       9.96    0.0000    0.00%  100.00%
    [44]  R8      P2        26.05      33.79    11.80    10.00       none      16.17    0.0000    0.00%  100.00%
    draw=2.3889  →  (R1, P4) (rank 6) selected

  Assignment: R1 → P4  [0.00 → 21.52]  delay=0.00
    J1-1       [0.00 → 6.55]
    J1-2       [6.55 → 12.99]
    J1-3       [12.99 → 21.52]

  Assigned so far:
    ID      Pos       start    finish    delay
    ----------------------------------------
    R3      P2         0.00     16.05     0.00
    R1      P4         0.00     21.52     0.00

========================================================================
  STEP 3/10
========================================================================

  Pair evaluation  (40 pairs):
    Rank   ID      Pos     t_start   t_finish    delay      gap   blocking      score    weight     P(%)   cum(%)
    ---------------------------------------------------------------------------------------------------------
    [ 0]  R8      P1        13.02      20.76     0.00     0.00       none       2.08    1.0000   40.00%   40.00%
    [ 1]  R8      P3        13.02      20.76     0.00     0.00       none       2.08    0.6000   24.00%   64.00%
    [ 2]  R2      P1         0.00      25.44     0.00     0.00       none       2.54    0.3600   14.40%   78.40%
    [ 3]  R2      P5         0.00      25.44     0.00     0.00       none       2.54    0.2160    8.64%   87.04%
    [ 4]  R4      P1         5.62      25.79     0.00     0.00       none       2.58    0.1296    5.18%   92.22%
    [ 5]  R5      P1         6.51      26.91     0.00     0.00       none       2.69    0.0778    3.11%   95.33%
    [ 6]  R10     P1        18.84      28.10     0.00     0.00       none       2.81    0.0467    1.87%   97.20%
    [ 7]  R6      P1         8.77      29.57     0.00     0.00       none       2.96    0.0280    1.12%   98.32%
    [ 8]  R7      P1        12.91      34.46     0.00     0.00       none       3.45    0.0168    0.67%   98.99%
    [ 9]  R10     P3        21.52      30.78     0.89     0.00       none       3.97    0.0101    0.40%   99.40%
    [10]  R10     P5        21.52      30.78     0.89     0.00       none       3.97    0.0060    0.24%   99.64%
    [11]  R9      P1        13.44      40.59     0.00     0.00       none       4.06    0.0036    0.15%   99.78%
    [12]  R4      P3        21.52      41.69     0.00     0.00       none       4.17    0.0022    0.09%   99.87%
    [13]  R4      P5        21.52      41.69     0.00     0.00       none       4.17    0.0013    0.05%   99.92%
    [14]  R5      P3        21.52      41.92     0.00     0.00       none       4.19    0.0008    0.03%   99.95%
    [15]  R5      P5        21.52      41.92     0.00     0.00       none       4.19    0.0005    0.02%   99.97%
    [16]  R6      P3        21.52      42.32     0.00     0.00       none       4.23    0.0003    0.01%   99.98%
    [17]  R6      P5        21.52      42.32     0.00     0.00       none       4.23    0.0002    0.01%   99.99%
    [18]  R7      P3        21.52      43.07     0.00     0.00       none       4.31    0.0001    0.00%   99.99%
    [19]  R7      P5        21.52      43.07     0.00     0.00       none       4.31    0.0001    0.00%  100.00%
    [20]  R2      P3        21.52      46.96     0.00     0.00       none       4.70    0.0000    0.00%  100.00%
    [21]  R9      P3        21.52      48.67     0.00     0.00       none       4.87    0.0000    0.00%  100.00%
    [22]  R9      P5        21.52      48.67     0.00     0.00       none       4.87    0.0000    0.00%  100.00%
    [23]  R4      P2        26.05      46.22     0.00    10.00       none       5.62    0.0000    0.00%  100.00%
    [24]  R5      P2        26.05      46.45     0.00    10.00       none       5.64    0.0000    0.00%  100.00%
    [25]  R6      P2        26.05      46.85     0.00    10.00       none       5.68    0.0000    0.00%  100.00%
    [26]  R7      P2        26.05      47.60     0.00    10.00       none       5.76    0.0000    0.00%  100.00%
    [27]  R2      P2        26.05      51.49     0.00    10.00       none       6.15    0.0000    0.00%  100.00%
    [28]  R4      P4        31.52      51.69     0.00    10.00       none       6.17    0.0000    0.00%  100.00%
    [29]  R5      P4        31.52      51.92     0.00    10.00       none       6.19    0.0000    0.00%  100.00%
    [30]  R6      P4        31.52      52.32     0.00    10.00       none       6.23    0.0000    0.00%  100.00%
    [31]  R7      P4        31.52      53.07     0.00    10.00       none       6.31    0.0000    0.00%  100.00%
    [32]  R9      P2        26.05      53.20     0.00    10.00       none       6.32    0.0000    0.00%  100.00%
    [33]  R9      P4        31.52      58.67     0.00    10.00       none       6.87    0.0000    0.00%  100.00%
    [34]  R10     P2        26.05      35.31     5.42    10.00       none       9.96    0.0000    0.00%  100.00%
    [35]  R8      P5        21.52      29.26     7.27     0.00       none      10.19    0.0000    0.00%  100.00%
    [36]  R2      P4        31.52      56.96     3.61    10.00       none      10.30    0.0000    0.00%  100.00%
    [37]  R10     P4        31.52      40.78    10.89    10.00       none      15.97    0.0000    0.00%  100.00%
    [38]  R8      P2        26.05      33.79    11.80    10.00       none      16.17    0.0000    0.00%  100.00%
    [39]  R8      P4        31.52      39.26    17.27    10.00       none      22.19    0.0000    0.00%  100.00%
    draw=0.5559  →  (R8, P1) (rank 0) selected

  Assignment: R8 → P1  [13.02 → 20.76]  delay=0.00
    J8-1       [13.02 → 20.75]

  Assigned so far:
    ID      Pos       start    finish    delay
    ----------------------------------------
    R3      P2         0.00     16.05     0.00
    R1      P4         0.00     21.52     0.00
    R8      P1        13.02     20.75     0.00

========================================================================
  STEP 4/10
========================================================================

  Pair evaluation  (35 pairs):
    Rank   ID      Pos     t_start   t_finish    delay      gap   blocking      score    weight     P(%)   cum(%)
    ---------------------------------------------------------------------------------------------------------
    [ 0]  R2      P5         0.00      25.44     0.00     0.00       none       2.54    1.0000   40.00%   40.00%
    [ 1]  R10     P3        21.52      30.78     0.89     0.00       none       3.97    0.6000   24.00%   64.00%
    [ 2]  R10     P5        21.52      30.78     0.89     0.00       none       3.97    0.3600   14.40%   78.40%
    [ 3]  R4      P3        21.52      41.69     0.00     0.00       none       4.17    0.2160    8.64%   87.04%
    [ 4]  R4      P5        21.52      41.69     0.00     0.00       none       4.17    0.1296    5.18%   92.22%
    [ 5]  R5      P3        21.52      41.92     0.00     0.00       none       4.19    0.0778    3.11%   95.33%
    [ 6]  R5      P5        21.52      41.92     0.00     0.00       none       4.19    0.0467    1.87%   97.20%
    [ 7]  R6      P3        21.52      42.32     0.00     0.00       none       4.23    0.0280    1.12%   98.32%
    [ 8]  R6      P5        21.52      42.32     0.00     0.00       none       4.23    0.0168    0.67%   98.99%
    [ 9]  R7      P3        21.52      43.07     0.00     0.00       none       4.31    0.0101    0.40%   99.40%
    [10]  R7      P5        21.52      43.07     0.00     0.00       none       4.31    0.0060    0.24%   99.64%
    [11]  R2      P3        21.52      46.96     0.00     0.00       none       4.70    0.0036    0.15%   99.78%
    [12]  R9      P3        21.52      48.67     0.00     0.00       none       4.87    0.0022    0.09%   99.87%
    [13]  R9      P5        21.52      48.67     0.00     0.00       none       4.87    0.0013    0.05%   99.92%
    [14]  R4      P2        26.05      46.22     0.00    10.00       none       5.62    0.0008    0.03%   99.95%
    [15]  R5      P2        26.05      46.45     0.00    10.00       none       5.64    0.0005    0.02%   99.97%
    [16]  R6      P2        26.05      46.85     0.00    10.00       none       5.68    0.0003    0.01%   99.98%
    [17]  R7      P2        26.05      47.60     0.00    10.00       none       5.76    0.0002    0.01%   99.99%
    [18]  R4      P1        30.76      50.93     0.00    10.00       none       6.09    0.0001    0.00%   99.99%
    [19]  R5      P1        30.76      51.16     0.00    10.00       none       6.12    0.0001    0.00%  100.00%
    [20]  R2      P2        26.05      51.49     0.00    10.00       none       6.15    0.0000    0.00%  100.00%
    [21]  R6      P1        30.76      51.56     0.00    10.00       none       6.16    0.0000    0.00%  100.00%
    [22]  R4      P4        31.52      51.69     0.00    10.00       none       6.17    0.0000    0.00%  100.00%
    [23]  R5      P4        31.52      51.92     0.00    10.00       none       6.19    0.0000    0.00%  100.00%
    [24]  R7      P1        30.76      52.31     0.00    10.00       none       6.23    0.0000    0.00%  100.00%
    [25]  R6      P4        31.52      52.32     0.00    10.00       none       6.23    0.0000    0.00%  100.00%
    [26]  R7      P4        31.52      53.07     0.00    10.00       none       6.31    0.0000    0.00%  100.00%
    [27]  R9      P2        26.05      53.20     0.00    10.00       none       6.32    0.0000    0.00%  100.00%
    [28]  R9      P1        30.76      57.91     0.00    10.00       none       6.79    0.0000    0.00%  100.00%
    [29]  R9      P4        31.52      58.67     0.00    10.00       none       6.87    0.0000    0.00%  100.00%
    [30]  R2      P1        30.76      56.20     2.84    10.00       none       9.46    0.0000    0.00%  100.00%
    [31]  R10     P2        26.05      35.31     5.42    10.00       none       9.96    0.0000    0.00%  100.00%
    [32]  R2      P4        31.52      56.96     3.61    10.00       none      10.30    0.0000    0.00%  100.00%
    [33]  R10     P1        30.76      40.02    10.13    10.00       none      15.13    0.0000    0.00%  100.00%
    [34]  R10     P4        31.52      40.78    10.89    10.00       none      15.97    0.0000    0.00%  100.00%
    draw=0.9975  →  (R2, P5) (rank 0) selected

  Assignment: R2 → P5  [0.00 → 25.44]  delay=0.00
    J2-1       [0.00 → 7.50]
    J2-2       [7.50 → 15.75]
    J2-3       [15.75 → 25.44]

  Assigned so far:
    ID      Pos       start    finish    delay
    ----------------------------------------
    R3      P2         0.00     16.05     0.00
    R1      P4         0.00     21.52     0.00
    R8      P1        13.02     20.75     0.00
    R2      P5         0.00     25.44     0.00

========================================================================
  STEP 5/10
========================================================================

  Pair evaluation  (30 pairs):
    Rank   ID      Pos     t_start   t_finish    delay      gap   blocking      score    weight     P(%)   cum(%)
    ---------------------------------------------------------------------------------------------------------
    [ 0]  R4      P3        25.44      45.61     0.00     0.00       none       4.56    1.0000   40.00%   40.00%
    [ 1]  R5      P3        25.44      45.84     0.00     0.00       none       4.58    0.6000   24.00%   64.00%
    [ 2]  R6      P3        25.44      46.24     0.00     0.00       none       4.62    0.3600   14.40%   78.40%
    [ 3]  R7      P3        25.44      46.99     0.00     0.00       none       4.70    0.2160    8.64%   87.04%
    [ 4]  R9      P3        25.44      52.59     0.00     0.00       none       5.26    0.1296    5.18%   92.22%
    [ 5]  R4      P2        26.05      46.22     0.00    10.00       none       5.62    0.0778    3.11%   95.33%
    [ 6]  R5      P2        26.05      46.45     0.00    10.00       none       5.64    0.0467    1.87%   97.20%
    [ 7]  R6      P2        26.05      46.85     0.00    10.00       none       5.68    0.0280    1.12%   98.32%
    [ 8]  R7      P2        26.05      47.60     0.00    10.00       none       5.76    0.0168    0.67%   98.99%
    [ 9]  R4      P1        30.76      50.93     0.00    10.00       none       6.09    0.0101    0.40%   99.40%
    [10]  R5      P1        30.76      51.16     0.00    10.00       none       6.12    0.0060    0.24%   99.64%
    [11]  R6      P1        30.76      51.56     0.00    10.00       none       6.16    0.0036    0.15%   99.78%
    [12]  R4      P4        31.52      51.69     0.00    10.00       none       6.17    0.0022    0.09%   99.87%
    [13]  R5      P4        31.52      51.92     0.00    10.00       none       6.19    0.0013    0.05%   99.92%
    [14]  R7      P1        30.76      52.31     0.00    10.00       none       6.23    0.0008    0.03%   99.95%
    [15]  R6      P4        31.52      52.32     0.00    10.00       none       6.23    0.0005    0.02%   99.97%
    [16]  R7      P4        31.52      53.07     0.00    10.00       none       6.31    0.0003    0.01%   99.98%
    [17]  R9      P2        26.05      53.20     0.00    10.00       none       6.32    0.0002    0.01%   99.99%
    [18]  R5      P5        35.44      55.84     0.00    10.00       none       6.58    0.0001    0.00%   99.99%
    [19]  R6      P5        35.44      56.24     0.00    10.00       none       6.62    0.0001    0.00%  100.00%
    [20]  R7      P5        35.44      56.99     0.00    10.00       none       6.70    0.0000    0.00%  100.00%
    [21]  R9      P1        30.76      57.91     0.00    10.00       none       6.79    0.0000    0.00%  100.00%
    [22]  R9      P4        31.52      58.67     0.00    10.00       none       6.87    0.0000    0.00%  100.00%
    [23]  R4      P5        35.44      55.61     0.54    10.00       none       7.10    0.0000    0.00%  100.00%
    [24]  R9      P5        35.44      62.59     0.00    10.00       none       7.26    0.0000    0.00%  100.00%
    [25]  R10     P3        25.44      34.70     4.81     0.00       none       8.28    0.0000    0.00%  100.00%
    [26]  R10     P2        26.05      35.31     5.42    10.00       none       9.96    0.0000    0.00%  100.00%
    [27]  R10     P1        30.76      40.02    10.13    10.00       none      15.13    0.0000    0.00%  100.00%
    [28]  R10     P4        31.52      40.78    10.89    10.00       none      15.97    0.0000    0.00%  100.00%
    [29]  R10     P5        35.44      44.70    14.81    10.00       none      20.28    0.0000    0.00%  100.00%
    draw=0.9630  →  (R4, P3) (rank 0) selected
  start-time compare  R4 → P3:  t_imm=5.62 cost=82.58 (4 new movs)  vs  t_nob=25.44 cost=4.56

  Assignment: R4 → P3  [25.44 → 45.61]  delay=0.00
    J4-1       [25.44 → 31.93]
    J4-2       [31.93 → 38.30]
    J4-3       [38.30 → 45.61]

  Assigned so far:
    ID      Pos       start    finish    delay
    ----------------------------------------
    R3      P2         0.00     16.05     0.00
    R1      P4         0.00     21.52     0.00
    R8      P1        13.02     20.75     0.00
    R2      P5         0.00     25.44     0.00
    R4      P3        25.44     45.61     0.00

========================================================================
  STEP 6/10
========================================================================

  Pair evaluation  (25 pairs):
    Rank   ID      Pos     t_start   t_finish    delay      gap   blocking      score    weight     P(%)   cum(%)
    ---------------------------------------------------------------------------------------------------------
    [ 0]  R5      P2        26.05      46.45     0.00    10.00       none       5.64    1.0000   40.00%   40.00%
    [ 1]  R6      P2        26.05      46.85     0.00    10.00       none       5.68    0.6000   24.00%   64.00%
    [ 2]  R7      P2        26.05      47.60     0.00    10.00       none       5.76    0.3600   14.40%   78.40%
    [ 3]  R5      P1        30.76      51.16     0.00    10.00       none       6.12    0.2160    8.64%   87.04%
    [ 4]  R6      P1        30.76      51.56     0.00    10.00       none       6.16    0.1296    5.18%   92.22%
    [ 5]  R7      P1        30.76      52.31     0.00    10.00       none       6.23    0.0778    3.11%   95.33%
    [ 6]  R9      P2        26.05      53.20     0.00    10.00       none       6.32    0.0467    1.87%   97.20%
    [ 7]  R9      P1        30.76      57.91     0.00    10.00       none       6.79    0.0280    1.12%   98.32%
    [ 8]  R10     P2        26.05      35.31     5.42    10.00       none       9.96    0.0168    0.67%   98.99%
    [ 9]  R9      P5        45.61      72.76     2.17    20.17       none      11.47    0.0101    0.40%   99.40%
    [10]  R9      P4        45.61      72.76     2.17    24.09       none      11.86    0.0060    0.24%   99.64%
    [11]  R7      P5        45.61      67.16     3.17    20.17       none      11.90    0.0036    0.15%   99.78%
    [12]  R6      P5        45.61      66.41     3.52    20.17       none      12.18    0.0022    0.09%   99.87%
    [13]  R7      P4        45.61      67.16     3.17    24.09       none      12.29    0.0013    0.05%   99.92%
    [14]  R6      P4        45.61      66.41     3.52    24.09       none      12.57    0.0008    0.03%   99.95%
    [15]  R5      P5        45.61      66.01     6.00    20.17       none      14.62    0.0005    0.02%   99.97%
    [16]  R5      P4        45.61      66.01     6.00    24.09       none      15.01    0.0003    0.01%   99.98%
    [17]  R10     P1        30.76      40.02    10.13    10.00       none      15.13    0.0002    0.01%   99.99%
    [18]  R9      P3        55.61      82.76    12.17    10.00       none      21.45    0.0001    0.00%   99.99%
    [19]  R7      P3        55.61      77.16    13.17    10.00       none      21.88    0.0001    0.00%  100.00%
    [20]  R6      P3        55.61      76.41    13.52    10.00       none      22.16    0.0000    0.00%  100.00%
    [21]  R5      P3        55.61      76.01    16.00    10.00       none      24.60    0.0000    0.00%  100.00%
    [22]  R10     P5        45.61      54.87    24.98    20.17       none      32.49    0.0000    0.00%  100.00%
    [23]  R10     P4        45.61      54.87    24.98    24.09       none      32.88    0.0000    0.00%  100.00%
    [24]  R10     P3        55.61      64.87    34.98    10.00       none      42.47    0.0000    0.00%  100.00%
    draw=2.0882  →  (R5, P1) (rank 3) selected

  Assignment: R5 → P1  [30.76 → 51.16]  delay=0.00
    J5-1       [30.75 → 36.81]
    J5-2       [36.81 → 42.55]
    J5-3       [42.55 → 51.16]

  Assigned so far:
    ID      Pos       start    finish    delay
    ----------------------------------------
    R3      P2         0.00     16.05     0.00
    R1      P4         0.00     21.52     0.00
    R8      P1        13.02     20.75     0.00
    R2      P5         0.00     25.44     0.00
    R4      P3        25.44     45.61     0.00
    R5      P1        30.75     51.16     0.00

========================================================================
  STEP 7/10
========================================================================

  Pair evaluation  (20 pairs):
    Rank   ID      Pos     t_start   t_finish    delay      gap   blocking      score    weight     P(%)   cum(%)
    ---------------------------------------------------------------------------------------------------------
    [ 0]  R6      P2        26.05      46.85     0.00    10.00       none       5.68    1.0000   40.00%   40.00%
    [ 1]  R7      P2        26.05      47.60     0.00    10.00       none       5.76    0.6000   24.00%   64.00%
    [ 2]  R9      P2        26.05      53.20     0.00    10.00       none       6.32    0.3600   14.40%   78.40%
    [ 3]  R10     P2        26.05      35.31     5.42    10.00       none       9.96    0.2160    8.64%   87.04%
    [ 4]  R9      P5        45.61      72.76     2.17    20.17       none      11.47    0.1296    5.18%   92.23%
    [ 5]  R9      P4        45.61      72.76     2.17    24.09       none      11.86    0.0778    3.11%   95.34%
    [ 6]  R7      P5        45.61      67.16     3.17    20.17       none      11.90    0.0467    1.87%   97.20%
    [ 7]  R6      P5        45.61      66.41     3.52    20.17       none      12.18    0.0280    1.12%   98.32%
    [ 8]  R7      P4        45.61      67.16     3.17    24.09       none      12.29    0.0168    0.67%   99.00%
    [ 9]  R6      P4        45.61      66.41     3.52    24.09       none      12.57    0.0101    0.40%   99.40%
    [10]  R9      P3        55.61      82.76    12.17    10.00       none      21.45    0.0060    0.24%   99.64%
    [11]  R7      P3        55.61      77.16    13.17    10.00       none      21.88    0.0036    0.15%   99.79%
    [12]  R6      P3        55.61      76.41    13.52    10.00       none      22.16    0.0022    0.09%   99.87%
    [13]  R9      P1        61.16      88.31    17.72    10.00       none      27.55    0.0013    0.05%   99.93%
    [14]  R7      P1        61.16      82.70    18.71    10.00       none      27.98    0.0008    0.03%   99.96%
    [15]  R6      P1        61.16      81.95    19.06    10.00       none      28.26    0.0005    0.02%   99.98%
    [16]  R10     P5        45.61      54.87    24.98    20.17       none      32.49    0.0003    0.01%   99.99%
    [17]  R10     P4        45.61      54.87    24.98    24.09       none      32.88    0.0002    0.01%   99.99%
    [18]  R10     P3        55.61      64.87    34.98    10.00       none      42.47    0.0001    0.00%  100.00%
    [19]  R10     P1        61.16      70.42    40.53    10.00       none      48.57    0.0001    0.00%  100.00%
    draw=1.2669  →  (R7, P2) (rank 1) selected

  Assignment: R7 → P2  [26.05 → 47.60]  delay=0.00
    J7-1       [26.05 → 31.82]
    J7-2       [31.82 → 38.30]
    J7-3       [38.30 → 47.60]

  Assigned so far:
    ID      Pos       start    finish    delay
    ----------------------------------------
    R3      P2         0.00     16.05     0.00
    R1      P4         0.00     21.52     0.00
    R8      P1        13.02     20.75     0.00
    R2      P5         0.00     25.44     0.00
    R4      P3        25.44     45.61     0.00
    R5      P1        30.75     51.16     0.00
    R7      P2        26.05     47.60     0.00

========================================================================
  STEP 8/10
========================================================================

  Pair evaluation  (15 pairs):
    Rank   ID      Pos     t_start   t_finish    delay      gap   blocking      score    weight     P(%)   cum(%)
    ---------------------------------------------------------------------------------------------------------
    [ 0]  R9      P5        45.61      72.76     2.17    20.17       none      11.47    1.0000   40.02%   40.02%
    [ 1]  R9      P4        45.61      72.76     2.17    24.09       none      11.86    0.6000   24.01%   64.03%
    [ 2]  R6      P5        45.61      66.41     3.52    20.17       none      12.18    0.3600   14.41%   78.44%
    [ 3]  R6      P4        45.61      66.41     3.52    24.09       none      12.57    0.2160    8.64%   87.08%
    [ 4]  R9      P3        55.61      82.76    12.17    10.00       none      21.45    0.1296    5.19%   92.27%
    [ 5]  R6      P3        55.61      76.41    13.52    10.00       none      22.16    0.0778    3.11%   95.38%
    [ 6]  R9      P2        57.60      84.75    14.16    10.00       none      23.64    0.0467    1.87%   97.25%
    [ 7]  R6      P2        57.60      78.40    15.51    10.00       none      24.35    0.0280    1.12%   98.37%
    [ 8]  R9      P1        61.16      88.31    17.72    10.00       none      27.55    0.0168    0.67%   99.04%
    [ 9]  R6      P1        61.16      81.95    19.06    10.00       none      28.26    0.0101    0.40%   99.44%
    [10]  R10     P5        45.61      54.87    24.98    20.17       none      32.49    0.0060    0.24%   99.68%
    [11]  R10     P4        45.61      54.87    24.98    24.09       none      32.88    0.0036    0.15%   99.83%
    [12]  R10     P3        55.61      64.87    34.98    10.00       none      42.47    0.0022    0.09%   99.92%
    [13]  R10     P2        57.60      66.86    36.97    10.00       none      44.66    0.0013    0.05%   99.97%
    [14]  R10     P1        61.16      70.42    40.53    10.00       none      48.57    0.0008    0.03%  100.00%
    draw=0.7201  →  (R9, P5) (rank 0) selected
  start-time compare  R9 → P5:  t_imm=35.44 cost=46.26 (2 new movs)  vs  t_nob=45.61 cost=9.45

  Assignment: R9 → P5  [45.61 → 72.76]  delay=2.17
    J9-1       [45.61 → 52.76]
    J9-2       [52.76 → 62.79]
    J9-3       [62.79 → 72.76]

  Assigned so far:
    ID      Pos       start    finish    delay
    ----------------------------------------
    R3      P2         0.00     16.05     0.00
    R1      P4         0.00     21.52     0.00
    R8      P1        13.02     20.75     0.00
    R2      P5         0.00     25.44     0.00
    R4      P3        25.44     45.61     0.00
    R5      P1        30.75     51.16     0.00
    R7      P2        26.05     47.60     0.00
    R9      P5        45.61     72.76     2.17

========================================================================
  STEP 9/10
========================================================================

  Pair evaluation  (10 pairs):
    Rank   ID      Pos     t_start   t_finish    delay      gap   blocking      score    weight     P(%)   cum(%)
    ---------------------------------------------------------------------------------------------------------
    [ 0]  R6      P4        45.61      66.41     3.52    24.09       none      12.57    1.0000   40.24%   40.24%
    [ 1]  R6      P2        57.60      78.40    15.51    10.00       none      24.35    0.6000   24.15%   64.39%
    [ 2]  R6      P1        61.16      81.95    19.06    10.00       none      28.26    0.3600   14.49%   78.88%
    [ 3]  R10     P4        45.61      54.87    24.98    24.09       none      32.88    0.2160    8.69%   87.57%
    [ 4]  R10     P3        55.61      64.87    34.98    10.00       none      42.47    0.1296    5.22%   92.79%
    [ 5]  R6      P3        72.76      93.56    30.67    27.15       none      42.74    0.0778    3.13%   95.91%
    [ 6]  R10     P2        57.60      66.86    36.97    10.00       none      44.66    0.0467    1.88%   97.79%
    [ 7]  R10     P1        61.16      70.42    40.53    10.00       none      48.57    0.0280    1.13%   98.92%
    [ 8]  R6      P5        82.76     103.56    40.67    10.00       none      52.03    0.0168    0.68%   99.59%
    [ 9]  R10     P5        82.76      92.02    62.14    10.00       none      72.34    0.0101    0.41%  100.00%
    draw=2.4270  →  (R10, P2) (rank 6) selected

  Assignment: R10 → P2  [57.60 → 66.86]  delay=36.97
    J10-1      [57.60 → 66.86]

  Assigned so far:
    ID      Pos       start    finish    delay
    ----------------------------------------
    R3      P2         0.00     16.05     0.00
    R1      P4         0.00     21.52     0.00
    R8      P1        13.02     20.75     0.00
    R2      P5         0.00     25.44     0.00
    R4      P3        25.44     45.61     0.00
    R5      P1        30.75     51.16     0.00
    R7      P2        26.05     47.60     0.00
    R9      P5        45.61     72.76     2.17
    R10     P2        57.60     66.86    36.98

========================================================================
  STEP 10/10
========================================================================

  Pair evaluation  (5 pairs):
    Rank   ID      Pos     t_start   t_finish    delay      gap   blocking      score    weight     P(%)   cum(%)
    ---------------------------------------------------------------------------------------------------------
    [ 0]  R6      P4        45.61      66.41     3.52    24.09       none      12.57    1.0000   43.37%   43.37%
    [ 1]  R6      P1        61.16      81.95    19.06    10.00       none      28.26    0.6000   26.02%   69.40%
    [ 2]  R6      P3        72.76      93.56    30.67    27.15       none      42.74    0.3600   15.61%   85.01%
    [ 3]  R6      P2        76.86      97.66    34.77    10.00       none      45.53    0.2160    9.37%   94.38%
    [ 4]  R6      P5        82.76     103.56    40.67    10.00       none      52.03    0.1296    5.62%  100.00%
    draw=0.5410  →  (R6, P4) (rank 0) selected
  start-time compare  R6 → P4:  t_imm=31.52 cost=85.23 (4 new movs)  vs  t_nob=45.61 cost=10.16

  Assignment: R6 → P4  [45.61 → 66.41]  delay=3.52
    J6-1       [45.61 → 49.91]
    J6-2       [49.91 → 57.56]
    J6-3       [57.56 → 66.41]

  Assigned so far:
    ID      Pos       start    finish    delay
    ----------------------------------------
    R3      P2         0.00     16.05     0.00
    R1      P4         0.00     21.52     0.00
    R8      P1        13.02     20.75     0.00
    R2      P5         0.00     25.44     0.00
    R4      P3        25.44     45.61     0.00
    R5      P1        30.75     51.16     0.00
    R7      P2        26.05     47.60     0.00
    R9      P5        45.61     72.76     2.17
    R10     P2        57.60     66.86    36.98
    R6      P4        45.61     66.41     3.52

========================================================================
  Iteration result:  makespan=72.76  movements=0  delay=42.67
========================================================================

========================================================================
  Local search start  obj=49.94
========================================================================
  LS 2-opt swap: R8 P1<->P2 R7  obj 49.94 -> 47.93
  LS move: R3  P2 → P1  obj 47.93 → 37.63
  LS move: R3  P1 → P3  obj 37.63 → 24.38
  LS 2-opt swap: R7 P1<->P4 R6  obj 24.38 -> 24.03
  Local search end    obj=24.03

────────────────────────────────────────────────────────────────────────
  Iteration history
────────────────────────────────────────────────────────────────────────
      Iter   Time(s)           Obj    Makespan       Delay    Mov
  ------------------------------------------------------------
         1      0.10         31.25       83.37       22.91      0  *
         2      3.97         25.08       73.37       17.74      0  *
         3     11.32         56.60       88.08       47.79      0
         4     11.82         31.25       83.37       22.91      0
         5     15.74         31.04       78.84       23.16      0
         6     18.20         31.25       83.37       22.91      0
         7     19.33         25.08       73.37       17.74      0
         8     20.83         25.08       73.37       17.74      0
         9     21.79         59.44       88.51       50.59      0
        10     22.33         27.92       82.99       19.62      0
        11     23.57         38.39       77.02       30.69      0
        12     24.33         24.73       78.10       16.92      0  *
        13     24.60         32.41       70.94       25.31      0
        14     24.74         27.92       82.99       19.62      0
        15     25.15         31.04       78.84       23.16      0
        16     25.46         56.91       82.29       48.69      0
        17     25.55         32.73       78.70       24.86      0
        18     25.92         31.04       78.84       23.16      0
        19     27.00         25.08       73.37       17.74      0
        20     29.02         37.51       73.37       30.17      0
        21     29.50         84.94      104.28       74.52      0
        22     29.58         56.71       86.36       48.08      0
        23     29.66         26.56       77.39       18.82      0
        24     31.81         38.12       83.04       29.82      0
        25     31.88         38.39       77.02       30.69      0
        26     32.24         31.51       72.76       24.24      0
        27     32.52         25.08       73.37       17.74      0
        28     33.87         27.80       70.94       20.71      0
        29     34.21         56.93       83.87       48.55      0
        30     34.31         28.88       72.49       21.63      0
        31     34.70         36.06       72.76       28.78      0
        32     35.20         48.08       82.70       39.80      0
        33     35.27         31.25       83.37       22.91      0
        34     35.61         54.42       86.64       45.76      0
        35     35.97         25.08       73.37       17.74      0
        36     36.27         31.04       78.84       23.16      0
        37     36.53         32.41       70.94       25.31      0
        38     36.82         37.38       72.49       30.13      0
        39     36.98         24.03       73.37       16.69      0  *
        40     37.17         25.08       73.37       17.74      0
        41     37.57         24.03       73.37       16.69      0
        42     50.07         38.31       78.84       30.42      0
        43     54.62         25.08       73.37       17.74      0
  ------------------------------------------------------------
