========================================================================
  Topology-Aware Heuristic — run summary
========================================================================
  Instance aircraft : 30
  Positions         : ['P1', 'P2', 'P3', 'P4', 'P5']
  Blocking load     : P1=0  P2=0  P3=2  P4=1  P5=0

  Parameters:
    time_limit_s: 60
    min_separation: 10.0
    weight_makespan: 0.1
    weight_delay: 1.0
    weight_movements: 10
    weight_topology: 1.0
    alpha: 0.3
    seed: None
    log_enabled: True
    MIPGap: 0.0
    NoRelHeurTime: 0

========================================================================
  Iterations: 14
  Best objective: 247.6130
  Makespan: 262.8900   Delay: 221.3240   Movements: 0
========================================================================

  Improvement log:
  iter=1  t=0.00s  obj=247.61  makespan=262.89  delay=221.32  mov=0  *

========================================================================
  Best solution — aircraft assignments:
  ID      Pos    load   duration     start    finish    delay
  --------------------------------------------------------
  R3      P1        0      19.65      0.00     19.65     0.00
  R1      P4        1      26.62      0.00     26.62     0.00
  R2      P2        0      29.04      0.00     29.04     0.00
  R4      P3        2      26.60      0.00     26.60     0.00
  R16     P5        0      36.10     27.91     64.01     0.00
  R6      P1        0      32.70     29.65     62.35     0.00
  R5      P4        1      27.39     36.62     64.01     0.00
  R7      P3        2      23.76     36.62     60.38     0.00
  R8      P2        0       6.50     39.04     45.54     0.00
  R20     P2        0      21.70     55.54     77.24     0.00
  R11     P1        0      35.39     72.35    107.74     0.00
  R9      P4        1      17.47     74.01     91.48     4.28
  R15     P3        2      16.75     74.01     90.76     0.00
  R24     P5        0      22.14     74.01     96.15     0.00
  R23     P2        0      20.42     87.24    107.66     0.00
  R10     P4        1      30.05    101.48    131.53     0.00
  R19     P3        2      25.37    101.48    126.85     0.00
  R27     P2        0      21.10    117.66    138.76     0.00
  R13     P1        0      31.50    117.74    149.24     0.00
  R26     P5        0      37.94    134.87    172.81     0.00
  R12     P4        1      31.28    141.53    172.81     0.00
  R21     P3        2      27.48    141.53    169.01     8.52
  R28     P2        0      22.64    148.76    171.40     1.78
  R17     P1        0      32.19    159.24    191.43     3.71
  R30     P2        0      34.12    181.40    215.52    15.77
  R14     P4        1      36.54    182.81    219.35    31.46
  R22     P3        2      33.40    182.81    216.21    24.28
  R29     P5        0      41.37    182.81    224.18    22.70
  R18     P1        0      31.95    201.43    233.38    42.05
  R25     P3        2      36.68    226.21    262.89    66.77
========================================================================
