========================================================================
  Topology-Aware Heuristic — run summary
========================================================================
  Instance aircraft : 20
  Positions         : ['P1', 'P2', 'P3', 'P4', 'P5']
  Blocking load     : P1=0  P2=0  P3=2  P4=1  P5=0

  Parameters:
    time_limit_s: 60
    min_separation: 10.0
    weight_makespan: 0.1
    weight_delay: 1.0
    weight_movements: 10
    weight_topology: 1.0
    alpha: 0.3
    seed: None
    log_enabled: True
    MIPGap: 0.0
    NoRelHeurTime: 0

========================================================================
  Iterations: 126
  Best objective: 242.6510
  Makespan: 112.1900   Delay: 231.4320   Movements: 0
========================================================================

  Improvement log:
  iter=1  t=0.00s  obj=253.58  makespan=101.26  delay=243.46  mov=0  *
  iter=33  t=17.62s  obj=242.65  makespan=112.19  delay=231.43  mov=0  *

========================================================================
  Best solution — aircraft assignments:
  ID      Pos    load   duration     start    finish    delay
  --------------------------------------------------------
  R1      P2        0      18.30      0.00     18.30     0.00
  R2      P5        0      15.20      0.00     15.20     0.00
  R3      P1        0      24.82      0.00     24.82     0.00
  R7      P4        1      13.93      1.21     15.14     0.00
  R12     P3        2       5.78      8.13     13.91     0.00
  R4      P5        0      16.65     25.20     41.85     0.00
  R8      P4        1      15.47     25.20     40.67     0.00
  R16     P3        2       6.63     25.20     31.83     0.00
  R6      P2        0      17.28     28.30     45.58     0.00
  R9      P1        0      12.59     34.82     47.41     0.00
  R18     P3        2       8.07     41.85     49.92    13.25
  R5      P5        0      21.24     51.85     73.09     6.16
  R14     P4        1      21.00     51.85     72.85     7.57
  R10     P2        0      11.87     55.58     67.45     6.86
  R15     P1        0      13.77     57.41     71.18    10.58
  R19     P3        2       9.19     59.92     69.11    28.50
  R17     P2        0      22.10     77.45     99.55    23.83
  R20     P1        0       9.78     81.18     90.96    49.93
  R11     P5        0      29.10     83.09    112.19    39.20
  R13     P4        1      21.38     83.09    104.47    45.54
========================================================================
