========================================================================
  Topology-Aware Heuristic — run summary
========================================================================
  Instance aircraft : 30
  Positions         : ['P1', 'P2', 'P3', 'P4', 'P5']
  Blocking load     : P1=0  P2=0  P3=2  P4=1  P5=0

  Parameters:
    time_limit_s: 60
    min_separation: 10.0
    weight_makespan: 0.1
    weight_delay: 1.0
    weight_movements: 10
    weight_topology: 1.0
    alpha: 0.3
    seed: None
    log_enabled: True
    MIPGap: 0.0
    NoRelHeurTime: 0

========================================================================
  Iterations: 28
  Best objective: 235.1080
  Makespan: 242.0800   Delay: 210.9000   Movements: 0
========================================================================

  Improvement log:
  iter=1  t=0.00s  obj=397.08  makespan=247.62  delay=272.32  mov=10  *
  iter=2  t=4.14s  obj=283.06  makespan=257.43  delay=217.31  mov=4  *
  iter=18  t=35.54s  obj=235.11  makespan=242.08  delay=210.90  mov=0  *

========================================================================
  Best solution — aircraft assignments:
  ID      Pos    load   duration     start    finish    delay
  --------------------------------------------------------
  R3      P3        2      19.65      0.00     19.65     0.00
  R1      P2        0      26.62      0.00     26.62     0.00
  R2      P5        0      29.04      0.00     29.04     0.00
  R4      P4        1      26.60      0.00     26.60     0.00
  R7      P1        0      23.76      9.38     33.14     0.00
  R8      P3        2       6.50     29.65     36.15     0.00
  R5      P4        1      27.39     36.60     63.99     0.00
  R15     P2        0      16.75     36.62     53.37     0.00
  R13     P1        0      31.50     43.14     74.64     0.00
  R9      P3        2      17.47     46.15     63.62     0.00
  R20     P2        0      21.70     63.37     85.07     0.00
  R11     P5        0      35.39     71.30    106.69     0.00
  R6      P4        1      32.70     73.99    106.69     0.00
  R17     P3        2      32.19     73.99    106.18     0.00
  R19     P1        0      25.37     84.64    110.01     0.00
  R23     P2        0      20.42     95.07    115.49     0.00
  R10     P4        1      30.05    116.69    146.74     9.00
  R12     P5        0      31.28    116.69    147.97     0.00
  R21     P3        2      27.48    116.69    144.17     0.00
  R24     P1        0      22.14    120.01    142.15     0.00
  R27     P2        0      21.10    125.49    146.59     0.00
  R25     P1        0      36.68    152.15    188.83     0.00
  R30     P2        0      34.12    156.59    190.71     0.00
  R14     P5        0      36.54    157.97    194.51     6.62
  R18     P4        1      31.95    157.97    189.92     0.00
  R28     P3        2      22.64    157.97    180.61    10.99
  R26     P1        0      37.94    198.83    236.77    41.26
  R29     P2        0      41.37    200.71    242.08    40.60
  R16     P5        0      36.10    204.51    240.61    56.45
  R22     P4        1      33.40    204.51    237.91    45.98
========================================================================
