========================================================================
  ConstructiveHeuristic — unknown
========================================================================
  alpha=0.7  time_limit=60s  seed=None  min_sep=10.0
  weights: makespan=10.0  delay=100.0  movements=1.0

  Instance: 20 aircraft  5 positions  3 blocking arcs
  Blocking arcs: P3→P4  P3→P5  P4→P5

────────────────────────────────────────────────────────────────────────
  Best construction detail  (iter 33  obj=18680.8000)
────────────────────────────────────────────────────────────────────────
Blocking arcs: P3→P4  P3→P5  P4→P5
Warm assignments: 17 fixed, 3 to insert

Aircraft initial ranking (target_finish ASC, total_duration ASC):
  Rank   ID       earliest     target    duration
  ----------------------------------------------
  [ 0]  R1           0.00      44.30       18.30
  [ 1]  R4           0.00      50.96       16.65
  [ 2]  R3           0.00      69.01       24.82

========================================================================
  STEP 1/3
========================================================================

  Pair evaluation  (15 pairs):
    Rank   ID      Pos     t_start   t_finish    delay      gap   blocking      score    weight     P(%)   cum(%)
    ---------------------------------------------------------------------------------------------------------
    [ 0]  R4      P2        31.24      47.89     0.00    10.00     22 mov     622.90    1.0000   70.00%   70.00%
    [ 1]  R3      P2        31.24      56.06     0.00    10.00     22 mov     704.60    0.3000   21.00%   91.00%
    [ 2]  R1      P2        31.24      49.54     5.25    10.00     22 mov    1163.90    0.0900    6.30%   97.30%
    [ 3]  R3      P1        82.24     107.06    38.05    10.00     22 mov    5019.40    0.0270    1.89%   99.19%
    [ 4]  R4      P1        82.24      98.89    47.93    10.00     22 mov    5926.20    0.0081    0.57%   99.76%
    [ 5]  R1      P1        82.24     100.54    56.24    10.00     22 mov    6773.90    0.0024    0.17%   99.93%
    [ 6]  R3      P3       101.69     126.51    57.50    10.00     24 mov    7162.79    0.0007    0.05%   99.98%
    [ 7]  R3      P5       103.30     128.12    59.11    10.00     22 mov    7335.89    0.0002    0.02%   99.99%
    [ 8]  R4      P3       101.69     118.34    67.38    10.00     24 mov    8069.59    0.0001    0.00%  100.00%
    [ 9]  R4      P5       103.30     119.95    68.99    10.00     22 mov    8242.69    0.0000    0.00%  100.00%
    [10]  R3      P4       112.17     136.99    67.97    10.00     22 mov    8311.26    0.0000    0.00%  100.00%
    [11]  R1      P3       101.69     119.99    75.69    10.00     24 mov    8917.29    0.0000    0.00%  100.00%
    [12]  R1      P5       103.30     121.60    77.30    10.00     22 mov    9090.39    0.0000    0.00%  100.00%
    [13]  R4      P4       112.17     128.82    77.86    10.00     22 mov    9218.06    0.0000    0.00%  100.00%
    [14]  R1      P4       112.17     130.47    86.17    10.00     22 mov   10065.76    0.0000    0.00%  100.00%
    draw=1.0684  →  (R3, P2) (rank 1) selected

  Assignment: R3 → P2  [31.24 → 56.06]  delay=0.00
    J3-1       [31.24 → 38.17]
    J3-2       [38.17 → 47.33]
    J3-3       [47.33 → 56.06]

  Assigned so far:
    ID      Pos       start    finish    delay
    ----------------------------------------
    R2      P1         0.00     15.20     0.00
    R5      P2         0.00     21.24     0.00
    R7      P5         1.21     15.14     0.00
    R6      P4         1.33     18.61     0.00
    R8      P3         3.72     19.19     0.00
    R9      P4        28.61     41.20     0.00
    R10     P4        51.20     63.07     2.48
    R12     P5        25.14     30.92     4.24
    R11     P4        73.07    102.17    29.18
    R14     P5        40.92     61.92     0.00
    R13     P5        71.92     93.30    34.37
    R16     P3        29.19     35.82     2.23
    R15     P3        45.82     59.59     0.00
    R17     P3        69.59     91.69    15.97
    R18     P1        25.20     33.27     0.00
    R20     P1        43.27     53.05    12.02
    R19     P1        63.05     72.24    31.63
    R3      P2        31.24     56.06     0.00

========================================================================
  STEP 2/3
========================================================================

  Pair evaluation  (10 pairs):
    Rank   ID      Pos     t_start   t_finish    delay      gap   blocking      score    weight     P(%)   cum(%)
    ---------------------------------------------------------------------------------------------------------
    [ 0]  R4      P2        66.06      82.71    31.75    10.00     22 mov    4146.40    1.0000   70.00%   70.00%
    [ 1]  R1      P2        66.06      84.36    40.06    10.00     22 mov    4994.10    0.3000   21.00%   91.00%
    [ 2]  R4      P1        82.24      98.89    47.93    10.00     22 mov    5926.20    0.0900    6.30%   97.30%
    [ 3]  R1      P1        82.24     100.54    56.24    10.00     22 mov    6773.90    0.0270    1.89%   99.19%
    [ 4]  R4      P3       101.69     118.34    67.38    10.00     24 mov    8069.59    0.0081    0.57%   99.76%
    [ 5]  R4      P5       103.30     119.95    68.99    10.00     22 mov    8242.69    0.0024    0.17%   99.93%
    [ 6]  R1      P3       101.69     119.99    75.69    10.00     24 mov    8917.29    0.0007    0.05%   99.98%
    [ 7]  R1      P5       103.30     121.60    77.30    10.00     22 mov    9090.39    0.0002    0.02%   99.99%
    [ 8]  R4      P4       112.17     128.82    77.86    10.00     22 mov    9218.06    0.0001    0.00%  100.00%
    [ 9]  R1      P4       112.17     130.47    86.17    10.00     22 mov   10065.76    0.0000    0.00%  100.00%
    draw=0.3520  →  (R4, P2) (rank 0) selected

  Assignment: R4 → P2  [66.06 → 82.71]  delay=31.75
    J4-1       [66.06 → 74.65]
    J4-2       [74.65 → 82.71]

  Assigned so far:
    ID      Pos       start    finish    delay
    ----------------------------------------
    R2      P1         0.00     15.20     0.00
    R5      P2         0.00     21.24     0.00
    R7      P5         1.21     15.14     0.00
    R6      P4         1.33     18.61     0.00
    R8      P3         3.72     19.19     0.00
    R9      P4        28.61     41.20     0.00
    R10     P4        51.20     63.07     2.48
    R12     P5        25.14     30.92     4.24
    R11     P4        73.07    102.17    29.18
    R14     P5        40.92     61.92     0.00
    R13     P5        71.92     93.30    34.37
    R16     P3        29.19     35.82     2.23
    R15     P3        45.82     59.59     0.00
    R17     P3        69.59     91.69    15.97
    R18     P1        25.20     33.27     0.00
    R20     P1        43.27     53.05    12.02
    R19     P1        63.05     72.24    31.63
    R3      P2        31.24     56.06     0.00
    R4      P2        66.06     82.71    31.75

========================================================================
  STEP 3/3
========================================================================

  Pair evaluation  (5 pairs):
    Rank   ID      Pos     t_start   t_finish    delay      gap   blocking      score    weight     P(%)   cum(%)
    ---------------------------------------------------------------------------------------------------------
    [ 0]  R1      P1        82.24     100.54    56.24    10.00     22 mov    6773.90    1.0000   70.17%   70.17%
    [ 1]  R1      P2        92.71     111.01    66.72    10.00     22 mov    7925.60    0.3000   21.05%   91.22%
    [ 2]  R1      P3       101.69     119.99    75.69    10.00     24 mov    8917.29    0.0900    6.32%   97.54%
    [ 3]  R1      P5       103.30     121.60    77.30    10.00     22 mov    9090.39    0.0270    1.89%   99.43%
    [ 4]  R1      P4       112.17     130.47    86.17    10.00     22 mov   10065.76    0.0081    0.57%  100.00%
    draw=0.1328  →  (R1, P1) (rank 0) selected

  Assignment: R1 → P1  [82.24 → 100.54]  delay=56.24
    J1-1       [82.24 → 91.88]
    J1-2       [91.88 → 100.54]

  Assigned so far:
    ID      Pos       start    finish    delay
    ----------------------------------------
    R2      P1         0.00     15.20     0.00
    R5      P2         0.00     21.24     0.00
    R7      P5         1.21     15.14     0.00
    R6      P4         1.33     18.61     0.00
    R8      P3         3.72     19.19     0.00
    R9      P4        28.61     41.20     0.00
    R10     P4        51.20     63.07     2.48
    R12     P5        25.14     30.92     4.24
    R11     P4        73.07    102.17    29.18
    R14     P5        40.92     61.92     0.00
    R13     P5        71.92     93.30    34.37
    R16     P3        29.19     35.82     2.23
    R15     P3        45.82     59.59     0.00
    R17     P3        69.59     91.69    15.97
    R18     P1        25.20     33.27     0.00
    R20     P1        43.27     53.05    12.02
    R19     P1        63.05     72.24    31.63
    R3      P2        31.24     56.06     0.00
    R4      P2        66.06     82.71    31.75
    R1      P1        82.24    100.54    56.24

========================================================================
  Iteration result:  makespan=102.17  movements=22  delay=220.12
========================================================================

========================================================================
  Local search start  obj=23055.46
========================================================================
  LS move: R2  P1 → P2  obj 23055.46 → 21853.20
  LS 2-opt swap: R7 P5<->P2 R4  obj 21853.20 -> 21795.10
  LS 2-opt swap: R7 P2<->P3 R8  obj 21795.10 -> 20991.90
  LS 2-opt swap: R7 P3<->P4 R6  obj 20991.90 -> 20906.80
  LS 2-opt swap: R7 P4<->P5 R4  obj 20906.80 -> 20809.80
  LS 2-opt swap: R7 P5<->P1 R1  obj 20809.80 -> 20807.80
  LS perm P1: ['R7', 'R18', 'R20', 'R19'] -> ['R7', 'R18', 'R19', 'R20']  obj 20807.80 -> 20748.80
  LS perm P2: ['R2', 'R5', 'R3', 'R8'] -> ['R2', 'R5', 'R8', 'R3']  obj 20748.80 -> 19872.80
  LS perm P2: ['R2', 'R5', 'R3', 'R8'] -> ['R2', 'R8', 'R5', 'R3']  obj 19872.80 -> 18680.80
  Local search end    obj=18680.80

────────────────────────────────────────────────────────────────────────
  Iteration history
────────────────────────────────────────────────────────────────────────
      Iter   Time(s)           Obj    Makespan       Delay    Mov
  ------------------------------------------------------------
         1      0.00      21401.05      100.89      203.70     22  *
         2      0.13      19377.40      107.91      182.78     20  *
         3      1.56      19171.70      111.01      180.40     22  *
         4      2.10      19306.30      109.56      181.91     20
         5      2.42      20515.90      103.62      194.54     26
         6      2.57      19306.30      109.56      181.91     20
         7      3.07      19377.40      107.91      182.78     20
         8      3.34      19977.20      111.01      188.43     24
         9      3.55      19377.40      107.91      182.78     20
        10      4.12      19377.40      107.91      182.78     20
        11      4.65      19377.40      107.91      182.78     20
        12      5.14      19501.10      107.91      184.02     20
        13      5.88      19377.40      107.91      182.78     20
        14      6.31      19306.30      109.56      181.91     20
        15      6.93      19377.40      107.91      182.78     20
        16      7.35      19171.70      111.01      180.40     22
        17      7.71      19377.40      107.91      182.78     20
        18      8.03      19377.40      107.91      182.78     20
        19      8.34      19501.10      107.91      184.02     20
        20      8.82      20540.90      110.77      194.11     22
        21      9.46      19377.40      107.91      182.78     20
        22     10.00      22450.29      123.07      212.00     20
        23     10.15      19377.40      107.91      182.78     20
        24     10.88      21062.40      100.21      200.34     26
        25     12.19      19382.26      102.17      183.39     22
        26     12.32      19501.10      107.91      184.02     20
        27     13.10      19377.40      107.91      182.78     20
        28     14.04      22347.80      111.34      212.12     22
        29     14.24      19377.40      107.91      182.78     20
        30     14.65      19377.40      107.91      182.78     20
        31     15.39      18975.90      107.06      178.83     22  *
        32     15.65      19171.70      111.01      180.40     22
        33     16.09      18680.80      106.73      175.94     20  *
        34     16.75      20075.69      103.56      190.20     20
        35     16.91      19377.40      107.91      182.78     20
        36     17.72      19171.70      111.01      180.40     22
        37     18.40      19507.10      107.91      184.02     26
        38     19.23      19377.40      107.91      182.78     20
        39     19.68      19855.00      102.91      188.04     22
        40     19.81      21477.56      102.17      204.32     24
        41     20.28      19377.40      107.91      182.78     20
        42     20.67      19377.40      107.91      182.78     20
        43     21.05      19377.40      107.91      182.78     20
        44     21.52      20485.80      101.64      194.47     22
        45     22.81      19377.40      107.91      182.78     20
        46     23.20      19377.40      107.91      182.78     20
        47     24.14      19377.40      107.91      182.78     20
        48     24.67      19377.40      107.91      182.78     20
        49     25.62      23935.20      106.73      228.50     18
        50     25.79      23934.66      109.18      228.29     14
        51     26.05      21776.00      110.71      206.47     22
        52     26.22      20001.60      100.21      189.79     20
        53     26.47      21060.40      100.21      200.34     24
        54     26.97      19377.40      107.91      182.78     20
        55     27.45      19565.80      100.21      185.44     20
        56     27.90      19306.30      109.56      181.91     20
        57     28.62      22225.20      100.21      212.01     22
        58     28.80      19377.40      107.91      182.78     20
        59     29.48      21060.40      100.21      200.34     24
        60     30.55      18680.80      106.73      175.94     20
        61     31.08      19377.40      107.91      182.78     20
        62     31.50      19377.40      107.91      182.78     20
        63     32.44      24940.09      111.78      238.04     18
        64     32.69      18711.80      109.83      175.94     20
        65     33.44      18680.80      106.73      175.94     20
        66     34.00      19377.40      107.91      182.78     20
        67     35.05      20484.50      107.67      193.88     20
        68     35.94      19377.40      107.91      182.78     20
        69     36.65      20484.50      107.67      193.88     20
        70     37.55      20483.80      101.64      194.47     20
        71     38.67      19377.40      107.91      182.78     20
        72     39.10      19306.30      109.56      181.91     20
        73     39.76      19377.40      107.91      182.78     20
        74     40.84      19377.40      107.91      182.78     20
        75     41.52      19145.50      107.91      180.40     26
        76     42.95      19377.40      107.91      182.78     20
        77     43.63      21477.56      102.17      204.32     24
        78     44.12      20536.90      110.77      194.11     18
        79     44.78      19306.30      109.56      181.91     20
        80     45.67      21413.20      100.21      203.91     20
        81     46.16      19377.40      107.91      182.78     20
        82     46.62      19306.30      109.56      181.91     20
        83     47.61      21374.00      106.73      202.87     20
        84     47.75      19501.10      107.91      184.02     20
        85     48.38      19377.40      107.91      182.78     20
        86     48.99      19377.40      107.91      182.78     20
        87     49.58      19377.40      107.91      182.78     20
        88     50.05      22551.59      103.32      214.96     22
        89     50.42      19160.00      109.56      180.40     24
        90     51.91      21373.89      104.28      203.11     20
        91     52.09      21060.40      100.21      200.34     24
        92     53.03      21153.29      109.09      200.42     20
        93     53.20      22768.09      111.52      216.33     20
        94     53.48      24168.80      106.73      230.78     24
        95     53.63      18680.80      106.73      175.94     20
        96     54.30      25382.66      110.30      242.58     22
        97     54.47      19377.40      107.91      182.78     20
        98     54.98      19377.40      107.91      182.78     20
        99     55.47      19377.40      107.91      182.78     20
       100     56.37      19507.10      107.91      184.02     26
       101     57.48      19377.40      107.91      182.78     20
       102     58.14      19377.40      107.91      182.78     20
       103     58.67      19501.10      107.91      184.02     20
       104     59.49      24509.46      113.70      233.47     26
       105     59.71      19171.70      111.01      180.40     22
  ------------------------------------------------------------
