========================================================================
  Topology-Aware Heuristic — run summary
========================================================================
  Instance aircraft : 5
  Positions         : ['P1', 'P2', 'P3', 'P4', 'P5']
  Blocking load     : P1=0  P2=0  P3=2  P4=1  P5=0

  Parameters:
    time_limit_s: 60
    min_separation: 10.0
    weight_makespan: 0.1
    weight_delay: 1.0
    weight_movements: 10
    weight_topology: 1.0
    alpha: 0.3
    seed: None
    log_enabled: True
    MIPGap: 0.0
    NoRelHeurTime: 0

========================================================================
  Iterations: 10126
  Best objective: 6.3880
  Makespan: 63.8800   Delay: 0.0000   Movements: 0
========================================================================

  Improvement log:
  iter=1  t=0.00s  obj=8.54  makespan=85.40  delay=0.00  mov=0  *
  iter=2  t=0.00s  obj=7.43  makespan=74.28  delay=0.00  mov=0  *
  iter=3  t=0.01s  obj=7.20  makespan=72.03  delay=0.00  mov=0  *
  iter=22  t=0.12s  obj=6.39  makespan=63.88  delay=0.00  mov=0  *

========================================================================
  Best solution — aircraft assignments:
  ID      Pos    load   duration     start    finish    delay
  --------------------------------------------------------
  R2      P1        0      38.85      0.00     38.85     0.00
  R3      P2        0      26.31     13.63     39.94     0.00
  R5      P5        0      36.55     27.33     63.88     0.00
  R4      P3        2      35.43     27.33     62.76     0.00
  R1      P4        1      35.48     27.33     62.81     0.00
========================================================================
