========================================================================
  Topology-Aware Heuristic — run summary
========================================================================
  Instance aircraft : 10
  Positions         : ['P1', 'P2', 'P3', 'P4', 'P5']
  Blocking load     : P1=0  P2=0  P3=2  P4=1  P5=0

  Parameters:
    time_limit_s: 60
    min_separation: 10.0
    weight_makespan: 0.1
    weight_delay: 1.0
    weight_movements: 10
    weight_topology: 1.0
    alpha: 0.3
    seed: None
    log_enabled: True
    MIPGap: 0.0
    NoRelHeurTime: 0

========================================================================
  Iterations: 1597
  Best objective: 6.7980
  Makespan: 62.5900   Delay: 0.5390   Movements: 0
========================================================================

  Improvement log:
  iter=1  t=0.00s  obj=38.39  makespan=77.02  delay=30.69  mov=0  *
  iter=4  t=0.15s  obj=36.06  makespan=72.76  delay=28.78  mov=0  *
  iter=7  t=0.31s  obj=24.51  makespan=73.60  delay=17.15  mov=0  *
  iter=22  t=0.92s  obj=24.03  makespan=73.37  delay=16.69  mov=0  *
  iter=910  t=33.36s  obj=16.73  makespan=73.37  delay=9.39  mov=0  *
  iter=1311  t=49.34s  obj=6.80  makespan=62.59  delay=0.54  mov=0  *

========================================================================
  Best solution — aircraft assignments:
  ID      Pos    load   duration     start    finish    delay
  --------------------------------------------------------
  R3      P3        2      16.05      0.00     16.05     0.00
  R2      P5        0      25.44      0.00     25.44     0.00
  R1      P4        1      21.52      0.00     21.52     0.00
  R8      P1        0       7.74     13.02     20.75     0.00
  R10     P2        0       9.26     18.84     28.10     0.00
  R6      P1        0      20.80     30.75     51.55     0.00
  R9      P5        0      27.15     35.44     62.59     0.00
  R4      P3        2      20.17     35.44     55.61     0.54
  R5      P4        1      20.40     35.44     55.84     0.00
  R7      P2        0      21.55     38.10     59.65     0.00
========================================================================
