========================================================================
  Topology-Aware Heuristic — run summary
========================================================================
  Instance aircraft : 20
  Positions         : ['P1', 'P2', 'P3', 'P4', 'P5']
  Blocking load     : P1=0  P2=0  P3=2  P4=1  P5=0

  Parameters:
    time_limit_s: 60
    min_separation: 10.0
    weight_makespan: 0.1
    weight_delay: 1.0
    weight_movements: 10
    weight_topology: 0.0
    alpha: 0.3
    seed: None
    log_enabled: True
    MIPGap: 0.0
    NoRelHeurTime: 0

========================================================================
  Iterations: 156
  Best objective: 245.3010
  Makespan: 98.7800   Delay: 235.4230   Movements: 0
========================================================================

  Improvement log:
  iter=1  t=0.00s  obj=282.42  makespan=107.40  delay=271.68  mov=0  *
  iter=11  t=3.51s  obj=258.17  makespan=115.47  delay=246.62  mov=0  *
  iter=14  t=3.95s  obj=257.98  makespan=101.98  delay=247.78  mov=0  *
  iter=25  t=7.04s  obj=245.97  makespan=111.01  delay=234.87  mov=0  *
  iter=26  t=7.68s  obj=245.30  makespan=98.78  delay=235.42  mov=0  *

========================================================================
  Best solution — aircraft assignments:
  ID      Pos    load   duration     start    finish    delay
  --------------------------------------------------------
  R1      P1        0      18.30      0.00     18.30     0.00
  R2      P4        1      15.20      0.00     15.20     0.00
  R3      P5        0      24.82      0.00     24.82     0.00
  R7      P3        2      13.93      1.21     15.14     0.00
  R6      P2        0      17.28      1.33     18.61     0.00
  R8      P4        1      15.47     25.20     40.67     0.00
  R16     P3        2       6.63     25.20     31.83     0.00
  R4      P1        0      16.65     28.30     44.95     0.00
  R12     P2        0       5.78     28.61     34.39     7.71
  R13     P5        0      21.38     41.16     62.54     3.61
  R18     P3        2       8.07     41.83     49.90    13.23
  R15     P2        0      13.77     44.39     58.16     0.00
  R10     P4        1      11.87     50.67     62.54     1.95
  R5      P1        0      21.24     54.95     76.19     9.26
  R20     P3        2       9.78     62.54     72.32    31.29
  R11     P2        0      29.10     68.16     97.26    24.27
  R14     P4        1      21.00     72.54     93.54    28.26
  R17     P5        0      22.10     72.54     94.64    18.92
  R19     P3        2       9.19     82.32     91.51    50.90
  R9      P1        0      12.59     86.19     98.78    46.02
========================================================================
