========================================================================
  ConstructiveHeuristic — unknown
========================================================================
  alpha=0.7  time_limit=60s  seed=None  min_sep=10.0
  weights: makespan=10.0  delay=100.0  movements=1.0

  Instance: 10 aircraft  5 positions  3 blocking arcs
  Blocking arcs: P3→P4  P3→P5  P4→P5

────────────────────────────────────────────────────────────────────────
  Best construction detail  (iter 177  obj=633.9000)
────────────────────────────────────────────────────────────────────────
Blocking arcs: P3→P4  P3→P5  P4→P5

Aircraft initial ranking (target_finish ASC, total_duration ASC):
  Rank   ID       earliest     target    duration
  ----------------------------------------------
  [ 0]  R8          13.02      21.99        7.74
  [ 1]  R10         18.84      29.89        9.26
  [ 2]  R3           0.00      35.63       16.05
  [ 3]  R1           0.00      51.06       21.52
  [ 4]  R2           0.00      53.35       25.44
  [ 5]  R4           5.62      55.07       20.17
  [ 6]  R5           6.51      60.01       20.40
  [ 7]  R6           8.77      62.89       20.80
  [ 8]  R7          12.91      63.99       21.55
  [ 9]  R9          13.44      70.59       27.15

========================================================================
  STEP 1/10
========================================================================

  Pair evaluation  (50 pairs):
    Rank   ID      Pos     t_start   t_finish    delay      gap   blocking      score    weight     P(%)   cum(%)
    ---------------------------------------------------------------------------------------------------------
    [ 0]  R3      P1         0.00      16.05     0.00     0.00       none     160.50    1.0000   70.00%   70.00%
    [ 1]  R3      P2         0.00      16.05     0.00     0.00       none     160.50    0.3000   21.00%   91.00%
    [ 2]  R3      P3         0.00      16.05     0.00     0.00       none     160.50    0.0900    6.30%   97.30%
    [ 3]  R3      P4         0.00      16.05     0.00     0.00       none     160.50    0.0270    1.89%   99.19%
    [ 4]  R3      P5         0.00      16.05     0.00     0.00       none     160.50    0.0081    0.57%   99.76%
    [ 5]  R8      P1        13.02      20.76     0.00     0.00       none     207.55    0.0024    0.17%   99.93%
    [ 6]  R8      P2        13.02      20.76     0.00     0.00       none     207.55    0.0007    0.05%   99.98%
    [ 7]  R8      P3        13.02      20.76     0.00     0.00       none     207.55    0.0002    0.02%   99.99%
    [ 8]  R8      P4        13.02      20.76     0.00     0.00       none     207.55    0.0001    0.00%  100.00%
    [ 9]  R8      P5        13.02      20.76     0.00     0.00       none     207.55    0.0000    0.00%  100.00%
    [10]  R1      P1         0.00      21.52     0.00     0.00       none     215.20    0.0000    0.00%  100.00%
    [11]  R1      P2         0.00      21.52     0.00     0.00       none     215.20    0.0000    0.00%  100.00%
    [12]  R1      P3         0.00      21.52     0.00     0.00       none     215.20    0.0000    0.00%  100.00%
    [13]  R1      P4         0.00      21.52     0.00     0.00       none     215.20    0.0000    0.00%  100.00%
    [14]  R1      P5         0.00      21.52     0.00     0.00       none     215.20    0.0000    0.00%  100.00%
    [15]  R2      P1         0.00      25.44     0.00     0.00       none     254.40    0.0000    0.00%  100.00%
    [16]  R2      P2         0.00      25.44     0.00     0.00       none     254.40    0.0000    0.00%  100.00%
    [17]  R2      P3         0.00      25.44     0.00     0.00       none     254.40    0.0000    0.00%  100.00%
    [18]  R2      P4         0.00      25.44     0.00     0.00       none     254.40    0.0000    0.00%  100.00%
    [19]  R2      P5         0.00      25.44     0.00     0.00       none     254.40    0.0000    0.00%  100.00%
    [20]  R4      P1         5.62      25.79     0.00     0.00       none     257.87    0.0000    0.00%  100.00%
    [21]  R4      P2         5.62      25.79     0.00     0.00       none     257.87    0.0000    0.00%  100.00%
    [22]  R4      P3         5.62      25.79     0.00     0.00       none     257.87    0.0000    0.00%  100.00%
    [23]  R4      P4         5.62      25.79     0.00     0.00       none     257.87    0.0000    0.00%  100.00%
    [24]  R4      P5         5.62      25.79     0.00     0.00       none     257.87    0.0000    0.00%  100.00%
    [25]  R5      P1         6.51      26.91     0.00     0.00       none     269.12    0.0000    0.00%  100.00%
    [26]  R5      P2         6.51      26.91     0.00     0.00       none     269.12    0.0000    0.00%  100.00%
    [27]  R5      P3         6.51      26.91     0.00     0.00       none     269.12    0.0000    0.00%  100.00%
    [28]  R5      P4         6.51      26.91     0.00     0.00       none     269.12    0.0000    0.00%  100.00%
    [29]  R5      P5         6.51      26.91     0.00     0.00       none     269.12    0.0000    0.00%  100.00%
    [30]  R10     P1        18.84      28.10     0.00     0.00       none     281.00    0.0000    0.00%  100.00%
    [31]  R10     P2        18.84      28.10     0.00     0.00       none     281.00    0.0000    0.00%  100.00%
    [32]  R10     P3        18.84      28.10     0.00     0.00       none     281.00    0.0000    0.00%  100.00%
    [33]  R10     P4        18.84      28.10     0.00     0.00       none     281.00    0.0000    0.00%  100.00%
    [34]  R10     P5        18.84      28.10     0.00     0.00       none     281.00    0.0000    0.00%  100.00%
    [35]  R6      P1         8.77      29.57     0.00     0.00       none     295.67    0.0000    0.00%  100.00%
    [36]  R6      P2         8.77      29.57     0.00     0.00       none     295.67    0.0000    0.00%  100.00%
    [37]  R6      P3         8.77      29.57     0.00     0.00       none     295.67    0.0000    0.00%  100.00%
    [38]  R6      P4         8.77      29.57     0.00     0.00       none     295.67    0.0000    0.00%  100.00%
    [39]  R6      P5         8.77      29.57     0.00     0.00       none     295.67    0.0000    0.00%  100.00%
    [40]  R7      P1        12.91      34.46     0.00     0.00       none     344.58    0.0000    0.00%  100.00%
    [41]  R7      P2        12.91      34.46     0.00     0.00       none     344.58    0.0000    0.00%  100.00%
    [42]  R7      P3        12.91      34.46     0.00     0.00       none     344.58    0.0000    0.00%  100.00%
    [43]  R7      P4        12.91      34.46     0.00     0.00       none     344.58    0.0000    0.00%  100.00%
    [44]  R7      P5        12.91      34.46     0.00     0.00       none     344.58    0.0000    0.00%  100.00%
    [45]  R9      P1        13.44      40.59     0.00     0.00       none     405.91    0.0000    0.00%  100.00%
    [46]  R9      P2        13.44      40.59     0.00     0.00       none     405.91    0.0000    0.00%  100.00%
    [47]  R9      P3        13.44      40.59     0.00     0.00       none     405.91    0.0000    0.00%  100.00%
    [48]  R9      P4        13.44      40.59     0.00     0.00       none     405.91    0.0000    0.00%  100.00%
    [49]  R9      P5        13.44      40.59     0.00     0.00       none     405.91    0.0000    0.00%  100.00%
    draw=0.6693  →  (R3, P1) (rank 0) selected

  Assignment: R3 → P1  [0.00 → 16.05]  delay=0.00
    J3-1       [0.00 → 8.95]
    J3-2       [8.95 → 16.05]

  Assigned so far:
    ID      Pos       start    finish    delay
    ----------------------------------------
    R3      P1         0.00     16.05     0.00

========================================================================
  STEP 2/10
========================================================================

  Pair evaluation  (45 pairs):
    Rank   ID      Pos     t_start   t_finish    delay      gap   blocking      score    weight     P(%)   cum(%)
    ---------------------------------------------------------------------------------------------------------
    [ 0]  R8      P2        13.02      20.76     0.00     0.00       none     207.55    1.0000   70.00%   70.00%
    [ 1]  R8      P3        13.02      20.76     0.00     0.00       none     207.55    0.3000   21.00%   91.00%
    [ 2]  R8      P4        13.02      20.76     0.00     0.00       none     207.55    0.0900    6.30%   97.30%
    [ 3]  R8      P5        13.02      20.76     0.00     0.00       none     207.55    0.0270    1.89%   99.19%
    [ 4]  R1      P2         0.00      21.52     0.00     0.00       none     215.20    0.0081    0.57%   99.76%
    [ 5]  R1      P3         0.00      21.52     0.00     0.00       none     215.20    0.0024    0.17%   99.93%
    [ 6]  R1      P4         0.00      21.52     0.00     0.00       none     215.20    0.0007    0.05%   99.98%
    [ 7]  R1      P5         0.00      21.52     0.00     0.00       none     215.20    0.0002    0.02%   99.99%
    [ 8]  R2      P2         0.00      25.44     0.00     0.00       none     254.40    0.0001    0.00%  100.00%
    [ 9]  R2      P3         0.00      25.44     0.00     0.00       none     254.40    0.0000    0.00%  100.00%
    [10]  R2      P4         0.00      25.44     0.00     0.00       none     254.40    0.0000    0.00%  100.00%
    [11]  R2      P5         0.00      25.44     0.00     0.00       none     254.40    0.0000    0.00%  100.00%
    [12]  R4      P2         5.62      25.79     0.00     0.00       none     257.87    0.0000    0.00%  100.00%
    [13]  R4      P3         5.62      25.79     0.00     0.00       none     257.87    0.0000    0.00%  100.00%
    [14]  R4      P4         5.62      25.79     0.00     0.00       none     257.87    0.0000    0.00%  100.00%
    [15]  R4      P5         5.62      25.79     0.00     0.00       none     257.87    0.0000    0.00%  100.00%
    [16]  R5      P2         6.51      26.91     0.00     0.00       none     269.12    0.0000    0.00%  100.00%
    [17]  R5      P3         6.51      26.91     0.00     0.00       none     269.12    0.0000    0.00%  100.00%
    [18]  R5      P4         6.51      26.91     0.00     0.00       none     269.12    0.0000    0.00%  100.00%
    [19]  R5      P5         6.51      26.91     0.00     0.00       none     269.12    0.0000    0.00%  100.00%
    [20]  R10     P2        18.84      28.10     0.00     0.00       none     281.00    0.0000    0.00%  100.00%
    [21]  R10     P3        18.84      28.10     0.00     0.00       none     281.00    0.0000    0.00%  100.00%
    [22]  R10     P4        18.84      28.10     0.00     0.00       none     281.00    0.0000    0.00%  100.00%
    [23]  R10     P5        18.84      28.10     0.00     0.00       none     281.00    0.0000    0.00%  100.00%
    [24]  R6      P2         8.77      29.57     0.00     0.00       none     295.67    0.0000    0.00%  100.00%
    [25]  R6      P3         8.77      29.57     0.00     0.00       none     295.67    0.0000    0.00%  100.00%
    [26]  R6      P4         8.77      29.57     0.00     0.00       none     295.67    0.0000    0.00%  100.00%
    [27]  R6      P5         8.77      29.57     0.00     0.00       none     295.67    0.0000    0.00%  100.00%
    [28]  R7      P2        12.91      34.46     0.00     0.00       none     344.58    0.0000    0.00%  100.00%
    [29]  R7      P3        12.91      34.46     0.00     0.00       none     344.58    0.0000    0.00%  100.00%
    [30]  R7      P4        12.91      34.46     0.00     0.00       none     344.58    0.0000    0.00%  100.00%
    [31]  R7      P5        12.91      34.46     0.00     0.00       none     344.58    0.0000    0.00%  100.00%
    [32]  R9      P2        13.44      40.59     0.00     0.00       none     405.91    0.0000    0.00%  100.00%
    [33]  R9      P3        13.44      40.59     0.00     0.00       none     405.91    0.0000    0.00%  100.00%
    [34]  R9      P4        13.44      40.59     0.00     0.00       none     405.91    0.0000    0.00%  100.00%
    [35]  R9      P5        13.44      40.59     0.00     0.00       none     405.91    0.0000    0.00%  100.00%
    [36]  R4      P1        26.05      46.22     0.00    10.00       none     562.20    0.0000    0.00%  100.00%
    [37]  R5      P1        26.05      46.45     0.00    10.00       none     564.50    0.0000    0.00%  100.00%
    [38]  R6      P1        26.05      46.85     0.00    10.00       none     568.50    0.0000    0.00%  100.00%
    [39]  R1      P1        26.05      47.57     0.00    10.00       none     575.70    0.0000    0.00%  100.00%
    [40]  R7      P1        26.05      47.60     0.00    10.00       none     576.00    0.0000    0.00%  100.00%
    [41]  R2      P1        26.05      51.49     0.00    10.00       none     614.90    0.0000    0.00%  100.00%
    [42]  R9      P1        26.05      53.20     0.00    10.00       none     632.00    0.0000    0.00%  100.00%
    [43]  R10     P1        26.05      35.31     5.42    10.00       none     995.60    0.0000    0.00%  100.00%
    [44]  R8      P1        26.05      33.79    11.80    10.00       none    1617.50    0.0000    0.00%  100.00%
    draw=0.4461  →  (R8, P2) (rank 0) selected

  Assignment: R8 → P2  [13.02 → 20.76]  delay=0.00
    J8-1       [13.02 → 20.75]

  Assigned so far:
    ID      Pos       start    finish    delay
    ----------------------------------------
    R3      P1         0.00     16.05     0.00
    R8      P2        13.02     20.75     0.00

========================================================================
  STEP 3/10
========================================================================

  Pair evaluation  (40 pairs):
    Rank   ID      Pos     t_start   t_finish    delay      gap   blocking      score    weight     P(%)   cum(%)
    ---------------------------------------------------------------------------------------------------------
    [ 0]  R1      P3         0.00      21.52     0.00     0.00       none     215.20    1.0000   70.00%   70.00%
    [ 1]  R1      P4         0.00      21.52     0.00     0.00       none     215.20    0.3000   21.00%   91.00%
    [ 2]  R1      P5         0.00      21.52     0.00     0.00       none     215.20    0.0900    6.30%   97.30%
    [ 3]  R2      P3         0.00      25.44     0.00     0.00       none     254.40    0.0270    1.89%   99.19%
    [ 4]  R2      P4         0.00      25.44     0.00     0.00       none     254.40    0.0081    0.57%   99.76%
    [ 5]  R2      P5         0.00      25.44     0.00     0.00       none     254.40    0.0024    0.17%   99.93%
    [ 6]  R4      P3         5.62      25.79     0.00     0.00       none     257.87    0.0007    0.05%   99.98%
    [ 7]  R4      P4         5.62      25.79     0.00     0.00       none     257.87    0.0002    0.02%   99.99%
    [ 8]  R4      P5         5.62      25.79     0.00     0.00       none     257.87    0.0001    0.00%  100.00%
    [ 9]  R5      P3         6.51      26.91     0.00     0.00       none     269.12    0.0000    0.00%  100.00%
    [10]  R5      P4         6.51      26.91     0.00     0.00       none     269.12    0.0000    0.00%  100.00%
    [11]  R5      P5         6.51      26.91     0.00     0.00       none     269.12    0.0000    0.00%  100.00%
    [12]  R10     P3        18.84      28.10     0.00     0.00       none     281.00    0.0000    0.00%  100.00%
    [13]  R10     P4        18.84      28.10     0.00     0.00       none     281.00    0.0000    0.00%  100.00%
    [14]  R10     P5        18.84      28.10     0.00     0.00       none     281.00    0.0000    0.00%  100.00%
    [15]  R6      P3         8.77      29.57     0.00     0.00       none     295.67    0.0000    0.00%  100.00%
    [16]  R6      P4         8.77      29.57     0.00     0.00       none     295.67    0.0000    0.00%  100.00%
    [17]  R6      P5         8.77      29.57     0.00     0.00       none     295.67    0.0000    0.00%  100.00%
    [18]  R7      P3        12.91      34.46     0.00     0.00       none     344.58    0.0000    0.00%  100.00%
    [19]  R7      P4        12.91      34.46     0.00     0.00       none     344.58    0.0000    0.00%  100.00%
    [20]  R7      P5        12.91      34.46     0.00     0.00       none     344.58    0.0000    0.00%  100.00%
    [21]  R9      P3        13.44      40.59     0.00     0.00       none     405.91    0.0000    0.00%  100.00%
    [22]  R9      P4        13.44      40.59     0.00     0.00       none     405.91    0.0000    0.00%  100.00%
    [23]  R9      P5        13.44      40.59     0.00     0.00       none     405.91    0.0000    0.00%  100.00%
    [24]  R4      P1        26.05      46.22     0.00    10.00       none     562.20    0.0000    0.00%  100.00%
    [25]  R5      P1        26.05      46.45     0.00    10.00       none     564.50    0.0000    0.00%  100.00%
    [26]  R6      P1        26.05      46.85     0.00    10.00       none     568.50    0.0000    0.00%  100.00%
    [27]  R1      P1        26.05      47.57     0.00    10.00       none     575.70    0.0000    0.00%  100.00%
    [28]  R7      P1        26.05      47.60     0.00    10.00       none     576.00    0.0000    0.00%  100.00%
    [29]  R4      P2        30.76      50.93     0.00    10.00       none     609.25    0.0000    0.00%  100.00%
    [30]  R5      P2        30.76      51.16     0.00    10.00       none     611.55    0.0000    0.00%  100.00%
    [31]  R2      P1        26.05      51.49     0.00    10.00       none     614.90    0.0000    0.00%  100.00%
    [32]  R6      P2        30.76      51.56     0.00    10.00       none     615.55    0.0000    0.00%  100.00%
    [33]  R7      P2        30.76      52.31     0.00    10.00       none     623.05    0.0000    0.00%  100.00%
    [34]  R9      P1        26.05      53.20     0.00    10.00       none     632.00    0.0000    0.00%  100.00%
    [35]  R9      P2        30.76      57.91     0.00    10.00       none     679.05    0.0000    0.00%  100.00%
    [36]  R1      P2        30.76      52.28     1.21    10.00       none     744.05    0.0000    0.00%  100.00%
    [37]  R2      P2        30.76      56.20     2.84    10.00       none     946.35    0.0000    0.00%  100.00%
    [38]  R10     P1        26.05      35.31     5.42    10.00       none     995.60    0.0000    0.00%  100.00%
    [39]  R10     P2        30.76      40.02    10.13    10.00       none    1513.15    0.0000    0.00%  100.00%
    draw=0.9988  →  (R1, P3) (rank 0) selected

  Assignment: R1 → P3  [0.00 → 21.52]  delay=0.00
    J1-1       [0.00 → 6.55]
    J1-2       [6.55 → 12.99]
    J1-3       [12.99 → 21.52]

  Assigned so far:
    ID      Pos       start    finish    delay
    ----------------------------------------
    R3      P1         0.00     16.05     0.00
    R8      P2        13.02     20.75     0.00
    R1      P3         0.00     21.52     0.00

========================================================================
  STEP 4/10
========================================================================

  Pair evaluation  (35 pairs):
    Rank   ID      Pos     t_start   t_finish    delay      gap   blocking      score    weight     P(%)   cum(%)
    ---------------------------------------------------------------------------------------------------------
    [ 0]  R2      P4         0.00      25.44     0.00     0.00       none     254.40    1.0000   70.00%   70.00%
    [ 1]  R2      P5         0.00      25.44     0.00     0.00       none     254.40    0.3000   21.00%   91.00%
    [ 2]  R4      P4         5.62      25.79     0.00     0.00      2 mov     261.87    0.0900    6.30%   97.30%
    [ 3]  R4      P5         5.62      25.79     0.00     0.00      2 mov     261.87    0.0270    1.89%   99.19%
    [ 4]  R5      P4         6.51      26.91     0.00     0.00      2 mov     273.12    0.0081    0.57%   99.76%
    [ 5]  R5      P5         6.51      26.91     0.00     0.00      2 mov     273.12    0.0024    0.17%   99.93%
    [ 6]  R10     P4        18.84      28.10     0.00     0.00      2 mov     285.00    0.0007    0.05%   99.98%
    [ 7]  R10     P5        18.84      28.10     0.00     0.00      2 mov     285.00    0.0002    0.02%   99.99%
    [ 8]  R6      P4         8.77      29.57     0.00     0.00      2 mov     299.67    0.0001    0.00%  100.00%
    [ 9]  R6      P5         8.77      29.57     0.00     0.00      2 mov     299.67    0.0000    0.00%  100.00%
    [10]  R7      P4        12.91      34.46     0.00     0.00      2 mov     348.58    0.0000    0.00%  100.00%
    [11]  R7      P5        12.91      34.46     0.00     0.00      2 mov     348.58    0.0000    0.00%  100.00%
    [12]  R9      P4        13.44      40.59     0.00     0.00      2 mov     409.91    0.0000    0.00%  100.00%
    [13]  R9      P5        13.44      40.59     0.00     0.00      2 mov     409.91    0.0000    0.00%  100.00%
    [14]  R4      P1        26.05      46.22     0.00    10.00       none     562.20    0.0000    0.00%  100.00%
    [15]  R5      P1        26.05      46.45     0.00    10.00       none     564.50    0.0000    0.00%  100.00%
    [16]  R6      P1        26.05      46.85     0.00    10.00       none     568.50    0.0000    0.00%  100.00%
    [17]  R7      P1        26.05      47.60     0.00    10.00       none     576.00    0.0000    0.00%  100.00%
    [18]  R4      P2        30.76      50.93     0.00    10.00       none     609.25    0.0000    0.00%  100.00%
    [19]  R5      P2        30.76      51.16     0.00    10.00       none     611.55    0.0000    0.00%  100.00%
    [20]  R2      P1        26.05      51.49     0.00    10.00       none     614.90    0.0000    0.00%  100.00%
    [21]  R6      P2        30.76      51.56     0.00    10.00       none     615.55    0.0000    0.00%  100.00%
    [22]  R4      P3        31.52      51.69     0.00    10.00       none     616.90    0.0000    0.00%  100.00%
    [23]  R5      P3        31.52      51.92     0.00    10.00       none     619.20    0.0000    0.00%  100.00%
    [24]  R7      P2        30.76      52.31     0.00    10.00       none     623.05    0.0000    0.00%  100.00%
    [25]  R6      P3        31.52      52.32     0.00    10.00       none     623.20    0.0000    0.00%  100.00%
    [26]  R7      P3        31.52      53.07     0.00    10.00       none     630.70    0.0000    0.00%  100.00%
    [27]  R9      P1        26.05      53.20     0.00    10.00       none     632.00    0.0000    0.00%  100.00%
    [28]  R9      P2        30.76      57.91     0.00    10.00       none     679.05    0.0000    0.00%  100.00%
    [29]  R9      P3        31.52      58.67     0.00    10.00       none     686.70    0.0000    0.00%  100.00%
    [30]  R2      P2        30.76      56.20     2.84    10.00       none     946.35    0.0000    0.00%  100.00%
    [31]  R10     P1        26.05      35.31     5.42    10.00       none     995.60    0.0000    0.00%  100.00%
    [32]  R2      P3        31.52      56.96     3.61    10.00       none    1030.50    0.0000    0.00%  100.00%
    [33]  R10     P2        30.76      40.02    10.13    10.00       none    1513.15    0.0000    0.00%  100.00%
    [34]  R10     P3        31.52      40.78    10.89    10.00       none    1597.30    0.0000    0.00%  100.00%
    draw=1.2800  →  (R2, P5) (rank 1) selected

  Assignment: R2 → P5  [0.00 → 25.44]  delay=0.00
    J2-1       [0.00 → 7.50]
    J2-2       [7.50 → 15.75]
    J2-3       [15.75 → 25.44]

  Assigned so far:
    ID      Pos       start    finish    delay
    ----------------------------------------
    R3      P1         0.00     16.05     0.00
    R8      P2        13.02     20.75     0.00
    R1      P3         0.00     21.52     0.00
    R2      P5         0.00     25.44     0.00

========================================================================
  STEP 5/10
========================================================================

  Pair evaluation  (30 pairs):
    Rank   ID      Pos     t_start   t_finish    delay      gap   blocking      score    weight     P(%)   cum(%)
    ---------------------------------------------------------------------------------------------------------
    [ 0]  R4      P4         5.62      25.79     0.00     0.00      4 mov     265.87    1.0000   70.00%   70.00%
    [ 1]  R5      P4         6.51      26.91     0.00     0.00      4 mov     277.12    0.3000   21.00%   91.00%
    [ 2]  R10     P4        18.84      28.10     0.00     0.00      4 mov     289.00    0.0900    6.30%   97.30%
    [ 3]  R6      P4         8.77      29.57     0.00     0.00      4 mov     303.67    0.0270    1.89%   99.19%
    [ 4]  R7      P4        12.91      34.46     0.00     0.00      4 mov     352.58    0.0081    0.57%   99.76%
    [ 5]  R9      P4        13.44      40.59     0.00     0.00      4 mov     413.91    0.0024    0.17%   99.93%
    [ 6]  R4      P1        26.05      46.22     0.00    10.00       none     562.20    0.0007    0.05%   99.98%
    [ 7]  R5      P1        26.05      46.45     0.00    10.00       none     564.50    0.0002    0.02%   99.99%
    [ 8]  R6      P1        26.05      46.85     0.00    10.00       none     568.50    0.0001    0.00%  100.00%
    [ 9]  R7      P1        26.05      47.60     0.00    10.00       none     576.00    0.0000    0.00%  100.00%
    [10]  R4      P2        30.76      50.93     0.00    10.00       none     609.25    0.0000    0.00%  100.00%
    [11]  R5      P2        30.76      51.16     0.00    10.00       none     611.55    0.0000    0.00%  100.00%
    [12]  R6      P2        30.76      51.56     0.00    10.00       none     615.55    0.0000    0.00%  100.00%
    [13]  R4      P3        31.52      51.69     0.00    10.00       none     616.90    0.0000    0.00%  100.00%
    [14]  R5      P3        31.52      51.92     0.00    10.00       none     619.20    0.0000    0.00%  100.00%
    [15]  R7      P2        30.76      52.31     0.00    10.00       none     623.05    0.0000    0.00%  100.00%
    [16]  R6      P3        31.52      52.32     0.00    10.00       none     623.20    0.0000    0.00%  100.00%
    [17]  R7      P3        31.52      53.07     0.00    10.00       none     630.70    0.0000    0.00%  100.00%
    [18]  R9      P1        26.05      53.20     0.00    10.00       none     632.00    0.0000    0.00%  100.00%
    [19]  R5      P5        35.44      55.84     0.00    10.00       none     658.40    0.0000    0.00%  100.00%
    [20]  R6      P5        35.44      56.24     0.00    10.00       none     662.40    0.0000    0.00%  100.00%
    [21]  R7      P5        35.44      56.99     0.00    10.00       none     669.90    0.0000    0.00%  100.00%
    [22]  R9      P2        30.76      57.91     0.00    10.00       none     679.05    0.0000    0.00%  100.00%
    [23]  R9      P3        31.52      58.67     0.00    10.00       none     686.70    0.0000    0.00%  100.00%
    [24]  R4      P5        35.44      55.61     0.54    10.00       none     710.00    0.0000    0.00%  100.00%
    [25]  R9      P5        35.44      62.59     0.00    10.00       none     725.90    0.0000    0.00%  100.00%
    [26]  R10     P1        26.05      35.31     5.42    10.00       none     995.60    0.0000    0.00%  100.00%
    [27]  R10     P2        30.76      40.02    10.13    10.00       none    1513.15    0.0000    0.00%  100.00%
    [28]  R10     P3        31.52      40.78    10.89    10.00       none    1597.30    0.0000    0.00%  100.00%
    [29]  R10     P5        35.44      44.70    14.81    10.00       none    2028.50    0.0000    0.00%  100.00%
    draw=1.3321  →  (R10, P4) (rank 2) selected
  start-time compare  R10 → P4:  t_imm=18.84 cost=289.00 (4 new movs)  vs  t_nob=25.44 cost=828.50

  Assignment: R10 → P4  [18.84 → 28.10]  delay=0.00
    J10-1      [18.84 → 28.10]

  Assigned so far:
    ID      Pos       start    finish    delay
    ----------------------------------------
    R3      P1         0.00     16.05     0.00
    R8      P2        13.02     20.75     0.00
    R1      P3         0.00     21.52     0.00
    R2      P5         0.00     25.44     0.00
    R10     P4        18.84     28.10     0.00

========================================================================
  STEP 6/10
========================================================================

  Pair evaluation  (25 pairs):
    Rank   ID      Pos     t_start   t_finish    delay      gap   blocking      score    weight     P(%)   cum(%)
    ---------------------------------------------------------------------------------------------------------
    [ 0]  R4      P1        26.05      46.22     0.00    10.00      4 mov     570.20    1.0000   70.00%   70.00%
    [ 1]  R5      P1        26.05      46.45     0.00    10.00      4 mov     572.50    0.3000   21.00%   91.00%
    [ 2]  R6      P1        26.05      46.85     0.00    10.00      4 mov     576.50    0.0900    6.30%   97.30%
    [ 3]  R7      P1        26.05      47.60     0.00    10.00      4 mov     584.00    0.0270    1.89%   99.19%
    [ 4]  R4      P2        30.76      50.93     0.00    10.00      4 mov     617.25    0.0081    0.57%   99.76%
    [ 5]  R5      P2        30.76      51.16     0.00    10.00      4 mov     619.55    0.0024    0.17%   99.93%
    [ 6]  R6      P2        30.76      51.56     0.00    10.00      4 mov     623.55    0.0007    0.05%   99.98%
    [ 7]  R4      P3        31.52      51.69     0.00    10.00      4 mov     624.90    0.0002    0.02%   99.99%
    [ 8]  R5      P3        31.52      51.92     0.00    10.00      4 mov     627.20    0.0001    0.00%  100.00%
    [ 9]  R7      P2        30.76      52.31     0.00    10.00      4 mov     631.05    0.0000    0.00%  100.00%
    [10]  R6      P3        31.52      52.32     0.00    10.00      4 mov     631.20    0.0000    0.00%  100.00%
    [11]  R7      P3        31.52      53.07     0.00    10.00      4 mov     638.70    0.0000    0.00%  100.00%
    [12]  R9      P1        26.05      53.20     0.00    10.00      4 mov     640.00    0.0000    0.00%  100.00%
    [13]  R5      P5        35.44      55.84     0.00    10.00      4 mov     666.40    0.0000    0.00%  100.00%
    [14]  R6      P5        35.44      56.24     0.00    10.00      4 mov     670.40    0.0000    0.00%  100.00%
    [15]  R7      P5        35.44      56.99     0.00    10.00      4 mov     677.90    0.0000    0.00%  100.00%
    [16]  R9      P2        30.76      57.91     0.00    10.00      4 mov     687.05    0.0000    0.00%  100.00%
    [17]  R5      P4        38.10      58.50     0.00    10.00      4 mov     693.00    0.0000    0.00%  100.00%
    [18]  R9      P3        31.52      58.67     0.00    10.00      4 mov     694.70    0.0000    0.00%  100.00%
    [19]  R6      P4        38.10      58.90     0.00    10.00      4 mov     697.00    0.0000    0.00%  100.00%
    [20]  R7      P4        38.10      59.65     0.00    10.00      4 mov     704.50    0.0000    0.00%  100.00%
    [21]  R4      P5        35.44      55.61     0.54    10.00      4 mov     718.00    0.0000    0.00%  100.00%
    [22]  R9      P5        35.44      62.59     0.00    10.00      4 mov     733.90    0.0000    0.00%  100.00%
    [23]  R9      P4        38.10      65.25     0.00    10.00      4 mov     760.50    0.0000    0.00%  100.00%
    [24]  R4      P4        38.10      58.27     3.20    10.00      4 mov    1010.60    0.0000    0.00%  100.00%
    draw=0.3173  →  (R4, P1) (rank 0) selected

  Assignment: R4 → P1  [26.05 → 46.22]  delay=0.00
    J4-1       [26.05 → 32.54]
    J4-2       [32.54 → 38.91]
    J4-3       [38.91 → 46.22]

  Assigned so far:
    ID      Pos       start    finish    delay
    ----------------------------------------
    R3      P1         0.00     16.05     0.00
    R8      P2        13.02     20.75     0.00
    R1      P3         0.00     21.52     0.00
    R2      P5         0.00     25.44     0.00
    R10     P4        18.84     28.10     0.00
    R4      P1        26.05     46.22     0.00

========================================================================
  STEP 7/10
========================================================================

  Pair evaluation  (20 pairs):
    Rank   ID      Pos     t_start   t_finish    delay      gap   blocking      score    weight     P(%)   cum(%)
    ---------------------------------------------------------------------------------------------------------
    [ 0]  R5      P2        30.76      51.16     0.00    10.00      4 mov     619.55    1.0000   70.00%   70.00%
    [ 1]  R6      P2        30.76      51.56     0.00    10.00      4 mov     623.55    0.3000   21.00%   91.00%
    [ 2]  R5      P3        31.52      51.92     0.00    10.00      4 mov     627.20    0.0900    6.30%   97.30%
    [ 3]  R7      P2        30.76      52.31     0.00    10.00      4 mov     631.05    0.0270    1.89%   99.19%
    [ 4]  R6      P3        31.52      52.32     0.00    10.00      4 mov     631.20    0.0081    0.57%   99.76%
    [ 5]  R7      P3        31.52      53.07     0.00    10.00      4 mov     638.70    0.0024    0.17%   99.93%
    [ 6]  R5      P5        35.44      55.84     0.00    10.00      4 mov     666.40    0.0007    0.05%   99.98%
    [ 7]  R6      P5        35.44      56.24     0.00    10.00      4 mov     670.40    0.0002    0.02%   99.99%
    [ 8]  R7      P5        35.44      56.99     0.00    10.00      4 mov     677.90    0.0001    0.00%  100.00%
    [ 9]  R9      P2        30.76      57.91     0.00    10.00      4 mov     687.05    0.0000    0.00%  100.00%
    [10]  R5      P4        38.10      58.50     0.00    10.00      4 mov     693.00    0.0000    0.00%  100.00%
    [11]  R9      P3        31.52      58.67     0.00    10.00      4 mov     694.70    0.0000    0.00%  100.00%
    [12]  R6      P4        38.10      58.90     0.00    10.00      4 mov     697.00    0.0000    0.00%  100.00%
    [13]  R7      P4        38.10      59.65     0.00    10.00      4 mov     704.50    0.0000    0.00%  100.00%
    [14]  R9      P5        35.44      62.59     0.00    10.00      4 mov     733.90    0.0000    0.00%  100.00%
    [15]  R9      P4        38.10      65.25     0.00    10.00      4 mov     760.50    0.0000    0.00%  100.00%
    [16]  R9      P1        56.22      83.37    12.78    10.00      4 mov    2220.00    0.0000    0.00%  100.00%
    [17]  R7      P1        56.22      77.77    13.78    10.00      4 mov    2263.50    0.0000    0.00%  100.00%
    [18]  R6      P1        56.22      77.02    14.13    10.00      4 mov    2291.10    0.0000    0.00%  100.00%
    [19]  R5      P1        56.22      76.62    16.61    10.00      4 mov    2535.00    0.0000    0.00%  100.00%
    draw=1.1897  →  (R6, P2) (rank 1) selected

  Assignment: R6 → P2  [30.76 → 51.55]  delay=0.00
    J6-1       [30.75 → 35.05]
    J6-2       [35.05 → 42.70]
    J6-3       [42.70 → 51.55]

  Assigned so far:
    ID      Pos       start    finish    delay
    ----------------------------------------
    R3      P1         0.00     16.05     0.00
    R8      P2        13.02     20.75     0.00
    R1      P3         0.00     21.52     0.00
    R2      P5         0.00     25.44     0.00
    R10     P4        18.84     28.10     0.00
    R4      P1        26.05     46.22     0.00
    R6      P2        30.75     51.55     0.00

========================================================================
  STEP 8/10
========================================================================

  Pair evaluation  (15 pairs):
    Rank   ID      Pos     t_start   t_finish    delay      gap   blocking      score    weight     P(%)   cum(%)
    ---------------------------------------------------------------------------------------------------------
    [ 0]  R5      P3        31.52      51.92     0.00    10.00      4 mov     627.20    1.0000   70.00%   70.00%
    [ 1]  R7      P3        31.52      53.07     0.00    10.00      4 mov     638.70    0.3000   21.00%   91.00%
    [ 2]  R5      P5        35.44      55.84     0.00    10.00      4 mov     666.40    0.0900    6.30%   97.30%
    [ 3]  R7      P5        35.44      56.99     0.00    10.00      4 mov     677.90    0.0270    1.89%   99.19%
    [ 4]  R5      P4        38.10      58.50     0.00    10.00      4 mov     693.00    0.0081    0.57%   99.76%
    [ 5]  R9      P3        31.52      58.67     0.00    10.00      4 mov     694.70    0.0024    0.17%   99.93%
    [ 6]  R7      P4        38.10      59.65     0.00    10.00      4 mov     704.50    0.0007    0.05%   99.98%
    [ 7]  R9      P5        35.44      62.59     0.00    10.00      4 mov     733.90    0.0002    0.02%   99.99%
    [ 8]  R9      P4        38.10      65.25     0.00    10.00      4 mov     760.50    0.0001    0.00%  100.00%
    [ 9]  R9      P1        56.22      83.37    12.78    10.00      4 mov    2220.00    0.0000    0.00%  100.00%
    [10]  R7      P1        56.22      77.77    13.78    10.00      4 mov    2263.50    0.0000    0.00%  100.00%
    [11]  R5      P1        56.22      76.62    16.61    10.00      4 mov    2535.00    0.0000    0.00%  100.00%
    [12]  R9      P2        61.55      88.70    18.12    10.00      4 mov    2806.85    0.0000    0.00%  100.00%
    [13]  R7      P2        61.55      83.11    19.11    10.00      4 mov    2850.35    0.0000    0.00%  100.00%
    [14]  R5      P2        61.55      81.95    21.94    10.00      4 mov    3121.85    0.0000    0.00%  100.00%
    draw=0.3578  →  (R5, P3) (rank 0) selected

  Assignment: R5 → P3  [31.52 → 51.92]  delay=0.00
    J5-1       [31.52 → 37.58]
    J5-2       [37.58 → 43.31]
    J5-3       [43.31 → 51.92]

  Assigned so far:
    ID      Pos       start    finish    delay
    ----------------------------------------
    R3      P1         0.00     16.05     0.00
    R8      P2        13.02     20.75     0.00
    R1      P3         0.00     21.52     0.00
    R2      P5         0.00     25.44     0.00
    R10     P4        18.84     28.10     0.00
    R4      P1        26.05     46.22     0.00
    R6      P2        30.75     51.55     0.00
    R5      P3        31.52     51.92     0.00

========================================================================
  STEP 9/10
========================================================================

  Pair evaluation  (10 pairs):
    Rank   ID      Pos     t_start   t_finish    delay      gap   blocking      score    weight     P(%)   cum(%)
    ---------------------------------------------------------------------------------------------------------
    [ 0]  R7      P5        35.44      56.99     0.00    10.00      6 mov     681.90    1.0000   70.00%   70.00%
    [ 1]  R7      P4        38.10      59.65     0.00    10.00      6 mov     708.50    0.3000   21.00%   91.00%
    [ 2]  R9      P5        35.44      62.59     0.00    10.00      6 mov     737.90    0.0900    6.30%   97.30%
    [ 3]  R9      P4        38.10      65.25     0.00    10.00      6 mov     764.50    0.0270    1.89%   99.19%
    [ 4]  R9      P1        56.22      83.37    12.78    10.00      4 mov    2220.00    0.0081    0.57%   99.76%
    [ 5]  R7      P1        56.22      77.77    13.78    10.00      4 mov    2263.50    0.0024    0.17%   99.93%
    [ 6]  R9      P2        61.55      88.70    18.12    10.00      4 mov    2806.85    0.0007    0.05%   99.98%
    [ 7]  R9      P3        61.92      89.07    18.48    10.00      4 mov    2847.00    0.0002    0.02%   99.99%
    [ 8]  R7      P2        61.55      83.11    19.11    10.00      4 mov    2850.35    0.0001    0.00%  100.00%
    [ 9]  R7      P3        61.92      83.47    19.48    10.00      4 mov    2890.50    0.0000    0.00%  100.00%
    draw=1.2027  →  (R7, P4) (rank 1) selected
  start-time compare  R7 → P4:  t_imm=38.10 cost=600.50 (2 new movs)  vs  t_nob=51.92 cost=1682.50

  Assignment: R7 → P4  [38.10 → 59.65]  delay=0.00
    J7-1       [38.10 → 43.87]
    J7-2       [43.87 → 50.35]
    J7-3       [50.35 → 59.65]

  Assigned so far:
    ID      Pos       start    finish    delay
    ----------------------------------------
    R3      P1         0.00     16.05     0.00
    R8      P2        13.02     20.75     0.00
    R1      P3         0.00     21.52     0.00
    R2      P5         0.00     25.44     0.00
    R10     P4        18.84     28.10     0.00
    R4      P1        26.05     46.22     0.00
    R6      P2        30.75     51.55     0.00
    R5      P3        31.52     51.92     0.00
    R7      P4        38.10     59.65     0.00

========================================================================
  STEP 10/10
========================================================================

  Pair evaluation  (5 pairs):
    Rank   ID      Pos     t_start   t_finish    delay      gap   blocking      score    weight     P(%)   cum(%)
    ---------------------------------------------------------------------------------------------------------
    [ 0]  R9      P5        35.44      62.59     0.00    10.00      8 mov     741.90    1.0000   70.17%   70.17%
    [ 1]  R9      P1        56.22      83.37    12.78    10.00      6 mov    2224.00    0.3000   21.05%   91.22%
    [ 2]  R9      P2        61.55      88.70    18.12    10.00      6 mov    2810.85    0.0900    6.32%   97.54%
    [ 3]  R9      P3        61.92      89.07    18.48    10.00      6 mov    2851.00    0.0270    1.89%   99.43%
    [ 4]  R9      P4        69.65      96.80    26.21    10.00      6 mov    3701.30    0.0081    0.57%  100.00%
    draw=0.8893  →  (R9, P5) (rank 0) selected
  start-time compare  R9 → P5:  t_imm=35.44 cost=629.90 (2 new movs)  vs  t_nob=59.65 cost=2489.30

  Assignment: R9 → P5  [35.44 → 62.59]  delay=0.00
    J9-1       [35.44 → 42.59]
    J9-2       [42.59 → 52.62]
    J9-3       [52.62 → 62.59]

  Assigned so far:
    ID      Pos       start    finish    delay
    ----------------------------------------
    R3      P1         0.00     16.05     0.00
    R8      P2        13.02     20.75     0.00
    R1      P3         0.00     21.52     0.00
    R2      P5         0.00     25.44     0.00
    R10     P4        18.84     28.10     0.00
    R4      P1        26.05     46.22     0.00
    R6      P2        30.75     51.55     0.00
    R5      P3        31.52     51.92     0.00
    R7      P4        38.10     59.65     0.00
    R9      P5        35.44     62.59     0.00

========================================================================
  Iteration result:  makespan=62.59  movements=8  delay=0.00
========================================================================

========================================================================
  Local search start  obj=633.90
========================================================================
  Local search end    obj=633.90

────────────────────────────────────────────────────────────────────────
  Iteration history
────────────────────────────────────────────────────────────────────────
      Iter   Time(s)           Obj    Makespan       Delay    Mov
  ------------------------------------------------------------
         1      0.00       1131.55       57.91        5.42     10  *
         2      0.11       1127.55       57.91        5.42      6  *
         3      0.20       1131.55       57.91        5.42     10
         4      0.29       1131.55       57.91        5.42     10
         5      0.36       1131.55       57.91        5.42     10
         6      0.43       1131.55       57.91        5.42     10
         7      0.48       1131.55       57.91        5.42     10
         8      0.52       1131.55       57.91        5.42     10
         9      0.57       1125.55       57.91        5.42      4  *
        10      0.63       1133.55       57.91        5.42     12
        11      0.75       1127.55       57.91        5.42      6
        12      0.93       1129.55       57.91        5.42      8
        13      1.05       1131.55       57.91        5.42     10
        14      1.12       1131.55       57.91        5.42     10
        15      1.19       1131.55       57.91        5.42     10
        16      1.33       1129.55       57.91        5.42      8
        17      1.39       1131.55       57.91        5.42     10
        18      1.48       1131.55       57.91        5.42     10
        19      1.56       1129.55       57.91        5.42      8
        20      1.65       1129.55       57.91        5.42      8
        21      1.75       1131.55       57.91        5.42     10
        22      1.84       1125.55       57.91        5.42      4
        23      1.95       1129.55       57.91        5.42      8
        24      2.05       1131.55       57.91        5.42     10
        25      2.23       1131.55       57.91        5.42     10
        26      2.37       1131.55       57.91        5.42     10
        27      2.47       1131.55       57.91        5.42     10
        28      2.55       1129.55       57.91        5.42      8
        29      2.67       1131.55       57.91        5.42     10
        30      2.75       1131.55       57.91        5.42     10
        31      2.86       1131.55       57.91        5.42     10
        32      2.95       1131.55       57.91        5.42     10
        33      3.04       1131.55       57.91        5.42     10
        34      3.10       1129.55       57.91        5.42      8
        35      3.15        662.50       65.25        0.00     10  *
        36      3.17       1129.55       57.91        5.42      8
        37      3.40       1125.55       57.91        5.42      4
        38      3.49       1131.55       57.91        5.42     10
        39      3.56       1131.55       57.91        5.42     10
        40      3.68       1131.55       57.91        5.42     10
        41      3.77       2611.10       77.93       18.24      8
        42      3.81       1131.55       57.91        5.42     10
        43      3.88       1127.55       57.91        5.42      6
        44      3.92       1125.55       57.91        5.42      4
        45      3.98       1129.55       57.91        5.42      8
        46      4.04       1129.55       57.91        5.42      8
        47      4.13       1131.55       57.91        5.42     10
        48      4.24        662.50       65.25        0.00     10
        49      4.28       1131.55       57.91        5.42     10
        50      4.33       1131.55       57.91        5.42     10
        51      4.38       1131.55       57.91        5.42     10
        52      4.42       1131.55       57.91        5.42     10
        53      4.46       1131.55       57.91        5.42     10
        54      4.51       1129.55       57.91        5.42      8
        55      4.59       1129.55       57.91        5.42      8
        56      4.75       1131.55       57.91        5.42     10
        57      4.84       1129.55       57.91        5.42      8
        58      5.03       1131.55       57.91        5.42     10
        59      5.08       1131.55       57.91        5.42     10
        60      5.17       1131.55       57.91        5.42     10
        61      5.26       1131.55       57.91        5.42     10
        62      5.29       1131.55       57.91        5.42     10
        63      5.35       1131.55       57.91        5.42     10
        64      5.42       1129.55       57.91        5.42      8
        65      5.48       1129.55       57.91        5.42      8
        66      5.58       1129.55       57.91        5.42      8
        67      5.63       1131.55       57.91        5.42     10
        68      5.71       1129.55       57.91        5.42      8
        69      5.78       1131.55       57.91        5.42     10
        70      5.87       1131.55       57.91        5.42     10
        71      5.96       1131.55       57.91        5.42     10
        72      6.01       1131.55       57.91        5.42     10
        73      6.06        635.90       62.59        0.00     10  *
        74      6.09       1131.55       57.91        5.42     10
        75      6.17       1127.55       57.91        5.42      6
        76      6.25       1127.55       57.91        5.42      6
        77      6.35       1131.55       57.91        5.42     10
        78      6.42       1129.55       57.91        5.42      8
        79      6.48       1131.55       57.91        5.42     10
        80      6.60       1129.55       57.91        5.42      8
        81      6.70       1129.55       57.91        5.42      8
        82      6.83       1129.55       57.91        5.42      8
        83      6.99       1129.55       57.91        5.42      8
        84      7.10       1131.55       57.91        5.42     10
        85      7.17       1129.55       57.91        5.42      8
        86      7.23       1129.55       57.91        5.42      8
        87      7.27       1129.55       57.91        5.42      8
        88      7.34       1131.55       57.91        5.42     10
        89      7.39       1129.55       57.91        5.42      8
        90      7.45       1131.55       57.91        5.42     10
        91      7.51       1133.55       57.91        5.42     12
        92      7.57       1131.55       57.91        5.42     10
        93      7.61       1129.55       57.91        5.42      8
        94      7.70       1131.55       57.91        5.42     10
        95      7.79       1131.55       57.91        5.42     10
        96      7.88       1129.55       57.91        5.42      8
        97      7.99       1131.55       57.91        5.42     10
        98      8.07       1131.55       57.91        5.42     10
        99      8.14       1131.55       57.91        5.42     10
       100      8.23       1129.55       57.91        5.42      8
       101      8.33       1129.55       57.91        5.42      8
       102      8.43       1131.55       57.91        5.42     10
       103      8.54       1129.55       57.91        5.42      8
       104      8.63       1129.55       57.91        5.42      8
       105      8.73       1131.55       57.91        5.42     10
       106      8.82       1125.55       57.91        5.42      4
       107      9.00       1131.55       57.91        5.42     10
       108      9.08       1131.55       57.91        5.42     10
       109      9.16       1131.55       57.91        5.42     10
       110      9.35       1131.55       57.91        5.42     10
       111      9.49       1131.55       57.91        5.42     10
       112      9.59        662.50       65.25        0.00     10
       113      9.64       3432.30       81.85       26.08      6
       114      9.69       1133.55       57.91        5.42     12
       115      9.79       1127.55       57.91        5.42      6
       116      9.86       1131.55       57.91        5.42     10
       117      9.98       1131.55       57.91        5.42     10
       118     10.08       1131.55       57.91        5.42     10
       119     10.30       1131.55       57.91        5.42     10
       120     10.40       1131.55       57.91        5.42     10
       121     10.62       1131.55       57.91        5.42     10
       122     10.76       1131.55       57.91        5.42     10
       123     10.90       1129.55       57.91        5.42      8
       124     11.00       1125.55       57.91        5.42      4
       125     11.32       1127.55       57.91        5.42      6
       126     11.41       1131.55       57.91        5.42     10
       127     11.57       1129.55       57.91        5.42      8
       128     11.85       1129.55       57.91        5.42      8
       129     11.98       1131.55       57.91        5.42     10
       130     12.14       1129.55       57.91        5.42      8
       131     12.22       1125.55       57.91        5.42      4
       132     12.39       1127.55       57.91        5.42      6
       133     12.50       1129.55       57.91        5.42      8
       134     12.64       1131.55       57.91        5.42     10
       135     12.70       1131.55       57.91        5.42     10
       136     12.83       1129.55       57.91        5.42      8
       137     12.92       1131.55       57.91        5.42     10
       138     13.12       1127.55       57.91        5.42      6
       139     13.21       1131.55       57.91        5.42     10
       140     13.32       1127.55       57.91        5.42      6
       141     13.41       1131.55       57.91        5.42     10
       142     13.50        662.50       65.25        0.00     10
       143     13.57       1131.55       57.91        5.42     10
       144     13.66       1131.55       57.91        5.42     10
       145     13.81       1131.55       57.91        5.42     10
       146     13.95       1131.55       57.91        5.42     10
       147     14.09       1129.55       57.91        5.42      8
       148     14.21       1131.55       57.91        5.42     10
       149     14.31       1129.55       57.91        5.42      8
       150     14.56       1131.55       57.91        5.42     10
       151     14.70       1131.55       57.91        5.42     10
       152     14.81       1129.55       57.91        5.42      8
       153     14.88       1129.55       57.91        5.42      8
       154     14.98       1131.55       57.91        5.42     10
       155     15.15       1131.55       57.91        5.42     10
       156     15.30       1131.55       57.91        5.42     10
       157     15.36       1127.55       57.91        5.42      6
       158     15.40       1131.55       57.91        5.42     10
       159     15.45       1131.55       57.91        5.42     10
       160     15.53       3434.30       81.85       26.08      8
       161     15.55       1131.55       57.91        5.42     10
       162     15.63       1131.55       57.91        5.42     10
       163     15.71       1129.55       57.91        5.42      8
       164     15.78       1129.55       57.91        5.42      8
       165     15.91       1131.55       57.91        5.42     10
       166     16.11       3432.30       81.85       26.08      6
       167     16.15       1131.55       57.91        5.42     10
       168     16.24       1127.55       57.91        5.42      6
       169     16.33        662.50       65.25        0.00     10
       170     16.39       1129.55       57.91        5.42      8
       171     16.47       1129.55       57.91        5.42      8
       172     16.54       1131.55       57.91        5.42     10
       173     16.64       1131.55       57.91        5.42     10
       174     16.73       1131.55       57.91        5.42     10
       175     16.85       1131.55       57.91        5.42     10
       176     16.97       1131.55       57.91        5.42     10
       177     17.09        633.90       62.59        0.00      8  *
       178     17.13       1131.55       57.91        5.42     10
       179     17.25       1131.55       57.91        5.42     10
       180     17.38       1129.55       57.91        5.42      8
       181     17.43       1131.55       57.91        5.42     10
       182     17.54       1131.55       57.91        5.42     10
       183     17.64       1131.55       57.91        5.42     10
       184     17.81       1129.55       57.91        5.42      8
       185     17.90       1129.55       57.91        5.42      8
       186     18.00       1129.55       57.91        5.42      8
       187     18.10       1131.55       57.91        5.42     10
       188     18.19       1131.55       57.91        5.42     10
       189     18.28       1125.55       57.91        5.42      4
       190     18.35       1129.55       57.91        5.42      8
       191     18.46       1131.55       57.91        5.42     10
       192     18.56       1131.55       57.91        5.42     10
       193     18.72       1125.55       57.91        5.42      4
       194     18.87       1127.55       57.91        5.42      6
       195     18.94       1129.55       57.91        5.42      8
       196     19.01       1129.55       57.91        5.42      8
       197     19.11       1129.55       57.91        5.42      8
       198     19.17       1131.55       57.91        5.42     10
       199     19.33       1129.55       57.91        5.42      8
       200     19.48       1125.55       57.91        5.42      4
       201     19.68       1131.55       57.91        5.42     10
       202     19.80       1127.55       57.91        5.42      6
       203     19.94       1131.55       57.91        5.42     10
       204     20.00       1131.55       57.91        5.42     10
       205     20.06       1127.55       57.91        5.42      6
       206     20.13       1131.55       57.91        5.42     10
       207     20.24       1129.55       57.91        5.42      8
       208     20.31       1127.55       57.91        5.42      6
       209     20.41       1131.55       57.91        5.42     10
       210     20.50        662.50       65.25        0.00     10
       211     20.54       1131.55       57.91        5.42     10
       212     20.66       1125.55       57.91        5.42      4
       213     20.90       1131.55       57.91        5.42     10
       214     21.03       1127.55       57.91        5.42      6
       215     21.14       1131.55       57.91        5.42     10
       216     21.35       1131.55       57.91        5.42     10
       217     21.44       1131.55       57.91        5.42     10
       218     21.54       1131.55       57.91        5.42     10
       219     21.60       1129.55       57.91        5.42      8
       220     21.66       1129.55       57.91        5.42      8
       221     21.91       1129.55       57.91        5.42      8
       222     22.01       1131.55       57.91        5.42     10
       223     22.12       1127.55       57.91        5.42      6
       224     22.24       1131.55       57.91        5.42     10
       225     22.34       1131.55       57.91        5.42     10
       226     22.46       1131.55       57.91        5.42     10
       227     22.57       1125.55       57.91        5.42      4
       228     22.75       1131.55       57.91        5.42     10
       229     22.84       1131.55       57.91        5.42     10
       230     22.91       1131.55       57.91        5.42     10
       231     22.98       1129.55       57.91        5.42      8
       232     23.08       1131.55       57.91        5.42     10
       233     23.21       1131.55       57.91        5.42     10
       234     23.29       2161.50       77.77       13.78      6
       235     23.31       1129.55       57.91        5.42      8
       236     23.48       2118.00       83.37       12.78      6
       237     23.51       1129.55       57.91        5.42      8
       238     23.67       1131.55       57.91        5.42     10
       239     23.84       1131.55       57.91        5.42     10
       240     23.91       1129.55       57.91        5.42      8
       241     24.01       1127.55       57.91        5.42      6
       242     24.17       1131.55       57.91        5.42     10
       243     24.24       1129.55       57.91        5.42      8
       244     24.31       1131.55       57.91        5.42     10
       245     24.38       1129.55       57.91        5.42      8
       246     24.46       1131.55       57.91        5.42     10
       247     24.55       1127.55       57.91        5.42      6
       248     24.61        639.90       62.59        0.00     14
       249     24.64       1129.55       57.91        5.42      8
       250     24.77       1129.55       57.91        5.42      8
       251     24.82       1129.55       57.91        5.42      8
       252     24.95       1131.55       57.91        5.42     10
       253     25.04       1131.55       57.91        5.42     10
       254     25.11       1125.55       57.91        5.42      4
       255     25.22       1129.55       57.91        5.42      8
       256     25.42       1131.55       57.91        5.42     10
       257     25.48       1131.55       57.91        5.42     10
       258     25.58       1129.55       57.91        5.42      8
       259     25.66       1131.55       57.91        5.42     10
       260     25.73       1131.55       57.91        5.42     10
       261     25.83       1131.55       57.91        5.42     10
       262     25.95       1131.55       57.91        5.42     10
       263     26.07       1129.55       57.91        5.42      8
       264     26.17       1131.55       57.91        5.42     10
       265     26.28       1131.55       57.91        5.42     10
       266     26.36        662.50       65.25        0.00     10
       267     26.39       1129.55       57.91        5.42      8
       268     26.46       1129.55       57.91        5.42      8
       269     26.55        662.50       65.25        0.00     10
       270     26.58       1131.55       57.91        5.42     10
       271     26.66       1131.55       57.91        5.42     10
       272     26.74       1131.55       57.91        5.42     10
       273     26.79       1131.55       57.91        5.42     10
       274     26.87       1131.55       57.91        5.42     10
       275     26.98       1131.55       57.91        5.42     10
       276     27.03       1129.55       57.91        5.42      8
       277     27.16       1133.55       57.91        5.42     12
       278     27.27       1131.55       57.91        5.42     10
       279     27.36       1131.55       57.91        5.42     10
       280     27.43       1131.55       57.91        5.42     10
       281     27.53       1131.55       57.91        5.42     10
       282     27.68        662.50       65.25        0.00     10
       283     27.71       1127.55       57.91        5.42      6
       284     27.78       1131.55       57.91        5.42     10
       285     27.91       1129.55       57.91        5.42      8
       286     28.03       1131.55       57.91        5.42     10
       287     28.15       1131.55       57.91        5.42     10
       288     28.21       1131.55       57.91        5.42     10
       289     28.34        662.50       65.25        0.00     10
       290     28.38       1131.55       57.91        5.42     10
       291     28.46       1129.55       57.91        5.42      8
       292     28.63       1127.55       57.91        5.42      6
       293     28.72       1125.55       57.91        5.42      4
       294     28.80       1129.55       57.91        5.42      8
       295     28.85       1125.55       57.91        5.42      4
       296     28.91       1131.55       57.91        5.42     10
       297     29.01       1131.55       57.91        5.42     10
       298     29.07       1131.55       57.91        5.42     10
       299     29.12       1131.55       57.91        5.42     10
       300     29.17       1129.55       57.91        5.42      8
       301     29.26       1129.55       57.91        5.42      8
       302     29.31       1131.55       57.91        5.42     10
       303     29.38       1129.55       57.91        5.42      8
       304     29.47       1131.55       57.91        5.42     10
       305     29.52       1131.55       57.91        5.42     10
       306     29.57       1131.55       57.91        5.42     10
       307     29.64       1125.55       57.91        5.42      4
       308     29.75       1131.55       57.91        5.42     10
       309     29.80       1125.55       57.91        5.42      4
       310     29.85       1131.55       57.91        5.42     10
       311     29.90       1131.55       57.91        5.42     10
       312     29.95       1129.55       57.91        5.42      8
       313     30.09       1131.55       57.91        5.42     10
       314     30.17       1131.55       57.91        5.42     10
       315     30.26       1129.55       57.91        5.42      8
       316     30.32       1131.55       57.91        5.42     10
       317     30.37       1129.55       57.91        5.42      8
       318     30.43       1125.55       57.91        5.42      4
       319     30.50       1125.55       57.91        5.42      4
       320     30.55       1129.55       57.91        5.42      8
       321     30.60       1131.55       57.91        5.42     10
       322     30.66       1129.55       57.91        5.42      8
       323     30.73       1129.55       57.91        5.42      8
       324     30.78       1131.55       57.91        5.42     10
       325     30.89       1129.55       57.91        5.42      8
       326     30.98       1131.55       57.91        5.42     10
       327     31.05       1131.55       57.91        5.42     10
       328     31.14       1129.55       57.91        5.42      8
       329     31.24       1125.55       57.91        5.42      4
       330     31.28       1129.55       57.91        5.42      8
       331     31.36       1129.55       57.91        5.42      8
       332     31.53       1129.55       57.91        5.42      8
       333     31.61       1131.55       57.91        5.42     10
       334     31.70       1129.55       57.91        5.42      8
       335     31.80       1129.55       57.91        5.42      8
       336     31.93       1131.55       57.91        5.42     10
       337     32.03       1131.55       57.91        5.42     10
       338     32.15       1131.55       57.91        5.42     10
       339     32.25        664.50       65.25        0.00     12
       340     32.29       1131.55       57.91        5.42     10
       341     32.38       1131.55       57.91        5.42     10
       342     32.49       1129.55       57.91        5.42      8
       343     32.63        662.50       65.25        0.00     10
       344     32.68       1129.55       57.91        5.42      8
       345     32.76       1129.55       57.91        5.42      8
       346     32.84       1131.55       57.91        5.42     10
       347     32.91       1131.55       57.91        5.42     10
       348     33.06       1131.55       57.91        5.42     10
       349     33.19       1129.55       57.91        5.42      8
       350     33.37       1131.55       57.91        5.42     10
       351     33.49       1127.55       57.91        5.42      6
       352     33.67       1131.55       57.91        5.42     10
       353     33.78       1129.55       57.91        5.42      8
       354     33.88       1131.55       57.91        5.42     10
       355     33.96       1129.55       57.91        5.42      8
       356     34.03       1129.55       57.91        5.42      8
       357     34.10       1131.55       57.91        5.42     10
       358     34.18       1129.55       57.91        5.42      8
       359     34.26        666.50       65.25        0.00     14
       360     34.29       1129.55       57.91        5.42      8
       361     34.39       1131.55       57.91        5.42     10
       362     34.50       1125.55       57.91        5.42      4
       363     34.62       1131.55       57.91        5.42     10
       364     34.70       1131.55       57.91        5.42     10
       365     34.77       3434.30       81.85       26.08      8
       366     34.81       1125.55       57.91        5.42      4
       367     34.90       1133.55       57.91        5.42     12
       368     35.00       1131.55       57.91        5.42     10
       369     35.08       1127.55       57.91        5.42      6
       370     35.15       1131.55       57.91        5.42     10
       371     35.21       1127.55       57.91        5.42      6
       372     35.30       1129.55       57.91        5.42      8
       373     35.37       1131.55       57.91        5.42     10
       374     35.45       1129.55       57.91        5.42      8
       375     35.73       1131.55       57.91        5.42     10
       376     35.84       1131.55       57.91        5.42     10
       377     36.01       1131.55       57.91        5.42     10
       378     36.11       1131.55       57.91        5.42     10
       379     36.22       1125.55       57.91        5.42      4
       380     36.34       1131.55       57.91        5.42     10
       381     36.48       1131.55       57.91        5.42     10
       382     36.60       1131.55       57.91        5.42     10
       383     36.71       1131.55       57.91        5.42     10
       384     36.79       1129.55       57.91        5.42      8
       385     36.91       1131.55       57.91        5.42     10
       386     37.06       1131.55       57.91        5.42     10
       387     37.14       1129.55       57.91        5.42      8
       388     37.23       1131.55       57.91        5.42     10
       389     37.49       1131.55       57.91        5.42     10
       390     37.61       1129.55       57.91        5.42      8
       391     37.83       1131.55       57.91        5.42     10
       392     37.94       1131.55       57.91        5.42     10
       393     38.01       1131.55       57.91        5.42     10
       394     38.11       1131.55       57.91        5.42     10
       395     38.23       1131.55       57.91        5.42     10
       396     38.44        662.50       65.25        0.00     10
       397     38.48       1131.55       57.91        5.42     10
       398     38.61       1131.55       57.91        5.42     10
       399     38.76       1131.55       57.91        5.42     10
       400     38.87       1129.55       57.91        5.42      8
       401     39.01       1131.55       57.91        5.42     10
       402     39.10       1131.55       57.91        5.42     10
       403     39.20       1131.55       57.91        5.42     10
       404     39.28       1131.55       57.91        5.42     10
       405     39.36       1131.55       57.91        5.42     10
       406     39.48       1131.55       57.91        5.42     10
       407     39.78       1129.55       57.91        5.42      8
       408     39.88       1131.55       57.91        5.42     10
       409     39.99       1131.55       57.91        5.42     10
       410     40.14       1131.55       57.91        5.42     10
       411     40.31       1131.55       57.91        5.42     10
       412     40.47       1131.55       57.91        5.42     10
       413     40.58       1131.55       57.91        5.42     10
       414     40.69       3434.30       81.85       26.08      8
       415     40.76       1129.55       57.91        5.42      8
       416     40.93       1129.55       57.91        5.42      8
       417     41.06       1125.55       57.91        5.42      4
       418     41.16       1129.55       57.91        5.42      8
       419     41.25        662.50       65.25        0.00     10
       420     41.30       1131.55       57.91        5.42     10
       421     41.38       1131.55       57.91        5.42     10
       422     41.47       1131.55       57.91        5.42     10
       423     41.62       1131.55       57.91        5.42     10
       424     41.70       1131.55       57.91        5.42     10
       425     41.81       1129.55       57.91        5.42      8
       426     41.92       1129.55       57.91        5.42      8
       427     42.15        662.50       65.25        0.00     10
       428     42.21       1129.55       57.91        5.42      8
       429     42.34       1129.55       57.91        5.42      8
       430     42.47        662.50       65.25        0.00     10
       431     42.52       1127.55       57.91        5.42      6
       432     42.56       3438.30       81.85       26.08     12
       433     42.59       1127.55       57.91        5.42      6
       434     42.70       1131.55       57.91        5.42     10
       435     42.80       1129.55       57.91        5.42      8
       436     42.98        662.50       65.25        0.00     10
       437     43.03       1129.55       57.91        5.42      8
       438     43.07       1129.55       57.91        5.42      8
       439     43.24       1129.55       57.91        5.42      8
       440     43.35       1131.55       57.91        5.42     10
       441     43.44       1131.55       57.91        5.42     10
       442     43.58       1127.55       57.91        5.42      6
       443     43.73       1131.55       57.91        5.42     10
       444     43.83       1131.55       57.91        5.42     10
       445     43.93       1129.55       57.91        5.42      8
       446     44.00       1127.55       57.91        5.42      6
       447     44.14       1131.55       57.91        5.42     10
       448     44.23       1131.55       57.91        5.42     10
       449     44.32       1131.55       57.91        5.42     10
       450     44.45       1129.55       57.91        5.42      8
       451     44.59       1131.55       57.91        5.42     10
       452     44.70       1131.55       57.91        5.42     10
       453     44.84       1131.55       57.91        5.42     10
       454     44.96       1129.55       57.91        5.42      8
       455     45.10       1131.55       57.91        5.42     10
       456     45.17       1131.55       57.91        5.42     10
       457     45.29       1131.55       57.91        5.42     10
       458     45.37       1127.55       57.91        5.42      6
       459     45.48       1131.55       57.91        5.42     10
       460     45.58       1129.55       57.91        5.42      8
       461     45.67       1131.55       57.91        5.42     10
       462     45.78       1131.55       57.91        5.42     10
       463     45.90       1129.55       57.91        5.42      8
       464     45.96       1129.55       57.91        5.42      8
       465     46.03       1127.55       57.91        5.42      6
       466     46.14       1131.55       57.91        5.42     10
       467     46.21       1131.55       57.91        5.42     10
       468     46.31       1131.55       57.91        5.42     10
       469     46.41       1129.55       57.91        5.42      8
       470     46.48       1131.55       57.91        5.42     10
       471     46.58       1131.55       57.91        5.42     10
       472     46.67       1131.55       57.91        5.42     10
       473     46.77       1131.55       57.91        5.42     10
       474     46.85       1131.55       57.91        5.42     10
       475     46.92       1131.55       57.91        5.42     10
       476     46.97       1129.55       57.91        5.42      8
       477     47.07       1125.55       57.91        5.42      4
       478     47.18       1131.55       57.91        5.42     10
       479     47.25       2188.80       78.00       14.01      8
       480     47.28       1129.55       57.91        5.42      8
       481     47.46       1129.55       57.91        5.42      8
       482     47.59       1131.55       57.91        5.42     10
       483     47.71       1131.55       57.91        5.42     10
       484     47.86       1131.55       57.91        5.42     10
       485     48.02       1129.55       57.91        5.42      8
       486     48.21       1131.55       57.91        5.42     10
       487     48.33       1131.55       57.91        5.42     10
       488     48.41       1129.55       57.91        5.42      8
       489     48.63       1131.55       57.91        5.42     10
       490     48.71       1129.55       57.91        5.42      8
       491     48.87       1131.55       57.91        5.42     10
       492     49.01       1129.55       57.91        5.42      8
       493     49.15       1131.55       57.91        5.42     10
       494     49.25       1129.55       57.91        5.42      8
       495     49.33       1131.55       57.91        5.42     10
       496     49.39       1127.55       57.91        5.42      6
       497     49.52       1125.55       57.91        5.42      4
       498     49.57        662.50       65.25        0.00     10
       499     49.61       1131.55       57.91        5.42     10
       500     49.70        664.50       65.25        0.00     12
       501     49.73       1125.55       57.91        5.42      4
       502     49.79       2118.00       83.37       12.78      6
       503     49.82       1125.55       57.91        5.42      4
       504     49.94       1131.55       57.91        5.42     10
       505     50.03       1131.55       57.91        5.42     10
       506     50.09       1131.55       57.91        5.42     10
       507     50.14       1131.55       57.91        5.42     10
       508     50.21       1127.55       57.91        5.42      6
       509     50.28       1131.55       57.91        5.42     10
       510     50.37       1125.55       57.91        5.42      4
       511     50.40       1129.55       57.91        5.42      8
       512     50.47       1131.55       57.91        5.42     10
       513     50.53       1131.55       57.91        5.42     10
       514     50.58       1129.55       57.91        5.42      8
       515     50.65       1127.55       57.91        5.42      6
       516     50.70       1129.55       57.91        5.42      8
       517     50.83       1131.55       57.91        5.42     10
       518     50.88       1131.55       57.91        5.42     10
       519     50.94       1131.55       57.91        5.42     10
       520     50.99       1127.55       57.91        5.42      6
       521     51.05       1131.55       57.91        5.42     10
       522     51.13       1131.55       57.91        5.42     10
       523     51.20       1131.55       57.91        5.42     10
       524     51.27       1131.55       57.91        5.42     10
       525     51.33       1127.55       57.91        5.42      6
       526     51.38       1131.55       57.91        5.42     10
       527     51.47       1129.55       57.91        5.42      8
       528     51.54       1131.55       57.91        5.42     10
       529     51.62       1127.55       57.91        5.42      6
       530     51.67       1125.55       57.91        5.42      4
       531     51.74       1131.55       57.91        5.42     10
       532     51.82       1131.55       57.91        5.42     10
       533     51.87       1127.55       57.91        5.42      6
       534     51.92       1131.55       57.91        5.42     10
       535     51.97       1131.55       57.91        5.42     10
       536     52.05       1131.55       57.91        5.42     10
       537     52.10       1131.55       57.91        5.42     10
       538     52.23       1129.55       57.91        5.42      8
       539     52.27       1131.55       57.91        5.42     10
       540     52.33       1131.55       57.91        5.42     10
       541     52.36       1129.55       57.91        5.42      8
       542     52.49       1131.55       57.91        5.42     10
       543     52.56       1131.55       57.91        5.42     10
       544     52.63       2731.95       81.95       19.06      6
       545     52.66       1127.55       57.91        5.42      6
       546     52.72       1127.55       57.91        5.42      6
       547     52.78       1127.55       57.91        5.42      6
       548     52.85       1131.55       57.91        5.42     10
       549     52.91       1129.55       57.91        5.42      8
       550     53.02       1129.55       57.91        5.42      8
       551     53.07        662.50       65.25        0.00     10
       552     53.09       1129.55       57.91        5.42      8
       553     53.15       1125.55       57.91        5.42      4
       554     53.19       1129.55       57.91        5.42      8
       555     53.25       1131.55       57.91        5.42     10
       556     53.30       1131.55       57.91        5.42     10
       557     53.34       1129.55       57.91        5.42      8
       558     53.41       1129.55       57.91        5.42      8
       559     53.52       1131.55       57.91        5.42     10
       560     53.59       1131.55       57.91        5.42     10
       561     53.65       1127.55       57.91        5.42      6
       562     53.76        633.90       62.59        0.00      8
       563     53.78       1131.55       57.91        5.42     10
       564     53.82       1129.55       57.91        5.42      8
       565     53.88        662.50       65.25        0.00     10
       566     53.91       1125.55       57.91        5.42      4
       567     53.97       1025.40       65.25        3.61     12
       568     54.00        664.50       65.25        0.00     12
       569     54.02       1131.55       57.91        5.42     10
       570     54.09       1131.55       57.91        5.42     10
       571     54.15       1129.55       57.91        5.42      8
       572     54.23       1129.55       57.91        5.42      8
       573     54.32       1129.55       57.91        5.42      8
       574     54.36       1129.55       57.91        5.42      8
       575     54.42       1131.55       57.91        5.42     10
       576     54.47       1131.55       57.91        5.42     10
       577     54.52       1131.55       57.91        5.42     10
       578     54.56       1127.55       57.91        5.42      6
       579     54.61       1131.55       57.91        5.42     10
       580     54.66        662.50       65.25        0.00     10
       581     54.67       1125.55       57.91        5.42      4
       582     54.71       1129.55       57.91        5.42      8
       583     54.75       1131.55       57.91        5.42     10
       584     54.80       1129.55       57.91        5.42      8
       585     54.88       1131.55       57.91        5.42     10
       586     54.91       1129.55       57.91        5.42      8
       587     54.96       1129.55       57.91        5.42      8
       588     54.99       1129.55       57.91        5.42      8
       589     55.04       1129.55       57.91        5.42      8
       590     55.09       1131.55       57.91        5.42     10
       591     55.14       1129.55       57.91        5.42      8
       592     55.21       1131.55       57.91        5.42     10
       593     55.25       1131.55       57.91        5.42     10
       594     55.30       1131.55       57.91        5.42     10
       595     55.34       1129.55       57.91        5.42      8
       596     55.37       1131.55       57.91        5.42     10
       597     55.41       1131.55       57.91        5.42     10
       598     55.45       1131.55       57.91        5.42     10
       599     55.49       1131.55       57.91        5.42     10
       600     55.54       1129.55       57.91        5.42      8
       601     55.58       1131.55       57.91        5.42     10
       602     55.63       1131.55       57.91        5.42     10
       603     55.67       1131.55       57.91        5.42     10
       604     55.73       1131.55       57.91        5.42     10
       605     55.77       1131.55       57.91        5.42     10
       606     55.80       1131.55       57.91        5.42     10
       607     55.83       1131.55       57.91        5.42     10
       608     55.88       1131.55       57.91        5.42     10
       609     55.91       4146.60       76.22       33.76      8
       610     55.93       1131.55       57.91        5.42     10
       611     55.97       1129.55       57.91        5.42      8
       612     56.02       1131.55       57.91        5.42     10
       613     56.06       1129.55       57.91        5.42      8
       614     56.11       1129.55       57.91        5.42      8
       615     56.18       1125.55       57.91        5.42      4
       616     56.23        662.50       65.25        0.00     10
       617     56.25       1131.55       57.91        5.42     10
       618     56.31       1131.55       57.91        5.42     10
       619     56.35       1131.55       57.91        5.42     10
       620     56.38       1129.55       57.91        5.42      8
       621     56.43       1129.55       57.91        5.42      8
       622     56.48       1129.55       57.91        5.42      8
       623     56.55       1131.55       57.91        5.42     10
       624     56.61       1004.27       62.94        3.61     14
       625     56.62        662.50       65.25        0.00     10
       626     56.64       1129.55       57.91        5.42      8
       627     56.69       1129.55       57.91        5.42      8
       628     56.72       1129.55       57.91        5.42      8
       629     56.78       1131.55       57.91        5.42     10
       630     56.83       1131.55       57.91        5.42     10
       631     56.90       1133.55       57.91        5.42     12
       632     56.94       1129.55       57.91        5.42      8
       633     57.02       1131.55       57.91        5.42     10
       634     57.06       1129.55       57.91        5.42      8
       635     57.09       3436.30       81.85       26.08     10
       636     57.11       1129.55       57.91        5.42      8
       637     57.17       1131.55       57.91        5.42     10
       638     57.22       1131.55       57.91        5.42     10
       639     57.32       1131.55       57.91        5.42     10
       640     57.36       1131.55       57.91        5.42     10
       641     57.39       1125.55       57.91        5.42      4
       642     57.44       1129.55       57.91        5.42      8
       643     57.49       1131.55       57.91        5.42     10
       644     57.53       1131.55       57.91        5.42     10
       645     57.57       1131.55       57.91        5.42     10
       646     57.63       1129.55       57.91        5.42      8
       647     57.67       1129.55       57.91        5.42      8
       648     57.71       1131.55       57.91        5.42     10
       649     57.74       1131.55       57.91        5.42     10
       650     57.79       1131.55       57.91        5.42     10
       651     57.87       1131.55       57.91        5.42     10
       652     57.92       1131.55       57.91        5.42     10
       653     57.98       1131.55       57.91        5.42     10
       654     58.03       1131.55       57.91        5.42     10
       655     58.08       1131.55       57.91        5.42     10
       656     58.13       1129.55       57.91        5.42      8
       657     58.17       1127.55       57.91        5.42      6
       658     58.23       1127.55       57.91        5.42      6
       659     58.26       1131.55       57.91        5.42     10
       660     58.31       1131.55       57.91        5.42     10
       661     58.35       1127.55       57.91        5.42      6
       662     58.41       1131.55       57.91        5.42     10
       663     58.45        662.50       65.25        0.00     10
       664     58.47       1129.55       57.91        5.42      8
       665     58.52       1131.55       57.91        5.42     10
       666     58.56       1131.55       57.91        5.42     10
       667     58.64       1131.55       57.91        5.42     10
       668     58.66       1129.55       57.91        5.42      8
       669     58.71       1129.55       57.91        5.42      8
       670     58.74        633.90       62.59        0.00      8
       671     58.76       1129.55       57.91        5.42      8
       672     58.81       1131.55       57.91        5.42     10
       673     58.91       1131.55       57.91        5.42     10
       674     58.97       1129.55       57.91        5.42      8
       675     59.02       1131.55       57.91        5.42     10
       676     59.05       1127.55       57.91        5.42      6
       677     59.14       1129.55       57.91        5.42      8
       678     59.18       1127.55       57.91        5.42      6
       679     59.24       1131.55       57.91        5.42     10
       680     59.28       1131.55       57.91        5.42     10
       681     59.32       1131.55       57.91        5.42     10
       682     59.37       1131.55       57.91        5.42     10
       683     59.42       1131.55       57.91        5.42     10
       684     59.46       1131.55       57.91        5.42     10
       685     59.51       1131.55       57.91        5.42     10
       686     59.56       1131.55       57.91        5.42     10
       687     59.61       1131.55       57.91        5.42     10
       688     59.66       1129.55       57.91        5.42      8
       689     59.74       1131.55       57.91        5.42     10
       690     59.79       1129.55       57.91        5.42      8
       691     59.84       1129.55       57.91        5.42      8
       692     59.88       1129.55       57.91        5.42      8
       693     59.93        662.50       65.25        0.00     10
       694     59.95       1131.55       57.91        5.42     10
       695     59.98       1131.55       57.91        5.42     10
  ------------------------------------------------------------
