========================================================================
  Topology-Aware Heuristic — run summary
========================================================================
  Instance aircraft : 30
  Positions         : ['P1', 'P2', 'P3', 'P4', 'P5']
  Blocking load     : P1=0  P2=0  P3=2  P4=1  P5=0

  Parameters:
    time_limit_s: 60
    min_separation: 10.0
    weight_makespan: 0.1
    weight_delay: 1.0
    weight_movements: 10
    weight_topology: 1.0
    alpha: 0.3
    seed: None
    log_enabled: True
    MIPGap: 0.0
    NoRelHeurTime: 0

========================================================================
  Iterations: 30
  Best objective: 228.3780
  Makespan: 238.1000   Delay: 184.5680   Movements: 2
========================================================================

  Improvement log:
  iter=1  t=0.00s  obj=257.38  makespan=245.33  delay=212.85  mov=2  *
  iter=5  t=8.91s  obj=256.50  makespan=245.33  delay=211.97  mov=2  *
  iter=8  t=15.91s  obj=235.07  makespan=247.40  delay=210.33  mov=0  *
  iter=9  t=18.33s  obj=228.38  makespan=238.10  delay=184.57  mov=2  *

========================================================================
  Best solution — aircraft assignments:
  ID      Pos    load   duration     start    finish    delay
  --------------------------------------------------------
  R3      P3        2      19.65      0.00     19.65     0.00
  R1      P2        0      26.62      0.00     26.62     0.00
  R2      P5        0      29.04      0.00     29.04     0.00
  R4      P4        1      26.60      0.00     26.60     0.00
  R7      P1        0      23.76      9.38     33.14     0.00
  R8      P3        2       6.50     29.65     36.15     0.00
  R5      P4        1      27.39     36.60     63.99     0.00
  R15     P2        0      16.75     36.62     53.37     0.00
  R10     P1        0      30.05     43.14     73.19     0.00
  R9      P3        2      17.47     46.15     63.62     0.00
  R20     P2        0      21.70     63.37     85.07     0.00
  R14     P5        0      36.54     70.15    106.69     0.00
  R6      P4        1      32.70     73.99    106.69     0.00
  R13     P3        2      31.50     73.99    105.49     0.00
  R11     P1        0      35.39     83.19    118.58     0.00
  R23     P2        0      20.42     95.07    115.49     0.00
  R12     P4        1      31.28    116.69    147.97     0.00
  R19     P3        2      25.37    116.69    142.06     0.00
  R21     P5        0      27.48    116.69    144.17     0.00
  R24     P2        0      22.14    125.49    147.63     0.00
  R16     P1        0      36.10    128.58    164.68     0.00
  R22     P5        0      33.40    156.76    190.16     0.00
  R27     P2        0      21.10    157.63    178.73     9.38
  R17     P4        1      32.19    157.97    190.16     2.44
  R28     P3        2      22.64    157.97    180.61    10.99
  R18     P1        0      31.95    174.68    206.63    15.30
  R29     P2        0      41.37    188.73    230.10    28.62
  R25     P4        1      36.68    200.16    236.84    40.72
  R26     P5        0      37.94    200.16    238.10    42.59
  R30     P3        2      34.12    200.16    234.28    34.53
========================================================================
