========================================================================
  Topology-Aware Heuristic — run summary
========================================================================
  Instance aircraft : 10
  Positions         : ['P1', 'P2', 'P3', 'P4', 'P5']
  Blocking load     : P1=0  P2=0  P3=2  P4=1  P5=0

  Parameters:
    time_limit_s: 60
    min_separation: 10.0
    weight_makespan: 0.1
    weight_delay: 1.0
    weight_movements: 10
    weight_topology: 1.0
    alpha: 0.3
    seed: None
    log_enabled: True
    MIPGap: 0.0
    NoRelHeurTime: 0

========================================================================
  Iterations: 709
  Best objective: 17.1470
  Makespan: 74.7500   Delay: 9.6720   Movements: 0
========================================================================

  Improvement log:
  iter=1  t=0.00s  obj=31.25  makespan=83.37  delay=22.91  mov=0  *
  iter=9  t=0.22s  obj=30.97  makespan=67.77  delay=24.19  mov=0  *
  iter=13  t=0.35s  obj=26.56  makespan=77.39  delay=18.82  mov=0  *
  iter=18  t=0.90s  obj=24.03  makespan=73.37  delay=16.69  mov=0  *
  iter=515  t=47.92s  obj=17.15  makespan=74.75  delay=9.67  mov=0  *

========================================================================
  Best solution — aircraft assignments:
  ID      Pos    load   duration     start    finish    delay
  --------------------------------------------------------
  R3      P3        2      16.05      0.00     16.05     0.00
  R2      P5        0      25.44      0.00     25.44     0.00
  R1      P4        1      21.52      0.00     21.52     0.00
  R8      P1        0       7.74     13.02     20.75     0.00
  R10     P2        0       9.26     18.84     28.10     0.00
  R7      P3        2      21.55     26.05     47.60     0.00
  R4      P1        0      20.17     30.75     50.92     0.00
  R5      P2        0      20.40     38.10     58.50     0.00
  R9      P5        0      27.15     47.60     74.75     4.16
  R6      P4        1      20.80     47.60     68.40     5.51
========================================================================
