========================================================================
  ConstructiveHeuristic — unknown
========================================================================
  alpha=0.7  time_limit=60s  seed=None  min_sep=10.0
  weights: makespan=0.1  delay=1.0  movements=10

  Instance: 5 aircraft  5 positions  3 blocking arcs
  Blocking arcs: P3→P4  P3→P5  P4→P5

────────────────────────────────────────────────────────────────────────
  Best construction detail  (iter 1  obj=7.2030)
────────────────────────────────────────────────────────────────────────
Blocking arcs: P3→P4  P3→P5  P4→P5

Aircraft initial ranking (target_finish ASC, total_duration ASC):
  Rank   ID       earliest     target    duration
  ----------------------------------------------
  [ 0]  R3          13.63      55.59       26.31
  [ 1]  R1           0.00      73.50       35.48
  [ 2]  R2           0.00      79.50       38.85
  [ 3]  R4          14.52      84.05       35.43
  [ 4]  R5          27.33      92.70       36.55

========================================================================
  STEP 1/5
========================================================================

  Pair evaluation  (25 pairs):
    Rank   ID      Pos     t_start   t_finish    delay      gap   blocking      score    weight     P(%)   cum(%)
    ---------------------------------------------------------------------------------------------------------
    [ 0]  R1      P1         0.00      35.48     0.00     0.00       none       3.55    1.0000   70.00%   70.00%
    [ 1]  R1      P2         0.00      35.48     0.00     0.00       none       3.55    0.3000   21.00%   91.00%
    [ 2]  R1      P3         0.00      35.48     0.00     0.00       none       3.55    0.0900    6.30%   97.30%
    [ 3]  R1      P4         0.00      35.48     0.00     0.00       none       3.55    0.0270    1.89%   99.19%
    [ 4]  R1      P5         0.00      35.48     0.00     0.00       none       3.55    0.0081    0.57%   99.76%
    [ 5]  R2      P1         0.00      38.85     0.00     0.00       none       3.89    0.0024    0.17%   99.93%
    [ 6]  R2      P2         0.00      38.85     0.00     0.00       none       3.89    0.0007    0.05%   99.98%
    [ 7]  R2      P3         0.00      38.85     0.00     0.00       none       3.89    0.0002    0.02%   99.99%
    [ 8]  R2      P4         0.00      38.85     0.00     0.00       none       3.89    0.0001    0.00%  100.00%
    [ 9]  R2      P5         0.00      38.85     0.00     0.00       none       3.89    0.0000    0.00%  100.00%
    [10]  R3      P1        13.63      39.94     0.00     0.00       none       3.99    0.0000    0.00%  100.00%
    [11]  R3      P2        13.63      39.94     0.00     0.00       none       3.99    0.0000    0.00%  100.00%
    [12]  R3      P3        13.63      39.94     0.00     0.00       none       3.99    0.0000    0.00%  100.00%
    [13]  R3      P4        13.63      39.94     0.00     0.00       none       3.99    0.0000    0.00%  100.00%
    [14]  R3      P5        13.63      39.94     0.00     0.00       none       3.99    0.0000    0.00%  100.00%
    [15]  R4      P1        14.52      49.95     0.00     0.00       none       5.00    0.0000    0.00%  100.00%
    [16]  R4      P2        14.52      49.95     0.00     0.00       none       5.00    0.0000    0.00%  100.00%
    [17]  R4      P3        14.52      49.95     0.00     0.00       none       5.00    0.0000    0.00%  100.00%
    [18]  R4      P4        14.52      49.95     0.00     0.00       none       5.00    0.0000    0.00%  100.00%
    [19]  R4      P5        14.52      49.95     0.00     0.00       none       5.00    0.0000    0.00%  100.00%
    [20]  R5      P1        27.33      63.88     0.00     0.00       none       6.39    0.0000    0.00%  100.00%
    [21]  R5      P2        27.33      63.88     0.00     0.00       none       6.39    0.0000    0.00%  100.00%
    [22]  R5      P3        27.33      63.88     0.00     0.00       none       6.39    0.0000    0.00%  100.00%
    [23]  R5      P4        27.33      63.88     0.00     0.00       none       6.39    0.0000    0.00%  100.00%
    [24]  R5      P5        27.33      63.88     0.00     0.00       none       6.39    0.0000    0.00%  100.00%
    draw=1.0213  →  (R1, P2) (rank 1) selected

  Assignment: R1 → P2  [0.00 → 35.48]  delay=0.00
    J1-1       [0.00 → 14.88]
    J1-2       [14.88 → 28.04]
    J1-3       [28.04 → 35.48]

  Assigned so far:
    ID      Pos       start    finish    delay
    ----------------------------------------
    R1      P2         0.00     35.48     0.00

========================================================================
  STEP 2/5
========================================================================

  Pair evaluation  (20 pairs):
    Rank   ID      Pos     t_start   t_finish    delay      gap   blocking      score    weight     P(%)   cum(%)
    ---------------------------------------------------------------------------------------------------------
    [ 0]  R2      P1         0.00      38.85     0.00     0.00       none       3.89    1.0000   70.00%   70.00%
    [ 1]  R2      P3         0.00      38.85     0.00     0.00       none       3.89    0.3000   21.00%   91.00%
    [ 2]  R2      P4         0.00      38.85     0.00     0.00       none       3.89    0.0900    6.30%   97.30%
    [ 3]  R2      P5         0.00      38.85     0.00     0.00       none       3.89    0.0270    1.89%   99.19%
    [ 4]  R3      P1        13.63      39.94     0.00     0.00       none       3.99    0.0081    0.57%   99.76%
    [ 5]  R3      P3        13.63      39.94     0.00     0.00       none       3.99    0.0024    0.17%   99.93%
    [ 6]  R3      P4        13.63      39.94     0.00     0.00       none       3.99    0.0007    0.05%   99.98%
    [ 7]  R3      P5        13.63      39.94     0.00     0.00       none       3.99    0.0002    0.02%   99.99%
    [ 8]  R4      P1        14.52      49.95     0.00     0.00       none       5.00    0.0001    0.00%  100.00%
    [ 9]  R4      P3        14.52      49.95     0.00     0.00       none       5.00    0.0000    0.00%  100.00%
    [10]  R4      P4        14.52      49.95     0.00     0.00       none       5.00    0.0000    0.00%  100.00%
    [11]  R4      P5        14.52      49.95     0.00     0.00       none       5.00    0.0000    0.00%  100.00%
    [12]  R5      P1        27.33      63.88     0.00     0.00       none       6.39    0.0000    0.00%  100.00%
    [13]  R5      P3        27.33      63.88     0.00     0.00       none       6.39    0.0000    0.00%  100.00%
    [14]  R5      P4        27.33      63.88     0.00     0.00       none       6.39    0.0000    0.00%  100.00%
    [15]  R5      P5        27.33      63.88     0.00     0.00       none       6.39    0.0000    0.00%  100.00%
    [16]  R4      P2        45.48      80.91     0.00    10.00       none       9.09    0.0000    0.00%  100.00%
    [17]  R5      P2        45.48      82.03     0.00    10.00       none       9.20    0.0000    0.00%  100.00%
    [18]  R2      P2        45.48      84.33     4.83    10.00       none      14.26    0.0000    0.00%  100.00%
    [19]  R3      P2        45.48      71.79    16.20    10.00       none      24.38    0.0000    0.00%  100.00%
    draw=0.0534  →  (R2, P1) (rank 0) selected

  Assignment: R2 → P1  [0.00 → 38.85]  delay=0.00
    J2-1       [0.00 → 15.17]
    J2-2       [15.17 → 28.73]
    J2-3       [28.73 → 38.85]

  Assigned so far:
    ID      Pos       start    finish    delay
    ----------------------------------------
    R1      P2         0.00     35.48     0.00
    R2      P1         0.00     38.85     0.00

========================================================================
  STEP 3/5
========================================================================

  Pair evaluation  (15 pairs):
    Rank   ID      Pos     t_start   t_finish    delay      gap   blocking      score    weight     P(%)   cum(%)
    ---------------------------------------------------------------------------------------------------------
    [ 0]  R3      P3        13.63      39.94     0.00     0.00       none       3.99    1.0000   70.00%   70.00%
    [ 1]  R3      P4        13.63      39.94     0.00     0.00       none       3.99    0.3000   21.00%   91.00%
    [ 2]  R3      P5        13.63      39.94     0.00     0.00       none       3.99    0.0900    6.30%   97.30%
    [ 3]  R4      P3        14.52      49.95     0.00     0.00       none       5.00    0.0270    1.89%   99.19%
    [ 4]  R4      P4        14.52      49.95     0.00     0.00       none       5.00    0.0081    0.57%   99.76%
    [ 5]  R4      P5        14.52      49.95     0.00     0.00       none       5.00    0.0024    0.17%   99.93%
    [ 6]  R5      P3        27.33      63.88     0.00     0.00       none       6.39    0.0007    0.05%   99.98%
    [ 7]  R5      P4        27.33      63.88     0.00     0.00       none       6.39    0.0002    0.02%   99.99%
    [ 8]  R5      P5        27.33      63.88     0.00     0.00       none       6.39    0.0001    0.00%  100.00%
    [ 9]  R4      P2        45.48      80.91     0.00    10.00       none       9.09    0.0000    0.00%  100.00%
    [10]  R5      P2        45.48      82.03     0.00    10.00       none       9.20    0.0000    0.00%  100.00%
    [11]  R5      P1        48.85      85.40     0.00    10.00       none       9.54    0.0000    0.00%  100.00%
    [12]  R4      P1        48.85      84.28     0.23    10.00       none       9.66    0.0000    0.00%  100.00%
    [13]  R3      P2        45.48      71.79    16.20    10.00       none      24.38    0.0000    0.00%  100.00%
    [14]  R3      P1        48.85      75.16    19.57    10.00       none      28.09    0.0000    0.00%  100.00%
    draw=0.2354  →  (R3, P3) (rank 0) selected

  Assignment: R3 → P3  [13.63 → 39.94]  delay=0.00
    J3-1       [13.63 → 26.91]
    J3-2       [26.91 → 39.94]

  Assigned so far:
    ID      Pos       start    finish    delay
    ----------------------------------------
    R1      P2         0.00     35.48     0.00
    R2      P1         0.00     38.85     0.00
    R3      P3        13.63     39.94     0.00

========================================================================
  STEP 4/5
========================================================================

  Pair evaluation  (10 pairs):
    Rank   ID      Pos     t_start   t_finish    delay      gap   blocking      score    weight     P(%)   cum(%)
    ---------------------------------------------------------------------------------------------------------
    [ 0]  R4      P4        39.94      75.37     0.00     0.00       none       7.54    1.0000   70.00%   70.00%
    [ 1]  R4      P5        39.94      75.37     0.00     0.00       none       7.54    0.3000   21.00%   91.00%
    [ 2]  R5      P4        39.94      76.49     0.00     0.00       none       7.65    0.0900    6.30%   97.30%
    [ 3]  R5      P5        39.94      76.49     0.00     0.00       none       7.65    0.0270    1.89%   99.19%
    [ 4]  R4      P2        45.48      80.91     0.00    10.00       none       9.09    0.0081    0.57%   99.76%
    [ 5]  R5      P2        45.48      82.03     0.00    10.00       none       9.20    0.0024    0.17%   99.93%
    [ 6]  R5      P1        48.85      85.40     0.00    10.00       none       9.54    0.0007    0.05%   99.98%
    [ 7]  R5      P3        49.94      86.49     0.00    10.00       none       9.65    0.0002    0.02%   99.99%
    [ 8]  R4      P1        48.85      84.28     0.23    10.00       none       9.66    0.0001    0.00%  100.00%
    [ 9]  R4      P3        49.94      85.37     1.32    10.00       none      10.86    0.0000    0.00%  100.00%
    draw=0.3630  →  (R4, P4) (rank 0) selected
  start-time compare  R4 → P4:  t_imm=14.52 cost=45.00 (2 new movs)  vs  t_nob=39.94 cost=7.54

  Assignment: R4 → P4  [39.94 → 75.37]  delay=0.00
    J4-1       [39.94 → 52.04]
    J4-2       [52.04 → 65.95]
    J4-3       [65.95 → 75.37]

  Assigned so far:
    ID      Pos       start    finish    delay
    ----------------------------------------
    R1      P2         0.00     35.48     0.00
    R2      P1         0.00     38.85     0.00
    R3      P3        13.63     39.94     0.00
    R4      P4        39.94     75.37     0.00

========================================================================
  STEP 5/5
========================================================================

  Pair evaluation  (5 pairs):
    Rank   ID      Pos     t_start   t_finish    delay      gap   blocking      score    weight     P(%)   cum(%)
    ---------------------------------------------------------------------------------------------------------
    [ 0]  R5      P5        39.94      76.49     0.00     0.00       none       7.65    1.0000   70.17%   70.17%
    [ 1]  R5      P2        45.48      82.03     0.00    10.00       none       9.20    0.3000   21.05%   91.22%
    [ 2]  R5      P1        48.85      85.40     0.00    10.00       none       9.54    0.0900    6.32%   97.54%
    [ 3]  R5      P3        75.37     111.92    19.22    35.43       none      33.95    0.0270    1.89%   99.43%
    [ 4]  R5      P4        85.37     121.92    29.22    10.00       none      42.41    0.0081    0.57%  100.00%
    draw=0.8248  →  (R5, P5) (rank 0) selected
  start-time compare  R5 → P5:  t_imm=27.33 cost=86.39 (4 new movs)  vs  t_nob=39.94 cost=7.65

  Assignment: R5 → P5  [39.94 → 76.49]  delay=0.00
    J5-1       [39.94 → 50.25]
    J5-2       [50.25 → 64.35]
    J5-3       [64.35 → 76.49]

  Assigned so far:
    ID      Pos       start    finish    delay
    ----------------------------------------
    R1      P2         0.00     35.48     0.00
    R2      P1         0.00     38.85     0.00
    R3      P3        13.63     39.94     0.00
    R4      P4        39.94     75.37     0.00
    R5      P5        39.94     76.49     0.00

========================================================================
  Iteration result:  makespan=76.49  movements=0  delay=0.00
========================================================================

========================================================================
  Local search start  obj=7.65
========================================================================
  LS 2-opt swap: R1 P2<->P3 R3  obj 7.65 -> 7.20
  Local search end    obj=7.20

────────────────────────────────────────────────────────────────────────
  Iteration history
────────────────────────────────────────────────────────────────────────
      Iter   Time(s)           Obj    Makespan       Delay    Mov
  ------------------------------------------------------------
         1      0.00          7.20       72.03        0.00      0  *
         2      0.18          7.20       72.03        0.00      0
         3      0.37          7.20       72.03        0.00      0
         4      0.62          7.20       72.03        0.00      0
         5      0.66          7.20       72.03        0.00      0
         6      0.68          7.20       72.03        0.00      0
         7      0.84          7.20       72.03        0.00      0
         8      0.86          7.20       72.03        0.00      0
         9      1.03          7.20       72.03        0.00      0
        10      1.65          7.20       72.03        0.00      0
        11      1.80          7.43       74.33        0.00      0
        12      1.89          7.20       72.03        0.00      0
        13      2.00          7.20       72.03        0.00      0
        14      2.08          7.20       72.03        0.00      0
        15      2.15          7.20       72.03        0.00      0
        16      2.30          7.20       72.03        0.00      0
        17      2.40          7.20       72.03        0.00      0
        18      2.47          7.20       72.03        0.00      0
        19      2.61          7.20       72.03        0.00      0
        20      2.64          8.09       80.91        0.00      0
        21      2.73          7.20       72.03        0.00      0
        22      2.80          8.09       80.91        0.00      0
        23      2.82          7.20       72.03        0.00      0
        24      2.95          7.20       72.03        0.00      0
        25      3.01          7.20       72.03        0.00      0
        26      3.11          7.20       72.03        0.00      0
        27      3.13          7.20       72.03        0.00      0
        28      3.16          7.20       72.03        0.00      0
        29      3.29          7.20       72.03        0.00      0
        30      3.39          7.20       72.03        0.00      0
        31      3.60          7.43       74.33        0.00      0
        32      3.64          8.09       80.91        0.00      0
        33      3.77          8.09       80.91        0.00      0
        34      3.80          7.43       74.28        0.00      0
        35      3.82          7.20       72.03        0.00      0
        36      3.95          7.20       72.03        0.00      0
        37      4.08          7.20       72.03        0.00      0
        38      4.10          7.20       72.03        0.00      0
        39      4.12          7.20       72.03        0.00      0
        40      4.22          7.20       72.03        0.00      0
        41      4.24          8.09       80.91        0.00      0
        42      4.26          7.20       72.03        0.00      0
        43      4.40          7.20       72.03        0.00      0
        44      4.42          8.09       80.91        0.00      0
        45      4.44          7.20       72.03        0.00      0
        46      4.69          7.20       72.03        0.00      0
        47      4.89          7.43       74.33        0.00      0
        48      5.24          7.20       72.03        0.00      0
        49      5.41          7.20       72.03        0.00      0
        50      5.45          7.20       72.03        0.00      0
        51      5.59          7.20       72.03        0.00      0
        52      5.64          7.20       72.03        0.00      0
        53      5.79          7.20       72.03        0.00      0
        54      5.94          7.43       74.28        0.00      0
        55      6.09          7.43       74.33        0.00      0
        56      6.22          7.43       74.28        0.00      0
        57      6.28          7.20       72.03        0.00      0
        58      6.55          7.20       72.03        0.00      0
        59      6.72          7.20       72.03        0.00      0
        60      6.92          7.20       72.03        0.00      0
        61      7.25          7.20       72.03        0.00      0
        62      7.76          7.20       72.03        0.00      0
        63      7.86          7.20       72.03        0.00      0
        64      7.88          7.20       72.03        0.00      0
        65      8.02          7.20       72.03        0.00      0
        66      8.18          7.20       72.03        0.00      0
        67      8.61          7.20       72.03        0.00      0
        68      9.79          7.20       72.03        0.00      0
        69     10.17          7.20       72.03        0.00      0
        70     10.33          7.20       72.03        0.00      0
        71     10.49          7.20       72.03        0.00      0
        72     10.52          7.20       72.03        0.00      0
        73     10.65          7.20       72.03        0.00      0
        74     10.70          7.20       72.03        0.00      0
        75     10.98          7.43       74.28        0.00      0
        76     11.14          7.20       72.03        0.00      0
        77     11.32          7.43       74.28        0.00      0
        78     11.34          8.09       80.91        0.00      0
        79     11.73          7.20       72.03        0.00      0
        80     12.05          7.20       72.03        0.00      0
        81     12.21          7.20       72.03        0.00      0
        82     12.73          7.20       72.03        0.00      0
        83     12.90          7.20       72.03        0.00      0
        84     13.03          7.20       72.03        0.00      0
        85     13.08          7.20       72.03        0.00      0
        86     13.88          7.20       72.03        0.00      0
        87     14.03          7.20       72.03        0.00      0
        88     14.14          7.20       72.03        0.00      0
        89     14.21          7.20       72.03        0.00      0
        90     14.35          7.20       72.03        0.00      0
        91     14.67          7.20       72.03        0.00      0
        92     14.88          7.20       72.03        0.00      0
        93     15.03          7.20       72.03        0.00      0
        94     15.20          7.20       72.03        0.00      0
        95     15.23          7.20       72.03        0.00      0
        96     15.39          7.43       74.28        0.00      0
        97     15.41          8.09       80.91        0.00      0
        98     15.57          7.20       72.03        0.00      0
        99     15.73          7.20       72.03        0.00      0
       100     15.76          7.20       72.03        0.00      0
       101     15.92          7.43       74.28        0.00      0
       102     15.94          7.20       72.03        0.00      0
       103     16.02          7.20       72.03        0.00      0
       104     16.08          7.20       72.03        0.00      0
       105     16.11          7.20       72.03        0.00      0
       106     16.25          7.20       72.03        0.00      0
       107     16.42          7.20       72.03        0.00      0
       108     16.62          7.20       72.03        0.00      0
       109     16.78          7.43       74.33        0.00      0
       110     16.94          7.20       72.03        0.00      0
       111     17.10          7.20       72.03        0.00      0
       112     17.29          7.20       72.03        0.00      0
       113     17.55          7.20       72.03        0.00      0
       114     17.89          7.20       72.03        0.00      0
       115     18.01          7.20       72.03        0.00      0
       116     18.10          7.20       72.03        0.00      0
       117     18.12          7.20       72.03        0.00      0
       118     18.28          7.43       74.33        0.00      0
       119     18.37          7.43       74.33        0.00      0
       120     18.75          7.20       72.03        0.00      0
       121     18.78          8.09       80.91        0.00      0
       122     18.92          7.20       72.03        0.00      0
       123     19.38          7.20       72.03        0.00      0
       124     19.68          7.20       72.03        0.00      0
       125     19.81          7.20       72.03        0.00      0
       126     19.87          8.09       80.91        0.00      0
       127     20.12          7.20       72.03        0.00      0
       128     20.31          7.20       72.03        0.00      0
       129     20.49          7.20       72.03        0.00      0
       130     20.75          7.20       72.03        0.00      0
       131     20.84          7.20       72.03        0.00      0
       132     20.99          7.20       72.03        0.00      0
       133     21.03          7.20       72.03        0.00      0
       134     21.18          7.20       72.03        0.00      0
       135     21.21          7.20       72.03        0.00      0
       136     21.34          7.20       72.03        0.00      0
       137     21.35          7.20       72.03        0.00      0
       138     21.49          8.09       80.91        0.00      0
       139     21.51          7.20       72.03        0.00      0
       140     21.64          7.20       72.03        0.00      0
       141     21.87          7.20       72.03        0.00      0
       142     21.88          7.20       72.03        0.00      0
       143     22.03          7.20       72.03        0.00      0
       144     22.19          7.20       72.03        0.00      0
       145     22.27          8.09       80.91        0.00      0
       146     22.33          7.20       72.03        0.00      0
       147     22.36          7.20       72.03        0.00      0
       148     22.73          7.20       72.03        0.00      0
       149     22.76          7.20       72.03        0.00      0
       150     22.78          7.20       72.03        0.00      0
       151     22.94          7.20       72.03        0.00      0
       152     22.99          7.20       72.03        0.00      0
       153     23.09          7.20       72.03        0.00      0
       154     23.11          7.20       72.03        0.00      0
       155     23.13          7.20       72.03        0.00      0
       156     23.27          7.20       72.03        0.00      0
       157     23.31          7.20       72.03        0.00      0
       158     23.43          7.20       72.03        0.00      0
       159     23.46          7.20       72.03        0.00      0
       160     23.48          7.20       72.03        0.00      0
       161     23.50          7.20       72.03        0.00      0
       162     23.64          7.20       72.03        0.00      0
       163     23.67          7.20       72.03        0.00      0
       164     23.80          7.20       72.03        0.00      0
       165     23.83          7.20       72.03        0.00      0
       166     23.89          7.20       72.03        0.00      0
       167     24.00          7.20       72.03        0.00      0
       168     24.02          7.20       72.03        0.00      0
       169     24.50          7.43       74.33        0.00      0
       170     25.01          7.20       72.03        0.00      0
       171     25.30          7.20       72.03        0.00      0
       172     25.70          7.20       72.03        0.00      0
       173     26.18          8.09       80.91        0.00      0
       174     26.28          7.20       72.03        0.00      0
       175     26.60          7.20       72.03        0.00      0
       176     26.84          7.20       72.03        0.00      0
       177     26.92          7.20       72.03        0.00      0
       178     27.01          7.20       72.03        0.00      0
       179     27.03          7.20       72.03        0.00      0
       180     27.21          7.20       72.03        0.00      0
       181     27.30          7.20       72.03        0.00      0
       182     27.36          7.20       72.03        0.00      0
       183     27.39          7.20       72.03        0.00      0
       184     27.52          7.20       72.03        0.00      0
       185     27.64          8.09       80.91        0.00      0
       186     27.78          7.20       72.03        0.00      0
       187     27.81          7.20       72.03        0.00      0
       188     27.83          8.09       80.91        0.00      0
       189     27.92          7.20       72.03        0.00      0
       190     28.10          7.20       72.03        0.00      0
       191     28.12          8.09       80.91        0.00      0
       192     28.17          7.20       72.03        0.00      0
       193     28.29          8.09       80.91        0.00      0
       194     28.42          7.20       72.03        0.00      0
       195     28.47          7.20       72.03        0.00      0
       196     28.58          7.43       74.28        0.00      0
       197     28.63          8.09       80.91        0.00      0
       198     28.64          8.09       80.91        0.00      0
       199     28.74          7.20       72.03        0.00      0
       200     28.81          7.20       72.03        0.00      0
       201     28.97          7.43       74.33        0.00      0
       202     29.18          7.20       72.03        0.00      0
       203     29.50          8.09       80.91        0.00      0
       204     29.64          7.20       72.03        0.00      0
       205     29.79          7.20       72.03        0.00      0
       206     29.95          7.20       72.03        0.00      0
       207     30.08          7.20       72.03        0.00      0
       208     30.22          7.20       72.03        0.00      0
       209     30.39          7.20       72.03        0.00      0
       210     30.50          7.20       72.03        0.00      0
       211     30.54          7.20       72.03        0.00      0
       212     30.83          7.20       72.03        0.00      0
       213     31.31          7.20       72.03        0.00      0
       214     31.76          7.20       72.03        0.00      0
       215     31.87          7.20       72.03        0.00      0
       216     31.99          8.09       80.91        0.00      0
       217     32.01          7.20       72.03        0.00      0
       218     32.14          8.09       80.91        0.00      0
       219     32.24          7.20       72.03        0.00      0
       220     32.46          7.20       72.03        0.00      0
       221     32.60          7.20       72.03        0.00      0
       222     32.73          8.09       80.91        0.00      0
       223     32.87          7.20       72.03        0.00      0
       224     32.92          7.20       72.03        0.00      0
       225     33.65          7.20       72.03        0.00      0
       226     33.92          7.20       72.03        0.00      0
       227     33.95          7.20       72.03        0.00      0
       228     34.12          7.20       72.03        0.00      0
       229     34.30          7.20       72.03        0.00      0
       230     34.47          7.20       72.03        0.00      0
       231     34.49          7.20       72.03        0.00      0
       232     34.64          7.20       72.03        0.00      0
       233     34.68          7.20       72.03        0.00      0
       234     34.83          7.20       72.03        0.00      0
       235     35.03          7.20       72.03        0.00      0
       236     35.12          7.20       72.03        0.00      0
       237     35.14          7.20       72.03        0.00      0
       238     35.31          7.20       72.03        0.00      0
       239     35.34          7.43       74.33        0.00      0
       240     35.46          7.20       72.03        0.00      0
       241     35.49          7.20       72.03        0.00      0
       242     35.52          7.20       72.03        0.00      0
       243     35.66          7.20       72.03        0.00      0
       244     35.68          7.20       72.03        0.00      0
       245     35.70          7.20       72.03        0.00      0
       246     35.85          7.20       72.03        0.00      0
       247     35.88          7.20       72.03        0.00      0
       248     36.02          7.20       72.03        0.00      0
       249     36.04          7.43       74.28        0.00      0
       250     36.21          7.20       72.03        0.00      0
       251     36.23          7.20       72.03        0.00      0
       252     36.37          7.20       72.03        0.00      0
       253     36.42          7.20       72.03        0.00      0
       254     36.52          7.20       72.03        0.00      0
       255     36.56          7.20       72.03        0.00      0
       256     36.68          7.20       72.03        0.00      0
       257     36.72          7.20       72.03        0.00      0
       258     37.01          7.20       72.03        0.00      0
       259     37.05          8.09       80.91        0.00      0
       260     37.19          7.20       72.03        0.00      0
       261     37.35          7.20       72.03        0.00      0
       262     37.63          7.20       72.03        0.00      0
       263     37.68          7.43       74.33        0.00      0
       264     37.84          8.09       80.91        0.00      0
       265     37.86          7.20       72.03        0.00      0
       266     38.08          7.20       72.03        0.00      0
       267     38.12          7.20       72.03        0.00      0
       268     38.23          7.20       72.03        0.00      0
       269     38.27          7.20       72.03        0.00      0
       270     38.43          7.20       72.03        0.00      0
       271     38.46          7.20       72.03        0.00      0
       272     38.68          7.20       72.03        0.00      0
       273     38.87          7.20       72.03        0.00      0
       274     39.05          7.20       72.03        0.00      0
       275     39.10          7.20       72.03        0.00      0
       276     39.18          7.20       72.03        0.00      0
       277     39.44          7.20       72.03        0.00      0
       278     39.60          7.20       72.03        0.00      0
       279     39.63          7.20       72.03        0.00      0
       280     39.66          7.20       72.03        0.00      0
       281     39.81          7.20       72.03        0.00      0
       282     39.96          7.20       72.03        0.00      0
       283     40.22          7.20       72.03        0.00      0
       284     40.53          7.20       72.03        0.00      0
       285     40.56          7.20       72.03        0.00      0
       286     40.70          7.20       72.03        0.00      0
       287     40.74          7.20       72.03        0.00      0
       288     40.91          7.43       74.28        0.00      0
       289     41.08          7.20       72.03        0.00      0
       290     41.10          7.20       72.03        0.00      0
       291     41.28          7.20       72.03        0.00      0
       292     41.61          7.20       72.03        0.00      0
       293     41.66          7.20       72.03        0.00      0
       294     41.67          7.20       72.03        0.00      0
       295     42.24          7.20       72.03        0.00      0
       296     42.27          7.20       72.03        0.00      0
       297     42.42          7.20       72.03        0.00      0
       298     42.57          7.20       72.03        0.00      0
       299     42.71          7.20       72.03        0.00      0
       300     42.75          7.20       72.03        0.00      0
       301     42.91          8.09       80.91        0.00      0
       302     42.92          7.20       72.03        0.00      0
       303     43.07          7.20       72.03        0.00      0
       304     43.10          7.43       74.28        0.00      0
       305     43.23          8.09       80.91        0.00      0
       306     43.47          7.20       72.03        0.00      0
       307     43.65          7.20       72.03        0.00      0
       308     43.81          7.20       72.03        0.00      0
       309     43.83          7.43       74.28        0.00      0
       310     43.96          7.20       72.03        0.00      0
       311     43.99          7.20       72.03        0.00      0
       312     44.00          7.20       72.03        0.00      0
       313     44.18          7.43       74.28        0.00      0
       314     44.46          7.20       72.03        0.00      0
       315     44.74          7.20       72.03        0.00      0
       316     44.94          7.20       72.03        0.00      0
       317     45.18          7.20       72.03        0.00      0
       318     45.27          7.20       72.03        0.00      0
       319     45.41          7.20       72.03        0.00      0
       320     45.50          8.09       80.91        0.00      0
       321     45.58          7.20       72.03        0.00      0
       322     45.61          7.20       72.03        0.00      0
       323     45.63          7.20       72.03        0.00      0
       324     45.76          7.20       72.03        0.00      0
       325     45.86          7.20       72.03        0.00      0
       326     45.95          7.20       72.03        0.00      0
       327     46.07          7.20       72.03        0.00      0
       328     46.12          7.20       72.03        0.00      0
       329     46.14          7.20       72.03        0.00      0
       330     46.32          7.20       72.03        0.00      0
       331     46.48          7.20       72.03        0.00      0
       332     46.61          7.20       72.03        0.00      0
       333     46.65          7.20       72.03        0.00      0
       334     46.67          7.20       72.03        0.00      0
       335     46.77          7.20       72.03        0.00      0
       336     46.83          7.20       72.03        0.00      0
       337     46.97          7.20       72.03        0.00      0
       338     47.03          7.20       72.03        0.00      0
       339     47.13          7.20       72.03        0.00      0
       340     47.22          7.20       72.03        0.00      0
       341     47.34          7.20       72.03        0.00      0
       342     47.49          7.20       72.03        0.00      0
       343     47.62          7.20       72.03        0.00      0
       344     47.64          7.43       74.33        0.00      0
       345     47.88          7.20       72.03        0.00      0
       346     48.02          8.09       80.91        0.00      0
       347     48.10          7.20       72.03        0.00      0
       348     48.30          7.20       72.03        0.00      0
       349     48.50          7.20       72.03        0.00      0
       350     48.67          7.20       72.03        0.00      0
       351     48.90          7.20       72.03        0.00      0
       352     49.10          7.20       72.03        0.00      0
       353     49.43          7.20       72.03        0.00      0
       354     49.61          7.20       72.03        0.00      0
       355     49.74          7.20       72.03        0.00      0
       356     49.87          7.20       72.03        0.00      0
       357     50.06          7.20       72.03        0.00      0
       358     50.16          7.20       72.03        0.00      0
       359     50.33          7.20       72.03        0.00      0
       360     50.36          7.43       74.28        0.00      0
       361     50.51          7.20       72.03        0.00      0
       362     50.55          7.20       72.03        0.00      0
       363     50.69          7.43       74.33        0.00      0
       364     50.71          7.20       72.03        0.00      0
       365     50.80          8.09       80.91        0.00      0
       366     50.86          7.20       72.03        0.00      0
       367     50.93          7.20       72.03        0.00      0
       368     51.04          8.09       80.91        0.00      0
       369     51.06          7.20       72.03        0.00      0
       370     51.31          7.20       72.03        0.00      0
       371     51.36          7.20       72.03        0.00      0
       372     51.50          7.20       72.03        0.00      0
       373     51.54          7.20       72.03        0.00      0
       374     51.65          7.43       74.28        0.00      0
       375     51.71          7.20       72.03        0.00      0
       376     51.74          7.20       72.03        0.00      0
       377     51.87          7.20       72.03        0.00      0
       378     52.05          7.43       74.33        0.00      0
       379     52.09          7.20       72.03        0.00      0
       380     52.22          7.20       72.03        0.00      0
       381     52.26          8.09       80.91        0.00      0
       382     52.31          7.20       72.03        0.00      0
       383     52.46          7.20       72.03        0.00      0
       384     52.59          7.20       72.03        0.00      0
       385     52.63          7.20       72.03        0.00      0
       386     52.75          7.20       72.03        0.00      0
       387     52.92          7.20       72.03        0.00      0
       388     53.05          7.20       72.03        0.00      0
       389     53.10          7.20       72.03        0.00      0
       390     53.17          7.20       72.03        0.00      0
       391     53.26          7.20       72.03        0.00      0
       392     53.29          7.20       72.03        0.00      0
       393     53.44          7.20       72.03        0.00      0
       394     53.46          7.43       74.28        0.00      0
       395     53.61          7.20       72.03        0.00      0
       396     53.65          7.20       72.03        0.00      0
       397     53.77          7.20       72.03        0.00      0
       398     53.81          7.20       72.03        0.00      0
       399     53.94          8.09       80.91        0.00      0
       400     53.95          7.20       72.03        0.00      0
       401     54.07          8.09       80.91        0.00      0
       402     54.10          7.43       74.28        0.00      0
       403     54.13          7.20       72.03        0.00      0
       404     54.34          7.20       72.03        0.00      0
       405     54.57          7.20       72.03        0.00      0
       406     54.70          7.20       72.03        0.00      0
       407     55.52          7.20       72.03        0.00      0
       408     55.67          7.20       72.03        0.00      0
       409     56.01          7.20       72.03        0.00      0
       410     56.19          7.20       72.03        0.00      0
       411     56.22          7.20       72.03        0.00      0
       412     56.45          7.20       72.03        0.00      0
       413     56.51          7.20       72.03        0.00      0
       414     56.62          7.20       72.03        0.00      0
       415     56.66          7.20       72.03        0.00      0
       416     56.77          7.20       72.03        0.00      0
       417     56.81          7.20       72.03        0.00      0
       418     56.93          7.20       72.03        0.00      0
       419     57.05          7.20       72.03        0.00      0
       420     57.14          7.20       72.03        0.00      0
       421     57.22          7.20       72.03        0.00      0
       422     57.45          7.20       72.03        0.00      0
       423     57.49          7.20       72.03        0.00      0
       424     57.62          7.20       72.03        0.00      0
       425     57.67          7.20       72.03        0.00      0
       426     57.78          7.20       72.03        0.00      0
       427     57.82          8.09       80.91        0.00      0
       428     57.84          7.20       72.03        0.00      0
       429     57.97          7.20       72.03        0.00      0
       430     58.00          7.20       72.03        0.00      0
       431     58.12          7.20       72.03        0.00      0
       432     58.15          7.43       74.33        0.00      0
       433     58.17          7.20       72.03        0.00      0
       434     58.28          7.20       72.03        0.00      0
       435     58.34          7.43       74.33        0.00      0
       436     58.41          7.20       72.03        0.00      0
       437     58.49          7.43       74.28        0.00      0
       438     58.52          7.43       74.28        0.00      0
       439     58.65          7.20       72.03        0.00      0
       440     58.67          7.20       72.03        0.00      0
       441     58.72          7.20       72.03        0.00      0
       442     58.80          7.20       72.03        0.00      0
       443     59.06          7.20       72.03        0.00      0
       444     59.12          7.20       72.03        0.00      0
       445     59.25          8.09       80.91        0.00      0
       446     59.41          7.20       72.03        0.00      0
       447     59.64          7.20       72.03        0.00      0
  ------------------------------------------------------------
