========================================================================
  Topology-Aware Heuristic — run summary
========================================================================
  Instance aircraft : 30
  Positions         : ['P1', 'P2', 'P3', 'P4', 'P5']
  Blocking load     : P1=0  P2=0  P3=2  P4=1  P5=0

  Parameters:
    time_limit_s: 60
    min_separation: 10.0
    weight_makespan: 0.1
    weight_delay: 1.0
    weight_movements: 10
    weight_topology: 1.0
    alpha: 0.3
    seed: None
    log_enabled: True
    MIPGap: 0.0
    NoRelHeurTime: 0

========================================================================
  Iterations: 1
  Best objective: 259.1970
  Makespan: 247.5600   Delay: 234.4410   Movements: 0
========================================================================

  Improvement log:
  iter=1  t=0.38s  obj=259.20  makespan=247.56  delay=234.44  mov=0  *

========================================================================
  Best solution — aircraft assignments:
  ID      Pos    load   duration     start    finish    delay
  --------------------------------------------------------
  R3      P2        0      19.65      0.00     19.65     0.00
  R1      P4        1      26.62      0.00     26.62     0.00
  R2      P1        0      29.04      0.00     29.04     0.00
  R4      P3        2      26.60      0.00     26.60     0.00
  R11     P5        0      35.39     28.62     64.01     0.00
  R15     P2        0      16.75     29.65     46.40     0.00
  R5      P4        1      27.39     36.62     64.01     0.00
  R7      P3        2      23.76     36.62     60.38     0.00
  R8      P1        0       6.50     39.04     45.54     0.00
  R9      P1        0      17.47     55.54     73.01     0.00
  R19     P2        0      25.37     56.40     81.77     0.00
  R6      P4        1      32.70     74.01    106.71     0.00
  R13     P3        2      31.50     74.01    105.51     0.00
  R16     P5        0      36.10     74.01    110.11     0.00
  R10     P1        0      30.05     83.01    113.06     0.00
  R20     P2        0      21.70     91.77    113.47     2.39
  R17     P5        0      32.19    120.11    152.30     0.00
  R18     P4        1      31.95    120.11    152.06     0.00
  R21     P3        2      27.48    120.11    147.59     0.00
  R12     P1        0      31.28    123.06    154.34     0.00
  R23     P2        0      20.42    123.47    143.89    27.43
  R27     P2        0      21.10    153.89    174.99     5.64
  R22     P5        0      33.40    162.30    195.70     3.77
  R24     P3        2      22.14    162.30    184.44    22.37
  R28     P4        1      22.64    162.30    184.94    15.32
  R14     P1        0      36.54    164.34    200.88    12.99
  R30     P2        0      34.12    184.99    219.11    19.36
  R26     P3        2      37.94    195.70    233.64    38.13
  R29     P4        1      41.37    195.70    237.07    35.59
  R25     P1        0      36.68    210.88    247.56    51.44
========================================================================
