========================================================================
  Topology-Aware Heuristic — run summary
========================================================================
  Instance aircraft : 5
  Positions         : ['P1', 'P2', 'P3', 'P4', 'P5']
  Blocking load     : P1=0  P2=0  P3=2  P4=1  P5=0

  Parameters:
    time_limit_s: 60
    min_separation: 10.0
    weight_makespan: 0.1
    weight_delay: 1.0
    weight_movements: 10
    weight_topology: 0.0
    alpha: 0.3
    seed: None
    log_enabled: True
    MIPGap: 0.0
    NoRelHeurTime: 0

========================================================================
  Iterations: 10678
  Best objective: 3.1220
  Makespan: 31.2200   Delay: 0.0000   Movements: 0
========================================================================

  Improvement log:
  iter=1  t=0.00s  obj=4.98  makespan=49.78  delay=0.00  mov=0  *
  iter=2  t=0.00s  obj=3.12  makespan=31.22  delay=0.00  mov=0  *

========================================================================
  Best solution — aircraft assignments:
  ID      Pos    load   duration     start    finish    delay
  --------------------------------------------------------
  R1      P2        0      23.45      0.00     23.45     0.00
  R3      P1        0      31.22      0.00     31.22     0.00
  R2      P3        2      18.81      0.00     18.81     0.00
  R4      P4        1      20.97      0.00     20.97     0.00
  R5      P5        0      25.85      0.00     25.85     0.00
========================================================================
