========================================================================
  Topology-Aware Heuristic — run summary
========================================================================
  Instance aircraft : 20
  Positions         : ['P1', 'P2', 'P3', 'P4', 'P5']
  Blocking load     : P1=0  P2=0  P3=2  P4=1  P5=0

  Parameters:
    time_limit_s: 60
    min_separation: 10.0
    weight_makespan: 0.1
    weight_delay: 1.0
    weight_movements: 10
    weight_topology: 1.0
    alpha: 0.3
    seed: None
    log_enabled: True
    MIPGap: 0.0
    NoRelHeurTime: 0

========================================================================
  Iterations: 32
  Best objective: 219.3130
  Makespan: 107.9100   Delay: 208.5220   Movements: 0
========================================================================

  Improvement log:
  iter=1  t=0.05s  obj=284.92  makespan=107.50  delay=274.17  mov=0  *
  iter=5  t=7.57s  obj=278.94  makespan=118.17  delay=267.13  mov=0  *
  iter=14  t=20.10s  obj=243.70  makespan=107.67  delay=232.94  mov=0  *
  iter=16  t=23.17s  obj=219.31  makespan=107.91  delay=208.52  mov=0  *

========================================================================
  Best solution — aircraft assignments:
  ID      Pos    load   duration     start    finish    delay
  --------------------------------------------------------
  R1      P2        0      18.30      0.00     18.30     0.00
  R2      P5        0      15.20      0.00     15.20     0.00
  R7      P4        1      13.93      1.21     15.14     0.00
  R6      P1        0      17.28      1.33     18.61     0.00
  R12     P3        2       5.78      8.13     13.91     0.00
  R4      P5        0      16.65     25.20     41.85     0.00
  R8      P4        1      15.47     25.20     40.67     0.00
  R18     P3        2       8.07     25.20     33.27     0.00
  R9      P2        0      12.59     28.30     40.89     0.00
  R16     P1        0       6.63     28.61     35.24     1.65
  R15     P1        0      13.77     45.24     59.01     0.00
  R10     P2        0      11.87     50.89     62.76     2.17
  R5      P5        0      21.24     51.85     73.09     6.16
  R14     P4        1      21.00     51.85     72.85     7.57
  R20     P3        2       9.78     51.85     61.63    20.60
  R17     P1        0      22.10     69.01     91.11    15.39
  R11     P2        0      29.10     72.76    101.86    28.87
  R19     P3        2       9.19     73.09     82.28    41.67
  R3      P5        0      24.82     83.09    107.91    38.90
  R13     P4        1      21.38     83.09    104.47    45.54
========================================================================
