========================================================================
  Topology-Aware Heuristic — run summary
========================================================================
  Instance aircraft : 20
  Positions         : ['P1', 'P2', 'P3', 'P4', 'P5']
  Blocking load     : P1=0  P2=0  P3=2  P4=1  P5=0

  Parameters:
    time_limit_s: 60
    min_separation: 10.0
    weight_makespan: 0.1
    weight_delay: 1.0
    weight_movements: 10
    weight_topology: 1.0
    alpha: 0.3
    seed: None
    log_enabled: True
    MIPGap: 0.0
    NoRelHeurTime: 0
    kick_interval_ratio: 0.0

========================================================================
  Iterations: 187
  Best objective: 239.9320
  Makespan: 115.7700   Delay: 228.3550   Movements: 0
========================================================================

  Improvement log:
  iter=1  t=0.00s  obj=339.78  makespan=115.74  delay=328.21  mov=0  *
  iter=3  t=0.21s  obj=312.38  makespan=112.96  delay=301.08  mov=0  *
  iter=5  t=1.52s  obj=306.06  makespan=119.92  delay=294.07  mov=0  *
  iter=6  t=1.73s  obj=289.94  makespan=115.15  delay=278.42  mov=0  *
  iter=7  t=2.14s  obj=271.65  makespan=112.44  delay=260.41  mov=0  *
  iter=10  t=3.52s  obj=265.95  makespan=103.28  delay=255.62  mov=0  *
  iter=15  t=5.02s  obj=257.52  makespan=115.29  delay=246.00  mov=0  *
  iter=57  t=18.90s  obj=252.53  makespan=118.87  delay=240.64  mov=0  *
  iter=61  t=20.61s  obj=250.57  makespan=104.11  delay=240.16  mov=0  *
  iter=165  t=51.96s  obj=242.80  makespan=104.17  delay=232.38  mov=0  *
  iter=178  t=56.91s  obj=239.93  makespan=115.77  delay=228.35  mov=0  *

========================================================================
  Best solution — aircraft assignments:
  ID      Pos    load   duration     start    finish    delay
  --------------------------------------------------------
  R1      P1        0      18.30      0.00     18.30     0.00
  R2      P5        0      15.20      0.00     15.20     0.00
  R5      P2        0      21.24      0.00     21.24     0.00
  R7      P4        1      13.93      1.21     15.14     0.00
  R12     P3        2       5.78      8.13     13.91     0.00
  R4      P5        0      16.65     25.20     41.85     0.00
  R8      P4        1      15.47     25.20     40.67     0.00
  R16     P3        2       6.63     25.20     31.83     0.00
  R9      P1        0      12.59     28.30     40.89     0.00
  R6      P2        0      17.28     31.24     48.52     0.00
  R18     P3        2       8.07     41.85     49.92    13.25
  R19     P1        0       9.19     50.89     60.08    19.47
  R3      P5        0      24.82     51.85     76.67     7.66
  R14     P4        1      21.00     51.85     72.85     7.57
  R10     P2        0      11.87     58.52     70.39     9.80
  R20     P3        2       9.78     59.92     69.70    28.67
  R15     P1        0      13.77     70.08     83.85    23.25
  R17     P2        0      22.10     80.39    102.49    26.77
  R11     P5        0      29.10     86.67    115.77    42.78
  R13     P4        1      21.38     86.67    108.05    49.12
========================================================================
