========================================================================
  Topology-Aware Heuristic — run summary
========================================================================
  Instance aircraft : 30
  Positions         : ['P1', 'P2', 'P3', 'P4', 'P5']
  Blocking load     : P1=0  P2=0  P3=2  P4=1  P5=0

  Parameters:
    time_limit_s: 60
    min_separation: 10.0
    weight_makespan: 0.1
    weight_delay: 1.0
    weight_movements: 10
    weight_topology: 1.0
    alpha: 0.3
    seed: None
    log_enabled: True
    MIPGap: 0.0
    NoRelHeurTime: 0
    kick_interval_ratio: 0.0

========================================================================
  Iterations: 17
  Best objective: 245.3710
  Makespan: 247.9000   Delay: 220.5810   Movements: 0
========================================================================

  Improvement log:
  iter=1  t=0.00s  obj=366.69  makespan=263.78  delay=320.31  mov=2  *
  iter=2  t=4.43s  obj=245.37  makespan=247.90  delay=220.58  mov=0  *

========================================================================
  Best solution — aircraft assignments:
  ID      Pos    load   duration     start    finish    delay
  --------------------------------------------------------
  R3      P3        2      19.65      0.00     19.65     0.00
  R1      P5        0      26.62      0.00     26.62     0.00
  R2      P2        0      29.04      0.00     29.04     0.00
  R4      P4        1      26.60      0.00     26.60     0.00
  R5      P1        0      27.39      7.76     35.15     0.00
  R8      P3        2       6.50     29.65     36.15     0.00
  R6      P5        0      32.70     36.62     69.32     0.00
  R13     P4        1      31.50     36.62     68.12     0.00
  R10     P2        0      30.05     39.04     69.09     0.00
  R15     P1        0      16.75     45.15     61.90     0.00
  R9      P3        2      17.47     46.15     63.62     0.00
  R17     P1        0      32.19     71.90    104.09     0.00
  R11     P2        0      35.39     79.09    114.48     0.00
  R7      P5        0      23.76     79.32    103.08    19.52
  R20     P4        1      21.70     79.32    101.02     0.00
  R23     P3        2      20.42     79.32     99.74     0.00
  R12     P5        0      31.28    113.08    144.36     0.00
  R21     P4        1      27.48    113.08    140.56     0.00
  R24     P3        2      22.14    113.08    135.22     0.00
  R18     P1        0      31.95    114.09    146.04     0.00
  R19     P2        0      25.37    124.48    149.85     0.00
  R14     P5        0      36.54    154.36    190.90     3.02
  R22     P4        1      33.40    154.36    187.76     0.00
  R27     P3        2      21.10    154.36    175.46     6.11
  R26     P1        0      37.94    156.04    193.98     0.00
  R25     P2        0      36.68    159.85    196.53     0.41
  R16     P5        0      36.10    200.90    237.00    52.84
  R28     P4        1      22.64    200.90    223.54    53.92
  R30     P1        0      34.12    203.98    238.10    38.35
  R29     P2        0      41.37    206.53    247.90    46.42
========================================================================
