========================================================================
  Topology-Aware Heuristic — run summary
========================================================================
  Instance aircraft : 10
  Positions         : ['P1', 'P2', 'P3', 'P4', 'P5']
  Blocking load     : P1=0  P2=0  P3=2  P4=1  P5=0

  Parameters:
    time_limit_s: 60
    min_separation: 10.0
    weight_makespan: 0.1
    weight_delay: 1.0
    weight_movements: 10
    weight_topology: 1.0
    alpha: 0.3
    seed: None
    log_enabled: True
    MIPGap: 0.0
    NoRelHeurTime: 0

========================================================================
  Iterations: 3235
  Best objective: 12.3702
  Makespan: 64.0620   Delay: 5.9640   Movements: 0
========================================================================

  Improvement log:
  iter=1  t=0.00s  obj=70.03  makespan=88.70  delay=61.16  mov=0  *
  iter=2  t=0.02s  obj=61.04  makespan=88.08  delay=52.23  mov=0  *
  iter=3  t=0.04s  obj=59.60  makespan=90.16  delay=50.59  mov=0  *
  iter=4  t=0.06s  obj=59.07  makespan=86.59  delay=50.41  mov=0  *
  iter=5  t=0.07s  obj=36.27  makespan=82.67  delay=28.00  mov=0  *
  iter=7  t=0.11s  obj=27.72  makespan=79.47  delay=19.78  mov=0  *
  iter=108  t=2.46s  obj=16.85  makespan=67.17  delay=10.13  mov=0  *
  iter=809  t=13.02s  obj=16.54  makespan=64.06  delay=10.13  mov=0  *
  iter=2860  t=54.58s  obj=12.37  makespan=64.06  delay=5.96  mov=0  *

========================================================================
  Best solution — aircraft assignments:
  ID      Pos    load   duration     start    finish    delay
  --------------------------------------------------------
  R3      P1        0      16.05      0.00     16.05     0.00
  R2      P5        0      25.44      0.00     25.44     0.00
  R1      P4        1      21.52      0.00     21.52     0.00
  R5      P2        0      20.40      6.51     26.91     0.00
  R8      P3        2       7.74     13.02     20.75     0.00
  R10     P1        0       9.26     26.05     35.31     5.42
  R7      P5        0      21.55     35.44     56.99     0.00
  R6      P4        1      20.80     35.44     56.24     0.00
  R4      P3        2      20.17     35.44     55.61     0.54
  R9      P2        0      27.15     36.91     64.06     0.00
========================================================================
