========================================================================
  Topology-Aware Heuristic — run summary
========================================================================
  Instance aircraft : 20
  Positions         : ['P1', 'P2', 'P3', 'P4', 'P5']
  Blocking load     : P1=0  P2=0  P3=2  P4=1  P5=0

  Parameters:
    time_limit_s: 60
    min_separation: 10.0
    weight_makespan: 0.1
    weight_delay: 1.0
    weight_movements: 10
    weight_topology: 1.0
    alpha: 0.3
    seed: None
    log_enabled: True
    MIPGap: 0.0
    NoRelHeurTime: 0

========================================================================
  Iterations: 150
  Best objective: 243.6860
  Makespan: 107.6800   Delay: 232.9180   Movements: 0
========================================================================

  Improvement log:
  iter=1  t=0.00s  obj=286.55  makespan=120.86  delay=274.46  mov=0  *
  iter=2  t=0.61s  obj=282.95  makespan=108.77  delay=272.08  mov=0  *
  iter=4  t=1.07s  obj=278.47  makespan=110.90  delay=267.38  mov=0  *
  iter=11  t=3.38s  obj=277.03  makespan=107.69  delay=266.26  mov=0  *
  iter=21  t=6.25s  obj=251.26  makespan=109.56  delay=240.31  mov=0  *
  iter=41  t=14.04s  obj=243.69  makespan=107.68  delay=232.92  mov=0  *

========================================================================
  Best solution — aircraft assignments:
  ID      Pos    load   duration     start    finish    delay
  --------------------------------------------------------
  R1      P5        0      18.30      0.00     18.30     0.00
  R4      P4        1      16.65      0.00     16.65     0.00
  R5      P1        0      21.24      0.00     21.24     0.00
  R7      P3        2      13.93      1.21     15.14     0.00
  R6      P2        0      17.28      1.33     18.61     0.00
  R2      P5        0      15.20     28.30     43.50     0.00
  R9      P4        1      12.59     28.30     40.89     0.00
  R16     P3        2       6.63     28.30     34.93     1.34
  R12     P2        0       5.78     28.61     34.39     7.71
  R8      P1        0      15.47     31.24     46.71     0.00
  R15     P2        0      13.77     44.39     58.16     0.00
  R18     P3        2       8.07     44.93     53.00    16.33
  R3      P5        0      24.82     53.50     78.32     9.31
  R14     P4        1      21.00     53.50     74.50     9.22
  R10     P1        0      11.87     56.71     68.58     7.99
  R20     P3        2       9.78     63.00     72.78    31.75
  R17     P2        0      22.10     68.16     90.26    14.54
  R11     P1        0      29.10     78.58    107.68    34.69
  R13     P4        1      21.38     84.50    105.88    46.95
  R19     P3        2       9.19     84.50     93.69    53.08
========================================================================
