========================================================================
  Topology-Aware Heuristic — run summary
========================================================================
  Instance aircraft : 30
  Positions         : ['P1', 'P2', 'P3', 'P4', 'P5']
  Blocking load     : P1=0  P2=0  P3=2  P4=1  P5=0

  Parameters:
    time_limit_s: 60
    min_separation: 10.0
    weight_makespan: 0.1
    weight_delay: 1.0
    weight_movements: 10
    weight_topology: 1.0
    alpha: 0.3
    seed: None
    log_enabled: True
    MIPGap: 0.0
    NoRelHeurTime: 0

========================================================================
  Iterations: 583
  Best objective: 358.9230
  Makespan: 250.7200   Delay: 333.8510   Movements: 0
========================================================================

  Improvement log:
  iter=1  t=0.00s  obj=644.46  makespan=279.84  delay=596.47  mov=2  *
  iter=4  t=0.27s  obj=442.58  makespan=267.40  delay=415.84  mov=0  *
  iter=30  t=2.91s  obj=358.92  makespan=250.72  delay=333.85  mov=0  *

========================================================================
  Best solution — aircraft assignments:
  ID      Pos    load   duration     start    finish    delay
  --------------------------------------------------------
  R3      P1        0      19.65      0.00     19.65     0.00
  R1      P4        1      26.62      0.00     26.62     0.00
  R2      P5        0      29.04      0.00     29.04     0.00
  R4      P3        2      26.60      0.00     26.60     0.00
  R6      P2        0      32.70      9.27     41.97     0.00
  R7      P1        0      23.76     29.65     53.41     0.00
  R5      P5        0      27.39     39.04     66.43     0.00
  R8      P3        2       6.50     39.04     45.54     0.00
  R15     P4        1      16.75     39.04     55.79     0.00
  R9      P2        0      17.47     51.97     69.44     0.00
  R17     P1        0      32.19     63.41     95.60     0.00
  R11     P5        0      35.39     76.43    111.82     0.00
  R13     P3        2      31.50     76.43    107.93     0.00
  R18     P4        1      31.95     76.43    108.38     0.00
  R10     P2        0      30.05     79.44    109.49     0.00
  R23     P1        0      20.42    105.60    126.02     9.56
  R19     P2        0      25.37    119.49    144.86     0.00
  R12     P5        0      31.28    121.82    153.10     0.00
  R20     P3        2      21.70    121.82    143.52    32.44
  R21     P4        1      27.48    121.82    149.30     0.00
  R26     P1        0      37.94    136.02    173.96     0.00
  R25     P2        0      36.68    154.86    191.54     0.00
  R14     P5        0      36.54    163.10    199.64    11.76
  R22     P4        1      33.40    163.10    196.50     4.57
  R24     P3        2      22.14    163.10    185.24    23.17
  R28     P1        0      22.64    183.96    206.60    36.98
  R29     P2        0      41.37    201.54    242.91    41.43
  R16     P5        0      36.10    209.64    245.74    61.58
  R27     P3        2      21.10    209.64    230.74    61.39
  R30     P1        0      34.12    216.60    250.72    50.97
========================================================================
