========================================================================
  ConstructiveHeuristic — unknown
========================================================================
  alpha=0.7  time_limit=60s  seed=None  min_sep=10.0
  weights: makespan=0.1  delay=1.0  movements=10

  Instance: 10 aircraft  5 positions  3 blocking arcs
  Blocking arcs: P3→P4  P3→P5  P4→P5

────────────────────────────────────────────────────────────────────────
  Best construction detail  (iter 37  obj=20.8720)
────────────────────────────────────────────────────────────────────────
Blocking arcs: P3→P4  P3→P5  P4→P5

Aircraft initial ranking (target_finish ASC, total_duration ASC):
  Rank   ID       earliest     target    duration
  ----------------------------------------------
  [ 0]  R8          13.02      21.99        7.74
  [ 1]  R10         18.84      29.89        9.26
  [ 2]  R3           0.00      35.63       16.05
  [ 3]  R1           0.00      51.06       21.52
  [ 4]  R2           0.00      53.35       25.44
  [ 5]  R4           5.62      55.07       20.17
  [ 6]  R5           6.51      60.01       20.40
  [ 7]  R6           8.77      62.89       20.80
  [ 8]  R7          12.91      63.99       21.55
  [ 9]  R9          13.44      70.59       27.15

========================================================================
  STEP 1/10
========================================================================

  Pair evaluation  (50 pairs):
    Rank   ID      Pos     t_start   t_finish    delay      gap   blocking      score    weight     P(%)   cum(%)
    ---------------------------------------------------------------------------------------------------------
    [ 0]  R3      P1         0.00      16.05     0.00     0.00       none       1.60    1.0000   70.00%   70.00%
    [ 1]  R3      P2         0.00      16.05     0.00     0.00       none       1.60    0.3000   21.00%   91.00%
    [ 2]  R3      P3         0.00      16.05     0.00     0.00       none       1.60    0.0900    6.30%   97.30%
    [ 3]  R3      P4         0.00      16.05     0.00     0.00       none       1.60    0.0270    1.89%   99.19%
    [ 4]  R3      P5         0.00      16.05     0.00     0.00       none       1.60    0.0081    0.57%   99.76%
    [ 5]  R8      P1        13.02      20.76     0.00     0.00       none       2.08    0.0024    0.17%   99.93%
    [ 6]  R8      P2        13.02      20.76     0.00     0.00       none       2.08    0.0007    0.05%   99.98%
    [ 7]  R8      P3        13.02      20.76     0.00     0.00       none       2.08    0.0002    0.02%   99.99%
    [ 8]  R8      P4        13.02      20.76     0.00     0.00       none       2.08    0.0001    0.00%  100.00%
    [ 9]  R8      P5        13.02      20.76     0.00     0.00       none       2.08    0.0000    0.00%  100.00%
    [10]  R1      P1         0.00      21.52     0.00     0.00       none       2.15    0.0000    0.00%  100.00%
    [11]  R1      P2         0.00      21.52     0.00     0.00       none       2.15    0.0000    0.00%  100.00%
    [12]  R1      P3         0.00      21.52     0.00     0.00       none       2.15    0.0000    0.00%  100.00%
    [13]  R1      P4         0.00      21.52     0.00     0.00       none       2.15    0.0000    0.00%  100.00%
    [14]  R1      P5         0.00      21.52     0.00     0.00       none       2.15    0.0000    0.00%  100.00%
    [15]  R2      P1         0.00      25.44     0.00     0.00       none       2.54    0.0000    0.00%  100.00%
    [16]  R2      P2         0.00      25.44     0.00     0.00       none       2.54    0.0000    0.00%  100.00%
    [17]  R2      P3         0.00      25.44     0.00     0.00       none       2.54    0.0000    0.00%  100.00%
    [18]  R2      P4         0.00      25.44     0.00     0.00       none       2.54    0.0000    0.00%  100.00%
    [19]  R2      P5         0.00      25.44     0.00     0.00       none       2.54    0.0000    0.00%  100.00%
    [20]  R4      P1         5.62      25.79     0.00     0.00       none       2.58    0.0000    0.00%  100.00%
    [21]  R4      P2         5.62      25.79     0.00     0.00       none       2.58    0.0000    0.00%  100.00%
    [22]  R4      P3         5.62      25.79     0.00     0.00       none       2.58    0.0000    0.00%  100.00%
    [23]  R4      P4         5.62      25.79     0.00     0.00       none       2.58    0.0000    0.00%  100.00%
    [24]  R4      P5         5.62      25.79     0.00     0.00       none       2.58    0.0000    0.00%  100.00%
    [25]  R5      P1         6.51      26.91     0.00     0.00       none       2.69    0.0000    0.00%  100.00%
    [26]  R5      P2         6.51      26.91     0.00     0.00       none       2.69    0.0000    0.00%  100.00%
    [27]  R5      P3         6.51      26.91     0.00     0.00       none       2.69    0.0000    0.00%  100.00%
    [28]  R5      P4         6.51      26.91     0.00     0.00       none       2.69    0.0000    0.00%  100.00%
    [29]  R5      P5         6.51      26.91     0.00     0.00       none       2.69    0.0000    0.00%  100.00%
    [30]  R10     P1        18.84      28.10     0.00     0.00       none       2.81    0.0000    0.00%  100.00%
    [31]  R10     P2        18.84      28.10     0.00     0.00       none       2.81    0.0000    0.00%  100.00%
    [32]  R10     P3        18.84      28.10     0.00     0.00       none       2.81    0.0000    0.00%  100.00%
    [33]  R10     P4        18.84      28.10     0.00     0.00       none       2.81    0.0000    0.00%  100.00%
    [34]  R10     P5        18.84      28.10     0.00     0.00       none       2.81    0.0000    0.00%  100.00%
    [35]  R6      P1         8.77      29.57     0.00     0.00       none       2.96    0.0000    0.00%  100.00%
    [36]  R6      P2         8.77      29.57     0.00     0.00       none       2.96    0.0000    0.00%  100.00%
    [37]  R6      P3         8.77      29.57     0.00     0.00       none       2.96    0.0000    0.00%  100.00%
    [38]  R6      P4         8.77      29.57     0.00     0.00       none       2.96    0.0000    0.00%  100.00%
    [39]  R6      P5         8.77      29.57     0.00     0.00       none       2.96    0.0000    0.00%  100.00%
    [40]  R7      P1        12.91      34.46     0.00     0.00       none       3.45    0.0000    0.00%  100.00%
    [41]  R7      P2        12.91      34.46     0.00     0.00       none       3.45    0.0000    0.00%  100.00%
    [42]  R7      P3        12.91      34.46     0.00     0.00       none       3.45    0.0000    0.00%  100.00%
    [43]  R7      P4        12.91      34.46     0.00     0.00       none       3.45    0.0000    0.00%  100.00%
    [44]  R7      P5        12.91      34.46     0.00     0.00       none       3.45    0.0000    0.00%  100.00%
    [45]  R9      P1        13.44      40.59     0.00     0.00       none       4.06    0.0000    0.00%  100.00%
    [46]  R9      P2        13.44      40.59     0.00     0.00       none       4.06    0.0000    0.00%  100.00%
    [47]  R9      P3        13.44      40.59     0.00     0.00       none       4.06    0.0000    0.00%  100.00%
    [48]  R9      P4        13.44      40.59     0.00     0.00       none       4.06    0.0000    0.00%  100.00%
    [49]  R9      P5        13.44      40.59     0.00     0.00       none       4.06    0.0000    0.00%  100.00%
    draw=1.3644  →  (R3, P3) (rank 2) selected

  Assignment: R3 → P3  [0.00 → 16.05]  delay=0.00
    J3-1       [0.00 → 8.95]
    J3-2       [8.95 → 16.05]

  Assigned so far:
    ID      Pos       start    finish    delay
    ----------------------------------------
    R3      P3         0.00     16.05     0.00

========================================================================
  STEP 2/10
========================================================================

  Pair evaluation  (45 pairs):
    Rank   ID      Pos     t_start   t_finish    delay      gap   blocking      score    weight     P(%)   cum(%)
    ---------------------------------------------------------------------------------------------------------
    [ 0]  R8      P1        13.02      20.76     0.00     0.00       none       2.08    1.0000   70.00%   70.00%
    [ 1]  R8      P2        13.02      20.76     0.00     0.00       none       2.08    0.3000   21.00%   91.00%
    [ 2]  R1      P1         0.00      21.52     0.00     0.00       none       2.15    0.0900    6.30%   97.30%
    [ 3]  R1      P2         0.00      21.52     0.00     0.00       none       2.15    0.0270    1.89%   99.19%
    [ 4]  R1      P4         0.00      21.52     0.00     0.00       none       2.15    0.0081    0.57%   99.76%
    [ 5]  R1      P5         0.00      21.52     0.00     0.00       none       2.15    0.0024    0.17%   99.93%
    [ 6]  R2      P1         0.00      25.44     0.00     0.00       none       2.54    0.0007    0.05%   99.98%
    [ 7]  R2      P2         0.00      25.44     0.00     0.00       none       2.54    0.0002    0.02%   99.99%
    [ 8]  R2      P4         0.00      25.44     0.00     0.00       none       2.54    0.0001    0.00%  100.00%
    [ 9]  R2      P5         0.00      25.44     0.00     0.00       none       2.54    0.0000    0.00%  100.00%
    [10]  R4      P1         5.62      25.79     0.00     0.00       none       2.58    0.0000    0.00%  100.00%
    [11]  R4      P2         5.62      25.79     0.00     0.00       none       2.58    0.0000    0.00%  100.00%
    [12]  R5      P1         6.51      26.91     0.00     0.00       none       2.69    0.0000    0.00%  100.00%
    [13]  R5      P2         6.51      26.91     0.00     0.00       none       2.69    0.0000    0.00%  100.00%
    [14]  R10     P1        18.84      28.10     0.00     0.00       none       2.81    0.0000    0.00%  100.00%
    [15]  R10     P2        18.84      28.10     0.00     0.00       none       2.81    0.0000    0.00%  100.00%
    [16]  R10     P4        18.84      28.10     0.00     0.00       none       2.81    0.0000    0.00%  100.00%
    [17]  R10     P5        18.84      28.10     0.00     0.00       none       2.81    0.0000    0.00%  100.00%
    [18]  R6      P1         8.77      29.57     0.00     0.00       none       2.96    0.0000    0.00%  100.00%
    [19]  R6      P2         8.77      29.57     0.00     0.00       none       2.96    0.0000    0.00%  100.00%
    [20]  R7      P1        12.91      34.46     0.00     0.00       none       3.45    0.0000    0.00%  100.00%
    [21]  R7      P2        12.91      34.46     0.00     0.00       none       3.45    0.0000    0.00%  100.00%
    [22]  R4      P4        16.05      36.22     0.00     0.00       none       3.62    0.0000    0.00%  100.00%
    [23]  R4      P5        16.05      36.22     0.00     0.00       none       3.62    0.0000    0.00%  100.00%
    [24]  R5      P4        16.05      36.45     0.00     0.00       none       3.64    0.0000    0.00%  100.00%
    [25]  R5      P5        16.05      36.45     0.00     0.00       none       3.64    0.0000    0.00%  100.00%
    [26]  R6      P4        16.05      36.85     0.00     0.00       none       3.68    0.0000    0.00%  100.00%
    [27]  R6      P5        16.05      36.85     0.00     0.00       none       3.68    0.0000    0.00%  100.00%
    [28]  R7      P4        16.05      37.60     0.00     0.00       none       3.76    0.0000    0.00%  100.00%
    [29]  R7      P5        16.05      37.60     0.00     0.00       none       3.76    0.0000    0.00%  100.00%
    [30]  R9      P1        13.44      40.59     0.00     0.00       none       4.06    0.0000    0.00%  100.00%
    [31]  R9      P2        13.44      40.59     0.00     0.00       none       4.06    0.0000    0.00%  100.00%
    [32]  R8      P4        16.05      23.79     1.80     0.00       none       4.17    0.0000    0.00%  100.00%
    [33]  R8      P5        16.05      23.79     1.80     0.00       none       4.17    0.0000    0.00%  100.00%
    [34]  R9      P4        16.05      43.20     0.00     0.00       none       4.32    0.0000    0.00%  100.00%
    [35]  R9      P5        16.05      43.20     0.00     0.00       none       4.32    0.0000    0.00%  100.00%
    [36]  R4      P3        26.05      46.22     0.00    10.00       none       5.62    0.0000    0.00%  100.00%
    [37]  R5      P3        26.05      46.45     0.00    10.00       none       5.64    0.0000    0.00%  100.00%
    [38]  R6      P3        26.05      46.85     0.00    10.00       none       5.68    0.0000    0.00%  100.00%
    [39]  R1      P3        26.05      47.57     0.00    10.00       none       5.76    0.0000    0.00%  100.00%
    [40]  R7      P3        26.05      47.60     0.00    10.00       none       5.76    0.0000    0.00%  100.00%
    [41]  R2      P3        26.05      51.49     0.00    10.00       none       6.15    0.0000    0.00%  100.00%
    [42]  R9      P3        26.05      53.20     0.00    10.00       none       6.32    0.0000    0.00%  100.00%
    [43]  R10     P3        26.05      35.31     5.42    10.00       none       9.96    0.0000    0.00%  100.00%
    [44]  R8      P3        26.05      33.79    11.80    10.00       none      16.17    0.0000    0.00%  100.00%
    draw=0.5342  →  (R8, P1) (rank 0) selected

  Assignment: R8 → P1  [13.02 → 20.76]  delay=0.00
    J8-1       [13.02 → 20.75]

  Assigned so far:
    ID      Pos       start    finish    delay
    ----------------------------------------
    R3      P3         0.00     16.05     0.00
    R8      P1        13.02     20.75     0.00

========================================================================
  STEP 3/10
========================================================================

  Pair evaluation  (40 pairs):
    Rank   ID      Pos     t_start   t_finish    delay      gap   blocking      score    weight     P(%)   cum(%)
    ---------------------------------------------------------------------------------------------------------
    [ 0]  R1      P2         0.00      21.52     0.00     0.00       none       2.15    1.0000   70.00%   70.00%
    [ 1]  R1      P4         0.00      21.52     0.00     0.00       none       2.15    0.3000   21.00%   91.00%
    [ 2]  R1      P5         0.00      21.52     0.00     0.00       none       2.15    0.0900    6.30%   97.30%
    [ 3]  R2      P2         0.00      25.44     0.00     0.00       none       2.54    0.0270    1.89%   99.19%
    [ 4]  R2      P4         0.00      25.44     0.00     0.00       none       2.54    0.0081    0.57%   99.76%
    [ 5]  R2      P5         0.00      25.44     0.00     0.00       none       2.54    0.0024    0.17%   99.93%
    [ 6]  R4      P2         5.62      25.79     0.00     0.00       none       2.58    0.0007    0.05%   99.98%
    [ 7]  R5      P2         6.51      26.91     0.00     0.00       none       2.69    0.0002    0.02%   99.99%
    [ 8]  R10     P2        18.84      28.10     0.00     0.00       none       2.81    0.0001    0.00%  100.00%
    [ 9]  R10     P4        18.84      28.10     0.00     0.00       none       2.81    0.0000    0.00%  100.00%
    [10]  R10     P5        18.84      28.10     0.00     0.00       none       2.81    0.0000    0.00%  100.00%
    [11]  R6      P2         8.77      29.57     0.00     0.00       none       2.96    0.0000    0.00%  100.00%
    [12]  R7      P2        12.91      34.46     0.00     0.00       none       3.45    0.0000    0.00%  100.00%
    [13]  R4      P4        16.05      36.22     0.00     0.00       none       3.62    0.0000    0.00%  100.00%
    [14]  R4      P5        16.05      36.22     0.00     0.00       none       3.62    0.0000    0.00%  100.00%
    [15]  R5      P4        16.05      36.45     0.00     0.00       none       3.64    0.0000    0.00%  100.00%
    [16]  R5      P5        16.05      36.45     0.00     0.00       none       3.64    0.0000    0.00%  100.00%
    [17]  R6      P4        16.05      36.85     0.00     0.00       none       3.68    0.0000    0.00%  100.00%
    [18]  R6      P5        16.05      36.85     0.00     0.00       none       3.68    0.0000    0.00%  100.00%
    [19]  R7      P4        16.05      37.60     0.00     0.00       none       3.76    0.0000    0.00%  100.00%
    [20]  R7      P5        16.05      37.60     0.00     0.00       none       3.76    0.0000    0.00%  100.00%
    [21]  R9      P2        13.44      40.59     0.00     0.00       none       4.06    0.0000    0.00%  100.00%
    [22]  R9      P4        16.05      43.20     0.00     0.00       none       4.32    0.0000    0.00%  100.00%
    [23]  R9      P5        16.05      43.20     0.00     0.00       none       4.32    0.0000    0.00%  100.00%
    [24]  R4      P3        26.05      46.22     0.00    10.00       none       5.62    0.0000    0.00%  100.00%
    [25]  R5      P3        26.05      46.45     0.00    10.00       none       5.64    0.0000    0.00%  100.00%
    [26]  R6      P3        26.05      46.85     0.00    10.00       none       5.68    0.0000    0.00%  100.00%
    [27]  R1      P3        26.05      47.57     0.00    10.00       none       5.76    0.0000    0.00%  100.00%
    [28]  R7      P3        26.05      47.60     0.00    10.00       none       5.76    0.0000    0.00%  100.00%
    [29]  R4      P1        30.76      50.93     0.00    10.00       none       6.09    0.0000    0.00%  100.00%
    [30]  R5      P1        30.76      51.16     0.00    10.00       none       6.12    0.0000    0.00%  100.00%
    [31]  R2      P3        26.05      51.49     0.00    10.00       none       6.15    0.0000    0.00%  100.00%
    [32]  R6      P1        30.76      51.56     0.00    10.00       none       6.16    0.0000    0.00%  100.00%
    [33]  R7      P1        30.76      52.31     0.00    10.00       none       6.23    0.0000    0.00%  100.00%
    [34]  R9      P3        26.05      53.20     0.00    10.00       none       6.32    0.0000    0.00%  100.00%
    [35]  R9      P1        30.76      57.91     0.00    10.00       none       6.79    0.0000    0.00%  100.00%
    [36]  R1      P1        30.76      52.28     1.21    10.00       none       7.44    0.0000    0.00%  100.00%
    [37]  R2      P1        30.76      56.20     2.84    10.00       none       9.46    0.0000    0.00%  100.00%
    [38]  R10     P3        26.05      35.31     5.42    10.00       none       9.96    0.0000    0.00%  100.00%
    [39]  R10     P1        30.76      40.02    10.13    10.00       none      15.13    0.0000    0.00%  100.00%
    draw=0.6846  →  (R1, P2) (rank 0) selected

  Assignment: R1 → P2  [0.00 → 21.52]  delay=0.00
    J1-1       [0.00 → 6.55]
    J1-2       [6.55 → 12.99]
    J1-3       [12.99 → 21.52]

  Assigned so far:
    ID      Pos       start    finish    delay
    ----------------------------------------
    R3      P3         0.00     16.05     0.00
    R8      P1        13.02     20.75     0.00
    R1      P2         0.00     21.52     0.00

========================================================================
  STEP 4/10
========================================================================

  Pair evaluation  (35 pairs):
    Rank   ID      Pos     t_start   t_finish    delay      gap   blocking      score    weight     P(%)   cum(%)
    ---------------------------------------------------------------------------------------------------------
    [ 0]  R2      P4         0.00      25.44     0.00     0.00       none       2.54    1.0000   70.00%   70.00%
    [ 1]  R2      P5         0.00      25.44     0.00     0.00       none       2.54    0.3000   21.00%   91.00%
    [ 2]  R10     P4        18.84      28.10     0.00     0.00       none       2.81    0.0900    6.30%   97.30%
    [ 3]  R10     P5        18.84      28.10     0.00     0.00       none       2.81    0.0270    1.89%   99.19%
    [ 4]  R4      P4        16.05      36.22     0.00     0.00       none       3.62    0.0081    0.57%   99.76%
    [ 5]  R4      P5        16.05      36.22     0.00     0.00       none       3.62    0.0024    0.17%   99.93%
    [ 6]  R5      P4        16.05      36.45     0.00     0.00       none       3.64    0.0007    0.05%   99.98%
    [ 7]  R5      P5        16.05      36.45     0.00     0.00       none       3.64    0.0002    0.02%   99.99%
    [ 8]  R6      P4        16.05      36.85     0.00     0.00       none       3.68    0.0001    0.00%  100.00%
    [ 9]  R6      P5        16.05      36.85     0.00     0.00       none       3.68    0.0000    0.00%  100.00%
    [10]  R7      P4        16.05      37.60     0.00     0.00       none       3.76    0.0000    0.00%  100.00%
    [11]  R7      P5        16.05      37.60     0.00     0.00       none       3.76    0.0000    0.00%  100.00%
    [12]  R9      P4        16.05      43.20     0.00     0.00       none       4.32    0.0000    0.00%  100.00%
    [13]  R9      P5        16.05      43.20     0.00     0.00       none       4.32    0.0000    0.00%  100.00%
    [14]  R4      P3        26.05      46.22     0.00    10.00       none       5.62    0.0000    0.00%  100.00%
    [15]  R5      P3        26.05      46.45     0.00    10.00       none       5.64    0.0000    0.00%  100.00%
    [16]  R6      P3        26.05      46.85     0.00    10.00       none       5.68    0.0000    0.00%  100.00%
    [17]  R7      P3        26.05      47.60     0.00    10.00       none       5.76    0.0000    0.00%  100.00%
    [18]  R4      P1        30.76      50.93     0.00    10.00       none       6.09    0.0000    0.00%  100.00%
    [19]  R5      P1        30.76      51.16     0.00    10.00       none       6.12    0.0000    0.00%  100.00%
    [20]  R2      P3        26.05      51.49     0.00    10.00       none       6.15    0.0000    0.00%  100.00%
    [21]  R6      P1        30.76      51.56     0.00    10.00       none       6.16    0.0000    0.00%  100.00%
    [22]  R4      P2        31.52      51.69     0.00    10.00       none       6.17    0.0000    0.00%  100.00%
    [23]  R5      P2        31.52      51.92     0.00    10.00       none       6.19    0.0000    0.00%  100.00%
    [24]  R7      P1        30.76      52.31     0.00    10.00       none       6.23    0.0000    0.00%  100.00%
    [25]  R6      P2        31.52      52.32     0.00    10.00       none       6.23    0.0000    0.00%  100.00%
    [26]  R7      P2        31.52      53.07     0.00    10.00       none       6.31    0.0000    0.00%  100.00%
    [27]  R9      P3        26.05      53.20     0.00    10.00       none       6.32    0.0000    0.00%  100.00%
    [28]  R9      P1        30.76      57.91     0.00    10.00       none       6.79    0.0000    0.00%  100.00%
    [29]  R9      P2        31.52      58.67     0.00    10.00       none       6.87    0.0000    0.00%  100.00%
    [30]  R2      P1        30.76      56.20     2.84    10.00       none       9.46    0.0000    0.00%  100.00%
    [31]  R10     P3        26.05      35.31     5.42    10.00       none       9.96    0.0000    0.00%  100.00%
    [32]  R2      P2        31.52      56.96     3.61    10.00       none      10.30    0.0000    0.00%  100.00%
    [33]  R10     P1        30.76      40.02    10.13    10.00       none      15.13    0.0000    0.00%  100.00%
    [34]  R10     P2        31.52      40.78    10.89    10.00       none      15.97    0.0000    0.00%  100.00%
    draw=1.0691  →  (R2, P5) (rank 1) selected

  Assignment: R2 → P5  [0.00 → 25.44]  delay=0.00
    J2-1       [0.00 → 7.50]
    J2-2       [7.50 → 15.75]
    J2-3       [15.75 → 25.44]

  Assigned so far:
    ID      Pos       start    finish    delay
    ----------------------------------------
    R3      P3         0.00     16.05     0.00
    R8      P1        13.02     20.75     0.00
    R1      P2         0.00     21.52     0.00
    R2      P5         0.00     25.44     0.00

========================================================================
  STEP 5/10
========================================================================

  Pair evaluation  (30 pairs):
    Rank   ID      Pos     t_start   t_finish    delay      gap   blocking      score    weight     P(%)   cum(%)
    ---------------------------------------------------------------------------------------------------------
    [ 0]  R4      P4        25.44      45.61     0.00     0.00       none       4.56    1.0000   70.00%   70.00%
    [ 1]  R5      P4        25.44      45.84     0.00     0.00       none       4.58    0.3000   21.00%   91.00%
    [ 2]  R6      P4        25.44      46.24     0.00     0.00       none       4.62    0.0900    6.30%   97.30%
    [ 3]  R7      P4        25.44      46.99     0.00     0.00       none       4.70    0.0270    1.89%   99.19%
    [ 4]  R9      P4        25.44      52.59     0.00     0.00       none       5.26    0.0081    0.57%   99.76%
    [ 5]  R4      P3        26.05      46.22     0.00    10.00       none       5.62    0.0024    0.17%   99.93%
    [ 6]  R5      P3        26.05      46.45     0.00    10.00       none       5.64    0.0007    0.05%   99.98%
    [ 7]  R6      P3        26.05      46.85     0.00    10.00       none       5.68    0.0002    0.02%   99.99%
    [ 8]  R7      P3        26.05      47.60     0.00    10.00       none       5.76    0.0001    0.00%  100.00%
    [ 9]  R4      P1        30.76      50.93     0.00    10.00       none       6.09    0.0000    0.00%  100.00%
    [10]  R5      P1        30.76      51.16     0.00    10.00       none       6.12    0.0000    0.00%  100.00%
    [11]  R6      P1        30.76      51.56     0.00    10.00       none       6.16    0.0000    0.00%  100.00%
    [12]  R4      P2        31.52      51.69     0.00    10.00       none       6.17    0.0000    0.00%  100.00%
    [13]  R5      P2        31.52      51.92     0.00    10.00       none       6.19    0.0000    0.00%  100.00%
    [14]  R7      P1        30.76      52.31     0.00    10.00       none       6.23    0.0000    0.00%  100.00%
    [15]  R6      P2        31.52      52.32     0.00    10.00       none       6.23    0.0000    0.00%  100.00%
    [16]  R7      P2        31.52      53.07     0.00    10.00       none       6.31    0.0000    0.00%  100.00%
    [17]  R9      P3        26.05      53.20     0.00    10.00       none       6.32    0.0000    0.00%  100.00%
    [18]  R5      P5        35.44      55.84     0.00    10.00       none       6.58    0.0000    0.00%  100.00%
    [19]  R6      P5        35.44      56.24     0.00    10.00       none       6.62    0.0000    0.00%  100.00%
    [20]  R7      P5        35.44      56.99     0.00    10.00       none       6.70    0.0000    0.00%  100.00%
    [21]  R9      P1        30.76      57.91     0.00    10.00       none       6.79    0.0000    0.00%  100.00%
    [22]  R9      P2        31.52      58.67     0.00    10.00       none       6.87    0.0000    0.00%  100.00%
    [23]  R4      P5        35.44      55.61     0.54    10.00       none       7.10    0.0000    0.00%  100.00%
    [24]  R9      P5        35.44      62.59     0.00    10.00       none       7.26    0.0000    0.00%  100.00%
    [25]  R10     P4        25.44      34.70     4.81     0.00       none       8.28    0.0000    0.00%  100.00%
    [26]  R10     P3        26.05      35.31     5.42    10.00       none       9.96    0.0000    0.00%  100.00%
    [27]  R10     P1        30.76      40.02    10.13    10.00       none      15.13    0.0000    0.00%  100.00%
    [28]  R10     P2        31.52      40.78    10.89    10.00       none      15.97    0.0000    0.00%  100.00%
    [29]  R10     P5        35.44      44.70    14.81    10.00       none      20.28    0.0000    0.00%  100.00%
    draw=0.5049  →  (R4, P4) (rank 0) selected
  start-time compare  R4 → P4:  t_imm=5.62 cost=82.58 (4 new movs)  vs  t_nob=25.44 cost=4.56

  Assignment: R4 → P4  [25.44 → 45.61]  delay=0.00
    J4-1       [25.44 → 31.93]
    J4-2       [31.93 → 38.30]
    J4-3       [38.30 → 45.61]

  Assigned so far:
    ID      Pos       start    finish    delay
    ----------------------------------------
    R3      P3         0.00     16.05     0.00
    R8      P1        13.02     20.75     0.00
    R1      P2         0.00     21.52     0.00
    R2      P5         0.00     25.44     0.00
    R4      P4        25.44     45.61     0.00

========================================================================
  STEP 6/10
========================================================================

  Pair evaluation  (25 pairs):
    Rank   ID      Pos     t_start   t_finish    delay      gap   blocking      score    weight     P(%)   cum(%)
    ---------------------------------------------------------------------------------------------------------
    [ 0]  R5      P1        30.76      51.16     0.00    10.00       none       6.12    1.0000   70.00%   70.00%
    [ 1]  R6      P1        30.76      51.56     0.00    10.00       none       6.16    0.3000   21.00%   91.00%
    [ 2]  R5      P2        31.52      51.92     0.00    10.00       none       6.19    0.0900    6.30%   97.30%
    [ 3]  R7      P1        30.76      52.31     0.00    10.00       none       6.23    0.0270    1.89%   99.19%
    [ 4]  R6      P2        31.52      52.32     0.00    10.00       none       6.23    0.0081    0.57%   99.76%
    [ 5]  R7      P2        31.52      53.07     0.00    10.00       none       6.31    0.0024    0.17%   99.93%
    [ 6]  R9      P1        30.76      57.91     0.00    10.00       none       6.79    0.0007    0.05%   99.98%
    [ 7]  R9      P2        31.52      58.67     0.00    10.00       none       6.87    0.0002    0.02%   99.99%
    [ 8]  R10     P3        26.05      35.31     5.42    10.00       none       9.96    0.0001    0.00%  100.00%
    [ 9]  R9      P5        45.61      72.76     2.17    20.17       none      11.47    0.0000    0.00%  100.00%
    [10]  R7      P5        45.61      67.16     3.17    20.17       none      11.90    0.0000    0.00%  100.00%
    [11]  R6      P5        45.61      66.41     3.52    20.17       none      12.18    0.0000    0.00%  100.00%
    [12]  R9      P3        45.61      72.76     2.17    29.56       none      12.40    0.0000    0.00%  100.00%
    [13]  R7      P3        45.61      67.16     3.17    29.56       none      12.84    0.0000    0.00%  100.00%
    [14]  R6      P3        45.61      66.41     3.52    29.56       none      13.12    0.0000    0.00%  100.00%
    [15]  R5      P5        45.61      66.01     6.00    20.17       none      14.62    0.0000    0.00%  100.00%
    [16]  R10     P1        30.76      40.02    10.13    10.00       none      15.13    0.0000    0.00%  100.00%
    [17]  R5      P3        45.61      66.01     6.00    29.56       none      15.55    0.0000    0.00%  100.00%
    [18]  R10     P2        31.52      40.78    10.89    10.00       none      15.97    0.0000    0.00%  100.00%
    [19]  R9      P4        55.61      82.76    12.17    10.00       none      21.45    0.0000    0.00%  100.00%
    [20]  R7      P4        55.61      77.16    13.17    10.00       none      21.88    0.0000    0.00%  100.00%
    [21]  R6      P4        55.61      76.41    13.52    10.00       none      22.16    0.0000    0.00%  100.00%
    [22]  R5      P4        55.61      76.01    16.00    10.00       none      24.60    0.0000    0.00%  100.00%
    [23]  R10     P5        45.61      54.87    24.98    20.17       none      32.49    0.0000    0.00%  100.00%
    [24]  R10     P4        55.61      64.87    34.98    10.00       none      42.47    0.0000    0.00%  100.00%
    draw=1.4079  →  (R7, P1) (rank 3) selected

  Assignment: R7 → P1  [30.76 → 52.31]  delay=0.00
    J7-1       [30.75 → 36.52]
    J7-2       [36.52 → 43.01]
    J7-3       [43.01 → 52.30]

  Assigned so far:
    ID      Pos       start    finish    delay
    ----------------------------------------
    R3      P3         0.00     16.05     0.00
    R8      P1        13.02     20.75     0.00
    R1      P2         0.00     21.52     0.00
    R2      P5         0.00     25.44     0.00
    R4      P4        25.44     45.61     0.00
    R7      P1        30.75     52.30     0.00

========================================================================
  STEP 7/10
========================================================================

  Pair evaluation  (20 pairs):
    Rank   ID      Pos     t_start   t_finish    delay      gap   blocking      score    weight     P(%)   cum(%)
    ---------------------------------------------------------------------------------------------------------
    [ 0]  R5      P2        31.52      51.92     0.00    10.00       none       6.19    1.0000   70.00%   70.00%
    [ 1]  R6      P2        31.52      52.32     0.00    10.00       none       6.23    0.3000   21.00%   91.00%
    [ 2]  R9      P2        31.52      58.67     0.00    10.00       none       6.87    0.0900    6.30%   97.30%
    [ 3]  R10     P3        26.05      35.31     5.42    10.00       none       9.96    0.0270    1.89%   99.19%
    [ 4]  R9      P5        45.61      72.76     2.17    20.17       none      11.47    0.0081    0.57%   99.76%
    [ 5]  R6      P5        45.61      66.41     3.52    20.17       none      12.18    0.0024    0.17%   99.93%
    [ 6]  R9      P3        45.61      72.76     2.17    29.56       none      12.40    0.0007    0.05%   99.98%
    [ 7]  R6      P3        45.61      66.41     3.52    29.56       none      13.12    0.0002    0.02%   99.99%
    [ 8]  R5      P5        45.61      66.01     6.00    20.17       none      14.62    0.0001    0.00%  100.00%
    [ 9]  R5      P3        45.61      66.01     6.00    29.56       none      15.55    0.0000    0.00%  100.00%
    [10]  R10     P2        31.52      40.78    10.89    10.00       none      15.97    0.0000    0.00%  100.00%
    [11]  R9      P4        55.61      82.76    12.17    10.00       none      21.45    0.0000    0.00%  100.00%
    [12]  R6      P4        55.61      76.41    13.52    10.00       none      22.16    0.0000    0.00%  100.00%
    [13]  R5      P4        55.61      76.01    16.00    10.00       none      24.60    0.0000    0.00%  100.00%
    [14]  R9      P1        62.31      89.46    18.87    10.00       none      28.81    0.0000    0.00%  100.00%
    [15]  R6      P1        62.31      83.11    20.21    10.00       none      29.52    0.0000    0.00%  100.00%
    [16]  R5      P1        62.31      82.71    22.69    10.00       none      31.96    0.0000    0.00%  100.00%
    [17]  R10     P5        45.61      54.87    24.98    20.17       none      32.49    0.0000    0.00%  100.00%
    [18]  R10     P4        55.61      64.87    34.98    10.00       none      42.47    0.0000    0.00%  100.00%
    [19]  R10     P1        62.31      71.57    41.68    10.00       none      49.84    0.0000    0.00%  100.00%
    draw=1.2762  →  (R6, P2) (rank 1) selected

  Assignment: R6 → P2  [31.52 → 52.32]  delay=0.00
    J6-1       [31.52 → 35.82]
    J6-2       [35.82 → 43.47]
    J6-3       [43.47 → 52.32]

  Assigned so far:
    ID      Pos       start    finish    delay
    ----------------------------------------
    R3      P3         0.00     16.05     0.00
    R8      P1        13.02     20.75     0.00
    R1      P2         0.00     21.52     0.00
    R2      P5         0.00     25.44     0.00
    R4      P4        25.44     45.61     0.00
    R7      P1        30.75     52.30     0.00
    R6      P2        31.52     52.32     0.00

========================================================================
  STEP 8/10
========================================================================

  Pair evaluation  (15 pairs):
    Rank   ID      Pos     t_start   t_finish    delay      gap   blocking      score    weight     P(%)   cum(%)
    ---------------------------------------------------------------------------------------------------------
    [ 0]  R10     P3        26.05      35.31     5.42    10.00       none       9.96    1.0000   70.00%   70.00%
    [ 1]  R9      P5        45.61      72.76     2.17    20.17       none      11.47    0.3000   21.00%   91.00%
    [ 2]  R9      P3        45.61      72.76     2.17    29.56       none      12.40    0.0900    6.30%   97.30%
    [ 3]  R5      P5        45.61      66.01     6.00    20.17       none      14.62    0.0270    1.89%   99.19%
    [ 4]  R5      P3        45.61      66.01     6.00    29.56       none      15.55    0.0081    0.57%   99.76%
    [ 5]  R9      P4        55.61      82.76    12.17    10.00       none      21.45    0.0024    0.17%   99.93%
    [ 6]  R5      P4        55.61      76.01    16.00    10.00       none      24.60    0.0007    0.05%   99.98%
    [ 7]  R9      P1        62.31      89.46    18.87    10.00       none      28.81    0.0002    0.02%   99.99%
    [ 8]  R9      P2        62.32      89.47    18.88    10.00       none      28.83    0.0001    0.00%  100.00%
    [ 9]  R5      P1        62.31      82.71    22.69    10.00       none      31.96    0.0000    0.00%  100.00%
    [10]  R5      P2        62.32      82.72    22.71    10.00       none      31.98    0.0000    0.00%  100.00%
    [11]  R10     P5        45.61      54.87    24.98    20.17       none      32.49    0.0000    0.00%  100.00%
    [12]  R10     P4        55.61      64.87    34.98    10.00       none      42.47    0.0000    0.00%  100.00%
    [13]  R10     P1        62.31      71.57    41.68    10.00       none      49.84    0.0000    0.00%  100.00%
    [14]  R10     P2        62.32      71.58    41.69    10.00       none      49.85    0.0000    0.00%  100.00%
    draw=1.0920  →  (R9, P5) (rank 1) selected
  start-time compare  R9 → P5:  t_imm=35.44 cost=46.26 (2 new movs)  vs  t_nob=45.61 cost=9.45

  Assignment: R9 → P5  [45.61 → 72.76]  delay=2.17
    J9-1       [45.61 → 52.76]
    J9-2       [52.76 → 62.79]
    J9-3       [62.79 → 72.76]

  Assigned so far:
    ID      Pos       start    finish    delay
    ----------------------------------------
    R3      P3         0.00     16.05     0.00
    R8      P1        13.02     20.75     0.00
    R1      P2         0.00     21.52     0.00
    R2      P5         0.00     25.44     0.00
    R4      P4        25.44     45.61     0.00
    R7      P1        30.75     52.30     0.00
    R6      P2        31.52     52.32     0.00
    R9      P5        45.61     72.76     2.17

========================================================================
  STEP 9/10
========================================================================

  Pair evaluation  (10 pairs):
    Rank   ID      Pos     t_start   t_finish    delay      gap   blocking      score    weight     P(%)   cum(%)
    ---------------------------------------------------------------------------------------------------------
    [ 0]  R10     P3        26.05      35.31     5.42    10.00       none       9.96    1.0000   70.00%   70.00%
    [ 1]  R5      P3        45.61      66.01     6.00    29.56       none      15.55    0.3000   21.00%   91.00%
    [ 2]  R5      P1        62.31      82.71    22.69    10.00       none      31.96    0.0900    6.30%   97.30%
    [ 3]  R5      P2        62.32      82.72    22.71    10.00       none      31.98    0.0270    1.89%   99.19%
    [ 4]  R10     P4        55.61      64.87    34.98    10.00       none      42.47    0.0081    0.57%   99.76%
    [ 5]  R5      P4        72.76      93.16    33.15    27.15       none      45.18    0.0024    0.17%   99.93%
    [ 6]  R10     P1        62.31      71.57    41.68    10.00       none      49.84    0.0007    0.05%   99.98%
    [ 7]  R10     P2        62.32      71.58    41.69    10.00       none      49.85    0.0002    0.02%   99.99%
    [ 8]  R5      P5        82.76     103.16    43.15    10.00       none      54.46    0.0001    0.00%  100.00%
    [ 9]  R10     P5        82.76      92.02    62.14    10.00       none      72.34    0.0000    0.00%  100.00%
    draw=0.3870  →  (R10, P3) (rank 0) selected

  Assignment: R10 → P3  [26.05 → 35.31]  delay=5.42
    J10-1      [26.05 → 35.31]

  Assigned so far:
    ID      Pos       start    finish    delay
    ----------------------------------------
    R3      P3         0.00     16.05     0.00
    R8      P1        13.02     20.75     0.00
    R1      P2         0.00     21.52     0.00
    R2      P5         0.00     25.44     0.00
    R4      P4        25.44     45.61     0.00
    R7      P1        30.75     52.30     0.00
    R6      P2        31.52     52.32     0.00
    R9      P5        45.61     72.76     2.17
    R10     P3        26.05     35.31     5.42

========================================================================
  STEP 10/10
========================================================================

  Pair evaluation  (5 pairs):
    Rank   ID      Pos     t_start   t_finish    delay      gap   blocking      score    weight     P(%)   cum(%)
    ---------------------------------------------------------------------------------------------------------
    [ 0]  R5      P3        45.61      66.01     6.00    10.30       none      13.63    1.0000   70.17%   70.17%
    [ 1]  R5      P1        62.31      82.71    22.69    10.00       none      31.96    0.3000   21.05%   91.22%
    [ 2]  R5      P2        62.32      82.72    22.71    10.00       none      31.98    0.0900    6.32%   97.54%
    [ 3]  R5      P4        72.76      93.16    33.15    27.15       none      45.18    0.0270    1.89%   99.43%
    [ 4]  R5      P5        82.76     103.16    43.15    10.00       none      54.46    0.0081    0.57%  100.00%
    draw=0.9788  →  (R5, P3) (rank 0) selected
  start-time compare  R5 → P3:  t_imm=45.31 cost=92.27 (4 new movs)  vs  t_nob=45.61 cost=12.60

  Assignment: R5 → P3  [45.61 → 66.01]  delay=6.00
    J5-1       [45.61 → 51.67]
    J5-2       [51.67 → 57.40]
    J5-3       [57.40 → 66.01]

  Assigned so far:
    ID      Pos       start    finish    delay
    ----------------------------------------
    R3      P3         0.00     16.05     0.00
    R8      P1        13.02     20.75     0.00
    R1      P2         0.00     21.52     0.00
    R2      P5         0.00     25.44     0.00
    R4      P4        25.44     45.61     0.00
    R7      P1        30.75     52.30     0.00
    R6      P2        31.52     52.32     0.00
    R9      P5        45.61     72.76     2.17
    R10     P3        26.05     35.31     5.42
    R5      P3        45.61     66.01     6.00

========================================================================
  Iteration result:  makespan=72.76  movements=0  delay=13.60
========================================================================

========================================================================
  Local search start  obj=20.87
========================================================================
  Local search end    obj=20.87

────────────────────────────────────────────────────────────────────────
  Iteration history
────────────────────────────────────────────────────────────────────────
      Iter   Time(s)           Obj    Makespan       Delay    Mov
  ------------------------------------------------------------
         1      0.37         44.06       87.75       35.29      0  *
         2      0.91         36.06       72.76       28.78      0  *
         3      1.54         37.55       77.25       29.83      0
         4      3.51         38.39       77.02       30.69      0
         5      3.61         28.88       72.49       21.63      0  *
         6      3.76         28.68       72.76       21.41      0  *
         7      3.82         36.06       72.76       28.78      0
         8      3.93         37.37       81.66       29.20      0
         9      3.99         32.41       70.94       25.31      0
        10      4.09         38.77       77.77       31.00      0
        11      4.14         31.25       83.37       22.91      0
        12      4.44         55.48       81.89       47.29      0
        13      4.54         38.80       78.00       31.00      0
        14      4.63         51.46       74.14       44.05      0
        15      4.73         31.51       72.76       24.24      0
        16      4.81         25.08       73.37       17.74      0  *
        17      5.11         37.55       77.25       29.83      0
        18      5.34         38.73       81.95       30.54      0
        19      5.43         59.33       83.11       51.02      0
        20      5.51         37.55       77.25       29.83      0
        21      6.06         34.83       81.72       26.66      0
        22      6.72         37.55       77.25       29.83      0
        23      8.45         31.25       83.37       22.91      0
        24     10.30         36.06       72.76       28.78      0
        25     11.70         36.06       72.76       28.78      0
        26     13.71         37.55       77.25       29.83      0
        27     14.57         37.55       77.25       29.83      0
        28     17.21         37.55       77.25       29.83      0
        29     17.65         37.55       77.25       29.83      0
        30     18.09         55.34       98.81       45.46      0
        31     18.54         31.25       83.37       22.91      0
        32     20.08         25.08       73.37       17.74      0
        33     21.61         35.14       88.31       26.31      0
        34     22.09         37.55       77.25       29.83      0
        35     23.32         31.25       83.37       22.91      0
        36     24.60         37.55       77.25       29.83      0
        37     26.04         20.87       72.76       13.60      0  *
        38     27.49         31.25       83.37       22.91      0
        39     30.46         29.29       72.99       21.99      0
        40     30.74         37.55       77.25       29.83      0
        41     33.09         37.55       77.25       29.83      0
        42     34.76         42.87       77.02       35.17      0
        43     35.30         37.55       77.25       29.83      0
        44     35.91         39.17       77.77       31.40      0
        45     36.59         31.25       83.37       22.91      0
        46     39.86         28.88       72.49       21.63      0
        47     42.28         25.08       73.37       17.74      0
        48     47.02         27.15       72.76       19.88      0
        49     48.61         37.55       77.25       29.83      0
        50     49.54         38.31       78.84       30.42      0
        51     51.31         37.55       77.25       29.83      0
        52     52.28         36.06       72.76       28.78      0
        53     53.14         37.55       77.25       29.83      0
        54     54.00         37.55       77.25       29.83      0
        55     54.43         25.08       73.37       17.74      0
        56     55.71         57.11       86.36       48.48      0
        57     56.05         37.55       77.25       29.83      0
        58     57.17         25.08       73.37       17.74      0
        59     58.51         29.29       72.99       21.99      0
        60     58.81         25.08       73.37       17.74      0
  ------------------------------------------------------------
