========================================================================
  Topology-Aware Heuristic — run summary
========================================================================
  Instance aircraft : 20
  Positions         : ['P1', 'P2', 'P3', 'P4', 'P5']
  Blocking load     : P1=0  P2=0  P3=2  P4=1  P5=0

  Parameters:
    time_limit_s: 60
    min_separation: 10.0
    weight_makespan: 0.1
    weight_delay: 1.0
    weight_movements: 10
    weight_topology: 1.0
    alpha: 0.3
    seed: None
    log_enabled: True
    MIPGap: 0.0
    NoRelHeurTime: 0

========================================================================
  Iterations: 117
  Best objective: 247.6380
  Makespan: 111.0100   Delay: 236.5370   Movements: 0
========================================================================

  Improvement log:
  iter=1  t=0.00s  obj=280.20  makespan=112.89  delay=268.91  mov=0  *
  iter=4  t=2.29s  obj=254.56  makespan=109.56  delay=243.60  mov=0  *
  iter=16  t=8.03s  obj=253.14  makespan=106.12  delay=242.52  mov=0  *
  iter=92  t=47.01s  obj=248.22  makespan=112.19  delay=237.00  mov=0  *
  iter=106  t=53.20s  obj=247.64  makespan=111.01  delay=236.54  mov=0  *

========================================================================
  Best solution — aircraft assignments:
  ID      Pos    load   duration     start    finish    delay
  --------------------------------------------------------
  R1      P1        0      18.30      0.00     18.30     0.00
  R2      P5        0      15.20      0.00     15.20     0.00
  R7      P4        1      13.93      1.21     15.14     0.00
  R9      P2        0      12.59      5.74     18.33     0.00
  R12     P3        2       5.78      8.13     13.91     0.00
  R6      P5        0      17.28     25.20     42.48     0.00
  R8      P4        1      15.47     25.20     40.67     0.00
  R16     P3        2       6.63     25.20     31.83     0.00
  R4      P1        0      16.65     28.30     44.95     0.00
  R10     P2        0      11.87     28.33     40.20     0.00
  R18     P3        2       8.07     42.48     50.55    13.88
  R15     P2        0      13.77     50.20     63.97     3.37
  R11     P5        0      29.10     52.48     81.58     8.59
  R14     P4        1      21.00     52.48     73.48     8.20
  R3      P1        0      24.82     54.95     79.77    10.76
  R20     P3        2       9.78     60.55     70.33    29.30
  R17     P2        0      22.10     73.97     96.07    20.36
  R13     P4        1      21.38     83.48    104.86    45.93
  R19     P3        2       9.19     83.48     92.67    52.06
  R5      P1        0      21.24     89.77    111.01    44.08
========================================================================
