========================================================================
  ConstructiveHeuristic — unknown
========================================================================
  alpha=0.7  time_limit=5s  seed=None  min_sep=10.0
  weights: makespan=10.0  delay=100.0  movements=1.0

  Instance: 10 aircraft  5 positions  3 blocking arcs
  Blocking arcs: P3→P4  P3→P5  P4→P5

────────────────────────────────────────────────────────────────────────
  Best construction detail  (iter 34  obj=633.9000)
────────────────────────────────────────────────────────────────────────
Blocking arcs: P3→P4  P3→P5  P4→P5

Aircraft initial ranking (target_finish ASC, total_duration ASC):
  Rank   ID       earliest     target    duration
  ----------------------------------------------
  [ 0]  R8          13.02      21.99        7.74
  [ 1]  R10         18.84      29.89        9.26
  [ 2]  R3           0.00      35.63       16.05
  [ 3]  R1           0.00      51.06       21.52
  [ 4]  R2           0.00      53.35       25.44
  [ 5]  R4           5.62      55.07       20.17
  [ 6]  R5           6.51      60.01       20.40
  [ 7]  R6           8.77      62.89       20.80
  [ 8]  R7          12.91      63.99       21.55
  [ 9]  R9          13.44      70.59       27.15

========================================================================
  STEP 1/10
========================================================================

  Pair evaluation  (50 pairs):
    Rank   ID      Pos     t_start   t_finish    delay      gap   blocking      score    weight     P(%)   cum(%)
    ---------------------------------------------------------------------------------------------------------
    [ 0]  R3      P1         0.00      16.05     0.00     0.00       none     160.50    1.0000   70.00%   70.00%
    [ 1]  R3      P2         0.00      16.05     0.00     0.00       none     160.50    0.3000   21.00%   91.00%
    [ 2]  R3      P3         0.00      16.05     0.00     0.00       none     160.50    0.0900    6.30%   97.30%
    [ 3]  R3      P4         0.00      16.05     0.00     0.00       none     160.50    0.0270    1.89%   99.19%
    [ 4]  R3      P5         0.00      16.05     0.00     0.00       none     160.50    0.0081    0.57%   99.76%
    [ 5]  R8      P1        13.02      20.76     0.00     0.00       none     207.55    0.0024    0.17%   99.93%
    [ 6]  R8      P2        13.02      20.76     0.00     0.00       none     207.55    0.0007    0.05%   99.98%
    [ 7]  R8      P3        13.02      20.76     0.00     0.00       none     207.55    0.0002    0.02%   99.99%
    [ 8]  R8      P4        13.02      20.76     0.00     0.00       none     207.55    0.0001    0.00%  100.00%
    [ 9]  R8      P5        13.02      20.76     0.00     0.00       none     207.55    0.0000    0.00%  100.00%
    [10]  R1      P1         0.00      21.52     0.00     0.00       none     215.20    0.0000    0.00%  100.00%
    [11]  R1      P2         0.00      21.52     0.00     0.00       none     215.20    0.0000    0.00%  100.00%
    [12]  R1      P3         0.00      21.52     0.00     0.00       none     215.20    0.0000    0.00%  100.00%
    [13]  R1      P4         0.00      21.52     0.00     0.00       none     215.20    0.0000    0.00%  100.00%
    [14]  R1      P5         0.00      21.52     0.00     0.00       none     215.20    0.0000    0.00%  100.00%
    [15]  R2      P1         0.00      25.44     0.00     0.00       none     254.40    0.0000    0.00%  100.00%
    [16]  R2      P2         0.00      25.44     0.00     0.00       none     254.40    0.0000    0.00%  100.00%
    [17]  R2      P3         0.00      25.44     0.00     0.00       none     254.40    0.0000    0.00%  100.00%
    [18]  R2      P4         0.00      25.44     0.00     0.00       none     254.40    0.0000    0.00%  100.00%
    [19]  R2      P5         0.00      25.44     0.00     0.00       none     254.40    0.0000    0.00%  100.00%
    [20]  R4      P1         5.62      25.79     0.00     0.00       none     257.87    0.0000    0.00%  100.00%
    [21]  R4      P2         5.62      25.79     0.00     0.00       none     257.87    0.0000    0.00%  100.00%
    [22]  R4      P3         5.62      25.79     0.00     0.00       none     257.87    0.0000    0.00%  100.00%
    [23]  R4      P4         5.62      25.79     0.00     0.00       none     257.87    0.0000    0.00%  100.00%
    [24]  R4      P5         5.62      25.79     0.00     0.00       none     257.87    0.0000    0.00%  100.00%
    [25]  R5      P1         6.51      26.91     0.00     0.00       none     269.12    0.0000    0.00%  100.00%
    [26]  R5      P2         6.51      26.91     0.00     0.00       none     269.12    0.0000    0.00%  100.00%
    [27]  R5      P3         6.51      26.91     0.00     0.00       none     269.12    0.0000    0.00%  100.00%
    [28]  R5      P4         6.51      26.91     0.00     0.00       none     269.12    0.0000    0.00%  100.00%
    [29]  R5      P5         6.51      26.91     0.00     0.00       none     269.12    0.0000    0.00%  100.00%
    [30]  R10     P1        18.84      28.10     0.00     0.00       none     281.00    0.0000    0.00%  100.00%
    [31]  R10     P2        18.84      28.10     0.00     0.00       none     281.00    0.0000    0.00%  100.00%
    [32]  R10     P3        18.84      28.10     0.00     0.00       none     281.00    0.0000    0.00%  100.00%
    [33]  R10     P4        18.84      28.10     0.00     0.00       none     281.00    0.0000    0.00%  100.00%
    [34]  R10     P5        18.84      28.10     0.00     0.00       none     281.00    0.0000    0.00%  100.00%
    [35]  R6      P1         8.77      29.57     0.00     0.00       none     295.67    0.0000    0.00%  100.00%
    [36]  R6      P2         8.77      29.57     0.00     0.00       none     295.67    0.0000    0.00%  100.00%
    [37]  R6      P3         8.77      29.57     0.00     0.00       none     295.67    0.0000    0.00%  100.00%
    [38]  R6      P4         8.77      29.57     0.00     0.00       none     295.67    0.0000    0.00%  100.00%
    [39]  R6      P5         8.77      29.57     0.00     0.00       none     295.67    0.0000    0.00%  100.00%
    [40]  R7      P1        12.91      34.46     0.00     0.00       none     344.58    0.0000    0.00%  100.00%
    [41]  R7      P2        12.91      34.46     0.00     0.00       none     344.58    0.0000    0.00%  100.00%
    [42]  R7      P3        12.91      34.46     0.00     0.00       none     344.58    0.0000    0.00%  100.00%
    [43]  R7      P4        12.91      34.46     0.00     0.00       none     344.58    0.0000    0.00%  100.00%
    [44]  R7      P5        12.91      34.46     0.00     0.00       none     344.58    0.0000    0.00%  100.00%
    [45]  R9      P1        13.44      40.59     0.00     0.00       none     405.91    0.0000    0.00%  100.00%
    [46]  R9      P2        13.44      40.59     0.00     0.00       none     405.91    0.0000    0.00%  100.00%
    [47]  R9      P3        13.44      40.59     0.00     0.00       none     405.91    0.0000    0.00%  100.00%
    [48]  R9      P4        13.44      40.59     0.00     0.00       none     405.91    0.0000    0.00%  100.00%
    [49]  R9      P5        13.44      40.59     0.00     0.00       none     405.91    0.0000    0.00%  100.00%
    draw=0.5596  →  (R3, P1) (rank 0) selected

  Assignment: R3 → P1  [0.00 → 16.05]  delay=0.00
    J3-1       [0.00 → 8.95]
    J3-2       [8.95 → 16.05]

  Assigned so far:
    ID      Pos       start    finish    delay
    ----------------------------------------
    R3      P1         0.00     16.05     0.00

========================================================================
  STEP 2/10
========================================================================

  Pair evaluation  (45 pairs):
    Rank   ID      Pos     t_start   t_finish    delay      gap   blocking      score    weight     P(%)   cum(%)
    ---------------------------------------------------------------------------------------------------------
    [ 0]  R8      P2        13.02      20.76     0.00     0.00       none     207.55    1.0000   70.00%   70.00%
    [ 1]  R8      P3        13.02      20.76     0.00     0.00       none     207.55    0.3000   21.00%   91.00%
    [ 2]  R8      P4        13.02      20.76     0.00     0.00       none     207.55    0.0900    6.30%   97.30%
    [ 3]  R8      P5        13.02      20.76     0.00     0.00       none     207.55    0.0270    1.89%   99.19%
    [ 4]  R1      P2         0.00      21.52     0.00     0.00       none     215.20    0.0081    0.57%   99.76%
    [ 5]  R1      P3         0.00      21.52     0.00     0.00       none     215.20    0.0024    0.17%   99.93%
    [ 6]  R1      P4         0.00      21.52     0.00     0.00       none     215.20    0.0007    0.05%   99.98%
    [ 7]  R1      P5         0.00      21.52     0.00     0.00       none     215.20    0.0002    0.02%   99.99%
    [ 8]  R2      P2         0.00      25.44     0.00     0.00       none     254.40    0.0001    0.00%  100.00%
    [ 9]  R2      P3         0.00      25.44     0.00     0.00       none     254.40    0.0000    0.00%  100.00%
    [10]  R2      P4         0.00      25.44     0.00     0.00       none     254.40    0.0000    0.00%  100.00%
    [11]  R2      P5         0.00      25.44     0.00     0.00       none     254.40    0.0000    0.00%  100.00%
    [12]  R4      P2         5.62      25.79     0.00     0.00       none     257.87    0.0000    0.00%  100.00%
    [13]  R4      P3         5.62      25.79     0.00     0.00       none     257.87    0.0000    0.00%  100.00%
    [14]  R4      P4         5.62      25.79     0.00     0.00       none     257.87    0.0000    0.00%  100.00%
    [15]  R4      P5         5.62      25.79     0.00     0.00       none     257.87    0.0000    0.00%  100.00%
    [16]  R5      P2         6.51      26.91     0.00     0.00       none     269.12    0.0000    0.00%  100.00%
    [17]  R5      P3         6.51      26.91     0.00     0.00       none     269.12    0.0000    0.00%  100.00%
    [18]  R5      P4         6.51      26.91     0.00     0.00       none     269.12    0.0000    0.00%  100.00%
    [19]  R5      P5         6.51      26.91     0.00     0.00       none     269.12    0.0000    0.00%  100.00%
    [20]  R10     P2        18.84      28.10     0.00     0.00       none     281.00    0.0000    0.00%  100.00%
    [21]  R10     P3        18.84      28.10     0.00     0.00       none     281.00    0.0000    0.00%  100.00%
    [22]  R10     P4        18.84      28.10     0.00     0.00       none     281.00    0.0000    0.00%  100.00%
    [23]  R10     P5        18.84      28.10     0.00     0.00       none     281.00    0.0000    0.00%  100.00%
    [24]  R6      P2         8.77      29.57     0.00     0.00       none     295.67    0.0000    0.00%  100.00%
    [25]  R6      P3         8.77      29.57     0.00     0.00       none     295.67    0.0000    0.00%  100.00%
    [26]  R6      P4         8.77      29.57     0.00     0.00       none     295.67    0.0000    0.00%  100.00%
    [27]  R6      P5         8.77      29.57     0.00     0.00       none     295.67    0.0000    0.00%  100.00%
    [28]  R7      P2        12.91      34.46     0.00     0.00       none     344.58    0.0000    0.00%  100.00%
    [29]  R7      P3        12.91      34.46     0.00     0.00       none     344.58    0.0000    0.00%  100.00%
    [30]  R7      P4        12.91      34.46     0.00     0.00       none     344.58    0.0000    0.00%  100.00%
    [31]  R7      P5        12.91      34.46     0.00     0.00       none     344.58    0.0000    0.00%  100.00%
    [32]  R9      P2        13.44      40.59     0.00     0.00       none     405.91    0.0000    0.00%  100.00%
    [33]  R9      P3        13.44      40.59     0.00     0.00       none     405.91    0.0000    0.00%  100.00%
    [34]  R9      P4        13.44      40.59     0.00     0.00       none     405.91    0.0000    0.00%  100.00%
    [35]  R9      P5        13.44      40.59     0.00     0.00       none     405.91    0.0000    0.00%  100.00%
    [36]  R4      P1        26.05      46.22     0.00    10.00       none     562.20    0.0000    0.00%  100.00%
    [37]  R5      P1        26.05      46.45     0.00    10.00       none     564.50    0.0000    0.00%  100.00%
    [38]  R6      P1        26.05      46.85     0.00    10.00       none     568.50    0.0000    0.00%  100.00%
    [39]  R1      P1        26.05      47.57     0.00    10.00       none     575.70    0.0000    0.00%  100.00%
    [40]  R7      P1        26.05      47.60     0.00    10.00       none     576.00    0.0000    0.00%  100.00%
    [41]  R2      P1        26.05      51.49     0.00    10.00       none     614.90    0.0000    0.00%  100.00%
    [42]  R9      P1        26.05      53.20     0.00    10.00       none     632.00    0.0000    0.00%  100.00%
    [43]  R10     P1        26.05      35.31     5.42    10.00       none     995.60    0.0000    0.00%  100.00%
    [44]  R8      P1        26.05      33.79    11.80    10.00       none    1617.50    0.0000    0.00%  100.00%
    draw=0.3853  →  (R8, P2) (rank 0) selected

  Assignment: R8 → P2  [13.02 → 20.76]  delay=0.00
    J8-1       [13.02 → 20.75]

  Assigned so far:
    ID      Pos       start    finish    delay
    ----------------------------------------
    R3      P1         0.00     16.05     0.00
    R8      P2        13.02     20.75     0.00

========================================================================
  STEP 3/10
========================================================================

  Pair evaluation  (40 pairs):
    Rank   ID      Pos     t_start   t_finish    delay      gap   blocking      score    weight     P(%)   cum(%)
    ---------------------------------------------------------------------------------------------------------
    [ 0]  R1      P3         0.00      21.52     0.00     0.00       none     215.20    1.0000   70.00%   70.00%
    [ 1]  R1      P4         0.00      21.52     0.00     0.00       none     215.20    0.3000   21.00%   91.00%
    [ 2]  R1      P5         0.00      21.52     0.00     0.00       none     215.20    0.0900    6.30%   97.30%
    [ 3]  R2      P3         0.00      25.44     0.00     0.00       none     254.40    0.0270    1.89%   99.19%
    [ 4]  R2      P4         0.00      25.44     0.00     0.00       none     254.40    0.0081    0.57%   99.76%
    [ 5]  R2      P5         0.00      25.44     0.00     0.00       none     254.40    0.0024    0.17%   99.93%
    [ 6]  R4      P3         5.62      25.79     0.00     0.00       none     257.87    0.0007    0.05%   99.98%
    [ 7]  R4      P4         5.62      25.79     0.00     0.00       none     257.87    0.0002    0.02%   99.99%
    [ 8]  R4      P5         5.62      25.79     0.00     0.00       none     257.87    0.0001    0.00%  100.00%
    [ 9]  R5      P3         6.51      26.91     0.00     0.00       none     269.12    0.0000    0.00%  100.00%
    [10]  R5      P4         6.51      26.91     0.00     0.00       none     269.12    0.0000    0.00%  100.00%
    [11]  R5      P5         6.51      26.91     0.00     0.00       none     269.12    0.0000    0.00%  100.00%
    [12]  R10     P3        18.84      28.10     0.00     0.00       none     281.00    0.0000    0.00%  100.00%
    [13]  R10     P4        18.84      28.10     0.00     0.00       none     281.00    0.0000    0.00%  100.00%
    [14]  R10     P5        18.84      28.10     0.00     0.00       none     281.00    0.0000    0.00%  100.00%
    [15]  R6      P3         8.77      29.57     0.00     0.00       none     295.67    0.0000    0.00%  100.00%
    [16]  R6      P4         8.77      29.57     0.00     0.00       none     295.67    0.0000    0.00%  100.00%
    [17]  R6      P5         8.77      29.57     0.00     0.00       none     295.67    0.0000    0.00%  100.00%
    [18]  R7      P3        12.91      34.46     0.00     0.00       none     344.58    0.0000    0.00%  100.00%
    [19]  R7      P4        12.91      34.46     0.00     0.00       none     344.58    0.0000    0.00%  100.00%
    [20]  R7      P5        12.91      34.46     0.00     0.00       none     344.58    0.0000    0.00%  100.00%
    [21]  R9      P3        13.44      40.59     0.00     0.00       none     405.91    0.0000    0.00%  100.00%
    [22]  R9      P4        13.44      40.59     0.00     0.00       none     405.91    0.0000    0.00%  100.00%
    [23]  R9      P5        13.44      40.59     0.00     0.00       none     405.91    0.0000    0.00%  100.00%
    [24]  R4      P1        26.05      46.22     0.00    10.00       none     562.20    0.0000    0.00%  100.00%
    [25]  R5      P1        26.05      46.45     0.00    10.00       none     564.50    0.0000    0.00%  100.00%
    [26]  R6      P1        26.05      46.85     0.00    10.00       none     568.50    0.0000    0.00%  100.00%
    [27]  R1      P1        26.05      47.57     0.00    10.00       none     575.70    0.0000    0.00%  100.00%
    [28]  R7      P1        26.05      47.60     0.00    10.00       none     576.00    0.0000    0.00%  100.00%
    [29]  R4      P2        30.76      50.93     0.00    10.00       none     609.25    0.0000    0.00%  100.00%
    [30]  R5      P2        30.76      51.16     0.00    10.00       none     611.55    0.0000    0.00%  100.00%
    [31]  R2      P1        26.05      51.49     0.00    10.00       none     614.90    0.0000    0.00%  100.00%
    [32]  R6      P2        30.76      51.56     0.00    10.00       none     615.55    0.0000    0.00%  100.00%
    [33]  R7      P2        30.76      52.31     0.00    10.00       none     623.05    0.0000    0.00%  100.00%
    [34]  R9      P1        26.05      53.20     0.00    10.00       none     632.00    0.0000    0.00%  100.00%
    [35]  R9      P2        30.76      57.91     0.00    10.00       none     679.05    0.0000    0.00%  100.00%
    [36]  R1      P2        30.76      52.28     1.21    10.00       none     744.05    0.0000    0.00%  100.00%
    [37]  R2      P2        30.76      56.20     2.84    10.00       none     946.35    0.0000    0.00%  100.00%
    [38]  R10     P1        26.05      35.31     5.42    10.00       none     995.60    0.0000    0.00%  100.00%
    [39]  R10     P2        30.76      40.02    10.13    10.00       none    1513.15    0.0000    0.00%  100.00%
    draw=0.6792  →  (R1, P3) (rank 0) selected

  Assignment: R1 → P3  [0.00 → 21.52]  delay=0.00
    J1-1       [0.00 → 6.55]
    J1-2       [6.55 → 12.99]
    J1-3       [12.99 → 21.52]

  Assigned so far:
    ID      Pos       start    finish    delay
    ----------------------------------------
    R3      P1         0.00     16.05     0.00
    R8      P2        13.02     20.75     0.00
    R1      P3         0.00     21.52     0.00

========================================================================
  STEP 4/10
========================================================================

  Pair evaluation  (35 pairs):
    Rank   ID      Pos     t_start   t_finish    delay      gap   blocking      score    weight     P(%)   cum(%)
    ---------------------------------------------------------------------------------------------------------
    [ 0]  R2      P4         0.00      25.44     0.00     0.00       none     254.40    1.0000   70.00%   70.00%
    [ 1]  R2      P5         0.00      25.44     0.00     0.00       none     254.40    0.3000   21.00%   91.00%
    [ 2]  R4      P4         5.62      25.79     0.00     0.00      2 mov     261.87    0.0900    6.30%   97.30%
    [ 3]  R4      P5         5.62      25.79     0.00     0.00      2 mov     261.87    0.0270    1.89%   99.19%
    [ 4]  R5      P4         6.51      26.91     0.00     0.00      2 mov     273.12    0.0081    0.57%   99.76%
    [ 5]  R5      P5         6.51      26.91     0.00     0.00      2 mov     273.12    0.0024    0.17%   99.93%
    [ 6]  R10     P4        18.84      28.10     0.00     0.00      2 mov     285.00    0.0007    0.05%   99.98%
    [ 7]  R10     P5        18.84      28.10     0.00     0.00      2 mov     285.00    0.0002    0.02%   99.99%
    [ 8]  R6      P4         8.77      29.57     0.00     0.00      2 mov     299.67    0.0001    0.00%  100.00%
    [ 9]  R6      P5         8.77      29.57     0.00     0.00      2 mov     299.67    0.0000    0.00%  100.00%
    [10]  R7      P4        12.91      34.46     0.00     0.00      2 mov     348.58    0.0000    0.00%  100.00%
    [11]  R7      P5        12.91      34.46     0.00     0.00      2 mov     348.58    0.0000    0.00%  100.00%
    [12]  R9      P4        13.44      40.59     0.00     0.00      2 mov     409.91    0.0000    0.00%  100.00%
    [13]  R9      P5        13.44      40.59     0.00     0.00      2 mov     409.91    0.0000    0.00%  100.00%
    [14]  R4      P1        26.05      46.22     0.00    10.00       none     562.20    0.0000    0.00%  100.00%
    [15]  R5      P1        26.05      46.45     0.00    10.00       none     564.50    0.0000    0.00%  100.00%
    [16]  R6      P1        26.05      46.85     0.00    10.00       none     568.50    0.0000    0.00%  100.00%
    [17]  R7      P1        26.05      47.60     0.00    10.00       none     576.00    0.0000    0.00%  100.00%
    [18]  R4      P2        30.76      50.93     0.00    10.00       none     609.25    0.0000    0.00%  100.00%
    [19]  R5      P2        30.76      51.16     0.00    10.00       none     611.55    0.0000    0.00%  100.00%
    [20]  R2      P1        26.05      51.49     0.00    10.00       none     614.90    0.0000    0.00%  100.00%
    [21]  R6      P2        30.76      51.56     0.00    10.00       none     615.55    0.0000    0.00%  100.00%
    [22]  R4      P3        31.52      51.69     0.00    10.00       none     616.90    0.0000    0.00%  100.00%
    [23]  R5      P3        31.52      51.92     0.00    10.00       none     619.20    0.0000    0.00%  100.00%
    [24]  R7      P2        30.76      52.31     0.00    10.00       none     623.05    0.0000    0.00%  100.00%
    [25]  R6      P3        31.52      52.32     0.00    10.00       none     623.20    0.0000    0.00%  100.00%
    [26]  R7      P3        31.52      53.07     0.00    10.00       none     630.70    0.0000    0.00%  100.00%
    [27]  R9      P1        26.05      53.20     0.00    10.00       none     632.00    0.0000    0.00%  100.00%
    [28]  R9      P2        30.76      57.91     0.00    10.00       none     679.05    0.0000    0.00%  100.00%
    [29]  R9      P3        31.52      58.67     0.00    10.00       none     686.70    0.0000    0.00%  100.00%
    [30]  R2      P2        30.76      56.20     2.84    10.00       none     946.35    0.0000    0.00%  100.00%
    [31]  R10     P1        26.05      35.31     5.42    10.00       none     995.60    0.0000    0.00%  100.00%
    [32]  R2      P3        31.52      56.96     3.61    10.00       none    1030.50    0.0000    0.00%  100.00%
    [33]  R10     P2        30.76      40.02    10.13    10.00       none    1513.15    0.0000    0.00%  100.00%
    [34]  R10     P3        31.52      40.78    10.89    10.00       none    1597.30    0.0000    0.00%  100.00%
    draw=1.2172  →  (R2, P5) (rank 1) selected

  Assignment: R2 → P5  [0.00 → 25.44]  delay=0.00
    J2-1       [0.00 → 7.50]
    J2-2       [7.50 → 15.75]
    J2-3       [15.75 → 25.44]

  Assigned so far:
    ID      Pos       start    finish    delay
    ----------------------------------------
    R3      P1         0.00     16.05     0.00
    R8      P2        13.02     20.75     0.00
    R1      P3         0.00     21.52     0.00
    R2      P5         0.00     25.44     0.00

========================================================================
  STEP 5/10
========================================================================

  Pair evaluation  (30 pairs):
    Rank   ID      Pos     t_start   t_finish    delay      gap   blocking      score    weight     P(%)   cum(%)
    ---------------------------------------------------------------------------------------------------------
    [ 0]  R4      P4         5.62      25.79     0.00     0.00      4 mov     265.87    1.0000   70.00%   70.00%
    [ 1]  R5      P4         6.51      26.91     0.00     0.00      4 mov     277.12    0.3000   21.00%   91.00%
    [ 2]  R10     P4        18.84      28.10     0.00     0.00      4 mov     289.00    0.0900    6.30%   97.30%
    [ 3]  R6      P4         8.77      29.57     0.00     0.00      4 mov     303.67    0.0270    1.89%   99.19%
    [ 4]  R7      P4        12.91      34.46     0.00     0.00      4 mov     352.58    0.0081    0.57%   99.76%
    [ 5]  R9      P4        13.44      40.59     0.00     0.00      4 mov     413.91    0.0024    0.17%   99.93%
    [ 6]  R4      P1        26.05      46.22     0.00    10.00       none     562.20    0.0007    0.05%   99.98%
    [ 7]  R5      P1        26.05      46.45     0.00    10.00       none     564.50    0.0002    0.02%   99.99%
    [ 8]  R6      P1        26.05      46.85     0.00    10.00       none     568.50    0.0001    0.00%  100.00%
    [ 9]  R7      P1        26.05      47.60     0.00    10.00       none     576.00    0.0000    0.00%  100.00%
    [10]  R4      P2        30.76      50.93     0.00    10.00       none     609.25    0.0000    0.00%  100.00%
    [11]  R5      P2        30.76      51.16     0.00    10.00       none     611.55    0.0000    0.00%  100.00%
    [12]  R6      P2        30.76      51.56     0.00    10.00       none     615.55    0.0000    0.00%  100.00%
    [13]  R4      P3        31.52      51.69     0.00    10.00       none     616.90    0.0000    0.00%  100.00%
    [14]  R5      P3        31.52      51.92     0.00    10.00       none     619.20    0.0000    0.00%  100.00%
    [15]  R7      P2        30.76      52.31     0.00    10.00       none     623.05    0.0000    0.00%  100.00%
    [16]  R6      P3        31.52      52.32     0.00    10.00       none     623.20    0.0000    0.00%  100.00%
    [17]  R7      P3        31.52      53.07     0.00    10.00       none     630.70    0.0000    0.00%  100.00%
    [18]  R9      P1        26.05      53.20     0.00    10.00       none     632.00    0.0000    0.00%  100.00%
    [19]  R5      P5        35.44      55.84     0.00    10.00       none     658.40    0.0000    0.00%  100.00%
    [20]  R6      P5        35.44      56.24     0.00    10.00       none     662.40    0.0000    0.00%  100.00%
    [21]  R7      P5        35.44      56.99     0.00    10.00       none     669.90    0.0000    0.00%  100.00%
    [22]  R9      P2        30.76      57.91     0.00    10.00       none     679.05    0.0000    0.00%  100.00%
    [23]  R9      P3        31.52      58.67     0.00    10.00       none     686.70    0.0000    0.00%  100.00%
    [24]  R4      P5        35.44      55.61     0.54    10.00       none     710.00    0.0000    0.00%  100.00%
    [25]  R9      P5        35.44      62.59     0.00    10.00       none     725.90    0.0000    0.00%  100.00%
    [26]  R10     P1        26.05      35.31     5.42    10.00       none     995.60    0.0000    0.00%  100.00%
    [27]  R10     P2        30.76      40.02    10.13    10.00       none    1513.15    0.0000    0.00%  100.00%
    [28]  R10     P3        31.52      40.78    10.89    10.00       none    1597.30    0.0000    0.00%  100.00%
    [29]  R10     P5        35.44      44.70    14.81    10.00       none    2028.50    0.0000    0.00%  100.00%
    draw=1.3105  →  (R10, P4) (rank 2) selected
  start-time compare  R10 → P4:  t_imm=18.84 cost=289.00 (4 new movs)  vs  t_nob=25.44 cost=828.50

  Assignment: R10 → P4  [18.84 → 28.10]  delay=0.00
    J10-1      [18.84 → 28.10]

  Assigned so far:
    ID      Pos       start    finish    delay
    ----------------------------------------
    R3      P1         0.00     16.05     0.00
    R8      P2        13.02     20.75     0.00
    R1      P3         0.00     21.52     0.00
    R2      P5         0.00     25.44     0.00
    R10     P4        18.84     28.10     0.00

========================================================================
  STEP 6/10
========================================================================

  Pair evaluation  (25 pairs):
    Rank   ID      Pos     t_start   t_finish    delay      gap   blocking      score    weight     P(%)   cum(%)
    ---------------------------------------------------------------------------------------------------------
    [ 0]  R4      P1        26.05      46.22     0.00    10.00      4 mov     570.20    1.0000   70.00%   70.00%
    [ 1]  R5      P1        26.05      46.45     0.00    10.00      4 mov     572.50    0.3000   21.00%   91.00%
    [ 2]  R6      P1        26.05      46.85     0.00    10.00      4 mov     576.50    0.0900    6.30%   97.30%
    [ 3]  R7      P1        26.05      47.60     0.00    10.00      4 mov     584.00    0.0270    1.89%   99.19%
    [ 4]  R4      P2        30.76      50.93     0.00    10.00      4 mov     617.25    0.0081    0.57%   99.76%
    [ 5]  R5      P2        30.76      51.16     0.00    10.00      4 mov     619.55    0.0024    0.17%   99.93%
    [ 6]  R6      P2        30.76      51.56     0.00    10.00      4 mov     623.55    0.0007    0.05%   99.98%
    [ 7]  R4      P3        31.52      51.69     0.00    10.00      4 mov     624.90    0.0002    0.02%   99.99%
    [ 8]  R5      P3        31.52      51.92     0.00    10.00      4 mov     627.20    0.0001    0.00%  100.00%
    [ 9]  R7      P2        30.76      52.31     0.00    10.00      4 mov     631.05    0.0000    0.00%  100.00%
    [10]  R6      P3        31.52      52.32     0.00    10.00      4 mov     631.20    0.0000    0.00%  100.00%
    [11]  R7      P3        31.52      53.07     0.00    10.00      4 mov     638.70    0.0000    0.00%  100.00%
    [12]  R9      P1        26.05      53.20     0.00    10.00      4 mov     640.00    0.0000    0.00%  100.00%
    [13]  R5      P5        35.44      55.84     0.00    10.00      4 mov     666.40    0.0000    0.00%  100.00%
    [14]  R6      P5        35.44      56.24     0.00    10.00      4 mov     670.40    0.0000    0.00%  100.00%
    [15]  R7      P5        35.44      56.99     0.00    10.00      4 mov     677.90    0.0000    0.00%  100.00%
    [16]  R9      P2        30.76      57.91     0.00    10.00      4 mov     687.05    0.0000    0.00%  100.00%
    [17]  R5      P4        38.10      58.50     0.00    10.00      4 mov     693.00    0.0000    0.00%  100.00%
    [18]  R9      P3        31.52      58.67     0.00    10.00      4 mov     694.70    0.0000    0.00%  100.00%
    [19]  R6      P4        38.10      58.90     0.00    10.00      4 mov     697.00    0.0000    0.00%  100.00%
    [20]  R7      P4        38.10      59.65     0.00    10.00      4 mov     704.50    0.0000    0.00%  100.00%
    [21]  R4      P5        35.44      55.61     0.54    10.00      4 mov     718.00    0.0000    0.00%  100.00%
    [22]  R9      P5        35.44      62.59     0.00    10.00      4 mov     733.90    0.0000    0.00%  100.00%
    [23]  R9      P4        38.10      65.25     0.00    10.00      4 mov     760.50    0.0000    0.00%  100.00%
    [24]  R4      P4        38.10      58.27     3.20    10.00      4 mov    1010.60    0.0000    0.00%  100.00%
    draw=0.3319  →  (R4, P1) (rank 0) selected

  Assignment: R4 → P1  [26.05 → 46.22]  delay=0.00
    J4-1       [26.05 → 32.54]
    J4-2       [32.54 → 38.91]
    J4-3       [38.91 → 46.22]

  Assigned so far:
    ID      Pos       start    finish    delay
    ----------------------------------------
    R3      P1         0.00     16.05     0.00
    R8      P2        13.02     20.75     0.00
    R1      P3         0.00     21.52     0.00
    R2      P5         0.00     25.44     0.00
    R10     P4        18.84     28.10     0.00
    R4      P1        26.05     46.22     0.00

========================================================================
  STEP 7/10
========================================================================

  Pair evaluation  (20 pairs):
    Rank   ID      Pos     t_start   t_finish    delay      gap   blocking      score    weight     P(%)   cum(%)
    ---------------------------------------------------------------------------------------------------------
    [ 0]  R5      P2        30.76      51.16     0.00    10.00      4 mov     619.55    1.0000   70.00%   70.00%
    [ 1]  R6      P2        30.76      51.56     0.00    10.00      4 mov     623.55    0.3000   21.00%   91.00%
    [ 2]  R5      P3        31.52      51.92     0.00    10.00      4 mov     627.20    0.0900    6.30%   97.30%
    [ 3]  R7      P2        30.76      52.31     0.00    10.00      4 mov     631.05    0.0270    1.89%   99.19%
    [ 4]  R6      P3        31.52      52.32     0.00    10.00      4 mov     631.20    0.0081    0.57%   99.76%
    [ 5]  R7      P3        31.52      53.07     0.00    10.00      4 mov     638.70    0.0024    0.17%   99.93%
    [ 6]  R5      P5        35.44      55.84     0.00    10.00      4 mov     666.40    0.0007    0.05%   99.98%
    [ 7]  R6      P5        35.44      56.24     0.00    10.00      4 mov     670.40    0.0002    0.02%   99.99%
    [ 8]  R7      P5        35.44      56.99     0.00    10.00      4 mov     677.90    0.0001    0.00%  100.00%
    [ 9]  R9      P2        30.76      57.91     0.00    10.00      4 mov     687.05    0.0000    0.00%  100.00%
    [10]  R5      P4        38.10      58.50     0.00    10.00      4 mov     693.00    0.0000    0.00%  100.00%
    [11]  R9      P3        31.52      58.67     0.00    10.00      4 mov     694.70    0.0000    0.00%  100.00%
    [12]  R6      P4        38.10      58.90     0.00    10.00      4 mov     697.00    0.0000    0.00%  100.00%
    [13]  R7      P4        38.10      59.65     0.00    10.00      4 mov     704.50    0.0000    0.00%  100.00%
    [14]  R9      P5        35.44      62.59     0.00    10.00      4 mov     733.90    0.0000    0.00%  100.00%
    [15]  R9      P4        38.10      65.25     0.00    10.00      4 mov     760.50    0.0000    0.00%  100.00%
    [16]  R9      P1        56.22      83.37    12.78    10.00      4 mov    2220.00    0.0000    0.00%  100.00%
    [17]  R7      P1        56.22      77.77    13.78    10.00      4 mov    2263.50    0.0000    0.00%  100.00%
    [18]  R6      P1        56.22      77.02    14.13    10.00      4 mov    2291.10    0.0000    0.00%  100.00%
    [19]  R5      P1        56.22      76.62    16.61    10.00      4 mov    2535.00    0.0000    0.00%  100.00%
    draw=1.1054  →  (R6, P2) (rank 1) selected

  Assignment: R6 → P2  [30.76 → 51.55]  delay=0.00
    J6-1       [30.75 → 35.05]
    J6-2       [35.05 → 42.70]
    J6-3       [42.70 → 51.55]

  Assigned so far:
    ID      Pos       start    finish    delay
    ----------------------------------------
    R3      P1         0.00     16.05     0.00
    R8      P2        13.02     20.75     0.00
    R1      P3         0.00     21.52     0.00
    R2      P5         0.00     25.44     0.00
    R10     P4        18.84     28.10     0.00
    R4      P1        26.05     46.22     0.00
    R6      P2        30.75     51.55     0.00

========================================================================
  STEP 8/10
========================================================================

  Pair evaluation  (15 pairs):
    Rank   ID      Pos     t_start   t_finish    delay      gap   blocking      score    weight     P(%)   cum(%)
    ---------------------------------------------------------------------------------------------------------
    [ 0]  R5      P3        31.52      51.92     0.00    10.00      4 mov     627.20    1.0000   70.00%   70.00%
    [ 1]  R7      P3        31.52      53.07     0.00    10.00      4 mov     638.70    0.3000   21.00%   91.00%
    [ 2]  R5      P5        35.44      55.84     0.00    10.00      4 mov     666.40    0.0900    6.30%   97.30%
    [ 3]  R7      P5        35.44      56.99     0.00    10.00      4 mov     677.90    0.0270    1.89%   99.19%
    [ 4]  R5      P4        38.10      58.50     0.00    10.00      4 mov     693.00    0.0081    0.57%   99.76%
    [ 5]  R9      P3        31.52      58.67     0.00    10.00      4 mov     694.70    0.0024    0.17%   99.93%
    [ 6]  R7      P4        38.10      59.65     0.00    10.00      4 mov     704.50    0.0007    0.05%   99.98%
    [ 7]  R9      P5        35.44      62.59     0.00    10.00      4 mov     733.90    0.0002    0.02%   99.99%
    [ 8]  R9      P4        38.10      65.25     0.00    10.00      4 mov     760.50    0.0001    0.00%  100.00%
    [ 9]  R9      P1        56.22      83.37    12.78    10.00      4 mov    2220.00    0.0000    0.00%  100.00%
    [10]  R7      P1        56.22      77.77    13.78    10.00      4 mov    2263.50    0.0000    0.00%  100.00%
    [11]  R5      P1        56.22      76.62    16.61    10.00      4 mov    2535.00    0.0000    0.00%  100.00%
    [12]  R9      P2        61.55      88.70    18.12    10.00      4 mov    2806.85    0.0000    0.00%  100.00%
    [13]  R7      P2        61.55      83.11    19.11    10.00      4 mov    2850.35    0.0000    0.00%  100.00%
    [14]  R5      P2        61.55      81.95    21.94    10.00      4 mov    3121.85    0.0000    0.00%  100.00%
    draw=0.7126  →  (R5, P3) (rank 0) selected

  Assignment: R5 → P3  [31.52 → 51.92]  delay=0.00
    J5-1       [31.52 → 37.58]
    J5-2       [37.58 → 43.31]
    J5-3       [43.31 → 51.92]

  Assigned so far:
    ID      Pos       start    finish    delay
    ----------------------------------------
    R3      P1         0.00     16.05     0.00
    R8      P2        13.02     20.75     0.00
    R1      P3         0.00     21.52     0.00
    R2      P5         0.00     25.44     0.00
    R10     P4        18.84     28.10     0.00
    R4      P1        26.05     46.22     0.00
    R6      P2        30.75     51.55     0.00
    R5      P3        31.52     51.92     0.00

========================================================================
  STEP 9/10
========================================================================

  Pair evaluation  (10 pairs):
    Rank   ID      Pos     t_start   t_finish    delay      gap   blocking      score    weight     P(%)   cum(%)
    ---------------------------------------------------------------------------------------------------------
    [ 0]  R7      P5        35.44      56.99     0.00    10.00      6 mov     681.90    1.0000   70.00%   70.00%
    [ 1]  R7      P4        38.10      59.65     0.00    10.00      6 mov     708.50    0.3000   21.00%   91.00%
    [ 2]  R9      P5        35.44      62.59     0.00    10.00      6 mov     737.90    0.0900    6.30%   97.30%
    [ 3]  R9      P4        38.10      65.25     0.00    10.00      6 mov     764.50    0.0270    1.89%   99.19%
    [ 4]  R9      P1        56.22      83.37    12.78    10.00      4 mov    2220.00    0.0081    0.57%   99.76%
    [ 5]  R7      P1        56.22      77.77    13.78    10.00      4 mov    2263.50    0.0024    0.17%   99.93%
    [ 6]  R9      P2        61.55      88.70    18.12    10.00      4 mov    2806.85    0.0007    0.05%   99.98%
    [ 7]  R9      P3        61.92      89.07    18.48    10.00      4 mov    2847.00    0.0002    0.02%   99.99%
    [ 8]  R7      P2        61.55      83.11    19.11    10.00      4 mov    2850.35    0.0001    0.00%  100.00%
    [ 9]  R7      P3        61.92      83.47    19.48    10.00      4 mov    2890.50    0.0000    0.00%  100.00%
    draw=1.0330  →  (R7, P4) (rank 1) selected
  start-time compare  R7 → P4:  t_imm=38.10 cost=600.50 (2 new movs)  vs  t_nob=51.92 cost=1682.50

  Assignment: R7 → P4  [38.10 → 59.65]  delay=0.00
    J7-1       [38.10 → 43.87]
    J7-2       [43.87 → 50.35]
    J7-3       [50.35 → 59.65]

  Assigned so far:
    ID      Pos       start    finish    delay
    ----------------------------------------
    R3      P1         0.00     16.05     0.00
    R8      P2        13.02     20.75     0.00
    R1      P3         0.00     21.52     0.00
    R2      P5         0.00     25.44     0.00
    R10     P4        18.84     28.10     0.00
    R4      P1        26.05     46.22     0.00
    R6      P2        30.75     51.55     0.00
    R5      P3        31.52     51.92     0.00
    R7      P4        38.10     59.65     0.00

========================================================================
  STEP 10/10
========================================================================

  Pair evaluation  (5 pairs):
    Rank   ID      Pos     t_start   t_finish    delay      gap   blocking      score    weight     P(%)   cum(%)
    ---------------------------------------------------------------------------------------------------------
    [ 0]  R9      P5        35.44      62.59     0.00    10.00      8 mov     741.90    1.0000   70.17%   70.17%
    [ 1]  R9      P1        56.22      83.37    12.78    10.00      6 mov    2224.00    0.3000   21.05%   91.22%
    [ 2]  R9      P2        61.55      88.70    18.12    10.00      6 mov    2810.85    0.0900    6.32%   97.54%
    [ 3]  R9      P3        61.92      89.07    18.48    10.00      6 mov    2851.00    0.0270    1.89%   99.43%
    [ 4]  R9      P4        69.65      96.80    26.21    10.00      6 mov    3701.30    0.0081    0.57%  100.00%
    draw=0.2034  →  (R9, P5) (rank 0) selected
  start-time compare  R9 → P5:  t_imm=35.44 cost=629.90 (2 new movs)  vs  t_nob=59.65 cost=2489.30

  Assignment: R9 → P5  [35.44 → 62.59]  delay=0.00
    J9-1       [35.44 → 42.59]
    J9-2       [42.59 → 52.62]
    J9-3       [52.62 → 62.59]

  Assigned so far:
    ID      Pos       start    finish    delay
    ----------------------------------------
    R3      P1         0.00     16.05     0.00
    R8      P2        13.02     20.75     0.00
    R1      P3         0.00     21.52     0.00
    R2      P5         0.00     25.44     0.00
    R10     P4        18.84     28.10     0.00
    R4      P1        26.05     46.22     0.00
    R6      P2        30.75     51.55     0.00
    R5      P3        31.52     51.92     0.00
    R7      P4        38.10     59.65     0.00
    R9      P5        35.44     62.59     0.00

========================================================================
  Iteration result:  makespan=62.59  movements=8  delay=0.00
========================================================================

========================================================================
  Local search start  obj=633.90
========================================================================
  Local search end    obj=633.90

────────────────────────────────────────────────────────────────────────
  Iteration history
────────────────────────────────────────────────────────────────────────
      Iter   Time(s)           Obj    Makespan       Delay    Mov
  ------------------------------------------------------------
         1      0.00       1131.55       57.91        5.42     10  *
         2      0.03       1131.55       57.91        5.42     10
         3      0.07       1129.55       57.91        5.42      8  *
         4      0.09       1129.55       57.91        5.42      8
         5      0.14       1131.55       57.91        5.42     10
         6      0.18       1129.55       57.91        5.42      8
         7      0.22       1131.55       57.91        5.42     10
         8      0.27       1129.55       57.91        5.42      8
         9      0.32       1131.55       57.91        5.42     10
        10      0.38       1131.55       57.91        5.42     10
        11      0.42       1131.55       57.91        5.42     10
        12      0.45       1129.55       57.91        5.42      8
        13      0.49       1131.55       57.91        5.42     10
        14      0.53       1129.55       57.91        5.42      8
        15      0.58       1127.55       57.91        5.42      6  *
        16      0.62       1131.55       57.91        5.42     10
        17      0.66       1131.55       57.91        5.42     10
        18      0.69       1131.55       57.91        5.42     10
        19      0.74       1131.55       57.91        5.42     10
        20      0.78       1131.55       57.91        5.42     10
        21      0.83       1129.55       57.91        5.42      8
        22      0.87       1129.55       57.91        5.42      8
        23      0.92       1131.55       57.91        5.42     10
        24      0.96       1131.55       57.91        5.42     10
        25      0.99       1131.55       57.91        5.42     10
        26      1.03       1131.55       57.91        5.42     10
        27      1.08       1131.55       57.91        5.42     10
        28      1.13       1131.55       57.91        5.42     10
        29      1.18       1131.55       57.91        5.42     10
        30      1.22       1131.55       57.91        5.42     10
        31      1.26       1125.55       57.91        5.42      4  *
        32      1.30       1129.55       57.91        5.42      8
        33      1.33       1131.55       57.91        5.42     10
        34      1.37        633.90       62.59        0.00      8  *
        35      1.39       1127.55       57.91        5.42      6
        36      1.44       1131.55       57.91        5.42     10
        37      1.48       1129.55       57.91        5.42      8
        38      1.52       1131.55       57.91        5.42     10
        39      1.56       1131.55       57.91        5.42     10
        40      1.60       1129.55       57.91        5.42      8
        41      1.65       1131.55       57.91        5.42     10
        42      1.68       1131.55       57.91        5.42     10
        43      1.74       1131.55       57.91        5.42     10
        44      1.80        662.50       65.25        0.00     10
        45      1.81       1131.55       57.91        5.42     10
        46      1.86       1129.55       57.91        5.42      8
        47      1.91        662.50       65.25        0.00     10
        48      1.93       1131.55       57.91        5.42     10
        49      2.01       1127.55       57.91        5.42      6
        50      2.10       1131.55       57.91        5.42     10
        51      2.15       1131.55       57.91        5.42     10
        52      2.20       1131.55       57.91        5.42     10
        53      2.26       1131.55       57.91        5.42     10
        54      2.30       1131.55       57.91        5.42     10
        55      2.34       1125.55       57.91        5.42      4
        56      2.40       1133.55       57.91        5.42     12
        57      2.44       1129.55       57.91        5.42      8
        58      2.48       1129.55       57.91        5.42      8
        59      2.52       1131.55       57.91        5.42     10
        60      2.57       1131.55       57.91        5.42     10
        61      2.61       1129.55       57.91        5.42      8
        62      2.70       1131.55       57.91        5.42     10
        63      2.75       1127.55       57.91        5.42      6
        64      2.83       1131.55       57.91        5.42     10
        65      2.88       1125.55       57.91        5.42      4
        66      2.92       1609.70       58.67       10.13     10
        67      2.95        662.50       65.25        0.00     10
        68      2.97       1131.55       57.91        5.42     10
        69      3.01       1131.55       57.91        5.42     10
        70      3.06       1131.55       57.91        5.42     10
        71      3.11       1131.55       57.91        5.42     10
        72      3.15       1131.55       57.91        5.42     10
        73      3.18       1131.55       57.91        5.42     10
        74      3.22       1131.55       57.91        5.42     10
        75      3.25       1131.55       57.91        5.42     10
        76      3.30       1129.55       57.91        5.42      8
        77      3.36       1131.55       57.91        5.42     10
        78      3.41       1131.55       57.91        5.42     10
        79      3.46       1131.55       57.91        5.42     10
        80      3.50       1131.55       57.91        5.42     10
        81      3.55       1129.55       57.91        5.42      8
        82      3.64       1125.55       57.91        5.42      4
        83      3.69       1129.55       57.91        5.42      8
        84      3.76       1129.55       57.91        5.42      8
        85      3.79       1131.55       57.91        5.42     10
        86      3.84       1131.55       57.91        5.42     10
        87      3.87        662.50       65.25        0.00     10
        88      3.89       1131.55       57.91        5.42     10
        89      3.93       1129.55       57.91        5.42      8
        90      3.98        662.50       65.25        0.00     10
        91      4.00       1131.55       57.91        5.42     10
        92      4.05       1131.55       57.91        5.42     10
        93      4.14       1129.55       57.91        5.42      8
        94      4.17       1131.55       57.91        5.42     10
        95      4.21       1133.55       57.91        5.42     12
        96      4.26       1131.55       57.91        5.42     10
        97      4.30       1131.55       57.91        5.42     10
        98      4.34       1131.55       57.91        5.42     10
        99      4.38       1125.55       57.91        5.42      4
       100      4.43       1131.55       57.91        5.42     10
       101      4.47       1131.55       57.91        5.42     10
       102      4.53       1131.55       57.91        5.42     10
       103      4.59       1131.55       57.91        5.42     10
       104      4.64       1131.55       57.91        5.42     10
       105      4.69       1131.55       57.91        5.42     10
       106      4.73       1131.55       57.91        5.42     10
       107      4.81       2161.50       77.77       13.78      6
       108      4.82       1125.55       57.91        5.42      4
       109      4.87       1131.55       57.91        5.42     10
       110      4.92       1129.55       57.91        5.42      8
       111      4.97       1127.55       57.91        5.42      6
  ------------------------------------------------------------
