========================================================================
  Topology-Aware Heuristic — run summary
========================================================================
  Instance aircraft : 10
  Positions         : ['P1', 'P2', 'P3', 'P4', 'P5']
  Blocking load     : P1=0  P2=0  P3=2  P4=1  P5=0

  Parameters:
    time_limit_s: 60
    min_separation: 10.0
    weight_makespan: 0.1
    weight_delay: 1.0
    weight_movements: 10
    weight_topology: 1.0
    alpha: 0.3
    seed: None
    log_enabled: True
    MIPGap: 0.0
    NoRelHeurTime: 0

========================================================================
  Iterations: 1161
  Best objective: 17.7200
  Makespan: 73.4700   Delay: 10.3730   Movements: 0
========================================================================

  Improvement log:
  iter=1  t=0.00s  obj=42.85  makespan=87.39  delay=34.11  mov=0  *
  iter=2  t=0.05s  obj=38.39  makespan=77.02  delay=30.69  mov=0  *
  iter=3  t=0.08s  obj=31.04  makespan=78.84  delay=23.16  mov=0  *
  iter=4  t=0.18s  obj=28.88  makespan=72.49  delay=21.63  mov=0  *
  iter=12  t=0.48s  obj=25.08  makespan=73.37  delay=17.74  mov=0  *
  iter=13  t=0.54s  obj=24.03  makespan=73.37  delay=16.69  mov=0  *
  iter=323  t=16.24s  obj=22.98  makespan=77.25  delay=15.25  mov=0  *
  iter=399  t=20.13s  obj=17.72  makespan=73.47  delay=10.37  mov=0  *

========================================================================
  Best solution — aircraft assignments:
  ID      Pos    load   duration     start    finish    delay
  --------------------------------------------------------
  R1      P5        0      21.52      0.00     21.52     0.00
  R3      P1        0      16.05      0.00     16.05     0.00
  R2      P2        0      25.44      0.00     25.44     0.00
  R8      P4        1       7.74     13.02     20.75     0.00
  R10     P3        2       9.26     21.52     30.78     0.90
  R9      P1        0      27.15     26.05     53.20     0.00
  R5      P5        0      20.40     31.52     51.92     0.00
  R4      P4        1      20.17     31.52     51.69     0.00
  R6      P2        0      20.80     35.44     56.24     0.00
  R7      P3        2      21.55     51.92     73.47     9.48
========================================================================
