========================================================================
  Topology-Aware Heuristic — run summary
========================================================================
  Instance aircraft : 20
  Positions         : ['P1', 'P2', 'P3', 'P4', 'P5']
  Blocking load     : P1=0  P2=0  P3=2  P4=1  P5=0

  Parameters:
    time_limit_s: 60
    min_separation: 10.0
    weight_makespan: 0.1
    weight_delay: 1.0
    weight_movements: 10
    weight_topology: 1.0
    alpha: 0.3
    seed: None
    log_enabled: True
    MIPGap: 0.0
    NoRelHeurTime: 0

========================================================================
  Iterations: 180
  Best objective: 211.1030
  Makespan: 111.0100   Delay: 200.0020   Movements: 0
========================================================================

  Improvement log:
  iter=1  t=0.00s  obj=337.75  makespan=125.14  delay=325.24  mov=0  *
  iter=3  t=0.92s  obj=306.18  makespan=123.57  delay=293.82  mov=0  *
  iter=6  t=1.75s  obj=291.28  makespan=116.67  delay=279.61  mov=0  *
  iter=12  t=3.51s  obj=273.63  makespan=123.46  delay=261.28  mov=0  *
  iter=14  t=4.17s  obj=273.58  makespan=125.55  delay=261.03  mov=0  *
  iter=22  t=6.55s  obj=262.15  makespan=111.23  delay=251.03  mov=0  *
  iter=24  t=7.62s  obj=235.73  makespan=104.39  delay=225.29  mov=0  *
  iter=46  t=15.23s  obj=211.10  makespan=111.01  delay=200.00  mov=0  *

========================================================================
  Best solution — aircraft assignments:
  ID      Pos    load   duration     start    finish    delay
  --------------------------------------------------------
  R4      P5        0      16.65      0.00     16.65     0.00
  R2      P4        1      15.20      0.00     15.20     0.00
  R7      P3        2      13.93      1.21     15.14     0.00
  R6      P1        0      17.28      1.33     18.61     0.00
  R12     P2        0       5.78      8.13     13.91     0.00
  R16     P2        0       6.63     23.91     30.55     0.00
  R1      P5        0      18.30     26.65     44.95     0.66
  R8      P4        1      15.47     26.65     42.12     0.00
  R18     P3        2       8.07     26.65     34.72     0.00
  R9      P1        0      12.59     28.61     41.20     0.00
  R15     P2        0      13.77     40.55     54.31     0.00
  R19     P3        2       9.19     44.95     54.14    13.53
  R10     P1        0      11.87     51.20     63.07     2.48
  R5      P5        0      21.24     54.95     76.19     9.26
  R14     P4        1      21.00     54.95     75.95    10.67
  R20     P3        2       9.78     64.14     73.92    32.89
  R17     P2        0      22.10     64.31     86.42    10.70
  R11     P1        0      29.10     73.07    102.17    29.18
  R3      P5        0      24.82     86.19    111.01    42.00
  R13     P4        1      21.38     86.19    107.57    48.64
========================================================================
