========================================================================
  Topology-Aware Heuristic — run summary
========================================================================
  Instance aircraft : 30
  Positions         : ['P1', 'P2', 'P3', 'P4', 'P5']
  Blocking load     : P1=0  P2=0  P3=2  P4=1  P5=0

  Parameters:
    time_limit_s: 60
    min_separation: 10.0
    weight_makespan: 0.1
    weight_delay: 1.0
    weight_movements: 10
    weight_topology: 1.0
    alpha: 0.3
    seed: None
    log_enabled: True
    MIPGap: 0.0
    NoRelHeurTime: 0

========================================================================
  Iterations: 172
  Best objective: 313.3240
  Makespan: 256.3700   Delay: 267.6870   Movements: 2
========================================================================

  Improvement log:
  iter=1  t=0.00s  obj=674.75  makespan=281.45  delay=546.61  mov=10  *
  iter=2  t=0.43s  obj=560.03  makespan=287.46  delay=411.29  mov=12  *
  iter=6  t=1.22s  obj=470.20  makespan=264.31  delay=383.77  mov=6  *
  iter=9  t=2.02s  obj=313.32  makespan=256.37  delay=267.69  mov=2  *

========================================================================
  Best solution — aircraft assignments:
  ID      Pos    load   duration     start    finish    delay
  --------------------------------------------------------
  R3      P3        2      19.65      0.00     19.65     0.00
  R1      P4        1      26.62      0.00     26.62     0.00
  R2      P2        0      29.04      0.00     29.04     0.00
  R4      P1        0      26.60      0.00     26.60     0.00
  R5      P5        0      27.39     26.62     54.01     0.00
  R8      P3        2       6.50     29.65     36.15     0.00
  R6      P1        0      32.70     36.60     69.30     0.00
  R7      P2        0      23.76     39.04     62.80     0.00
  R9      P4        1      17.47     54.01     71.48     0.00
  R15     P3        2      16.75     54.01     70.76     0.00
  R20     P2        0      21.70     72.80     94.50     0.00
  R14     P5        0      36.54     76.22    112.76     0.00
  R10     P1        0      30.05     79.30    109.35     0.00
  R12     P4        1      31.28     81.48    112.76     0.00
  R21     P3        2      27.48     81.48    108.96     0.00
  R23     P2        0      20.42    104.50    124.92     8.46
  R11     P1        0      35.39    119.35    154.74    11.63
  R13     P4        1      31.50    122.76    154.26     0.00
  R19     P5        0      25.37    122.76    148.13     0.00
  R27     P3        2      21.10    122.76    143.86     0.00
  R24     P2        0      22.14    134.92    157.06     0.00
  R25     P5        0      36.68    159.77    196.45     0.33
  R17     P4        1      32.19    164.26    196.45     8.73
  R28     P3        2      22.64    164.26    186.90    17.28
  R16     P1        0      36.10    164.74    200.84    16.68
  R26     P2        0      37.94    167.06    205.00     9.49
  R18     P4        1      31.95    206.45    238.40    47.07
  R30     P5        0      34.12    206.45    240.57    40.82
  R22     P1        0      33.40    210.84    244.24    52.31
  R29     P2        0      41.37    215.00    256.37    54.89
========================================================================
