========================================================================
  Topology-Aware Heuristic — run summary
========================================================================
  Instance aircraft : 30
  Positions         : ['P1', 'P2', 'P3', 'P4', 'P5']
  Blocking load     : P1=0  P2=0  P3=2  P4=1  P5=0

  Parameters:
    time_limit_s: 60
    min_separation: 10.0
    weight_makespan: 0.1
    weight_delay: 1.0
    weight_movements: 10
    weight_topology: 1.0
    alpha: 0.3
    seed: None
    log_enabled: True
    MIPGap: 0.0
    NoRelHeurTime: 0

========================================================================
  Iterations: 74
  Best objective: 312.6480
  Makespan: 270.0100   Delay: 245.6470   Movements: 4
========================================================================

  Improvement log:
  iter=1  t=0.00s  obj=484.15  makespan=263.24  delay=357.83  mov=10  *
  iter=3  t=2.16s  obj=312.99  makespan=248.80  delay=248.11  mov=4  *
  iter=49  t=42.16s  obj=312.65  makespan=270.01  delay=245.65  mov=4  *

========================================================================
  Best solution — aircraft assignments:
  ID      Pos    load   duration     start    finish    delay
  --------------------------------------------------------
  R3      P3        2      19.65      0.00     19.65     0.00
  R1      P4        1      26.62      0.00     26.62     0.00
  R2      P2        0      29.04      0.00     29.04     0.00
  R7      P1        0      23.76      9.38     33.14     0.00
  R14     P5        0      36.54     26.68     63.22     0.00
  R8      P3        2       6.50     29.65     36.15     0.00
  R4      P4        1      26.60     36.62     63.22     0.00
  R5      P2        0      27.39     39.04     66.43     0.00
  R20     P1        0      21.70     43.14     64.84     0.00
  R15     P3        2      16.75     46.15     62.90     0.00
  R6      P4        1      32.70     73.22    105.92     0.00
  R17     P3        2      32.19     73.22    105.41     0.00
  R19     P5        0      25.37     73.22     98.59     0.00
  R23     P1        0      20.42     74.84     95.26     0.00
  R9      P2        0      17.47     76.43     93.90     6.70
  R11     P2        0      35.39    103.90    139.29     0.00
  R24     P1        0      22.14    105.26    127.40     0.00
  R22     P5        0      33.40    112.57    145.97     0.00
  R10     P4        1      30.05    115.92    145.97     8.23
  R21     P3        2      27.48    115.92    143.40     0.00
  R27     P1        0      21.10    137.40    158.50     0.00
  R12     P2        0      31.28    149.29    180.57     2.22
  R16     P4        1      36.10    155.97    192.07     7.91
  R25     P5        0      36.68    155.97    192.65     0.00
  R28     P3        2      22.64    155.97    178.61     8.99
  R30     P1        0      34.12    168.50    202.62     2.88
  R13     P2        0      31.50    190.57    222.07    39.03
  R18     P4        1      31.95    202.07    234.02    42.69
  R29     P1        0      41.37    212.62    253.99    52.51
  R26     P2        0      37.94    232.07    270.01    74.50
========================================================================
