========================================================================
  Topology-Aware Heuristic — run summary
========================================================================
  Instance aircraft : 20
  Positions         : ['P1', 'P2', 'P3', 'P4', 'P5']
  Blocking load     : P1=0  P2=0  P3=2  P4=1  P5=0

  Parameters:
    time_limit_s: 60
    min_separation: 10.0
    weight_makespan: 0.1
    weight_delay: 1.0
    weight_movements: 10
    weight_topology: 1.0
    alpha: 0.3
    seed: None
    log_enabled: True
    MIPGap: 0.0
    NoRelHeurTime: 0

========================================================================
  Iterations: 58
  Best objective: 238.5160
  Makespan: 107.9100   Delay: 227.7250   Movements: 0
========================================================================

  Improvement log:
  iter=1  t=0.00s  obj=238.52  makespan=107.91  delay=227.72  mov=0  *

========================================================================
  Best solution — aircraft assignments:
  ID      Pos    load   duration     start    finish    delay
  --------------------------------------------------------
  R1      P1        0      18.30      0.00     18.30     0.00
  R2      P5        0      15.20      0.00     15.20     0.00
  R7      P4        1      13.93      1.21     15.14     0.00
  R6      P2        0      17.28      1.33     18.61     0.00
  R12     P3        2       5.78      8.13     13.91     0.00
  R4      P5        0      16.65     25.20     41.85     0.00
  R8      P4        1      15.47     25.20     40.67     0.00
  R16     P3        2       6.63     25.20     31.83     0.00
  R13     P1        0      21.38     28.30     49.68     0.00
  R9      P2        0      12.59     28.61     41.20     0.00
  R18     P3        2       8.07     41.85     49.92    13.25
  R10     P2        0      11.87     51.20     63.07     2.48
  R3      P5        0      24.82     51.85     76.67     7.66
  R14     P4        1      21.00     51.85     72.85     7.57
  R15     P1        0      13.77     59.68     73.45    12.85
  R20     P3        2       9.78     59.92     69.70    28.67
  R11     P2        0      29.10     73.07    102.17    29.18
  R17     P1        0      22.10     83.45    105.55    29.83
  R5      P5        0      21.24     86.67    107.91    40.98
  R19     P3        2       9.19     86.67     95.86    55.25
========================================================================
