========================================================================
  Topology-Aware Heuristic — run summary
========================================================================
  Instance aircraft : 30
  Positions         : ['P1', 'P2', 'P3', 'P4', 'P5']
  Blocking load     : P1=0  P2=0  P3=2  P4=1  P5=0

  Parameters:
    time_limit_s: 60
    min_separation: 10.0
    weight_makespan: 0.1
    weight_delay: 1.0
    weight_movements: 10
    weight_topology: 1.0
    alpha: 0.3
    seed: None
    log_enabled: True
    MIPGap: 0.0
    NoRelHeurTime: 0

========================================================================
  Iterations: 12
  Best objective: 238.7760
  Makespan: 242.2800   Delay: 214.5480   Movements: 0
========================================================================

  Improvement log:
  iter=1  t=0.00s  obj=238.78  makespan=242.28  delay=214.55  mov=0  *

========================================================================
  Best solution — aircraft assignments:
  ID      Pos    load   duration     start    finish    delay
  --------------------------------------------------------
  R3      P3        2      19.65      0.00     19.65     0.00
  R1      P5        0      26.62      0.00     26.62     0.00
  R4      P4        1      26.60      0.00     26.60     0.00
  R7      P1        0      23.76      9.38     33.14     0.00
  R10     P2        0      30.05     15.67     45.72     0.00
  R8      P3        2       6.50     29.65     36.15     0.00
  R2      P5        0      29.04     36.62     65.66     0.00
  R5      P4        1      27.39     36.62     64.01     0.00
  R11     P1        0      35.39     43.14     78.53     0.00
  R9      P3        2      17.47     46.15     63.62     0.00
  R20     P2        0      21.70     55.72     77.42     0.00
  R6      P5        0      32.70     75.66    108.36     0.00
  R13     P3        2      31.50     75.66    107.16     0.00
  R17     P4        1      32.19     75.66    107.85     0.00
  R23     P2        0      20.42     87.42    107.84     0.00
  R19     P1        0      25.37     88.53    113.90     0.00
  R27     P2        0      21.10    117.84    138.94     0.00
  R12     P5        0      31.28    118.36    149.64     0.00
  R15     P3        2      16.75    118.36    135.11    37.64
  R21     P4        1      27.48    118.36    145.84     0.00
  R24     P1        0      22.14    123.90    146.04     0.00
  R28     P2        0      22.64    148.94    171.58     1.96
  R25     P1        0      36.68    156.04    192.72     0.00
  R14     P5        0      36.54    159.64    196.18     8.29
  R18     P3        2      31.95    159.64    191.59     0.26
  R22     P4        1      33.40    159.64    193.04     1.11
  R29     P2        0      41.37    181.58    222.95    21.46
  R26     P1        0      37.94    202.72    240.66    45.15
  R16     P5        0      36.10    206.18    242.28    58.12
  R30     P3        2      34.12    206.18    240.30    40.55
========================================================================
