========================================================================
  Topology-Aware Heuristic — run summary
========================================================================
  Instance aircraft : 10
  Positions         : ['P1', 'P2', 'P3', 'P4', 'P5']
  Blocking load     : P1=0  P2=0  P3=2  P4=1  P5=0

  Parameters:
    time_limit_s: 60
    min_separation: 10.0
    weight_makespan: 0.1
    weight_delay: 1.0
    weight_movements: 10
    weight_topology: 1.0
    alpha: 0.3
    seed: None
    log_enabled: True
    MIPGap: 0.0
    NoRelHeurTime: 0

========================================================================
  Iterations: 9862
  Best objective: 7.0640
  Makespan: 65.2500   Delay: 0.5390   Movements: 0
========================================================================

  Improvement log:
  iter=1  t=0.00s  obj=43.51  makespan=81.33  delay=35.38  mov=0  *
  iter=4  t=0.04s  obj=43.41  makespan=89.04  delay=34.51  mov=0  *
  iter=5  t=0.04s  obj=38.84  makespan=81.33  delay=30.71  mov=0  *
  iter=16  t=0.10s  obj=34.96  makespan=81.72  delay=26.79  mov=0  *
  iter=152  t=0.80s  obj=31.43  makespan=78.64  delay=23.56  mov=0  *
  iter=356  t=1.85s  obj=31.17  makespan=81.72  delay=23.00  mov=0  *
  iter=392  t=2.03s  obj=30.86  makespan=82.47  delay=22.62  mov=0  *
  iter=454  t=2.35s  obj=29.45  makespan=81.33  delay=21.31  mov=0  *
  iter=605  t=3.15s  obj=22.68  makespan=77.79  delay=14.90  mov=0  *
  iter=736  t=3.85s  obj=17.44  makespan=67.02  delay=10.74  mov=0  *
  iter=937  t=4.90s  obj=7.06  makespan=65.25  delay=0.54  mov=0  *

========================================================================
  Best solution — aircraft assignments:
  ID      Pos    load   duration     start    finish    delay
  --------------------------------------------------------
  R3      P3        2      16.05      0.00     16.05     0.00
  R2      P5        0      25.44      0.00     25.44     0.00
  R1      P4        1      21.52      0.00     21.52     0.00
  R8      P1        0       7.74     13.02     20.75     0.00
  R10     P2        0       9.26     18.84     28.10     0.00
  R7      P1        0      21.55     30.75     52.30     0.00
  R6      P5        0      20.80     35.44     56.24     0.00
  R4      P3        2      20.17     35.44     55.61     0.54
  R5      P4        1      20.40     35.44     55.84     0.00
  R9      P2        0      27.15     38.10     65.25     0.00
========================================================================
