========================================================================
  ConstructiveHeuristic — unknown
========================================================================
  alpha=0.4  time_limit=60s  seed=None  min_sep=10.0
  weights: makespan=0.1  delay=1.0  movements=10

  Instance: 5 aircraft  5 positions  3 blocking arcs
  Blocking arcs: P3→P4  P3→P5  P4→P5

────────────────────────────────────────────────────────────────────────
  Best construction detail  (iter 141  obj=6.3880)
────────────────────────────────────────────────────────────────────────
Blocking arcs: P3→P4  P3→P5  P4→P5

Aircraft initial ranking (target_finish ASC, total_duration ASC):
  Rank   ID       earliest     target    duration
  ----------------------------------------------
  [ 0]  R3          13.63      55.59       26.31
  [ 1]  R1           0.00      73.50       35.48
  [ 2]  R2           0.00      79.50       38.85
  [ 3]  R4          14.52      84.05       35.43
  [ 4]  R5          27.33      92.70       36.55

========================================================================
  STEP 1/5
========================================================================

  Pair evaluation  (25 pairs):
    Rank   ID      Pos     t_start   t_finish    delay      gap   blocking      score    weight     P(%)   cum(%)
    ---------------------------------------------------------------------------------------------------------
    [ 0]  R1      P1         0.00      35.48     0.00     0.00       none       3.55    1.0000   40.00%   40.00%
    [ 1]  R1      P2         0.00      35.48     0.00     0.00       none       3.55    0.6000   24.00%   64.00%
    [ 2]  R1      P3         0.00      35.48     0.00     0.00       none       3.55    0.3600   14.40%   78.40%
    [ 3]  R1      P4         0.00      35.48     0.00     0.00       none       3.55    0.2160    8.64%   87.04%
    [ 4]  R1      P5         0.00      35.48     0.00     0.00       none       3.55    0.1296    5.18%   92.22%
    [ 5]  R2      P1         0.00      38.85     0.00     0.00       none       3.89    0.0778    3.11%   95.33%
    [ 6]  R2      P2         0.00      38.85     0.00     0.00       none       3.89    0.0467    1.87%   97.20%
    [ 7]  R2      P3         0.00      38.85     0.00     0.00       none       3.89    0.0280    1.12%   98.32%
    [ 8]  R2      P4         0.00      38.85     0.00     0.00       none       3.89    0.0168    0.67%   98.99%
    [ 9]  R2      P5         0.00      38.85     0.00     0.00       none       3.89    0.0101    0.40%   99.40%
    [10]  R3      P1        13.63      39.94     0.00     0.00       none       3.99    0.0060    0.24%   99.64%
    [11]  R3      P2        13.63      39.94     0.00     0.00       none       3.99    0.0036    0.15%   99.78%
    [12]  R3      P3        13.63      39.94     0.00     0.00       none       3.99    0.0022    0.09%   99.87%
    [13]  R3      P4        13.63      39.94     0.00     0.00       none       3.99    0.0013    0.05%   99.92%
    [14]  R3      P5        13.63      39.94     0.00     0.00       none       3.99    0.0008    0.03%   99.95%
    [15]  R4      P1        14.52      49.95     0.00     0.00       none       5.00    0.0005    0.02%   99.97%
    [16]  R4      P2        14.52      49.95     0.00     0.00       none       5.00    0.0003    0.01%   99.98%
    [17]  R4      P3        14.52      49.95     0.00     0.00       none       5.00    0.0002    0.01%   99.99%
    [18]  R4      P4        14.52      49.95     0.00     0.00       none       5.00    0.0001    0.00%   99.99%
    [19]  R4      P5        14.52      49.95     0.00     0.00       none       5.00    0.0001    0.00%  100.00%
    [20]  R5      P1        27.33      63.88     0.00     0.00       none       6.39    0.0000    0.00%  100.00%
    [21]  R5      P2        27.33      63.88     0.00     0.00       none       6.39    0.0000    0.00%  100.00%
    [22]  R5      P3        27.33      63.88     0.00     0.00       none       6.39    0.0000    0.00%  100.00%
    [23]  R5      P4        27.33      63.88     0.00     0.00       none       6.39    0.0000    0.00%  100.00%
    [24]  R5      P5        27.33      63.88     0.00     0.00       none       6.39    0.0000    0.00%  100.00%
    draw=0.5695  →  (R1, P1) (rank 0) selected

  Assignment: R1 → P1  [0.00 → 35.48]  delay=0.00
    J1-1       [0.00 → 14.88]
    J1-2       [14.88 → 28.04]
    J1-3       [28.04 → 35.48]

  Assigned so far:
    ID      Pos       start    finish    delay
    ----------------------------------------
    R1      P1         0.00     35.48     0.00

========================================================================
  STEP 2/5
========================================================================

  Pair evaluation  (20 pairs):
    Rank   ID      Pos     t_start   t_finish    delay      gap   blocking      score    weight     P(%)   cum(%)
    ---------------------------------------------------------------------------------------------------------
    [ 0]  R2      P2         0.00      38.85     0.00     0.00       none       3.89    1.0000   40.00%   40.00%
    [ 1]  R2      P3         0.00      38.85     0.00     0.00       none       3.89    0.6000   24.00%   64.00%
    [ 2]  R2      P4         0.00      38.85     0.00     0.00       none       3.89    0.3600   14.40%   78.40%
    [ 3]  R2      P5         0.00      38.85     0.00     0.00       none       3.89    0.2160    8.64%   87.04%
    [ 4]  R3      P2        13.63      39.94     0.00     0.00       none       3.99    0.1296    5.18%   92.23%
    [ 5]  R3      P3        13.63      39.94     0.00     0.00       none       3.99    0.0778    3.11%   95.34%
    [ 6]  R3      P4        13.63      39.94     0.00     0.00       none       3.99    0.0467    1.87%   97.20%
    [ 7]  R3      P5        13.63      39.94     0.00     0.00       none       3.99    0.0280    1.12%   98.32%
    [ 8]  R4      P2        14.52      49.95     0.00     0.00       none       5.00    0.0168    0.67%   99.00%
    [ 9]  R4      P3        14.52      49.95     0.00     0.00       none       5.00    0.0101    0.40%   99.40%
    [10]  R4      P4        14.52      49.95     0.00     0.00       none       5.00    0.0060    0.24%   99.64%
    [11]  R4      P5        14.52      49.95     0.00     0.00       none       5.00    0.0036    0.15%   99.79%
    [12]  R5      P2        27.33      63.88     0.00     0.00       none       6.39    0.0022    0.09%   99.87%
    [13]  R5      P3        27.33      63.88     0.00     0.00       none       6.39    0.0013    0.05%   99.93%
    [14]  R5      P4        27.33      63.88     0.00     0.00       none       6.39    0.0008    0.03%   99.96%
    [15]  R5      P5        27.33      63.88     0.00     0.00       none       6.39    0.0005    0.02%   99.98%
    [16]  R4      P1        45.48      80.91     0.00    10.00       none       9.09    0.0003    0.01%   99.99%
    [17]  R5      P1        45.48      82.03     0.00    10.00       none       9.20    0.0002    0.01%   99.99%
    [18]  R2      P1        45.48      84.33     4.83    10.00       none      14.26    0.0001    0.00%  100.00%
    [19]  R3      P1        45.48      71.79    16.20    10.00       none      24.38    0.0001    0.00%  100.00%
    draw=0.8510  →  (R2, P2) (rank 0) selected

  Assignment: R2 → P2  [0.00 → 38.85]  delay=0.00
    J2-1       [0.00 → 15.17]
    J2-2       [15.17 → 28.73]
    J2-3       [28.73 → 38.85]

  Assigned so far:
    ID      Pos       start    finish    delay
    ----------------------------------------
    R1      P1         0.00     35.48     0.00
    R2      P2         0.00     38.85     0.00

========================================================================
  STEP 3/5
========================================================================

  Pair evaluation  (15 pairs):
    Rank   ID      Pos     t_start   t_finish    delay      gap   blocking      score    weight     P(%)   cum(%)
    ---------------------------------------------------------------------------------------------------------
    [ 0]  R3      P3        13.63      39.94     0.00     0.00       none       3.99    1.0000   40.02%   40.02%
    [ 1]  R3      P4        13.63      39.94     0.00     0.00       none       3.99    0.6000   24.01%   64.03%
    [ 2]  R3      P5        13.63      39.94     0.00     0.00       none       3.99    0.3600   14.41%   78.44%
    [ 3]  R4      P3        14.52      49.95     0.00     0.00       none       5.00    0.2160    8.64%   87.08%
    [ 4]  R4      P4        14.52      49.95     0.00     0.00       none       5.00    0.1296    5.19%   92.27%
    [ 5]  R4      P5        14.52      49.95     0.00     0.00       none       5.00    0.0778    3.11%   95.38%
    [ 6]  R5      P3        27.33      63.88     0.00     0.00       none       6.39    0.0467    1.87%   97.25%
    [ 7]  R5      P4        27.33      63.88     0.00     0.00       none       6.39    0.0280    1.12%   98.37%
    [ 8]  R5      P5        27.33      63.88     0.00     0.00       none       6.39    0.0168    0.67%   99.04%
    [ 9]  R4      P1        45.48      80.91     0.00    10.00       none       9.09    0.0101    0.40%   99.44%
    [10]  R5      P1        45.48      82.03     0.00    10.00       none       9.20    0.0060    0.24%   99.68%
    [11]  R5      P2        48.85      85.40     0.00    10.00       none       9.54    0.0036    0.15%   99.83%
    [12]  R4      P2        48.85      84.28     0.23    10.00       none       9.66    0.0022    0.09%   99.92%
    [13]  R3      P1        45.48      71.79    16.20    10.00       none      24.38    0.0013    0.05%   99.97%
    [14]  R3      P2        48.85      75.16    19.57    10.00       none      28.09    0.0008    0.03%  100.00%
    draw=2.4690  →  (R5, P5) (rank 8) selected

  Assignment: R5 → P5  [27.33 → 63.88]  delay=0.00
    J5-1       [27.33 → 37.64]
    J5-2       [37.64 → 51.74]
    J5-3       [51.74 → 63.88]

  Assigned so far:
    ID      Pos       start    finish    delay
    ----------------------------------------
    R1      P1         0.00     35.48     0.00
    R2      P2         0.00     38.85     0.00
    R5      P5        27.33     63.88     0.00

========================================================================
  STEP 4/5
========================================================================

  Pair evaluation  (10 pairs):
    Rank   ID      Pos     t_start   t_finish    delay      gap   blocking      score    weight     P(%)   cum(%)
    ---------------------------------------------------------------------------------------------------------
    [ 0]  R3      P3        27.33      53.64     0.00     0.00       none       5.36    1.0000   40.24%   40.24%
    [ 1]  R3      P4        27.33      53.64     0.00     0.00       none       5.36    0.6000   24.15%   64.39%
    [ 2]  R4      P3        27.33      62.76     0.00     0.00       none       6.28    0.3600   14.49%   78.88%
    [ 3]  R4      P4        27.33      62.76     0.00     0.00       none       6.28    0.2160    8.69%   87.57%
    [ 4]  R4      P1        45.48      80.91     0.00    10.00       none       9.09    0.1296    5.22%   92.79%
    [ 5]  R4      P2        48.85      84.28     0.23    10.00       none       9.66    0.0778    3.13%   95.91%
    [ 6]  R3      P1        45.48      71.79    16.20    10.00       none      24.38    0.0467    1.88%   97.79%
    [ 7]  R3      P2        48.85      75.16    19.57    10.00       none      28.09    0.0280    1.13%   98.92%
    [ 8]  R4      P5        73.88     109.31    25.27    10.00       none      37.20    0.0168    0.68%   99.59%
    [ 9]  R3      P5        73.88     100.19    44.60    10.00       none      55.62    0.0101    0.41%  100.00%
    draw=0.6502  →  (R3, P3) (rank 0) selected
  start-time compare  R3 → P3:  t_imm=13.63 cost=43.99 (2 new movs)  vs  t_nob=27.33 cost=5.36

  Assignment: R3 → P3  [27.33 → 53.64]  delay=0.00
    J3-1       [27.33 → 40.61]
    J3-2       [40.61 → 53.64]

  Assigned so far:
    ID      Pos       start    finish    delay
    ----------------------------------------
    R1      P1         0.00     35.48     0.00
    R2      P2         0.00     38.85     0.00
    R5      P5        27.33     63.88     0.00
    R3      P3        27.33     53.64     0.00

========================================================================
  STEP 5/5
========================================================================

  Pair evaluation  (5 pairs):
    Rank   ID      Pos     t_start   t_finish    delay      gap   blocking      score    weight     P(%)   cum(%)
    ---------------------------------------------------------------------------------------------------------
    [ 0]  R4      P4        27.33      62.76     0.00     0.00       none       6.28    1.0000   43.37%   43.37%
    [ 1]  R4      P1        45.48      80.91     0.00    10.00       none       9.09    0.6000   26.02%   69.40%
    [ 2]  R4      P2        48.85      84.28     0.23    10.00       none       9.66    0.3600   15.61%   85.01%
    [ 3]  R4      P3        63.88      99.31    15.27    10.24       none      26.22    0.2160    9.37%   94.38%
    [ 4]  R4      P5        73.88     109.31    25.27    10.00       none      37.20    0.1296    5.62%  100.00%
    draw=0.6894  →  (R4, P4) (rank 0) selected
  start-time compare  R4 → P4:  t_imm=14.52 cost=85.00 (4 new movs)  vs  t_nob=27.33 cost=6.28

  Assignment: R4 → P4  [27.33 → 62.76]  delay=0.00
    J4-1       [27.33 → 39.43]
    J4-2       [39.43 → 53.34]
    J4-3       [53.34 → 62.76]

  Assigned so far:
    ID      Pos       start    finish    delay
    ----------------------------------------
    R1      P1         0.00     35.48     0.00
    R2      P2         0.00     38.85     0.00
    R5      P5        27.33     63.88     0.00
    R3      P3        27.33     53.64     0.00
    R4      P4        27.33     62.76     0.00

========================================================================
  Iteration result:  makespan=63.88  movements=0  delay=0.00
========================================================================

========================================================================
  Local search start  obj=6.39
========================================================================
  Local search end    obj=6.39

────────────────────────────────────────────────────────────────────────
  Iteration history
────────────────────────────────────────────────────────────────────────
      Iter   Time(s)           Obj    Makespan       Delay    Mov
  ------------------------------------------------------------
         1      0.09          7.20       72.03        0.00      0  *
         2      0.46          8.09       80.91        0.00      0
         3      0.72          7.20       72.03        0.00      0
         4      0.96          7.20       72.03        0.00      0
         5      1.39          7.20       72.03        0.00      0
         6      1.68          8.09       80.91        0.00      0
         7      1.71          7.20       72.03        0.00      0
         8      2.00          8.09       80.91        0.00      0
         9      2.10          7.20       72.03        0.00      0
        10      2.17          7.43       74.33        0.00      0
        11      2.43          7.43       74.33        0.00      0
        12      2.57          7.43       74.28        0.00      0
        13      2.70          7.20       72.03        0.00      0
        14      2.84          7.20       72.03        0.00      0
        15      2.99          7.20       72.03        0.00      0
        16      3.11          7.20       72.03        0.00      0
        17      3.29          8.09       80.91        0.00      0
        18      3.32          7.43       74.33        0.00      0
        19      3.48          7.43       74.28        0.00      0
        20      3.52          7.20       72.03        0.00      0
        21      3.67          7.20       72.03        0.00      0
        22      3.70          7.20       72.03        0.00      0
        23      3.87          8.09       80.91        0.00      0
        24      3.89          7.20       72.03        0.00      0
        25      4.03          7.20       72.03        0.00      0
        26      4.08          7.20       72.03        0.00      0
        27      4.23          7.20       72.03        0.00      0
        28      4.36          8.09       80.91        0.00      0
        29      4.42          7.43       74.33        0.00      0
        30      4.55          7.20       72.03        0.00      0
        31      4.69          7.20       72.03        0.00      0
        32      4.82          7.20       72.03        0.00      0
        33      4.95          7.20       72.03        0.00      0
        34      5.06          7.20       72.03        0.00      0
        35      5.17          7.20       72.03        0.00      0
        36      5.22          7.20       72.03        0.00      0
        37      5.40          7.20       72.03        0.00      0
        38      5.53          8.09       80.91        0.00      0
        39      5.58          7.43       74.33        0.00      0
        40      5.61          7.20       72.03        0.00      0
        41      5.77          8.09       80.91        0.00      0
        42      5.83          7.20       72.03        0.00      0
        43      5.94          7.43       74.28        0.00      0
        44      6.05          7.20       72.03        0.00      0
        45      6.10          7.20       72.03        0.00      0
        46      6.38          7.20       72.03        0.00      0
        47      6.51          7.20       72.03        0.00      0
        48      6.66          7.20       72.03        0.00      0
        49      6.81          7.20       72.03        0.00      0
        50      6.86          8.09       80.91        0.00      0
        51      6.99          7.20       72.03        0.00      0
        52      7.15          7.20       72.03        0.00      0
        53      7.52          7.20       72.03        0.00      0
        54      7.73          7.20       72.03        0.00      0
        55      8.25          8.09       80.91        0.00      0
        56      8.29          7.20       72.03        0.00      0
        57      8.44          7.20       72.03        0.00      0
        58      8.56          7.20       72.03        0.00      0
        59      8.63          7.43       74.33        0.00      0
        60      8.76          7.20       72.03        0.00      0
        61      8.81          7.20       72.03        0.00      0
        62      8.95          7.20       72.03        0.00      0
        63      9.00          7.20       72.03        0.00      0
        64      9.13          7.20       72.03        0.00      0
        65      9.53          7.20       72.03        0.00      0
        66      9.97          8.09       80.91        0.00      0
        67     10.09          7.20       72.03        0.00      0
        68     10.37          8.09       80.91        0.00      0
        69     10.54          7.20       72.03        0.00      0
        70     10.55          7.43       74.33        0.00      0
        71     10.87          8.09       80.91        0.00      0
        72     10.98          8.09       80.91        0.00      0
        73     11.20          7.20       72.03        0.00      0
        74     11.32          7.20       72.03        0.00      0
        75     11.41          7.43       74.28        0.00      0
        76     11.50          7.20       72.03        0.00      0
        77     11.63          7.20       72.03        0.00      0
        78     11.71          7.43       74.28        0.00      0
        79     11.96          8.09       80.91        0.00      0
        80     11.97          8.09       80.91        0.00      0
        81     12.12          7.20       72.03        0.00      0
        82     12.27          8.09       80.91        0.00      0
        83     12.32          7.20       72.03        0.00      0
        84     12.53          7.20       72.03        0.00      0
        85     12.75          8.09       80.91        0.00      0
        86     12.90          7.20       72.03        0.00      0
        87     13.05          8.09       80.91        0.00      0
        88     13.10          7.43       74.33        0.00      0
        89     13.26          7.20       72.03        0.00      0
        90     13.59          7.20       72.03        0.00      0
        91     13.64          8.09       80.91        0.00      0
        92     13.78          7.20       72.03        0.00      0
        93     13.94          7.20       72.03        0.00      0
        94     13.98          7.20       72.03        0.00      0
        95     14.14          7.20       72.03        0.00      0
        96     14.18          7.20       72.03        0.00      0
        97     14.33          7.20       72.03        0.00      0
        98     14.45          7.43       74.33        0.00      0
        99     14.58          7.43       74.33        0.00      0
       100     14.64          7.20       72.03        0.00      0
       101     14.92          7.20       72.03        0.00      0
       102     14.96          7.20       72.03        0.00      0
       103     15.02          7.43       74.28        0.00      0
       104     15.11          7.20       72.03        0.00      0
       105     15.16          7.20       72.03        0.00      0
       106     15.32          7.20       72.03        0.00      0
       107     15.45          7.20       72.03        0.00      0
       108     15.51          7.20       72.03        0.00      0
       109     15.64          8.09       80.91        0.00      0
       110     15.67          8.09       80.91        0.00      0
       111     15.68          7.43       74.33        0.00      0
       112     15.77          7.20       72.03        0.00      0
       113     15.87          7.20       72.03        0.00      0
       114     16.01          7.43       74.33        0.00      0
       115     16.04          7.43       74.33        0.00      0
       116     16.15          7.20       72.03        0.00      0
       117     16.21          7.20       72.03        0.00      0
       118     16.24          8.09       80.91        0.00      0
       119     16.32          7.43       74.33        0.00      0
       120     16.43          7.20       72.03        0.00      0
       121     16.58          7.20       72.03        0.00      0
       122     16.62          7.20       72.03        0.00      0
       123     16.73          7.43       74.33        0.00      0
       124     16.80          7.43       74.33        0.00      0
       125     16.94          7.20       72.03        0.00      0
       126     17.15          7.43       74.28        0.00      0
       127     17.30          7.20       72.03        0.00      0
       128     17.33          7.20       72.03        0.00      0
       129     17.48          7.43       74.33        0.00      0
       130     17.53          7.20       72.03        0.00      0
       131     17.65          7.43       74.28        0.00      0
       132     17.68          7.20       72.03        0.00      0
       133     17.81          8.09       80.91        0.00      0
       134     17.83          7.20       72.03        0.00      0
       135     17.99          7.20       72.03        0.00      0
       136     18.03          7.20       72.03        0.00      0
       137     18.16          8.09       80.91        0.00      0
       138     18.20          8.09       80.91        0.00      0
       139     18.37          7.43       74.28        0.00      0
       140     18.45          8.09       80.91        0.00      0
       141     18.55          6.39       63.88        0.00      0  *
       142     18.66          7.20       72.03        0.00      0
       143     18.82          7.20       72.03        0.00      0
       144     18.93          7.43       74.28        0.00      0
       145     18.97          7.20       72.03        0.00      0
       146     19.11          7.43       74.28        0.00      0
       147     19.16          7.20       72.03        0.00      0
       148     19.34          7.20       72.03        0.00      0
       149     19.48          7.20       72.03        0.00      0
       150     19.72          7.20       72.03        0.00      0
       151     19.83          7.43       74.28        0.00      0
       152     20.00          7.43       74.28        0.00      0
       153     20.15          7.20       72.03        0.00      0
       154     20.35          7.20       72.03        0.00      0
       155     20.40          7.20       72.03        0.00      0
       156     20.64          8.09       80.91        0.00      0
       157     20.68          8.09       80.91        0.00      0
       158     20.71          7.20       72.03        0.00      0
       159     20.89          7.20       72.03        0.00      0
       160     21.06          7.20       72.03        0.00      0
       161     21.18          7.43       74.28        0.00      0
       162     21.34          8.09       80.91        0.00      0
       163     21.36          7.43       74.33        0.00      0
       164     21.40          8.54       85.40        0.00      0
       165     21.53          7.20       72.03        0.00      0
       166     21.56          7.20       72.03        0.00      0
       167     21.71          7.20       72.03        0.00      0
       168     21.78          7.20       72.03        0.00      0
       169     21.92          7.20       72.03        0.00      0
       170     22.21          7.20       72.03        0.00      0
       171     22.23          8.09       80.91        0.00      0
       172     22.37          7.20       72.03        0.00      0
       173     22.40          7.20       72.03        0.00      0
       174     22.97          7.20       72.03        0.00      0
       175     23.34          7.20       72.03        0.00      0
       176     23.40          8.09       80.91        0.00      0
       177     23.43          7.20       72.03        0.00      0
       178     23.57          7.20       72.03        0.00      0
       179     23.72          7.43       74.33        0.00      0
       180     23.75          8.09       80.91        0.00      0
       181     23.89          7.20       72.03        0.00      0
       182     24.01          7.20       72.03        0.00      0
       183     24.27          7.20       72.03        0.00      0
       184     24.47          7.20       72.03        0.00      0
       185     24.59          7.20       72.03        0.00      0
       186     24.68          7.20       72.03        0.00      0
       187     24.95          8.09       80.91        0.00      0
       188     25.12          7.20       72.03        0.00      0
       189     25.32          7.43       74.33        0.00      0
       190     25.46          7.20       72.03        0.00      0
       191     25.52          8.09       80.91        0.00      0
       192     25.67          8.65       86.49        0.00      0
       193     25.70          7.20       72.03        0.00      0
       194     25.91          7.20       72.03        0.00      0
       195     26.03          8.20       82.03        0.00      0
       196     26.09          7.20       72.03        0.00      0
       197     26.18          8.09       80.91        0.00      0
       198     26.20          7.20       72.03        0.00      0
       199     26.35          7.20       72.03        0.00      0
       200     26.39          7.20       72.03        0.00      0
       201     26.51          7.20       72.03        0.00      0
       202     26.55          7.20       72.03        0.00      0
       203     26.83          7.43       74.28        0.00      0
       204     26.93          8.09       80.91        0.00      0
       205     27.00          7.20       72.03        0.00      0
       206     27.15          8.65       86.49        0.00      0
       207     27.16          7.20       72.03        0.00      0
       208     27.34          7.20       72.03        0.00      0
       209     27.41          7.20       72.03        0.00      0
       210     27.46          7.43       74.28        0.00      0
       211     27.52          7.43       74.33        0.00      0
       212     27.55          7.20       72.03        0.00      0
       213     27.64          7.43       74.33        0.00      0
       214     27.70          7.20       72.03        0.00      0
       215     27.85          7.43       74.28        0.00      0
       216     28.00          7.20       72.03        0.00      0
       217     28.07          8.09       80.91        0.00      0
       218     28.21          8.09       80.91        0.00      0
       219     28.24          7.20       72.03        0.00      0
       220     28.27          8.09       80.91        0.00      0
       221     28.40          7.20       72.03        0.00      0
       222     28.42          7.20       72.03        0.00      0
       223     28.45          8.09       80.91        0.00      0
       224     28.57          7.20       72.03        0.00      0
       225     28.59          7.43       74.33        0.00      0
       226     28.63          7.20       72.03        0.00      0
       227     28.76          7.43       74.33        0.00      0
       228     28.82          7.43       74.33        0.00      0
       229     28.91          8.09       80.91        0.00      0
       230     28.93          8.65       86.49        0.00      0
       231     28.95          7.20       72.03        0.00      0
       232     29.07          7.20       72.03        0.00      0
       233     29.11          7.20       72.03        0.00      0
       234     29.15          7.20       72.03        0.00      0
       235     29.27          7.43       74.28        0.00      0
       236     29.31          7.20       72.03        0.00      0
       237     29.46          7.20       72.03        0.00      0
       238     29.50          7.20       72.03        0.00      0
       239     29.63          7.20       72.03        0.00      0
       240     29.67          7.20       72.03        0.00      0
       241     29.80          8.09       80.91        0.00      0
       242     29.82          7.43       74.33        0.00      0
       243     29.98          7.20       72.03        0.00      0
       244     30.02          7.20       72.03        0.00      0
       245     30.19          7.43       74.33        0.00      0
       246     30.35          7.20       72.03        0.00      0
       247     30.51          8.09       80.91        0.00      0
       248     30.55          7.43       74.28        0.00      0
       249     30.66          7.20       72.03        0.00      0
       250     30.94          7.20       72.03        0.00      0
       251     31.65          7.20       72.03        0.00      0
       252     31.88          7.43       74.28        0.00      0
       253     32.16          7.20       72.03        0.00      0
       254     32.19          7.20       72.03        0.00      0
       255     32.35          7.20       72.03        0.00      0
       256     32.48          8.09       80.91        0.00      0
       257     32.56          8.09       80.91        0.00      0
       258     32.66          7.20       72.03        0.00      0
       259     32.81          7.20       72.03        0.00      0
       260     32.88          7.43       74.33        0.00      0
       261     33.00          7.20       72.03        0.00      0
       262     33.15          7.43       74.28        0.00      0
       263     33.29          7.43       74.28        0.00      0
       264     33.35          7.20       72.03        0.00      0
       265     33.47          8.09       80.91        0.00      0
       266     33.49          7.43       74.28        0.00      0
       267     33.60          8.09       80.91        0.00      0
       268     33.71          7.20       72.03        0.00      0
       269     33.74          8.09       80.91        0.00      0
       270     33.76          7.20       72.03        0.00      0
       271     33.91          7.20       72.03        0.00      0
       272     33.95          7.20       72.03        0.00      0
       273     34.08          8.09       80.91        0.00      0
       274     34.11          7.43       74.33        0.00      0
       275     34.22          7.20       72.03        0.00      0
       276     34.30          7.20       72.03        0.00      0
       277     34.47          8.09       80.91        0.00      0
       278     34.49          7.20       72.03        0.00      0
       279     34.66          7.20       72.03        0.00      0
       280     34.82          7.43       74.33        0.00      0
       281     34.94          8.20       82.03        0.00      0
       282     35.05          7.20       72.03        0.00      0
       283     35.12          7.43       74.33        0.00      0
       284     35.26          8.09       80.91        0.00      0
       285     35.27          7.20       72.03        0.00      0
       286     35.30          7.20       72.03        0.00      0
       287     35.46          8.09       80.91        0.00      0
       288     35.47          7.20       72.03        0.00      0
       289     35.52          7.20       72.03        0.00      0
       290     35.64          7.20       72.03        0.00      0
       291     35.81          8.09       80.91        0.00      0
       292     35.90          7.20       72.03        0.00      0
       293     35.98          7.20       72.03        0.00      0
       294     36.02          8.09       80.91        0.00      0
       295     36.12          7.43       74.28        0.00      0
       296     36.28          8.09       80.91        0.00      0
       297     36.42          7.20       72.03        0.00      0
       298     36.79          7.20       72.03        0.00      0
       299     36.93          8.09       80.91        0.00      0
       300     37.07          7.20       72.03        0.00      0
       301     37.11          7.20       72.03        0.00      0
       302     37.36          7.20       72.03        0.00      0
       303     37.38          7.20       72.03        0.00      0
       304     37.52          7.20       72.03        0.00      0
       305     37.67          7.20       72.03        0.00      0
       306     37.74          7.43       74.33        0.00      0
       307     37.89          7.43       74.28        0.00      0
       308     37.92          7.20       72.03        0.00      0
       309     38.06          7.43       74.33        0.00      0
       310     38.09          7.20       72.03        0.00      0
       311     38.25          7.43       74.28        0.00      0
       312     38.35          7.43       74.33        0.00      0
       313     38.39          7.20       72.03        0.00      0
       314     38.47          7.20       72.03        0.00      0
       315     38.57          7.20       72.03        0.00      0
       316     38.68          7.20       72.03        0.00      0
       317     38.72          7.20       72.03        0.00      0
       318     38.81          7.20       72.03        0.00      0
       319     39.02          8.09       80.91        0.00      0
       320     39.05          8.09       80.91        0.00      0
       321     39.07          7.20       72.03        0.00      0
       322     39.17          7.43       74.28        0.00      0
       323     39.21          7.20       72.03        0.00      0
       324     39.36          7.20       72.03        0.00      0
       325     39.40          7.20       72.03        0.00      0
       326     39.47          7.20       72.03        0.00      0
       327     39.57          7.20       72.03        0.00      0
       328     39.67          7.20       72.03        0.00      0
       329     39.76          7.20       72.03        0.00      0
       330     39.92          7.20       72.03        0.00      0
       331     39.95          7.20       72.03        0.00      0
       332     40.08          7.20       72.03        0.00      0
       333     40.13          7.43       74.28        0.00      0
       334     40.27          7.20       72.03        0.00      0
       335     40.30          7.43       74.28        0.00      0
       336     40.43          7.20       72.03        0.00      0
       337     40.55          8.09       80.91        0.00      0
       338     40.56          7.20       72.03        0.00      0
       339     40.64          7.20       72.03        0.00      0
       340     40.78          7.20       72.03        0.00      0
       341     40.87          7.20       72.03        0.00      0
       342     40.92          7.20       72.03        0.00      0
       343     41.03          7.20       72.03        0.00      0
       344     41.30          7.20       72.03        0.00      0
       345     41.44          7.20       72.03        0.00      0
       346     41.51          7.20       72.03        0.00      0
       347     41.61          8.09       80.91        0.00      0
       348     41.72          7.20       72.03        0.00      0
       349     41.77          7.43       74.33        0.00      0
       350     41.90          7.20       72.03        0.00      0
       351     41.96          7.20       72.03        0.00      0
       352     42.10          7.20       72.03        0.00      0
       353     42.24          7.43       74.33        0.00      0
       354     42.28          7.43       74.33        0.00      0
       355     42.45          7.20       72.03        0.00      0
       356     42.63          7.20       72.03        0.00      0
       357     42.65          7.43       74.28        0.00      0
       358     42.79          7.43       74.28        0.00      0
       359     42.96          7.43       74.28        0.00      0
       360     42.99          7.20       72.03        0.00      0
       361     43.13          7.20       72.03        0.00      0
       362     43.17          7.20       72.03        0.00      0
       363     43.33          7.20       72.03        0.00      0
       364     43.51          7.20       72.03        0.00      0
       365     43.75          7.20       72.03        0.00      0
       366     43.93          7.20       72.03        0.00      0
       367     44.06          7.20       72.03        0.00      0
       368     44.10          7.20       72.03        0.00      0
       369     44.23          7.20       72.03        0.00      0
       370     44.27          7.20       72.03        0.00      0
       371     44.60          7.20       72.03        0.00      0
       372     44.76          7.20       72.03        0.00      0
       373     44.85          7.20       72.03        0.00      0
       374     44.93          7.20       72.03        0.00      0
       375     44.96          8.09       80.91        0.00      0
       376     45.11          7.43       74.33        0.00      0
       377     45.13          7.20       72.03        0.00      0
       378     45.26          7.20       72.03        0.00      0
       379     45.34          7.20       72.03        0.00      0
       380     45.45          7.43       74.28        0.00      0
       381     45.49          7.20       72.03        0.00      0
       382     45.59          7.20       72.03        0.00      0
       383     45.61          7.20       72.03        0.00      0
       384     45.65          7.20       72.03        0.00      0
       385     45.76          7.20       72.03        0.00      0
       386     45.81          7.20       72.03        0.00      0
       387     45.92          7.20       72.03        0.00      0
       388     45.96          7.20       72.03        0.00      0
       389     45.98          7.20       72.03        0.00      0
       390     46.13          7.43       74.28        0.00      0
       391     46.14          7.43       74.28        0.00      0
       392     46.16          8.09       80.91        0.00      0
       393     46.17          8.09       80.91        0.00      0
       394     46.28          7.20       72.03        0.00      0
       395     46.34          8.09       80.91        0.00      0
       396     46.36          7.43       74.28        0.00      0
       397     46.47          7.20       72.03        0.00      0
       398     46.63          7.43       74.28        0.00      0
       399     46.81          7.20       72.03        0.00      0
       400     46.94          7.20       72.03        0.00      0
       401     46.97          7.20       72.03        0.00      0
       402     47.03          7.20       72.03        0.00      0
       403     47.14          7.20       72.03        0.00      0
       404     47.17          8.09       80.91        0.00      0
       405     47.25          8.09       80.91        0.00      0
       406     47.32          8.09       80.91        0.00      0
       407     47.35          7.20       72.03        0.00      0
       408     47.45          7.20       72.03        0.00      0
       409     47.47          7.20       72.03        0.00      0
       410     47.49          7.20       72.03        0.00      0
       411     47.64          7.20       72.03        0.00      0
       412     48.10          7.20       72.03        0.00      0
       413     48.91          7.20       72.03        0.00      0
       414     49.23          7.43       74.28        0.00      0
       415     49.60          7.20       72.03        0.00      0
       416     50.02          7.20       72.03        0.00      0
       417     50.27          8.09       80.91        0.00      0
       418     50.31          7.20       72.03        0.00      0
       419     50.45          7.20       72.03        0.00      0
       420     50.49          7.20       72.03        0.00      0
       421     50.64          7.20       72.03        0.00      0
       422     50.67          7.20       72.03        0.00      0
       423     50.81          7.43       74.33        0.00      0
       424     50.84          8.09       80.91        0.00      0
       425     50.86          7.20       72.03        0.00      0
       426     51.02          7.20       72.03        0.00      0
       427     51.16          7.20       72.03        0.00      0
       428     51.21          7.43       74.33        0.00      0
       429     51.34          7.20       72.03        0.00      0
       430     51.38          8.09       80.91        0.00      0
       431     51.41          7.20       72.03        0.00      0
       432     51.54          7.43       74.28        0.00      0
       433     51.65          7.20       72.03        0.00      0
       434     51.70          8.09       80.91        0.00      0
       435     51.72          7.20       72.03        0.00      0
       436     51.85          7.43       74.33        0.00      0
       437     52.11          7.20       72.03        0.00      0
       438     52.25          7.43       74.28        0.00      0
       439     52.28          8.09       80.91        0.00      0
       440     52.30          7.20       72.03        0.00      0
       441     52.46          7.20       72.03        0.00      0
       442     52.63          7.20       72.03        0.00      0
       443     52.75          7.20       72.03        0.00      0
       444     52.93          7.20       72.03        0.00      0
       445     53.19          8.09       80.91        0.00      0
       446     53.26          7.20       72.03        0.00      0
       447     53.35          8.09       80.91        0.00      0
       448     53.37          7.20       72.03        0.00      0
       449     53.54          8.09       80.91        0.00      0
       450     53.57          8.09       80.91        0.00      0
       451     53.72          7.20       72.03        0.00      0
       452     53.74          7.20       72.03        0.00      0
       453     53.98          7.43       74.33        0.00      0
       454     54.02          8.09       80.91        0.00      0
       455     54.04          8.09       80.91        0.00      0
       456     54.20          7.20       72.03        0.00      0
       457     54.23          8.09       80.91        0.00      0
       458     54.32          7.43       74.33        0.00      0
       459     54.40          7.20       72.03        0.00      0
       460     54.57          7.20       72.03        0.00      0
       461     54.60          7.43       74.33        0.00      0
       462     54.88          7.43       74.28        0.00      0
       463     55.16          7.20       72.03        0.00      0
       464     55.37          7.20       72.03        0.00      0
       465     55.54          8.09       80.91        0.00      0
       466     55.57          7.20       72.03        0.00      0
       467     55.73          7.20       72.03        0.00      0
       468     55.87          7.20       72.03        0.00      0
       469     55.92          7.20       72.03        0.00      0
       470     56.14          7.20       72.03        0.00      0
       471     56.17          7.43       74.28        0.00      0
       472     56.19          7.43       74.33        0.00      0
       473     56.21          7.43       74.33        0.00      0
       474     56.33          7.43       74.33        0.00      0
       475     56.36          7.43       74.33        0.00      0
       476     56.53          8.09       80.91        0.00      0
       477     56.68          7.20       72.03        0.00      0
       478     56.97          8.09       80.91        0.00      0
       479     57.00          7.20       72.03        0.00      0
       480     57.13          7.20       72.03        0.00      0
       481     57.17          7.20       72.03        0.00      0
       482     57.28          8.09       80.91        0.00      0
       483     57.32          7.20       72.03        0.00      0
       484     57.36          7.43       74.28        0.00      0
       485     57.50          7.20       72.03        0.00      0
       486     57.65          7.20       72.03        0.00      0
       487     57.79          7.20       72.03        0.00      0
       488     58.04          7.20       72.03        0.00      0
       489     58.07          7.20       72.03        0.00      0
       490     58.20          7.43       74.33        0.00      0
       491     58.35          7.20       72.03        0.00      0
       492     58.39          7.43       74.33        0.00      0
       493     58.53          7.20       72.03        0.00      0
       494     59.00          7.20       72.03        0.00      0
       495     59.14          7.20       72.03        0.00      0
       496     59.17          7.20       72.03        0.00      0
       497     59.33          8.09       80.91        0.00      0
       498     59.35          7.20       72.03        0.00      0
       499     59.49          7.20       72.03        0.00      0
       500     59.64          7.43       74.33        0.00      0
       501     59.78          7.43       74.33        0.00      0
       502     59.89          7.43       74.33        0.00      0
       503     59.94          7.20       72.03        0.00      0
  ------------------------------------------------------------
