========================================================================
  Topology-Aware Heuristic — run summary
========================================================================
  Instance aircraft : 30
  Positions         : ['P1', 'P2', 'P3', 'P4', 'P5']
  Blocking load     : P1=0  P2=0  P3=2  P4=1  P5=0

  Parameters:
    time_limit_s: 60
    min_separation: 10.0
    weight_makespan: 0.1
    weight_delay: 1.0
    weight_movements: 10
    weight_topology: 1.0
    alpha: 0.3
    seed: None
    log_enabled: True
    MIPGap: 0.0
    NoRelHeurTime: 0

========================================================================
  Iterations: 31
  Best objective: 236.3120
  Makespan: 249.3300   Delay: 191.3790   Movements: 2
========================================================================

  Improvement log:
  iter=1  t=0.00s  obj=259.33  makespan=260.73  delay=233.25  mov=0  *
  iter=5  t=4.84s  obj=258.81  makespan=252.89  delay=233.52  mov=0  *
  iter=8  t=9.55s  obj=254.21  makespan=257.89  delay=228.42  mov=0  *
  iter=22  t=41.54s  obj=236.31  makespan=249.33  delay=191.38  mov=2  *

========================================================================
  Best solution — aircraft assignments:
  ID      Pos    load   duration     start    finish    delay
  --------------------------------------------------------
  R3      P3        2      19.65      0.00     19.65     0.00
  R1      P4        1      26.62      0.00     26.62     0.00
  R2      P5        0      29.04      0.00     29.04     0.00
  R4      P2        0      26.60      0.00     26.60     0.00
  R5      P1        0      27.39      7.76     35.15     0.00
  R8      P3        2       6.50     29.65     36.15     0.00
  R15     P2        0      16.75     36.60     53.35     0.00
  R6      P5        0      32.70     39.04     71.74     0.00
  R13     P4        1      31.50     39.04     70.54     0.00
  R7      P1        0      23.76     45.15     68.91     0.00
  R9      P3        2      17.47     46.15     63.62     0.00
  R19     P2        0      25.37     63.35     88.72     0.00
  R10     P1        0      30.05     78.91    108.96     0.00
  R11     P5        0      35.39     81.74    117.13     0.00
  R17     P4        1      32.19     81.74    113.93     0.00
  R20     P3        2      21.70     81.74    103.44     0.00
  R23     P2        0      20.42     98.72    119.14     2.68
  R16     P1        0      36.10    118.96    155.06     0.00
  R12     P5        0      31.28    127.13    158.41     0.00
  R21     P4        1      27.48    127.13    154.61     0.00
  R27     P3        2      21.10    127.13    148.23     0.00
  R24     P2        0      22.14    129.14    151.28     0.00
  R25     P2        0      36.68    161.28    197.96     1.84
  R26     P4        1      37.94    164.61    202.55     7.04
  R18     P1        0      31.95    165.06    197.01     5.67
  R14     P5        0      36.54    168.41    204.95    17.07
  R28     P3        2      22.64    168.41    191.05    21.43
  R30     P3        2      34.12    204.95    239.07    39.32
  R22     P1        0      33.40    207.01    240.41    48.48
  R29     P2        0      41.37    207.96    249.33    47.85
========================================================================
