========================================================================
  Topology-Aware Heuristic — run summary
========================================================================
  Instance aircraft : 10
  Positions         : ['P1', 'P2', 'P3', 'P4', 'P5']
  Blocking load     : P1=0  P2=0  P3=2  P4=1  P5=0

  Parameters:
    time_limit_s: 60
    min_separation: 10.0
    weight_makespan: 0.1
    weight_delay: 1.0
    weight_movements: 10
    weight_topology: 1.0
    alpha: 0.3
    seed: None
    log_enabled: True
    MIPGap: 0.0
    NoRelHeurTime: 0

========================================================================
  Iterations: 2926
  Best objective: 21.0641
  Makespan: 71.3910   Delay: 13.9250   Movements: 0
========================================================================

  Improvement log:
  iter=1  t=0.00s  obj=37.81  makespan=77.02  delay=30.11  mov=0  *
  iter=19  t=0.30s  obj=37.55  makespan=77.25  delay=29.83  mov=0  *
  iter=21  t=0.34s  obj=37.31  makespan=84.00  delay=28.91  mov=0  *
  iter=50  t=0.83s  obj=25.08  makespan=73.37  delay=17.74  mov=0  *
  iter=168  t=3.58s  obj=24.81  makespan=67.77  delay=18.04  mov=0  *
  iter=245  t=5.67s  obj=24.51  makespan=73.60  delay=17.15  mov=0  *
  iter=363  t=7.66s  obj=24.38  makespan=73.37  delay=17.04  mov=0  *
  iter=464  t=9.69s  obj=24.03  makespan=73.37  delay=16.69  mov=0  *
  iter=2338  t=45.97s  obj=22.68  makespan=77.79  delay=14.90  mov=0  *
  iter=2439  t=48.14s  obj=21.06  makespan=71.39  delay=13.93  mov=0  *

========================================================================
  Best solution — aircraft assignments:
  ID      Pos    load   duration     start    finish    delay
  --------------------------------------------------------
  R3      P3        2      16.05      0.00     16.05     0.00
  R2      P5        0      25.44      0.00     25.44     0.00
  R1      P4        1      21.52      0.00     21.52     0.00
  R8      P2        0       7.74     13.02     20.75     0.00
  R9      P1        0      27.15     13.44     40.59     0.00
  R10     P3        2       9.26     26.05     35.31     5.42
  R4      P2        0      20.17     30.75     50.92     0.00
  R7      P5        0      21.55     35.44     56.99     0.00
  R5      P4        1      20.40     35.44     55.84     0.00
  R6      P1        0      20.80     50.59     71.39     8.50
========================================================================
