========================================================================
  ConstructiveHeuristic — unknown
========================================================================
  alpha=0.7  time_limit=60s  seed=None  min_sep=10.0
  weights: makespan=0.1  delay=1.0  movements=10

  Instance: 5 aircraft  5 positions  3 blocking arcs
  Blocking arcs: P3→P4  P3→P5  P4→P5

────────────────────────────────────────────────────────────────────────
  Best construction detail  (iter 1  obj=3.1220)
────────────────────────────────────────────────────────────────────────
Blocking arcs: P3→P4  P3→P5  P4→P5

Aircraft initial ranking (target_finish ASC, total_duration ASC):
  Rank   ID       earliest     target    duration
  ----------------------------------------------
  [ 0]  R1           0.00      36.54       23.45
  [ 1]  R2           0.00      44.47       18.81
  [ 2]  R3           0.00      48.88       31.22
  [ 3]  R4           0.00      53.32       20.97
  [ 4]  R5           0.00      60.06       25.85

========================================================================
  STEP 1/5
========================================================================

  Pair evaluation  (25 pairs):
    Rank   ID      Pos     t_start   t_finish    delay      gap   blocking      score    weight     P(%)   cum(%)
    ---------------------------------------------------------------------------------------------------------
    [ 0]  R2      P1         0.00      18.81     0.00     0.00       none       1.88    1.0000   70.00%   70.00%
    [ 1]  R2      P2         0.00      18.81     0.00     0.00       none       1.88    0.3000   21.00%   91.00%
    [ 2]  R2      P3         0.00      18.81     0.00     0.00       none       1.88    0.0900    6.30%   97.30%
    [ 3]  R2      P4         0.00      18.81     0.00     0.00       none       1.88    0.0270    1.89%   99.19%
    [ 4]  R2      P5         0.00      18.81     0.00     0.00       none       1.88    0.0081    0.57%   99.76%
    [ 5]  R4      P1         0.00      20.97     0.00     0.00       none       2.10    0.0024    0.17%   99.93%
    [ 6]  R4      P2         0.00      20.97     0.00     0.00       none       2.10    0.0007    0.05%   99.98%
    [ 7]  R4      P3         0.00      20.97     0.00     0.00       none       2.10    0.0002    0.02%   99.99%
    [ 8]  R4      P4         0.00      20.97     0.00     0.00       none       2.10    0.0001    0.00%  100.00%
    [ 9]  R4      P5         0.00      20.97     0.00     0.00       none       2.10    0.0000    0.00%  100.00%
    [10]  R1      P1         0.00      23.45     0.00     0.00       none       2.35    0.0000    0.00%  100.00%
    [11]  R1      P2         0.00      23.45     0.00     0.00       none       2.35    0.0000    0.00%  100.00%
    [12]  R1      P3         0.00      23.45     0.00     0.00       none       2.35    0.0000    0.00%  100.00%
    [13]  R1      P4         0.00      23.45     0.00     0.00       none       2.35    0.0000    0.00%  100.00%
    [14]  R1      P5         0.00      23.45     0.00     0.00       none       2.35    0.0000    0.00%  100.00%
    [15]  R5      P1         0.00      25.85     0.00     0.00       none       2.59    0.0000    0.00%  100.00%
    [16]  R5      P2         0.00      25.85     0.00     0.00       none       2.59    0.0000    0.00%  100.00%
    [17]  R5      P3         0.00      25.85     0.00     0.00       none       2.59    0.0000    0.00%  100.00%
    [18]  R5      P4         0.00      25.85     0.00     0.00       none       2.59    0.0000    0.00%  100.00%
    [19]  R5      P5         0.00      25.85     0.00     0.00       none       2.59    0.0000    0.00%  100.00%
    [20]  R3      P1         0.00      31.22     0.00     0.00       none       3.12    0.0000    0.00%  100.00%
    [21]  R3      P2         0.00      31.22     0.00     0.00       none       3.12    0.0000    0.00%  100.00%
    [22]  R3      P3         0.00      31.22     0.00     0.00       none       3.12    0.0000    0.00%  100.00%
    [23]  R3      P4         0.00      31.22     0.00     0.00       none       3.12    0.0000    0.00%  100.00%
    [24]  R3      P5         0.00      31.22     0.00     0.00       none       3.12    0.0000    0.00%  100.00%
    draw=1.4258  →  (R4, P1) (rank 5) selected

  Assignment: R4 → P1  [0.00 → 20.97]  delay=0.00
    J4-1       [0.00 → 10.88]
    J4-2       [10.88 → 20.97]

  Assigned so far:
    ID      Pos       start    finish    delay
    ----------------------------------------
    R4      P1         0.00     20.97     0.00

========================================================================
  STEP 2/5
========================================================================

  Pair evaluation  (20 pairs):
    Rank   ID      Pos     t_start   t_finish    delay      gap   blocking      score    weight     P(%)   cum(%)
    ---------------------------------------------------------------------------------------------------------
    [ 0]  R2      P2         0.00      18.81     0.00     0.00       none       1.88    1.0000   70.00%   70.00%
    [ 1]  R2      P3         0.00      18.81     0.00     0.00       none       1.88    0.3000   21.00%   91.00%
    [ 2]  R2      P4         0.00      18.81     0.00     0.00       none       1.88    0.0900    6.30%   97.30%
    [ 3]  R2      P5         0.00      18.81     0.00     0.00       none       1.88    0.0270    1.89%   99.19%
    [ 4]  R1      P2         0.00      23.45     0.00     0.00       none       2.35    0.0081    0.57%   99.76%
    [ 5]  R1      P3         0.00      23.45     0.00     0.00       none       2.35    0.0024    0.17%   99.93%
    [ 6]  R1      P4         0.00      23.45     0.00     0.00       none       2.35    0.0007    0.05%   99.98%
    [ 7]  R1      P5         0.00      23.45     0.00     0.00       none       2.35    0.0002    0.02%   99.99%
    [ 8]  R5      P2         0.00      25.85     0.00     0.00       none       2.59    0.0001    0.00%  100.00%
    [ 9]  R5      P3         0.00      25.85     0.00     0.00       none       2.59    0.0000    0.00%  100.00%
    [10]  R5      P4         0.00      25.85     0.00     0.00       none       2.59    0.0000    0.00%  100.00%
    [11]  R5      P5         0.00      25.85     0.00     0.00       none       2.59    0.0000    0.00%  100.00%
    [12]  R3      P2         0.00      31.22     0.00     0.00       none       3.12    0.0000    0.00%  100.00%
    [13]  R3      P3         0.00      31.22     0.00     0.00       none       3.12    0.0000    0.00%  100.00%
    [14]  R3      P4         0.00      31.22     0.00     0.00       none       3.12    0.0000    0.00%  100.00%
    [15]  R3      P5         0.00      31.22     0.00     0.00       none       3.12    0.0000    0.00%  100.00%
    [16]  R5      P1        30.97      56.82     0.00    10.00       none       6.68    0.0000    0.00%  100.00%
    [17]  R2      P1        30.97      49.78     5.31    10.00       none      11.29    0.0000    0.00%  100.00%
    [18]  R3      P1        30.97      62.19    13.31    10.00       none      20.53    0.0000    0.00%  100.00%
    [19]  R1      P1        30.97      54.42    17.88    10.00       none      24.32    0.0000    0.00%  100.00%
    draw=1.0541  →  (R2, P3) (rank 1) selected

  Assignment: R2 → P3  [0.00 → 18.81]  delay=0.00
    J2-1       [0.00 → 6.09]
    J2-2       [6.09 → 18.81]

  Assigned so far:
    ID      Pos       start    finish    delay
    ----------------------------------------
    R4      P1         0.00     20.97     0.00
    R2      P3         0.00     18.81     0.00

========================================================================
  STEP 3/5
========================================================================

  Pair evaluation  (15 pairs):
    Rank   ID      Pos     t_start   t_finish    delay      gap   blocking      score    weight     P(%)   cum(%)
    ---------------------------------------------------------------------------------------------------------
    [ 0]  R1      P2         0.00      23.45     0.00     0.00       none       2.35    1.0000   70.00%   70.00%
    [ 1]  R1      P4         0.00      23.45     0.00     0.00       none       2.35    0.3000   21.00%   91.00%
    [ 2]  R1      P5         0.00      23.45     0.00     0.00       none       2.35    0.0900    6.30%   97.30%
    [ 3]  R5      P2         0.00      25.85     0.00     0.00       none       2.59    0.0270    1.89%   99.19%
    [ 4]  R5      P4         0.00      25.85     0.00     0.00       none       2.59    0.0081    0.57%   99.76%
    [ 5]  R5      P5         0.00      25.85     0.00     0.00       none       2.59    0.0024    0.17%   99.93%
    [ 6]  R3      P2         0.00      31.22     0.00     0.00       none       3.12    0.0007    0.05%   99.98%
    [ 7]  R3      P4         0.00      31.22     0.00     0.00       none       3.12    0.0002    0.02%   99.99%
    [ 8]  R3      P5         0.00      31.22     0.00     0.00       none       3.12    0.0001    0.00%  100.00%
    [ 9]  R5      P3        28.81      54.66     0.00    10.00       none       6.47    0.0000    0.00%  100.00%
    [10]  R5      P1        30.97      56.82     0.00    10.00       none       6.68    0.0000    0.00%  100.00%
    [11]  R3      P3        28.81      60.03    11.15    10.00       none      18.15    0.0000    0.00%  100.00%
    [12]  R3      P1        30.97      62.19    13.31    10.00       none      20.53    0.0000    0.00%  100.00%
    [13]  R1      P3        28.81      52.26    15.72    10.00       none      21.94    0.0000    0.00%  100.00%
    [14]  R1      P1        30.97      54.42    17.88    10.00       none      24.32    0.0000    0.00%  100.00%
    draw=1.2343  →  (R1, P4) (rank 1) selected

  Assignment: R1 → P4  [0.00 → 23.45]  delay=0.00
    J1-1       [0.00 → 12.46]
    J1-2       [12.46 → 23.45]

  Assigned so far:
    ID      Pos       start    finish    delay
    ----------------------------------------
    R4      P1         0.00     20.97     0.00
    R2      P3         0.00     18.81     0.00
    R1      P4         0.00     23.45     0.00

========================================================================
  STEP 4/5
========================================================================

  Pair evaluation  (10 pairs):
    Rank   ID      Pos     t_start   t_finish    delay      gap   blocking      score    weight     P(%)   cum(%)
    ---------------------------------------------------------------------------------------------------------
    [ 0]  R5      P2         0.00      25.85     0.00     0.00       none       2.59    1.0000   70.00%   70.00%
    [ 1]  R5      P5         0.00      25.85     0.00     0.00       none       2.59    0.3000   21.00%   91.00%
    [ 2]  R3      P2         0.00      31.22     0.00     0.00       none       3.12    0.0900    6.30%   97.30%
    [ 3]  R3      P5         0.00      31.22     0.00     0.00       none       3.12    0.0270    1.89%   99.19%
    [ 4]  R5      P3        28.81      54.66     0.00    10.00       none       6.47    0.0081    0.57%   99.76%
    [ 5]  R5      P1        30.97      56.82     0.00    10.00       none       6.68    0.0024    0.17%   99.93%
    [ 6]  R5      P4        33.45      59.30     0.00    10.00       none       6.93    0.0007    0.05%   99.98%
    [ 7]  R3      P3        28.81      60.03    11.15    10.00       none      18.15    0.0002    0.02%   99.99%
    [ 8]  R3      P1        30.97      62.19    13.31    10.00       none      20.53    0.0001    0.00%  100.00%
    [ 9]  R3      P4        33.45      64.67    15.79    10.00       none      23.26    0.0000    0.00%  100.00%
    draw=0.4958  →  (R5, P2) (rank 0) selected

  Assignment: R5 → P2  [0.00 → 25.85]  delay=0.00
    J5-1       [0.00 → 7.79]
    J5-2       [7.79 → 17.30]
    J5-3       [17.30 → 25.85]

  Assigned so far:
    ID      Pos       start    finish    delay
    ----------------------------------------
    R4      P1         0.00     20.97     0.00
    R2      P3         0.00     18.81     0.00
    R1      P4         0.00     23.45     0.00
    R5      P2         0.00     25.85     0.00

========================================================================
  STEP 5/5
========================================================================

  Pair evaluation  (5 pairs):
    Rank   ID      Pos     t_start   t_finish    delay      gap   blocking      score    weight     P(%)   cum(%)
    ---------------------------------------------------------------------------------------------------------
    [ 0]  R3      P5         0.00      31.22     0.00     0.00       none       3.12    1.0000   70.17%   70.17%
    [ 1]  R3      P3        28.81      60.03    11.15    10.00       none      18.15    0.3000   21.05%   91.22%
    [ 2]  R3      P1        30.97      62.19    13.31    10.00       none      20.53    0.0900    6.32%   97.54%
    [ 3]  R3      P4        33.45      64.67    15.79    10.00       none      23.26    0.0270    1.89%   99.43%
    [ 4]  R3      P2        35.85      67.07    18.19    10.00       none      25.90    0.0081    0.57%  100.00%
    draw=1.3430  →  (R3, P1) (rank 2) selected

  Assignment: R3 → P1  [30.97 → 62.19]  delay=13.31
    J3-1       [30.97 → 39.36]
    J3-2       [39.36 → 51.10]
    J3-3       [51.10 → 62.19]

  Assigned so far:
    ID      Pos       start    finish    delay
    ----------------------------------------
    R4      P1         0.00     20.97     0.00
    R2      P3         0.00     18.81     0.00
    R1      P4         0.00     23.45     0.00
    R5      P2         0.00     25.85     0.00
    R3      P1        30.97     62.19    13.31

========================================================================
  Iteration result:  makespan=62.19  movements=0  delay=13.31
========================================================================

========================================================================
  Local search start  obj=19.53
========================================================================
  LS move: R4  P1 → P2  obj 19.53 → 5.68
  LS move: R5  P2 → P3  obj 5.68 → 5.47
  LS move: R5  P3 → P5  obj 5.47 → 3.12
  Local search end    obj=3.12

────────────────────────────────────────────────────────────────────────
  Iteration history
────────────────────────────────────────────────────────────────────────
      Iter   Time(s)           Obj    Makespan       Delay    Mov
  ------------------------------------------------------------
         1      0.00          3.12       31.22        0.00      0  *
         2      0.05          4.98       49.78        0.00      0
         3      0.16          3.12       31.22        0.00      0
         4      0.31          4.98       49.78        0.00      0
         5      0.34          3.12       31.22        0.00      0
         6      0.36          3.12       31.22        0.00      0
         7      0.37          4.98       49.78        0.00      0
         8      0.38          3.12       31.22        0.00      0
         9      0.41          4.98       49.78        0.00      0
        10      0.42          3.12       31.22        0.00      0
        11      0.45          4.98       49.78        0.00      0
        12      0.48          3.12       31.22        0.00      0
        13      0.57          3.12       31.22        0.00      0
        14      0.64          3.12       31.22        0.00      0
        15      0.80          3.12       31.22        0.00      0
        16      0.92          3.12       31.22        0.00      0
        17      0.95          4.98       49.78        0.00      0
        18      1.25          3.12       31.22        0.00      0
        19      1.42          3.12       31.22        0.00      0
        20      1.55          3.12       31.22        0.00      0
        21      1.57          5.93       59.30        0.00      0
        22      1.59          4.98       49.78        0.00      0
        23      1.71          3.12       31.22        0.00      0
        24      1.73          3.12       31.22        0.00      0
        25      1.77          5.93       59.30        0.00      0
        26      1.88          4.98       49.78        0.00      0
        27      1.90          3.12       31.22        0.00      0
        28      1.92          3.12       31.22        0.00      0
        29      2.05          4.98       49.78        0.00      0
        30      2.08          4.98       49.78        0.00      0
        31      2.09          3.12       31.22        0.00      0
        32      2.18          4.98       49.78        0.00      0
        33      2.24          3.12       31.22        0.00      0
        34      2.29          3.12       31.22        0.00      0
        35      2.50          4.98       49.78        0.00      0
        36      2.55          3.12       31.22        0.00      0
        37      2.57          3.12       31.22        0.00      0
        38      2.62          3.12       31.22        0.00      0
        39      2.69          4.98       49.78        0.00      0
        40      2.72          3.12       31.22        0.00      0
        41      2.82          3.12       31.22        0.00      0
        42      2.87          4.98       49.78        0.00      0
        43      2.88          4.98       49.78        0.00      0
        44      2.91          3.12       31.22        0.00      0
        45      3.04          3.12       31.22        0.00      0
        46      3.06          3.12       31.22        0.00      0
        47      3.09          3.12       31.22        0.00      0
        48      3.23          4.98       49.78        0.00      0
        49      3.25          5.93       59.30        0.00      0
        50      3.34          3.12       31.22        0.00      0
        51      3.42          3.12       31.22        0.00      0
        52      3.47          3.12       31.22        0.00      0
        53      3.57          3.12       31.22        0.00      0
        54      3.60          3.12       31.22        0.00      0
        55      3.62          4.98       49.78        0.00      0
        56      3.63          4.98       49.78        0.00      0
        57      3.65          3.12       31.22        0.00      0
        58      3.67          3.12       31.22        0.00      0
        59      3.75          3.12       31.22        0.00      0
        60      3.84          3.12       31.22        0.00      0
        61      3.86          4.98       49.78        0.00      0
        62      3.88          3.12       31.22        0.00      0
        63      3.89          4.98       49.78        0.00      0
        64      4.03          3.12       31.22        0.00      0
        65      4.05          4.98       49.78        0.00      0
        66      4.07          4.98       49.78        0.00      0
        67      4.18          3.12       31.22        0.00      0
        68      4.22          3.12       31.22        0.00      0
        69      4.27          3.12       31.22        0.00      0
        70      4.35          4.98       49.78        0.00      0
        71      4.39          4.98       49.78        0.00      0
        72      4.50          3.12       31.22        0.00      0
        73      4.62          3.12       31.22        0.00      0
        74      4.73          3.12       31.22        0.00      0
        75      4.80          3.12       31.22        0.00      0
        76      4.81          3.12       31.22        0.00      0
        77      4.91          4.98       49.78        0.00      0
        78      4.94          4.98       49.78        0.00      0
        79      4.97          5.93       59.30        0.00      0
        80      4.99          3.12       31.22        0.00      0
        81      5.01          3.12       31.22        0.00      0
        82      5.03          5.93       59.30        0.00      0
        83      5.05          3.12       31.22        0.00      0
        84      5.07          3.12       31.22        0.00      0
        85      5.08          3.12       31.22        0.00      0
        86      5.15          3.12       31.22        0.00      0
        87      5.20          3.12       31.22        0.00      0
        88      5.35          3.12       31.22        0.00      0
        89      5.55          3.12       31.22        0.00      0
        90      5.71          5.93       59.30        0.00      0
        91      5.73          3.12       31.22        0.00      0
        92      5.85          3.12       31.22        0.00      0
        93      5.94          3.12       31.22        0.00      0
        94      6.10          4.98       49.78        0.00      0
        95      6.13          3.12       31.22        0.00      0
        96      6.16          3.12       31.22        0.00      0
        97      6.31          4.98       49.78        0.00      0
        98      6.33          4.98       49.78        0.00      0
        99      6.38          3.12       31.22        0.00      0
       100      6.49          4.98       49.78        0.00      0
       101      6.52          3.12       31.22        0.00      0
       102      6.69          4.98       49.78        0.00      0
       103      6.81          4.98       49.78        0.00      0
       104      6.97          3.12       31.22        0.00      0
       105      7.10          3.12       31.22        0.00      0
       106      7.12          3.12       31.22        0.00      0
       107      7.28          3.12       31.22        0.00      0
       108      7.30          3.12       31.22        0.00      0
       109      7.43          3.12       31.22        0.00      0
       110      7.58          4.98       49.78        0.00      0
       111      7.64          4.98       49.78        0.00      0
       112      7.76          3.12       31.22        0.00      0
       113      7.82          3.12       31.22        0.00      0
       114      7.93          4.98       49.78        0.00      0
       115      7.95          3.12       31.22        0.00      0
       116      8.08          3.12       31.22        0.00      0
       117      8.11          3.12       31.22        0.00      0
       118      8.23          4.98       49.78        0.00      0
       119      8.30          4.98       49.78        0.00      0
       120      8.32          3.12       31.22        0.00      0
       121      8.45          4.98       49.78        0.00      0
       122      8.61          4.98       49.78        0.00      0
       123      8.65          4.98       49.78        0.00      0
       124      8.81          4.98       49.78        0.00      0
       125      8.92          3.12       31.22        0.00      0
       126      8.96          4.98       49.78        0.00      0
       127      8.99          3.12       31.22        0.00      0
       128      9.01          4.98       49.78        0.00      0
       129      9.15          3.12       31.22        0.00      0
       130      9.17          3.12       31.22        0.00      0
       131      9.18          3.12       31.22        0.00      0
       132      9.28          4.98       49.78        0.00      0
       133      9.34          3.12       31.22        0.00      0
       134      9.36          4.98       49.78        0.00      0
       135      9.41          3.12       31.22        0.00      0
       136      9.52          3.12       31.22        0.00      0
       137      9.54          4.98       49.78        0.00      0
       138      9.65          3.12       31.22        0.00      0
       139      9.80          3.12       31.22        0.00      0
       140      9.85          4.98       49.78        0.00      0
       141     10.02          3.12       31.22        0.00      0
       142     10.17          4.98       49.78        0.00      0
       143     10.20          4.98       49.78        0.00      0
       144     10.22          4.98       49.78        0.00      0
       145     10.34          3.12       31.22        0.00      0
       146     10.38          3.12       31.22        0.00      0
       147     10.52          4.98       49.78        0.00      0
       148     10.67          3.12       31.22        0.00      0
       149     10.70          4.98       49.78        0.00      0
       150     10.79          5.93       59.30        0.00      0
       151     10.86          3.12       31.22        0.00      0
       152     10.87          4.98       49.78        0.00      0
       153     11.02          3.12       31.22        0.00      0
       154     11.04          3.12       31.22        0.00      0
       155     11.06          3.12       31.22        0.00      0
       156     11.16          3.12       31.22        0.00      0
       157     11.25          3.12       31.22        0.00      0
       158     11.33          3.12       31.22        0.00      0
       159     11.35          3.12       31.22        0.00      0
       160     11.37          4.98       49.78        0.00      0
       161     11.40          5.93       59.30        0.00      0
       162     11.42          4.98       49.78        0.00      0
       163     11.44          4.98       49.78        0.00      0
       164     11.46          3.12       31.22        0.00      0
       165     11.48          3.12       31.22        0.00      0
       166     11.50          3.12       31.22        0.00      0
       167     11.53          3.12       31.22        0.00      0
       168     11.57          3.12       31.22        0.00      0
       169     11.59          3.12       31.22        0.00      0
       170     11.61          3.12       31.22        0.00      0
       171     11.63          3.12       31.22        0.00      0
       172     11.66          3.12       31.22        0.00      0
       173     11.68          4.98       49.78        0.00      0
       174     11.70          3.12       31.22        0.00      0
       175     11.71          3.12       31.22        0.00      0
       176     11.73          3.12       31.22        0.00      0
       177     11.75          3.12       31.22        0.00      0
       178     11.78          4.98       49.78        0.00      0
       179     11.80          4.98       49.78        0.00      0
       180     11.83          3.12       31.22        0.00      0
       181     11.87          4.98       49.78        0.00      0
       182     11.89          3.12       31.22        0.00      0
       183     11.94          3.12       31.22        0.00      0
       184     11.99          3.12       31.22        0.00      0
       185     12.12          4.98       49.78        0.00      0
       186     12.30          4.98       49.78        0.00      0
       187     12.34          3.12       31.22        0.00      0
       188     12.48          4.98       49.78        0.00      0
       189     12.52          3.12       31.22        0.00      0
       190     12.62          3.12       31.22        0.00      0
       191     12.63          3.12       31.22        0.00      0
       192     12.74          3.12       31.22        0.00      0
       193     12.78          4.98       49.78        0.00      0
       194     12.79          3.12       31.22        0.00      0
       195     12.91          3.12       31.22        0.00      0
       196     13.03          3.12       31.22        0.00      0
       197     13.15          3.12       31.22        0.00      0
       198     13.24          3.12       31.22        0.00      0
       199     13.28          3.12       31.22        0.00      0
       200     13.37          4.98       49.78        0.00      0
       201     13.42          4.98       49.78        0.00      0
       202     13.68          3.12       31.22        0.00      0
       203     13.73          4.98       49.78        0.00      0
       204     13.87          4.98       49.78        0.00      0
       205     13.89          4.98       49.78        0.00      0
       206     13.90          3.12       31.22        0.00      0
       207     13.92          3.12       31.22        0.00      0
       208     13.93          4.98       49.78        0.00      0
       209     13.95          3.12       31.22        0.00      0
       210     13.97          3.12       31.22        0.00      0
       211     13.98          4.98       49.78        0.00      0
       212     14.01          3.12       31.22        0.00      0
       213     14.02          4.98       49.78        0.00      0
       214     14.18          4.98       49.78        0.00      0
       215     14.20          4.98       49.78        0.00      0
       216     14.22          3.12       31.22        0.00      0
       217     14.24          3.12       31.22        0.00      0
       218     14.26          3.12       31.22        0.00      0
       219     14.29          5.93       59.30        0.00      0
       220     14.36          4.98       49.78        0.00      0
       221     14.41          4.98       49.78        0.00      0
       222     14.43          3.12       31.22        0.00      0
       223     14.44          4.98       49.78        0.00      0
       224     14.45          3.12       31.22        0.00      0
       225     14.47          3.12       31.22        0.00      0
       226     14.63          4.98       49.78        0.00      0
       227     14.77          4.98       49.78        0.00      0
       228     14.84          3.12       31.22        0.00      0
       229     15.06          3.12       31.22        0.00      0
       230     15.11          3.12       31.22        0.00      0
       231     15.23          4.98       49.78        0.00      0
       232     15.25          4.98       49.78        0.00      0
       233     15.38          4.98       49.78        0.00      0
       234     15.40          4.98       49.78        0.00      0
       235     15.52          4.98       49.78        0.00      0
       236     15.66          4.98       49.78        0.00      0
       237     15.77          3.12       31.22        0.00      0
       238     15.95          3.12       31.22        0.00      0
       239     16.21          3.12       31.22        0.00      0
       240     16.39          3.12       31.22        0.00      0
       241     16.49          4.98       49.78        0.00      0
       242     16.52          4.98       49.78        0.00      0
       243     16.55          3.12       31.22        0.00      0
       244     16.56          4.98       49.78        0.00      0
       245     16.58          3.12       31.22        0.00      0
       246     16.69          3.12       31.22        0.00      0
       247     16.76          4.98       49.78        0.00      0
       248     16.78          3.12       31.22        0.00      0
       249     16.80          4.98       49.78        0.00      0
       250     16.82          3.12       31.22        0.00      0
       251     16.84          3.12       31.22        0.00      0
       252     16.86          3.12       31.22        0.00      0
       253     16.87          3.12       31.22        0.00      0
       254     16.90          3.12       31.22        0.00      0
       255     16.92          3.12       31.22        0.00      0
       256     16.93          3.12       31.22        0.00      0
       257     16.95          3.12       31.22        0.00      0
       258     16.96          5.93       59.30        0.00      0
       259     17.07          3.12       31.22        0.00      0
       260     17.10          4.98       49.78        0.00      0
       261     17.11          3.12       31.22        0.00      0
       262     17.14          4.98       49.78        0.00      0
       263     17.20          4.98       49.78        0.00      0
       264     17.25          3.12       31.22        0.00      0
       265     17.27          3.12       31.22        0.00      0
       266     17.31          3.12       31.22        0.00      0
       267     17.32          4.98       49.78        0.00      0
       268     17.34          4.98       49.78        0.00      0
       269     17.35          4.98       49.78        0.00      0
       270     17.37          4.98       49.78        0.00      0
       271     17.52          3.12       31.22        0.00      0
       272     17.57          4.98       49.78        0.00      0
       273     17.58          3.12       31.22        0.00      0
       274     17.61          3.12       31.22        0.00      0
       275     17.63          4.98       49.78        0.00      0
       276     17.65          3.12       31.22        0.00      0
       277     17.66          5.93       59.30        0.00      0
       278     17.78          4.98       49.78        0.00      0
       279     17.81          3.12       31.22        0.00      0
       280     17.83          4.98       49.78        0.00      0
       281     17.85          3.12       31.22        0.00      0
       282     17.86          4.98       49.78        0.00      0
       283     17.88          3.12       31.22        0.00      0
       284     17.89          3.12       31.22        0.00      0
       285     18.05          4.98       49.78        0.00      0
       286     18.07          3.12       31.22        0.00      0
       287     18.33          4.98       49.78        0.00      0
       288     18.34          4.98       49.78        0.00      0
       289     18.36          3.12       31.22        0.00      0
       290     18.39          3.12       31.22        0.00      0
       291     18.49          3.12       31.22        0.00      0
       292     18.60          5.93       59.30        0.00      0
       293     18.89          3.12       31.22        0.00      0
       294     18.91          3.12       31.22        0.00      0
       295     19.06          4.98       49.78        0.00      0
       296     19.19         17.15       60.03       11.15      0
       297     19.34          3.12       31.22        0.00      0
       298     19.35          3.12       31.22        0.00      0
       299     19.37          3.12       31.22        0.00      0
       300     19.38          4.98       49.78        0.00      0
       301     19.39          3.12       31.22        0.00      0
       302     19.50          4.98       49.78        0.00      0
       303     19.53          3.12       31.22        0.00      0
       304     19.54          3.12       31.22        0.00      0
       305     19.56          3.12       31.22        0.00      0
       306     19.57          3.12       31.22        0.00      0
       307     19.69          4.98       49.78        0.00      0
       308     19.74          3.12       31.22        0.00      0
       309     19.76          4.98       49.78        0.00      0
       310     19.89          4.98       49.78        0.00      0
       311     19.91          4.98       49.78        0.00      0
       312     19.94          4.98       49.78        0.00      0
       313     19.96          3.12       31.22        0.00      0
       314     19.99          5.93       59.30        0.00      0
       315     20.08          4.98       49.78        0.00      0
       316     20.10          3.12       31.22        0.00      0
       317     20.12          3.12       31.22        0.00      0
       318     20.14          4.98       49.78        0.00      0
       319     20.23          3.12       31.22        0.00      0
       320     20.27          4.98       49.78        0.00      0
       321     20.30          4.98       49.78        0.00      0
       322     20.32          3.12       31.22        0.00      0
       323     20.34          3.12       31.22        0.00      0
       324     20.35          3.12       31.22        0.00      0
       325     20.37          4.98       49.78        0.00      0
       326     20.38          3.12       31.22        0.00      0
       327     20.39          3.12       31.22        0.00      0
       328     20.40          3.12       31.22        0.00      0
       329     20.48          3.12       31.22        0.00      0
       330     20.54          4.98       49.78        0.00      0
       331     20.59          4.98       49.78        0.00      0
       332     20.71          3.12       31.22        0.00      0
       333     20.76          5.93       59.30        0.00      0
       334     20.88          3.12       31.22        0.00      0
       335     20.92          3.12       31.22        0.00      0
       336     20.94          3.12       31.22        0.00      0
       337     21.07          3.12       31.22        0.00      0
       338     21.21          3.12       31.22        0.00      0
       339     21.26          3.12       31.22        0.00      0
       340     21.35          5.93       59.30        0.00      0
       341     21.39          4.98       49.78        0.00      0
       342     21.42          4.98       49.78        0.00      0
       343     21.46          4.98       49.78        0.00      0
       344     21.58          5.93       59.30        0.00      0
       345     21.71          3.12       31.22        0.00      0
       346     21.75          3.12       31.22        0.00      0
       347     21.76          4.98       49.78        0.00      0
       348     21.78          3.12       31.22        0.00      0
       349     21.80          4.98       49.78        0.00      0
       350     21.81          3.12       31.22        0.00      0
       351     21.85          4.98       49.78        0.00      0
       352     21.97          4.98       49.78        0.00      0
       353     22.01          3.12       31.22        0.00      0
       354     22.12          3.12       31.22        0.00      0
       355     22.14          4.98       49.78        0.00      0
       356     22.16          4.98       49.78        0.00      0
       357     22.18          3.12       31.22        0.00      0
       358     22.19          3.12       31.22        0.00      0
       359     22.22          4.98       49.78        0.00      0
       360     22.23          3.12       31.22        0.00      0
       361     22.35          3.12       31.22        0.00      0
       362     22.37          3.12       31.22        0.00      0
       363     22.39          3.12       31.22        0.00      0
       364     22.43          5.93       59.30        0.00      0
       365     22.52          3.12       31.22        0.00      0
       366     22.54          3.12       31.22        0.00      0
       367     22.66          5.93       59.30        0.00      0
       368     22.69          4.98       49.78        0.00      0
       369     22.84          3.12       31.22        0.00      0
       370     23.10          3.12       31.22        0.00      0
       371     23.22          4.98       49.78        0.00      0
       372     23.38          3.12       31.22        0.00      0
       373     23.40          3.12       31.22        0.00      0
       374     23.53          3.12       31.22        0.00      0
       375     23.61          3.12       31.22        0.00      0
       376     23.72          3.12       31.22        0.00      0
       377     23.74          3.12       31.22        0.00      0
       378     23.79          3.12       31.22        0.00      0
       379     23.91          3.12       31.22        0.00      0
       380     23.93          4.98       49.78        0.00      0
       381     23.94          4.98       49.78        0.00      0
       382     24.06          4.98       49.78        0.00      0
       383     24.10          4.98       49.78        0.00      0
       384     24.21          3.12       31.22        0.00      0
       385     24.24          3.12       31.22        0.00      0
       386     24.26          4.98       49.78        0.00      0
       387     24.28          3.12       31.22        0.00      0
       388     24.29          4.98       49.78        0.00      0
       389     24.31          3.12       31.22        0.00      0
       390     24.34          3.12       31.22        0.00      0
       391     24.36          3.12       31.22        0.00      0
       392     24.38          4.98       49.78        0.00      0
       393     24.40          3.12       31.22        0.00      0
       394     24.46          3.12       31.22        0.00      0
       395     24.53          3.12       31.22        0.00      0
       396     24.67          4.98       49.78        0.00      0
       397     24.72          4.98       49.78        0.00      0
       398     24.83          5.93       59.30        0.00      0
       399     24.86          3.12       31.22        0.00      0
       400     24.89          3.12       31.22        0.00      0
       401     25.10          3.12       31.22        0.00      0
       402     25.25          4.98       49.78        0.00      0
       403     25.28          4.98       49.78        0.00      0
       404     25.43          4.98       49.78        0.00      0
       405     25.46          3.12       31.22        0.00      0
       406     25.49          3.12       31.22        0.00      0
       407     25.60          3.12       31.22        0.00      0
       408     25.62          4.98       49.78        0.00      0
       409     25.74          4.98       49.78        0.00      0
       410     25.77          3.12       31.22        0.00      0
       411     25.79          4.98       49.78        0.00      0
       412     25.86          4.98       49.78        0.00      0
       413     25.91          3.12       31.22        0.00      0
       414     25.95          3.12       31.22        0.00      0
       415     26.06          3.12       31.22        0.00      0
       416     26.23          3.12       31.22        0.00      0
       417     26.26          4.98       49.78        0.00      0
       418     26.27          3.12       31.22        0.00      0
       419     26.35          4.98       49.78        0.00      0
       420     26.41          4.98       49.78        0.00      0
       421     26.44          5.93       59.30        0.00      0
       422     26.50          3.12       31.22        0.00      0
       423     26.58          4.98       49.78        0.00      0
       424     26.60          4.98       49.78        0.00      0
       425     26.72          4.98       49.78        0.00      0
       426     26.76          3.12       31.22        0.00      0
       427     26.87          3.12       31.22        0.00      0
       428     26.92          3.12       31.22        0.00      0
       429     27.06          3.12       31.22        0.00      0
       430     27.19          4.98       49.78        0.00      0
       431     27.28          3.12       31.22        0.00      0
       432     27.37          5.93       59.30        0.00      0
       433     27.54          3.12       31.22        0.00      0
       434     27.55          4.98       49.78        0.00      0
       435     27.57          3.12       31.22        0.00      0
       436     27.69          3.12       31.22        0.00      0
       437     27.83          3.12       31.22        0.00      0
       438     27.88          4.98       49.78        0.00      0
       439     27.96          3.12       31.22        0.00      0
       440     27.98          3.12       31.22        0.00      0
       441     28.10          3.12       31.22        0.00      0
       442     28.13          3.12       31.22        0.00      0
       443     28.16          4.98       49.78        0.00      0
       444     28.28          4.98       49.78        0.00      0
       445     28.30          3.12       31.22        0.00      0
       446     28.32          5.93       59.30        0.00      0
       447     28.44          4.98       49.78        0.00      0
       448     28.48          3.12       31.22        0.00      0
       449     28.61          4.98       49.78        0.00      0
       450     28.64          4.98       49.78        0.00      0
       451     28.67          3.12       31.22        0.00      0
       452     28.68          3.12       31.22        0.00      0
       453     28.82          4.98       49.78        0.00      0
       454     28.84          3.12       31.22        0.00      0
       455     28.86          3.12       31.22        0.00      0
       456     28.99          3.12       31.22        0.00      0
       457     29.01          3.12       31.22        0.00      0
       458     29.16          4.98       49.78        0.00      0
       459     29.23          3.12       31.22        0.00      0
       460     29.31          4.98       49.78        0.00      0
       461     29.34          3.12       31.22        0.00      0
       462     29.46          3.12       31.22        0.00      0
       463     29.48          3.12       31.22        0.00      0
       464     29.60          5.93       59.30        0.00      0
       465     29.62          3.12       31.22        0.00      0
       466     29.64          4.98       49.78        0.00      0
       467     29.75          3.12       31.22        0.00      0
       468     29.78          3.12       31.22        0.00      0
       469     29.79          3.12       31.22        0.00      0
       470     29.93          4.98       49.78        0.00      0
       471     29.98          4.98       49.78        0.00      0
       472     30.10          3.12       31.22        0.00      0
       473     30.14          3.12       31.22        0.00      0
       474     30.26          4.98       49.78        0.00      0
       475     30.30          3.12       31.22        0.00      0
       476     30.40          3.12       31.22        0.00      0
       477     30.45          3.12       31.22        0.00      0
       478     30.56          3.12       31.22        0.00      0
       479     30.58          3.12       31.22        0.00      0
       480     30.59          3.12       31.22        0.00      0
       481     30.64          3.12       31.22        0.00      0
       482     30.75          3.12       31.22        0.00      0
       483     30.79          3.12       31.22        0.00      0
       484     30.94          4.98       49.78        0.00      0
       485     30.96          4.98       49.78        0.00      0
       486     31.12          3.12       31.22        0.00      0
       487     31.14          4.98       49.78        0.00      0
       488     31.31          4.98       49.78        0.00      0
       489     31.44          3.12       31.22        0.00      0
       490     31.47          3.12       31.22        0.00      0
       491     31.60          3.12       31.22        0.00      0
       492     31.72          3.12       31.22        0.00      0
       493     31.78          4.98       49.78        0.00      0
       494     31.85          3.12       31.22        0.00      0
       495     31.94          4.98       49.78        0.00      0
       496     32.06          4.98       49.78        0.00      0
       497     32.11          3.12       31.22        0.00      0
       498     32.22          3.12       31.22        0.00      0
       499     32.25          3.12       31.22        0.00      0
       500     32.26          3.12       31.22        0.00      0
       501     32.28          3.12       31.22        0.00      0
       502     32.41          3.12       31.22        0.00      0
       503     32.43          5.93       59.30        0.00      0
       504     32.46          4.98       49.78        0.00      0
       505     32.58          4.98       49.78        0.00      0
       506     32.74          3.12       31.22        0.00      0
       507     32.75          4.98       49.78        0.00      0
       508     32.89          3.12       31.22        0.00      0
       509     33.03          4.98       49.78        0.00      0
       510     33.07          3.12       31.22        0.00      0
       511     33.09          3.12       31.22        0.00      0
       512     33.21          3.12       31.22        0.00      0
       513     33.26          3.12       31.22        0.00      0
       514     33.38          3.12       31.22        0.00      0
       515     33.40          3.12       31.22        0.00      0
       516     33.41          3.12       31.22        0.00      0
       517     33.42          3.12       31.22        0.00      0
       518     33.50          4.98       49.78        0.00      0
       519     33.57          3.12       31.22        0.00      0
       520     33.59          4.98       49.78        0.00      0
       521     33.62          4.98       49.78        0.00      0
       522     33.75          4.98       49.78        0.00      0
       523     33.78          3.12       31.22        0.00      0
       524     33.91          3.12       31.22        0.00      0
       525     33.93          3.12       31.22        0.00      0
       526     34.07          4.98       49.78        0.00      0
       527     34.09          3.12       31.22        0.00      0
       528     34.11          3.12       31.22        0.00      0
       529     34.34          3.12       31.22        0.00      0
       530     34.36          4.98       49.78        0.00      0
       531     34.41          4.98       49.78        0.00      0
       532     34.48          3.12       31.22        0.00      0
       533     34.50          4.98       49.78        0.00      0
       534     34.52          3.12       31.22        0.00      0
       535     34.54          4.98       49.78        0.00      0
       536     34.65          4.98       49.78        0.00      0
       537     34.67         17.15       60.03       11.15      0
       538     34.69          3.12       31.22        0.00      0
       539     34.71          5.93       59.30        0.00      0
       540     34.82          3.12       31.22        0.00      0
       541     34.84          3.12       31.22        0.00      0
       542     34.86          3.12       31.22        0.00      0
       543     34.99          4.98       49.78        0.00      0
       544     35.03          3.12       31.22        0.00      0
       545     35.16          3.12       31.22        0.00      0
       546     35.20          3.12       31.22        0.00      0
       547     35.36          3.12       31.22        0.00      0
       548     35.39          4.98       49.78        0.00      0
       549     35.50          4.98       49.78        0.00      0
       550     35.54          3.12       31.22        0.00      0
       551     35.65          3.12       31.22        0.00      0
       552     35.69          3.12       31.22        0.00      0
       553     35.73          3.12       31.22        0.00      0
       554     35.84          3.12       31.22        0.00      0
       555     35.85          5.93       59.30        0.00      0
       556     35.88          3.12       31.22        0.00      0
       557     35.92          3.12       31.22        0.00      0
       558     36.04          3.12       31.22        0.00      0
       559     36.06          5.93       59.30        0.00      0
       560     36.19          3.12       31.22        0.00      0
       561     36.35          4.98       49.78        0.00      0
       562     36.38          3.12       31.22        0.00      0
       563     36.39          3.12       31.22        0.00      0
       564     36.40          3.12       31.22        0.00      0
       565     36.53          4.98       49.78        0.00      0
       566     36.55          3.12       31.22        0.00      0
       567     36.57          5.93       59.30        0.00      0
       568     36.72          3.12       31.22        0.00      0
       569     36.75          4.98       49.78        0.00      0
       570     36.76          3.12       31.22        0.00      0
       571     36.88          3.12       31.22        0.00      0
       572     36.90          3.12       31.22        0.00      0
       573     37.05          3.12       31.22        0.00      0
       574     37.25          4.98       49.78        0.00      0
       575     37.41          4.98       49.78        0.00      0
       576     37.45          3.12       31.22        0.00      0
       577     37.56          3.12       31.22        0.00      0
       578     37.61          3.12       31.22        0.00      0
       579     37.69          3.12       31.22        0.00      0
       580     37.72          4.98       49.78        0.00      0
       581     37.74          3.12       31.22        0.00      0
       582     37.80          3.12       31.22        0.00      0
       583     37.87          4.98       49.78        0.00      0
       584     37.89          3.12       31.22        0.00      0
       585     37.91          3.12       31.22        0.00      0
       586     37.93          3.12       31.22        0.00      0
       587     38.08          3.12       31.22        0.00      0
       588     38.10          3.12       31.22        0.00      0
       589     38.11          4.98       49.78        0.00      0
       590     38.26          3.12       31.22        0.00      0
       591     38.27          4.98       49.78        0.00      0
       592     38.38          3.12       31.22        0.00      0
       593     38.46          3.12       31.22        0.00      0
       594     38.47          3.12       31.22        0.00      0
       595     38.57          4.98       49.78        0.00      0
       596     38.63          4.98       49.78        0.00      0
       597     38.65          4.98       49.78        0.00      0
       598     38.70          3.12       31.22        0.00      0
       599     38.77          3.12       31.22        0.00      0
       600     38.81          4.98       49.78        0.00      0
       601     38.87          3.12       31.22        0.00      0
       602     38.97          3.12       31.22        0.00      0
       603     38.98          4.98       49.78        0.00      0
       604     39.01          3.12       31.22        0.00      0
       605     39.13          3.12       31.22        0.00      0
       606     39.15          5.93       59.30        0.00      0
       607     39.22          5.93       59.30        0.00      0
       608     39.31          3.12       31.22        0.00      0
       609     39.40          3.12       31.22        0.00      0
       610     39.48          4.98       49.78        0.00      0
       611     39.62          4.98       49.78        0.00      0
       612     39.63          3.12       31.22        0.00      0
       613     39.65          3.12       31.22        0.00      0
       614     39.73          5.93       59.30        0.00      0
       615     39.82          4.98       49.78        0.00      0
       616     39.95          4.98       49.78        0.00      0
       617     39.97          3.12       31.22        0.00      0
       618     40.09          3.12       31.22        0.00      0
       619     40.12          3.12       31.22        0.00      0
       620     40.19          3.12       31.22        0.00      0
       621     40.27          4.98       49.78        0.00      0
       622     40.40          3.12       31.22        0.00      0
       623     40.43          4.98       49.78        0.00      0
       624     40.56          4.98       49.78        0.00      0
       625     40.58          4.98       49.78        0.00      0
       626     40.65          3.12       31.22        0.00      0
       627     40.73          5.93       59.30        0.00      0
       628     40.75          3.12       31.22        0.00      0
       629     40.77          3.12       31.22        0.00      0
       630     40.83          4.98       49.78        0.00      0
       631     40.94          4.98       49.78        0.00      0
       632     40.95          3.12       31.22        0.00      0
       633     41.05          3.12       31.22        0.00      0
       634     41.09          3.12       31.22        0.00      0
       635     41.12          4.98       49.78        0.00      0
       636     41.18          4.98       49.78        0.00      0
       637     41.27          3.12       31.22        0.00      0
       638     41.29          4.98       49.78        0.00      0
       639     41.31          4.98       49.78        0.00      0
       640     41.42          3.12       31.22        0.00      0
       641     41.46          4.98       49.78        0.00      0
       642     41.49          3.12       31.22        0.00      0
       643     41.57          5.93       59.30        0.00      0
       644     41.63          4.98       49.78        0.00      0
       645     41.65          4.98       49.78        0.00      0
       646     41.72          4.98       49.78        0.00      0
       647     41.80          3.12       31.22        0.00      0
       648     41.85          3.12       31.22        0.00      0
       649     41.94          5.93       59.30        0.00      0
       650     41.97          4.98       49.78        0.00      0
       651     42.09          3.12       31.22        0.00      0
       652     42.24          5.93       59.30        0.00      0
       653     42.30          3.12       31.22        0.00      0
       654     42.38          4.98       49.78        0.00      0
       655     42.42          3.12       31.22        0.00      0
       656     42.44          3.12       31.22        0.00      0
       657     42.45          4.98       49.78        0.00      0
       658     42.57          3.12       31.22        0.00      0
       659     42.60          4.98       49.78        0.00      0
       660     42.63          3.12       31.22        0.00      0
       661     42.75          4.98       49.78        0.00      0
       662     42.92          4.98       49.78        0.00      0
       663     43.05          4.98       49.78        0.00      0
       664     43.23          4.98       49.78        0.00      0
       665     43.48          3.12       31.22        0.00      0
       666     43.56          3.12       31.22        0.00      0
       667     43.62          4.98       49.78        0.00      0
       668     43.64          3.12       31.22        0.00      0
       669     43.69          3.12       31.22        0.00      0
       670     43.76          3.12       31.22        0.00      0
       671     43.78          3.12       31.22        0.00      0
       672     43.80          5.93       59.30        0.00      0
       673     43.91          3.12       31.22        0.00      0
       674     43.95          5.93       59.30        0.00      0
       675     44.00          3.12       31.22        0.00      0
       676     44.14          4.98       49.78        0.00      0
       677     44.15          4.98       49.78        0.00      0
       678     44.38          3.12       31.22        0.00      0
       679     44.50          4.98       49.78        0.00      0
       680     44.63          3.12       31.22        0.00      0
       681     44.70          3.12       31.22        0.00      0
       682     44.78          3.12       31.22        0.00      0
       683     44.80          4.98       49.78        0.00      0
       684     44.96          3.12       31.22        0.00      0
       685     44.98          3.12       31.22        0.00      0
       686     45.07          4.98       49.78        0.00      0
       687     45.12          3.12       31.22        0.00      0
       688     45.15          4.98       49.78        0.00      0
       689     45.27          3.12       31.22        0.00      0
       690     45.33          3.12       31.22        0.00      0
       691     45.37          4.98       49.78        0.00      0
       692     45.61          4.98       49.78        0.00      0
       693     45.64          3.12       31.22        0.00      0
       694     45.65          3.12       31.22        0.00      0
       695     45.78          4.98       49.78        0.00      0
       696     45.80          4.98       49.78        0.00      0
       697     45.93          3.12       31.22        0.00      0
       698     45.95          3.12       31.22        0.00      0
       699     46.05          3.12       31.22        0.00      0
       700     46.07          3.12       31.22        0.00      0
       701     46.09          3.12       31.22        0.00      0
       702     46.19          3.12       31.22        0.00      0
       703     46.22          4.98       49.78        0.00      0
       704     46.25          3.12       31.22        0.00      0
       705     46.39          3.12       31.22        0.00      0
       706     46.42          3.12       31.22        0.00      0
       707     46.55          3.12       31.22        0.00      0
       708     46.61          4.98       49.78        0.00      0
       709     46.73          3.12       31.22        0.00      0
       710     46.75          3.12       31.22        0.00      0
       711     46.77          5.93       59.30        0.00      0
       712     46.79          4.98       49.78        0.00      0
       713     46.81          4.98       49.78        0.00      0
       714     46.94          4.98       49.78        0.00      0
       715     46.96          4.98       49.78        0.00      0
       716     47.08          3.12       31.22        0.00      0
       717     47.13          3.12       31.22        0.00      0
       718     47.17          5.93       59.30        0.00      0
       719     47.26          4.98       49.78        0.00      0
       720     47.28          3.12       31.22        0.00      0
       721     47.30          3.12       31.22        0.00      0
       722     47.33          3.12       31.22        0.00      0
       723     47.45          3.12       31.22        0.00      0
       724     47.47          4.98       49.78        0.00      0
       725     47.50          3.12       31.22        0.00      0
       726     47.61          4.98       49.78        0.00      0
       727     47.65          4.98       49.78        0.00      0
       728     47.67          3.12       31.22        0.00      0
       729     47.76          4.98       49.78        0.00      0
       730     47.83          4.98       49.78        0.00      0
       731     47.85          3.12       31.22        0.00      0
       732     47.90          3.12       31.22        0.00      0
       733     47.99          3.12       31.22        0.00      0
       734     48.01          3.12       31.22        0.00      0
       735     48.10          3.12       31.22        0.00      0
       736     48.18          3.12       31.22        0.00      0
       737     48.20          3.12       31.22        0.00      0
       738     48.44          4.98       49.78        0.00      0
       739     48.53          3.12       31.22        0.00      0
       740     48.55          3.12       31.22        0.00      0
       741     48.69          3.12       31.22        0.00      0
       742     48.73          4.98       49.78        0.00      0
       743     48.90          4.98       49.78        0.00      0
       744     48.92          3.12       31.22        0.00      0
       745     49.04          3.12       31.22        0.00      0
       746     49.22          4.98       49.78        0.00      0
       747     49.35          4.98       49.78        0.00      0
       748     49.38          3.12       31.22        0.00      0
       749     49.52          4.98       49.78        0.00      0
       750     49.55          3.12       31.22        0.00      0
       751     49.57          3.12       31.22        0.00      0
       752     49.65          4.98       49.78        0.00      0
       753     49.70          4.98       49.78        0.00      0
       754     49.80          3.12       31.22        0.00      0
       755     49.86          5.93       59.30        0.00      0
       756     49.98          5.93       59.30        0.00      0
       757     50.02          4.98       49.78        0.00      0
       758     50.03          3.12       31.22        0.00      0
       759     50.08          3.12       31.22        0.00      0
       760     50.16          3.12       31.22        0.00      0
       761     50.18          4.98       49.78        0.00      0
       762     50.20          4.98       49.78        0.00      0
       763     50.24          4.98       49.78        0.00      0
       764     50.33          3.12       31.22        0.00      0
       765     50.35          3.12       31.22        0.00      0
       766     50.38          4.98       49.78        0.00      0
       767     50.49          3.12       31.22        0.00      0
       768     50.52          5.93       59.30        0.00      0
       769     50.57          3.12       31.22        0.00      0
       770     50.67          3.12       31.22        0.00      0
       771     50.69          3.12       31.22        0.00      0
       772     50.71          3.12       31.22        0.00      0
       773     50.79          3.12       31.22        0.00      0
       774     50.86          4.98       49.78        0.00      0
       775     50.88          3.12       31.22        0.00      0
       776     50.89          3.12       31.22        0.00      0
       777     50.95          3.12       31.22        0.00      0
       778     51.00          3.12       31.22        0.00      0
       779     51.02          4.98       49.78        0.00      0
       780     51.12          3.12       31.22        0.00      0
       781     51.14          3.12       31.22        0.00      0
       782     51.16          4.98       49.78        0.00      0
       783     51.25          4.98       49.78        0.00      0
       784     51.29          3.12       31.22        0.00      0
       785     51.31          3.12       31.22        0.00      0
       786     51.32          3.12       31.22        0.00      0
       787     51.39          3.12       31.22        0.00      0
       788     51.51          3.12       31.22        0.00      0
       789     51.52          3.12       31.22        0.00      0
       790     51.63          4.98       49.78        0.00      0
       791     51.66          4.98       49.78        0.00      0
       792     51.68          3.12       31.22        0.00      0
       793     51.79          4.98       49.78        0.00      0
       794     51.95          4.98       49.78        0.00      0
       795     51.97          4.98       49.78        0.00      0
       796     52.01          4.98       49.78        0.00      0
       797     52.08          4.98       49.78        0.00      0
       798     52.09          3.12       31.22        0.00      0
       799     52.23          3.12       31.22        0.00      0
       800     52.26          3.12       31.22        0.00      0
       801     52.28          4.98       49.78        0.00      0
       802     52.30          3.12       31.22        0.00      0
       803     52.38          4.98       49.78        0.00      0
       804     52.43          4.98       49.78        0.00      0
       805     52.45          4.98       49.78        0.00      0
       806     52.48          4.98       49.78        0.00      0
       807     52.54          3.12       31.22        0.00      0
       808     52.61          3.12       31.22        0.00      0
       809     52.64          3.12       31.22        0.00      0
       810     52.76          3.12       31.22        0.00      0
       811     52.79          3.12       31.22        0.00      0
       812     52.81          3.12       31.22        0.00      0
       813     52.95          3.12       31.22        0.00      0
       814     52.96          5.93       59.30        0.00      0
       815     52.98          4.98       49.78        0.00      0
       816     53.00          3.12       31.22        0.00      0
       817     53.13          3.12       31.22        0.00      0
       818     53.17          3.12       31.22        0.00      0
       819     53.22          5.93       59.30        0.00      0
       820     53.30          3.12       31.22        0.00      0
       821     53.34          4.98       49.78        0.00      0
       822     53.36          3.12       31.22        0.00      0
       823     53.41          3.12       31.22        0.00      0
       824     53.49          3.12       31.22        0.00      0
       825     53.51          3.12       31.22        0.00      0
       826     53.52          5.93       59.30        0.00      0
       827     53.55          4.98       49.78        0.00      0
       828     53.67          5.93       59.30        0.00      0
       829     53.78          5.93       59.30        0.00      0
       830     53.82          3.12       31.22        0.00      0
       831     53.84          3.12       31.22        0.00      0
       832     53.86          4.98       49.78        0.00      0
       833     53.94          4.98       49.78        0.00      0
       834     53.99          5.93       59.30        0.00      0
       835     54.01          5.93       59.30        0.00      0
       836     54.13          3.12       31.22        0.00      0
       837     54.17          3.12       31.22        0.00      0
       838     54.18          3.12       31.22        0.00      0
       839     54.32          4.98       49.78        0.00      0
       840     54.35          3.12       31.22        0.00      0
       841     54.36          4.98       49.78        0.00      0
       842     54.37          3.12       31.22        0.00      0
       843     54.51          3.12       31.22        0.00      0
       844     54.54          3.12       31.22        0.00      0
       845     54.69          3.12       31.22        0.00      0
       846     54.72          3.12       31.22        0.00      0
       847     54.87          3.12       31.22        0.00      0
       848     55.00          4.98       49.78        0.00      0
       849     55.12          3.12       31.22        0.00      0
       850     55.16          4.98       49.78        0.00      0
       851     55.33          5.93       59.30        0.00      0
       852     55.35          3.12       31.22        0.00      0
       853     55.49          3.12       31.22        0.00      0
       854     55.51          3.12       31.22        0.00      0
       855     55.53          3.12       31.22        0.00      0
       856     55.67          3.12       31.22        0.00      0
       857     55.69          3.12       31.22        0.00      0
       858     55.75          4.98       49.78        0.00      0
       859     55.84          3.12       31.22        0.00      0
       860     55.86          3.12       31.22        0.00      0
       861     55.92          3.12       31.22        0.00      0
       862     56.00          3.12       31.22        0.00      0
       863     56.01          4.98       49.78        0.00      0
       864     56.03          3.12       31.22        0.00      0
       865     56.15          3.12       31.22        0.00      0
       866     56.18          3.12       31.22        0.00      0
       867     56.20          4.98       49.78        0.00      0
       868     56.22          5.93       59.30        0.00      0
       869     56.32          3.12       31.22        0.00      0
       870     56.34          3.12       31.22        0.00      0
       871     56.36          4.98       49.78        0.00      0
       872     56.40          3.12       31.22        0.00      0
       873     56.50          3.12       31.22        0.00      0
       874     56.52          3.12       31.22        0.00      0
       875     56.54          4.98       49.78        0.00      0
       876     56.55          3.12       31.22        0.00      0
       877     56.65          3.12       31.22        0.00      0
       878     56.69          4.98       49.78        0.00      0
       879     56.76          5.93       59.30        0.00      0
       880     56.84          3.12       31.22        0.00      0
       881     56.85          3.12       31.22        0.00      0
       882     56.87          3.12       31.22        0.00      0
       883     57.01          3.12       31.22        0.00      0
       884     57.13          3.12       31.22        0.00      0
       885     57.27          3.12       31.22        0.00      0
       886     57.40          3.12       31.22        0.00      0
       887     57.41          4.98       49.78        0.00      0
       888     57.45          4.98       49.78        0.00      0
       889     57.55          3.12       31.22        0.00      0
       890     57.57          3.12       31.22        0.00      0
       891     57.67          3.12       31.22        0.00      0
       892     57.69          5.93       59.30        0.00      0
       893     57.71          4.98       49.78        0.00      0
       894     57.77          4.98       49.78        0.00      0
       895     57.83          3.12       31.22        0.00      0
       896     57.84          3.12       31.22        0.00      0
       897     57.86          3.12       31.22        0.00      0
       898     57.97          3.12       31.22        0.00      0
       899     58.00          4.98       49.78        0.00      0
       900     58.02          4.98       49.78        0.00      0
       901     58.14          4.98       49.78        0.00      0
       902     58.18          4.98       49.78        0.00      0
       903     58.20          4.98       49.78        0.00      0
       904     58.36          4.98       49.78        0.00      0
       905     58.45          3.12       31.22        0.00      0
       906     58.53          3.12       31.22        0.00      0
       907     58.66          5.93       59.30        0.00      0
       908     58.74          4.98       49.78        0.00      0
       909     58.80          4.98       49.78        0.00      0
       910     58.92          3.12       31.22        0.00      0
       911     58.94          3.12       31.22        0.00      0
       912     59.08          4.98       49.78        0.00      0
       913     59.12          4.98       49.78        0.00      0
       914     59.22          4.98       49.78        0.00      0
       915     59.37          3.12       31.22        0.00      0
       916     59.43          3.12       31.22        0.00      0
       917     59.49          4.98       49.78        0.00      0
       918     59.51          4.98       49.78        0.00      0
       919     59.61          3.12       31.22        0.00      0
       920     59.63          3.12       31.22        0.00      0
       921     59.78          3.12       31.22        0.00      0
  ------------------------------------------------------------
