========================================================================
  Topology-Aware Heuristic — run summary
========================================================================
  Instance aircraft : 10
  Positions         : ['P1', 'P2', 'P3', 'P4', 'P5']
  Blocking load     : P1=0  P2=0  P3=2  P4=1  P5=0

  Parameters:
    time_limit_s: 60
    min_separation: 10.0
    weight_makespan: 0.1
    weight_delay: 1.0
    weight_movements: 10
    weight_topology: 0.0
    alpha: 0.3
    seed: None
    log_enabled: True
    MIPGap: 0.0
    NoRelHeurTime: 0

========================================================================
  Iterations: 1570
  Best objective: 14.2490
  Makespan: 73.3700   Delay: 6.9120   Movements: 0
========================================================================

  Improvement log:
  iter=1  t=0.00s  obj=19.63  makespan=74.75  delay=12.15  mov=0  *
  iter=136  t=4.44s  obj=18.37  makespan=73.87  delay=10.98  mov=0  *
  iter=143  t=4.64s  obj=17.44  makespan=67.02  delay=10.74  mov=0  *
  iter=1182  t=45.18s  obj=17.10  makespan=72.72  delay=9.83  mov=0  *
  iter=1215  t=46.14s  obj=14.25  makespan=73.37  delay=6.91  mov=0  *

========================================================================
  Best solution — aircraft assignments:
  ID      Pos    load   duration     start    finish    delay
  --------------------------------------------------------
  R3      P3        2      16.05      0.00     16.05     0.00
  R2      P5        0      25.44      0.00     25.44     0.00
  R1      P4        1      21.52      0.00     21.52     0.00
  R8      P1        0       7.74     13.02     20.75     0.00
  R10     P2        0       9.26     18.84     28.10     0.00
  R4      P3        2      20.17     26.05     46.22     0.00
  R7      P1        0      21.55     30.75     52.30     0.00
  R5      P2        0      20.40     38.10     58.50     0.00
  R9      P5        0      27.15     46.22     73.37     2.78
  R6      P4        1      20.80     46.22     67.02     4.13
========================================================================
