\BOOKMARK [1][-]{section.1}{\376\377\000P\000r\000o\000b\000l\000e\000m\000\040\000S\000t\000a\000t\000e\000m\000e\000n\000t}{}% 1
\BOOKMARK [2][-]{subsection.1.1}{\376\377\000C\000o\000n\000t\000e\000x\000t}{section.1}% 2
\BOOKMARK [2][-]{subsection.1.2}{\376\377\000I\000n\000p\000u\000t\000\040\000D\000a\000t\000a}{section.1}% 3
\BOOKMARK [2][-]{subsection.1.3}{\376\377\000D\000e\000c\000i\000s\000i\000o\000n\000s}{section.1}% 4
\BOOKMARK [2][-]{subsection.1.4}{\376\377\000O\000b\000j\000e\000c\000t\000i\000v\000e\000\040\000F\000u\000n\000c\000t\000i\000o\000n}{section.1}% 5
\BOOKMARK [2][-]{subsection.1.5}{\376\377\000B\000l\000o\000c\000k\000i\000n\000g\000\040\000M\000o\000v\000e\000m\000e\000n\000t\000s}{section.1}% 6
\BOOKMARK [2][-]{subsection.1.6}{\376\377\000F\000e\000a\000s\000i\000b\000i\000l\000i\000t\000y}{section.1}% 7
\BOOKMARK [1][-]{section.2}{\376\377\000M\000I\000L\000P\000\040\000F\000o\000r\000m\000u\000l\000a\000t\000i\000o\000n}{}% 8
\BOOKMARK [2][-]{subsection.2.1}{\376\377\000S\000e\000t\000s}{section.2}% 9
\BOOKMARK [2][-]{subsection.2.2}{\376\377\000P\000a\000r\000a\000m\000e\000t\000e\000r\000s}{section.2}% 10
\BOOKMARK [2][-]{subsection.2.3}{\376\377\000D\000e\000c\000i\000s\000i\000o\000n\000\040\000V\000a\000r\000i\000a\000b\000l\000e\000s}{section.2}% 11
\BOOKMARK [2][-]{subsection.2.4}{\376\377\000O\000b\000j\000e\000c\000t\000i\000v\000e}{section.2}% 12
\BOOKMARK [2][-]{subsection.2.5}{\376\377\000C\000o\000n\000s\000t\000r\000a\000i\000n\000t\000s}{section.2}% 13
\BOOKMARK [2][-]{subsection.2.6}{\376\377\000M\000o\000d\000e\000l\000\040\000S\000i\000z\000e}{section.2}% 14
\BOOKMARK [2][-]{subsection.2.7}{\376\377\000S\000o\000l\000v\000e\000r\000\040\000C\000o\000n\000f\000i\000g\000u\000r\000a\000t\000i\000o\000n}{section.2}% 15
\BOOKMARK [1][-]{section.3}{\376\377\000C\000o\000n\000s\000t\000r\000u\000c\000t\000i\000v\000e\000\040\000H\000e\000u\000r\000i\000s\000t\000i\000c}{}% 16
\BOOKMARK [2][-]{subsection.3.1}{\376\377\000O\000v\000e\000r\000v\000i\000e\000w}{section.3}% 17
\BOOKMARK [2][-]{subsection.3.2}{\376\377\000A\000l\000g\000o\000r\000i\000t\000h\000m}{section.3}% 18
\BOOKMARK [2][-]{subsection.3.3}{\376\377\000C\000o\000n\000s\000t\000r\000u\000c\000t\000i\000o\000n\000\040\000S\000c\000o\000r\000i\000n\000g}{section.3}% 19
\BOOKMARK [2][-]{subsection.3.4}{\376\377\000L\000o\000c\000a\000l\000\040\000S\000e\000a\000r\000c\000h}{section.3}% 20
\BOOKMARK [2][-]{subsection.3.5}{\376\377\000I\000L\000S\000\040\000P\000e\000r\000t\000u\000r\000b\000a\000t\000i\000o\000n}{section.3}% 21
\BOOKMARK [2][-]{subsection.3.6}{\376\377\000P\000a\000r\000a\000m\000e\000t\000e\000r\000s}{section.3}% 22
\BOOKMARK [2][-]{subsection.3.7}{\376\377\000C\000o\000m\000p\000l\000e\000x\000i\000t\000y}{section.3}% 23
\BOOKMARK [1][-]{section.4}{\376\377\000L\000a\000r\000g\000e\000\040\000N\000e\000i\000g\000h\000b\000o\000u\000r\000h\000o\000o\000d\000\040\000S\000e\000a\000r\000c\000h\000\040\000\050\000L\000N\000S\000\051}{}% 24
\BOOKMARK [2][-]{subsection.4.1}{\376\377\000O\000v\000e\000r\000v\000i\000e\000w}{section.4}% 25
\BOOKMARK [2][-]{subsection.4.2}{\376\377\000A\000l\000g\000o\000r\000i\000t\000h\000m}{section.4}% 26
\BOOKMARK [2][-]{subsection.4.3}{\376\377\000I\000n\000i\000t\000i\000a\000l\000i\000s\000a\000t\000i\000o\000n}{section.4}% 27
\BOOKMARK [2][-]{subsection.4.4}{\376\377\000D\000e\000s\000t\000r\000o\000y\000\040\000S\000t\000r\000a\000t\000e\000g\000i\000e\000s}{section.4}% 28
\BOOKMARK [3][-]{subsubsection.4.4.1}{\376\377\000A\000d\000a\000p\000t\000i\000v\000e\000\040\000L\000N\000S\000\040\000\050\000d\000e\000s\000t\000r\000o\000y\000\040\000=\000\040\000a\000l\000n\000s\000\051}{subsection.4.4}% 29
\BOOKMARK [3][-]{subsubsection.4.4.2}{\376\377\000S\000p\000a\000c\000e\000-\000T\000i\000m\000e\000\040\000C\000l\000u\000s\000t\000e\000r\000\040\000D\000e\000s\000t\000r\000o\000y\000\040\000\050\000c\000l\000u\000s\000t\000e\000r\000\051}{subsection.4.4}% 30
\BOOKMARK [2][-]{subsection.4.5}{\376\377\000R\000e\000p\000a\000i\000r\000\040\000O\000p\000e\000r\000a\000t\000o\000r\000s}{section.4}% 31
\BOOKMARK [3][-]{subsubsection.4.5.1}{\376\377\000E\000x\000h\000a\000u\000s\000t\000i\000v\000e\000\040\000R\000e\000p\000a\000i\000r\000\040\000\050\000k\000\040\000k\000e\000x\000a\000c\000t\000\051}{subsection.4.5}% 32
\BOOKMARK [3][-]{subsubsection.4.5.2}{\376\377\000G\000R\000A\000S\000P\000\040\000R\000e\000p\000a\000i\000r\000\040\000\050\000k\000\040\000>\000\040\000k\000e\000x\000a\000c\000t\000,\000\040\000r\000e\000p\000a\000i\000r\000\040\000=\000\040\000g\000r\000a\000s\000p\000\051}{subsection.4.5}% 33
\BOOKMARK [3][-]{subsubsection.4.5.3}{\376\377\000S\000u\000b\000-\000M\000I\000L\000P\000\040\000R\000e\000p\000a\000i\000r\000\040\000\050\000k\000\040\000>\000\040\000k\000e\000x\000a\000c\000t\000,\000\040\000r\000e\000p\000a\000i\000r\000\040\000=\000\040\000s\000u\000b\000m\000i\000l\000p\000\040\000/\000\040\000a\000u\000t\000o\000\051}{subsection.4.5}% 34
\BOOKMARK [2][-]{subsection.4.6}{\376\377\000S\000c\000h\000e\000d\000u\000l\000e\000\040\000R\000e\000b\000u\000i\000l\000d}{section.4}% 35
\BOOKMARK [2][-]{subsection.4.7}{\376\377\000L\000o\000c\000a\000l\000\040\000S\000e\000a\000r\000c\000h}{section.4}% 36
\BOOKMARK [2][-]{subsection.4.8}{\376\377\000P\000a\000r\000a\000m\000e\000t\000e\000r\000s}{section.4}% 37
\BOOKMARK [2][-]{subsection.4.9}{\376\377\000C\000o\000m\000p\000l\000e\000x\000i\000t\000y\000\040\000a\000n\000d\000\040\000I\000t\000e\000r\000a\000t\000i\000o\000n\000\040\000T\000h\000r\000o\000u\000g\000h\000p\000u\000t}{section.4}% 38
\BOOKMARK [1][-]{section.5}{\376\377\000T\000o\000p\000o\000l\000o\000g\000y\000-\000A\000w\000a\000r\000e\000\040\000H\000e\000u\000r\000i\000s\000t\000i\000c}{}% 39
\BOOKMARK [2][-]{subsection.5.1}{\376\377\000M\000o\000t\000i\000v\000a\000t\000i\000o\000n}{section.5}% 40
\BOOKMARK [2][-]{subsection.5.2}{\376\377\000T\000o\000p\000o\000l\000o\000g\000i\000c\000a\000l\000\040\000P\000r\000e\000-\000c\000o\000m\000p\000u\000t\000a\000t\000i\000o\000n}{section.5}% 41
\BOOKMARK [2][-]{subsection.5.3}{\376\377\000A\000l\000g\000o\000r\000i\000t\000h\000m}{section.5}% 42
\BOOKMARK [2][-]{subsection.5.4}{\376\377\000T\000o\000p\000o\000l\000o\000g\000y\000\040\000P\000e\000n\000a\000l\000t\000y}{section.5}% 43
\BOOKMARK [2][-]{subsection.5.5}{\376\377\000A\000d\000a\000p\000t\000i\000v\000e\000\040\000G\000R\000A\000S\000P\000\040\000A\000l\000p\000h\000a}{section.5}% 44
\BOOKMARK [2][-]{subsection.5.6}{\376\377\000C\000o\000n\000s\000t\000r\000u\000c\000t\000i\000o\000n\000\040\000O\000r\000d\000e\000r\000\040\000a\000n\000d\000\040\000N\000o\000i\000s\000e\000\040\000I\000n\000j\000e\000c\000t\000i\000o\000n}{section.5}% 45
\BOOKMARK [2][-]{subsection.5.7}{\376\377\000L\000N\000S\000\040\000P\000e\000r\000t\000u\000r\000b\000a\000t\000i\000o\000n\000\040\000K\000i\000c\000k\000s}{section.5}% 46
\BOOKMARK [2][-]{subsection.5.8}{\376\377\000B\000o\000u\000n\000d\000e\000d\000\040\000L\000o\000c\000a\000l\000\040\000S\000e\000a\000r\000c\000h}{section.5}% 47
\BOOKMARK [2][-]{subsection.5.9}{\376\377\000P\000a\000r\000a\000m\000e\000t\000e\000r\000s}{section.5}% 48
\BOOKMARK [2][-]{subsection.5.10}{\376\377\000A\000s\000s\000i\000g\000n\000m\000e\000n\000t\000\040\000G\000e\000n\000e\000r\000a\000t\000o\000r\000\040\000\050\000g\000e\000n\000e\000r\000a\000t\000e\000\137\000a\000s\000s\000i\000g\000n\000m\000e\000n\000t\000s\000\051}{section.5}% 49
\BOOKMARK [2][-]{subsection.5.11}{\376\377\000R\000e\000l\000a\000t\000i\000o\000n\000s\000h\000i\000p\000\040\000t\000o\000\040\000O\000t\000h\000e\000r\000\040\000M\000e\000t\000h\000o\000d\000s\000\040\000a\000n\000d\000\040\000A\000b\000l\000a\000t\000i\000o\000n\000\040\000V\000a\000r\000i\000a\000n\000t\000s}{section.5}% 50
\BOOKMARK [1][-]{section.6}{\376\377\000F\000i\000x\000e\000d\000-\000A\000s\000s\000i\000g\000n\000m\000e\000n\000t\000\040\000S\000c\000h\000e\000d\000u\000l\000e\000r}{}% 51
\BOOKMARK [2][-]{subsection.6.1}{\376\377\000M\000o\000t\000i\000v\000a\000t\000i\000o\000n}{section.6}% 52
\BOOKMARK [2][-]{subsection.6.2}{\376\377\000M\000o\000d\000e\000l}{section.6}% 53
\BOOKMARK [2][-]{subsection.6.3}{\376\377\000I\000m\000p\000l\000e\000m\000e\000n\000t\000a\000t\000i\000o\000n}{section.6}% 54
\BOOKMARK [2][-]{subsection.6.4}{\376\377\000P\000a\000r\000a\000m\000e\000t\000e\000r\000s}{section.6}% 55
\BOOKMARK [2][-]{subsection.6.5}{\376\377\000M\000o\000v\000e\000m\000e\000n\000t\000\040\000C\000o\000u\000n\000t\000i\000n\000g\000\040\000D\000i\000f\000f\000e\000r\000e\000n\000c\000e\000\040\000v\000s\000\040\000T\000o\000p\000o\000l\000o\000g\000y\000\040\000H\000e\000u\000r\000i\000s\000t\000i\000c}{section.6}% 56
\BOOKMARK [2][-]{subsection.6.6}{\376\377\000M\000o\000d\000e\000l\000\040\000S\000i\000z\000e\000\040\000a\000n\000d\000\040\000B\000u\000i\000l\000d\000\040\000T\000i\000m\000e}{section.6}% 57
\BOOKMARK [1][-]{section.7}{\376\377\000T\000G\000R\000-\000M\000I\000L\000P\000\040\000S\000o\000l\000v\000e\000r}{}% 58
\BOOKMARK [2][-]{subsection.7.1}{\376\377\000M\000o\000t\000i\000v\000a\000t\000i\000o\000n}{section.7}% 59
\BOOKMARK [2][-]{subsection.7.2}{\376\377\000A\000l\000g\000o\000r\000i\000t\000h\000m}{section.7}% 60
\BOOKMARK [2][-]{subsection.7.3}{\376\377\000I\000m\000p\000l\000e\000m\000e\000n\000t\000a\000t\000i\000o\000n}{section.7}% 61
\BOOKMARK [2][-]{subsection.7.4}{\376\377\000O\000b\000s\000e\000r\000v\000e\000d\000\040\000P\000e\000r\000f\000o\000r\000m\000a\000n\000c\000e}{section.7}% 62
\BOOKMARK [2][-]{subsection.7.5}{\376\377\000P\000a\000r\000a\000m\000e\000t\000e\000r\000s}{section.7}% 63
\BOOKMARK [1][-]{section.8}{\376\377\000E\000x\000p\000e\000r\000i\000m\000e\000n\000t\000\040\000S\000e\000r\000i\000e\000s\000\040\0000\0001\000:\000\040\000T\000o\000p\000o\000l\000o\000g\000y\000\040\000C\000a\000l\000i\000b\000r\000a\000t\000i\000o\000n\000\040\000a\000n\000d\000\040\000T\000G\000R\000-\000M\000I\000L\000P}{}% 64
\BOOKMARK [2][-]{subsection.8.1}{\376\377\000M\000o\000t\000i\000v\000a\000t\000i\000o\000n\000\040\000a\000n\000d\000\040\000R\000e\000s\000e\000a\000r\000c\000h\000\040\000Q\000u\000e\000s\000t\000i\000o\000n\000s}{section.8}% 65
\BOOKMARK [2][-]{subsection.8.2}{\376\377\000I\000m\000p\000l\000e\000m\000e\000n\000t\000a\000t\000i\000o\000n}{section.8}% 66
\BOOKMARK [2][-]{subsection.8.3}{\376\377\000R\000e\000s\000u\000l\000t\000s}{section.8}% 67
\BOOKMARK [3][-]{subsubsection.8.3.1}{\376\377\000E\000x\000p\000.\000\040\0000\0001\000-\000A\000\040\040\024\000\040\000T\000o\000p\000o\000l\000o\000g\000y\000\040\000C\000a\000l\000i\000b\000r\000a\000t\000i\000o\000n\000\040\000\050\000t\000w\000o\000-\000s\000p\000e\000e\000d\000\040\000L\000S\000\040\000+\000\040\000s\000i\000z\000e\000-\000a\000d\000a\000p\000t\000i\000v\000e\000\040\000s\000t\000a\000r\000t\000s\000\051}{subsection.8.3}% 68
\BOOKMARK [3][-]{subsubsection.8.3.2}{\376\377\000E\000x\000p\000.\000\040\0000\0001\000-\000B\000\040\040\024\000\040\000|\000C\000r\000|\000=\0001\000\040\000F\000i\000x\000-\000P\000o\000s\000i\000t\000i\000o\000n\000\040\000D\000i\000a\000g\000n\000o\000s\000t\000i\000c\000\040\000\050\000m\000i\000l\000p\000\137\000f\000i\000x\0001\000\051}{subsection.8.3}% 69
\BOOKMARK [2][-]{subsection.8.4}{\376\377\000A\000n\000a\000l\000y\000s\000i\000s}{section.8}% 70
\BOOKMARK [2][-]{subsection.8.5}{\376\377\000N\000e\000x\000t\000\040\000S\000t\000e\000p\000s}{section.8}% 71
\BOOKMARK [1][-]{section.9}{\376\377\000E\000x\000p\000e\000r\000i\000m\000e\000n\000t\000\040\000S\000e\000r\000i\000e\000s\000\040\0000\0002\000:\000\040\000T\000G\000R\000-\000M\000I\000L\000P\000\040\000P\000i\000p\000e\000l\000i\000n\000e}{}% 72
\BOOKMARK [2][-]{subsection.9.1}{\376\377\000M\000o\000t\000i\000v\000a\000t\000i\000o\000n}{section.9}% 73
\BOOKMARK [2][-]{subsection.9.2}{\376\377\000P\000h\000a\000s\000e\000\040\0000\000\040\040\024\000\040\000A\000u\000d\000i\000t\000\040\000o\000f\000\040\000m\000i\000l\000p\000\137\000f\000i\000x\0001\000\040\000R\000e\000s\000u\000l\000t\000s}{section.9}% 74
\BOOKMARK [2][-]{subsection.9.3}{\376\377\000I\000m\000p\000l\000e\000m\000e\000n\000t\000a\000t\000i\000o\000n}{section.9}% 75
\BOOKMARK [3][-]{subsubsection.9.3.1}{\376\377\000F\000i\000x\000e\000d\000A\000s\000s\000i\000g\000n\000m\000e\000n\000t\000S\000c\000h\000e\000d\000u\000l\000e\000r\000\040\000\050\000s\000o\000l\000v\000e\000r\000s\000/\000f\000i\000x\000e\000d\000\137\000a\000s\000s\000i\000g\000n\000m\000e\000n\000t\000\137\000s\000c\000h\000e\000d\000u\000l\000e\000r\000.\000p\000y\000\051}{subsection.9.3}% 76
\BOOKMARK [3][-]{subsubsection.9.3.2}{\376\377\000g\000e\000n\000e\000r\000a\000t\000e\000\137\000a\000s\000s\000i\000g\000n\000m\000e\000n\000t\000s\000\040\000i\000n\000\040\000T\000o\000p\000o\000l\000o\000g\000y\000H\000e\000u\000r\000i\000s\000t\000i\000c}{subsection.9.3}% 77
\BOOKMARK [3][-]{subsubsection.9.3.3}{\376\377\000T\000G\000R\000S\000o\000l\000v\000e\000r\000\040\000\050\000s\000o\000l\000v\000e\000r\000s\000/\000t\000g\000r\000\137\000s\000o\000l\000v\000e\000r\000.\000p\000y\000\051}{subsection.9.3}% 78
\BOOKMARK [2][-]{subsection.9.4}{\376\377\000R\000e\000s\000u\000l\000t\000s}{section.9}% 79
\BOOKMARK [3][-]{subsubsection.9.4.1}{\376\377\000T\000G\000R\000-\000M\000I\000L\000P\000\040\000v\000s\000\040\000b\000a\000s\000e\000l\000i\000n\000e\000s}{subsection.9.4}% 80
\BOOKMARK [2][-]{subsection.9.5}{\376\377\000A\000n\000a\000l\000y\000s\000i\000s}{section.9}% 81
\BOOKMARK [2][-]{subsection.9.6}{\376\377\000R\000o\000o\000t\000\040\000C\000a\000u\000s\000e\000\040\000a\000n\000d\000\040\000C\000o\000r\000r\000e\000c\000t\000i\000v\000e\000\040\000E\000x\000p\000e\000r\000i\000m\000e\000n\000t}{section.9}% 82
\BOOKMARK [2][-]{subsection.9.7}{\376\377\000N\000e\000x\000t\000\040\000S\000t\000e\000p\000s}{section.9}% 83
\BOOKMARK [1][-]{section.10}{\376\377\000E\000x\000p\000e\000r\000i\000m\000e\000n\000t\000\040\000S\000e\000r\000i\000e\000s\000\040\0000\0003\000:\000\040\000F\000A\000S\000\040\000o\000n\000\040\000T\000o\000p\000o\000l\000o\000g\000y\000\040\000A\000s\000s\000i\000g\000n\000m\000e\000n\000t}{}% 84
\BOOKMARK [2][-]{subsection.10.1}{\376\377\000M\000o\000t\000i\000v\000a\000t\000i\000o\000n}{section.10}% 85
\BOOKMARK [2][-]{subsection.10.2}{\376\377\000C\000o\000n\000f\000i\000g\000u\000r\000a\000t\000i\000o\000n}{section.10}% 86
\BOOKMARK [2][-]{subsection.10.3}{\376\377\000R\000e\000s\000u\000l\000t\000s}{section.10}% 87
\BOOKMARK [2][-]{subsection.10.4}{\376\377\000A\000n\000a\000l\000y\000s\000i\000s}{section.10}% 88
\BOOKMARK [2][-]{subsection.10.5}{\376\377\000N\000e\000x\000t\000\040\000S\000t\000e\000p\000s}{section.10}% 89
\BOOKMARK [1][-]{section.11}{\376\377\000E\000x\000p\000e\000r\000i\000m\000e\000n\000t\000\040\000S\000e\000r\000i\000e\000s\000\040\0000\0004\000:\000\040\000S\000t\000r\000i\000c\000t\000-\000\040\000B\000a\000s\000e\000l\000i\000n\000e\000s}{}% 90
\BOOKMARK [2][-]{subsection.11.1}{\376\377\000M\000o\000t\000i\000v\000a\000t\000i\000o\000n}{section.11}% 91
\BOOKMARK [2][-]{subsection.11.2}{\376\377\000C\000o\000n\000f\000i\000g\000u\000r\000a\000t\000i\000o\000n}{section.11}% 92
\BOOKMARK [2][-]{subsection.11.3}{\376\377\000R\000e\000s\000u\000l\000t\000s}{section.11}% 93
\BOOKMARK [2][-]{subsection.11.4}{\376\377\000A\000n\000a\000l\000y\000s\000i\000s}{section.11}% 94
\BOOKMARK [2][-]{subsection.11.5}{\376\377\000S\000u\000m\000m\000a\000r\000y\000\040\000o\000f\000\040\000C\000o\000r\000r\000e\000c\000t\000i\000o\000n\000s\000\040\000A\000p\000p\000l\000i\000e\000d\000\040\000\050\0002\0000\0002\0006\000-\0000\0005\000-\0001\0004\000\051}{section.11}% 95
\BOOKMARK [2][-]{subsection.11.6}{\376\377\000R\000o\000o\000t\000\040\000C\000a\000u\000s\000e\000\040\000o\000f\000\040\000f\000a\000s\000\137\000o\000n\000\137\000t\000o\000p\000o\000\040\000>\000\040\000t\000o\000p\000o\000l\000o\000g\000y\000\040\000o\000n\000\040\000R\000=\0002\0000}{section.11}% 96
\BOOKMARK [2][-]{subsection.11.7}{\376\377\000N\000e\000x\000t\000\040\000S\000t\000e\000p\000s}{section.11}% 97
\BOOKMARK [1][-]{section.12}{\376\377\000E\000x\000p\000e\000r\000i\000m\000e\000n\000t\000\040\000S\000e\000r\000i\000e\000s\000\040\0000\0005\000:\000\040\000S\000a\000f\000e\000\040\000P\000i\000p\000e\000l\000i\000n\000e\000\040\000a\000n\000d\000\040\000f\000a\000s\000\137\0002\000c\000a\000n\000d}{}% 98
\BOOKMARK [2][-]{subsection.12.1}{\376\377\000M\000o\000t\000i\000v\000a\000t\000i\000o\000n}{section.12}% 99
\BOOKMARK [2][-]{subsection.12.2}{\376\377\000C\000o\000n\000f\000i\000g\000u\000r\000a\000t\000i\000o\000n}{section.12}% 100
\BOOKMARK [2][-]{subsection.12.3}{\376\377\000R\000e\000s\000u\000l\000t\000s}{section.12}% 101
\BOOKMARK [2][-]{subsection.12.4}{\376\377\000A\000n\000a\000l\000y\000s\000i\000s}{section.12}% 102
\BOOKMARK [2][-]{subsection.12.5}{\376\377\000E\000x\000p\000e\000r\000i\000m\000e\000n\000t\000\040\000O\000r\000d\000e\000r\000i\000n\000g\000\040\000F\000i\000x}{section.12}% 103
\BOOKMARK [2][-]{subsection.12.6}{\376\377\000S\000u\000m\000m\000a\000r\000y}{section.12}% 104
\BOOKMARK [2][-]{subsection.12.7}{\376\377\000N\000e\000x\000t\000\040\000S\000t\000e\000p\000s}{section.12}% 105
\BOOKMARK [1][-]{section.13}{\376\377\000E\000x\000p\000e\000r\000i\000m\000e\000n\000t\000\040\000S\000e\000r\000i\000e\000s\000\040\0000\0006\000:\000\040\000F\000u\000l\000l\000\040\000C\000o\000m\000p\000a\000r\000a\000t\000i\000v\000e\000\040\000B\000e\000n\000c\000h\000m\000a\000r\000k}{}% 106
\BOOKMARK [2][-]{subsection.13.1}{\376\377\000M\000o\000t\000i\000v\000a\000t\000i\000o\000n}{section.13}% 107
\BOOKMARK [2][-]{subsection.13.2}{\376\377\000C\000o\000n\000f\000i\000g\000u\000r\000a\000t\000i\000o\000n}{section.13}% 108
\BOOKMARK [2][-]{subsection.13.3}{\376\377\000R\000e\000s\000u\000l\000t\000s\000\040\000b\000y\000\040\000I\000n\000s\000t\000a\000n\000c\000e\000\040\000F\000a\000m\000i\000l\000y}{section.13}% 109
\BOOKMARK [3][-]{subsubsection.13.3.1}{\376\377\000S\000m\000a\000l\000l\000\040\000i\000n\000s\000t\000a\000n\000c\000e\000s\000:\000\040\000s\000c\000n\000\137\000f\000e\000w\000-\000t\000i\000g\000h\000t\000\040\000\050\000R\000=\0002\000,\000\040\0001\0002\000\040\000s\000e\000e\000d\000s\000\051\000\040\000a\000n\000d\000\040\000s\000c\000n\000\137\000f\000e\000w\000-\000l\000o\000o\000s\000e\000\040\000\050\000R\000=\0003\000,\000\040\0001\0002\000\040\000s\000e\000e\000d\000s\000\051}{subsection.13.3}% 110
\BOOKMARK [3][-]{subsubsection.13.3.2}{\376\377\000s\000c\000n\000\137\000c\000u\000s\000t\000o\000m\000\040\000\050\000R\000=\0001\0000\040\023\0002\0000\000,\000\040\000s\000i\000x\000\040\000p\000a\000y\000l\000o\000a\000d\000\040\000l\000e\000v\000e\000l\000s\000\040\000p\000l\0001\0000\040\023\000p\000l\0002\0000\000\051}{subsection.13.3}% 111
\BOOKMARK [3][-]{subsubsection.13.3.3}{\376\377\000s\000c\000n\000\137\000h\000e\000a\000v\000y\000-\000t\000i\000g\000h\000t\000\040\000\050\000R\000=\0003\0000\000,\000\040\0008\000\040\000s\000e\000e\000d\000s\000\051}{subsection.13.3}% 112
\BOOKMARK [3][-]{subsubsection.13.3.4}{\376\377\000s\000c\000n\000\137\000m\000a\000n\000y\000-\000m\000e\000d\000i\000u\000m\000\040\000\050\000R\000=\0002\0000\000,\000\040\0001\0002\000\040\000s\000e\000e\000d\000s\000\051}{subsection.13.3}% 113
\BOOKMARK [2][-]{subsection.13.4}{\376\377\000A\000n\000a\000l\000y\000s\000i\000s}{section.13}% 114
\BOOKMARK [2][-]{subsection.13.5}{\376\377\000S\000u\000m\000m\000a\000r\000y\000\040\000T\000a\000b\000l\000e}{section.13}% 115
\BOOKMARK [2][-]{subsection.13.6}{\376\377\000N\000e\000x\000t\000\040\000S\000t\000e\000p\000s}{section.13}% 116
