==================================================================
  EXPERIMENT CONFIGURATIONS  (16 experiments)
==================================================================
  Shared parameters:
    time_limit_s=60               MIPGap=0.0

  Per-experiment parameters:
  Label               Solver                    weight_makespan  weight_delay  weight_movements  NoRelHeurTime  alpha  weight_topology  n_starts  seed
  ----------------------------------------------------------------------------------------------------------------------------------------------------
  milp_baseline       MILPSolver                0.1              1             10                0              —      —                —         —   
  topology_ms6        TopologyHeuristic         0.1              1             10                0              0.3    1                6         1   
  fas_on_topo         FixedAssignmentScheduler  0.1              1             10                0              —      —                —         —   
  safe_pipeline       FixedAssignmentScheduler  0.1              1             10                0              —      —                —         —   
  milp_baseline_heur  MILPSolver                0.1              1             10                30             —      —                —         —   
  topology_ms6_heur   TopologyHeuristic         0.1              1             10                30             0.3    1                6         1   
  fas_on_topo_heur    FixedAssignmentScheduler  0.1              1             10                30             —      —                —         —   
  safe_pipeline_heur  FixedAssignmentScheduler  0.1              1             10                30             —      —                —         —   
  milp_baseline_wB    MILPSolver                1                10            0.1               0              —      —                —         —   
  topology_ms6_wB     TopologyHeuristic         1                10            0.1               0              0.3    1                6         1   
  fas_on_topo_wB      FixedAssignmentScheduler  1                10            0.1               0              —      —                —         —   
  safe_pipeline_wB    FixedAssignmentScheduler  1                10            0.1               0              —      —                —         —   
  milp_baseline_wC    MILPSolver                10               0.1           1                 0              —      —                —         —   
  topology_ms6_wC     TopologyHeuristic         10               0.1           1                 0              0.3    1                6         1   
  fas_on_topo_wC      FixedAssignmentScheduler  10               0.1           1                 0              —      —                —         —   
  safe_pipeline_wC    FixedAssignmentScheduler  10               0.1           1                 0              —      —                —         —   
==================================================================



==================================================================
  SUMMARY  —  156 ok  /  4 failed  /  160 total
==================================================================
  Instance                      Experiment          Status             Obj   Makespan      Delay   Mov       Gap   Time(s)
  ------------------------------------------------------------------------------------------------------------------------
  scn_full_tight_P5_R10_seed1   milp_baseline       maxTimeLim      254.28      93.99     244.89     0    99.24%      73.3
  scn_full_tight_P5_R10_seed1   topology_ms6        topology (      128.55      45.84     123.97     0         -      60.0
  scn_full_tight_P5_R10_seed1   fas_on_topo         optimal         128.55      45.84     123.97     0     0.00%       0.2
  scn_full_tight_P5_R10_seed1   safe_pipeline       optimal         128.55      45.84     123.97     0         -       0.0
  scn_full_tight_P5_R10_seed1   milp_baseline_heur  maxTimeLim      293.54     110.16     282.52     0    99.34%      75.3
  scn_full_tight_P5_R10_seed1   topology_ms6_heur   topology (      128.55      45.84     123.97     0         -      60.0
  scn_full_tight_P5_R10_seed1   fas_on_topo_heur    optimal         128.55      45.84     123.97     0     0.00%       0.2
  scn_full_tight_P5_R10_seed1   safe_pipeline_heur  optimal         128.55      45.84     123.97     0         -       0.0
  scn_full_tight_P5_R10_seed1   milp_baseline_wB    maxTimeLim     1833.69      66.33     176.52    22    98.95%      82.2
  scn_full_tight_P5_R10_seed1   topology_ms6_wB     topology (     1156.22      42.42     111.18    20         -      60.0
  scn_full_tight_P5_R10_seed1   fas_on_topo_wB      optimal        1176.47      43.67     113.02    26     0.00%       0.2
  scn_full_tight_P5_R10_seed1   safe_pipeline_wB    topology (     1156.22      42.42     111.18    20         -       0.0
  scn_full_tight_P5_R10_seed1   milp_baseline_wC    maxTimeLim      714.73      67.50     257.11    14    72.95%      77.8
  scn_full_tight_P5_R10_seed1   topology_ms6_wC     topology (      436.40      41.01     123.39    14         -      60.0
  scn_full_tight_P5_R10_seed1   fas_on_topo_wC      optimal         430.29      41.01     122.26     8     0.00%       0.2
  scn_full_tight_P5_R10_seed1   safe_pipeline_wC    optimal         430.29      41.01     122.26     8         -       0.0
  scn_full_tight_P5_R10_seed10  milp_baseline       maxTimeLim      189.75      68.97     182.85     0    99.04%      87.3
  scn_full_tight_P5_R10_seed10  topology_ms6        topology (      130.93      45.72     126.36     0         -      60.0
  scn_full_tight_P5_R10_seed10  fas_on_topo         optimal         131.53      45.72     126.96     0     0.00%       0.3
  scn_full_tight_P5_R10_seed10  safe_pipeline       topology (      130.93      45.72     126.36     0         -       0.0
  scn_full_tight_P5_R10_seed10  topology_ms6_heur   topology (      130.93      45.72     126.36     0         -      60.0
  scn_full_tight_P5_R10_seed10  fas_on_topo_heur    optimal         131.53      45.72     126.96     0     0.00%       0.5
  scn_full_tight_P5_R10_seed10  safe_pipeline_heur  topology (      130.93      45.72     126.36     0         -       0.0
  scn_full_tight_P5_R10_seed10  milp_baseline_wB    maxTimeLim     1854.50      68.97     178.49     6    99.02%      84.7
  scn_full_tight_P5_R10_seed10  topology_ms6_wB     topology (     1171.51      43.67     112.56    22         -      60.3
  scn_full_tight_P5_R10_seed10  fas_on_topo_wB      optimal        1230.01      44.43     118.32    24     0.00%       0.2
  scn_full_tight_P5_R10_seed10  safe_pipeline_wB    topology (     1171.51      43.67     112.56    22         -       0.0
  scn_full_tight_P5_R10_seed10  milp_baseline_wC    maxTimeLim      718.68      68.97     249.83     4    74.62%      94.6
  scn_full_tight_P5_R10_seed10  topology_ms6_wC     topology (      436.82      40.67     120.68    18         -      60.0
  scn_full_tight_P5_R10_seed10  fas_on_topo_wC      optimal         446.62      41.67     119.33    18     0.00%       0.3
  scn_full_tight_P5_R10_seed10  safe_pipeline_wC    topology (      436.82      40.67     120.68    18         -       0.0
  scn_full_tight_P5_R10_seed2   milp_baseline       maxTimeLim      183.80      49.53     178.85     0    98.93%      76.4
  scn_full_tight_P5_R10_seed2   topology_ms6        topology (      131.85      46.98     127.15     0         -      60.0
  scn_full_tight_P5_R10_seed2   fas_on_topo         optimal         132.10      46.98     127.41     0     0.00%       0.3
  scn_full_tight_P5_R10_seed2   safe_pipeline       topology (      131.85      46.98     127.15     0         -       0.0
  scn_full_tight_P5_R10_seed2   milp_baseline_heur  maxTimeLim      212.55      72.09     205.34     0    99.08%      83.2
  scn_full_tight_P5_R10_seed2   topology_ms6_heur   topology (      131.85      46.98     127.15     0         -      60.0
  scn_full_tight_P5_R10_seed2   fas_on_topo_heur    optimal         132.10      46.98     127.41     0     0.00%       0.4
  scn_full_tight_P5_R10_seed2   safe_pipeline_heur  topology (      131.85      46.98     127.15     0         -       0.0
  scn_full_tight_P5_R10_seed2   milp_baseline_wB    maxTimeLim     1595.33      67.85     152.53    22    98.77%      76.2
  scn_full_tight_P5_R10_seed2   topology_ms6_wB     topology (     1188.99      44.21     114.26    22         -      60.2
  scn_full_tight_P5_R10_seed2   fas_on_topo_wB      optimal        1493.43      56.12     143.63    10     0.00%       2.1
  scn_full_tight_P5_R10_seed2   safe_pipeline_wB    topology (     1188.99      44.21     114.26    22         -       0.0
  scn_full_tight_P5_R10_seed2   milp_baseline_wC    maxTimeLim      481.09      46.12     138.62     6    59.21%      76.7
  scn_full_tight_P5_R10_seed2   topology_ms6_wC     topology (      439.65      40.73     123.91    20         -      60.5
  scn_full_tight_P5_R10_seed2   fas_on_topo_wC      optimal         465.30      43.52     121.27    18     0.00%      11.1
  scn_full_tight_P5_R10_seed2   safe_pipeline_wC    topology (      439.65      40.73     123.91    20         -       0.0
  scn_full_tight_P5_R10_seed3   milp_baseline       maxTimeLim      341.28     124.03     328.88     0    99.36%      78.5
  scn_full_tight_P5_R10_seed3   topology_ms6        topology (      143.69      51.09     138.58     0         -      60.0
  scn_full_tight_P5_R10_seed3   fas_on_topo         optimal         143.69      51.08     138.58     0     0.00%       0.8
  scn_full_tight_P5_R10_seed3   safe_pipeline       optimal         143.69      51.08     138.58     0         -       0.0
  scn_full_tight_P5_R10_seed3   topology_ms6_heur   topology (      143.69      51.09     138.58     0         -      60.0
  scn_full_tight_P5_R10_seed3   fas_on_topo_heur    optimal         143.69      51.08     138.58     0     0.00%       0.7
  scn_full_tight_P5_R10_seed3   safe_pipeline_heur  optimal         143.69      51.08     138.58     0         -       0.0
  scn_full_tight_P5_R10_seed3   milp_baseline_wB    maxTimeLim     2210.10     101.90     210.70    12    99.01%      78.6
  scn_full_tight_P5_R10_seed3   topology_ms6_wB     topology (     1159.51      45.06     111.22    22         -      60.0
  scn_full_tight_P5_R10_seed3   fas_on_topo_wB      optimal        1190.82      46.08     114.23    24     0.00%       0.3
  scn_full_tight_P5_R10_seed3   safe_pipeline_wB    topology (     1159.51      45.06     111.22    22         -       0.0
  scn_full_tight_P5_R10_seed3   milp_baseline_wC    maxTimeLim      840.74      81.98     208.96     0    74.10%      82.8
  scn_full_tight_P5_R10_seed3   topology_ms6_wC     topology (      463.83      43.34     124.43    18         -      60.0
  scn_full_tight_P5_R10_seed3   fas_on_topo_wC      optimal         463.42      43.34     140.25    16     0.00%       0.4
  scn_full_tight_P5_R10_seed3   safe_pipeline_wC    optimal         463.42      43.34     140.25    16         -       0.0
  scn_full_tight_P5_R10_seed4   milp_baseline       maxTimeLim      200.75      71.31     193.62     0    99.03%      76.7
  scn_full_tight_P5_R10_seed4   topology_ms6        topology (      134.50      47.39     129.76     0         -      60.0
  scn_full_tight_P5_R10_seed4   fas_on_topo         optimal         134.50      47.39     129.76     0     0.00%       0.4
  scn_full_tight_P5_R10_seed4   safe_pipeline       optimal         134.50      47.39     129.76     0         -       0.0
  scn_full_tight_P5_R10_seed4   milp_baseline_heur  maxTimeLim      234.37      74.11     226.96     0    99.17%      83.6
  scn_full_tight_P5_R10_seed4   topology_ms6_heur   topology (      134.50      47.39     129.76     0         -      60.0
  scn_full_tight_P5_R10_seed4   fas_on_topo_heur    optimal         134.50      47.39     129.76     0     0.00%       0.4
  scn_full_tight_P5_R10_seed4   safe_pipeline_heur  optimal         134.50      47.39     129.76     0         -       0.0
  scn_full_tight_P5_R10_seed4   milp_baseline_wB    maxTimeLim     1924.35      78.36     184.54     6    98.99%      76.9
  scn_full_tight_P5_R10_seed4   topology_ms6_wB     topology (     1195.28      45.15     114.69    32         -      60.0
  scn_full_tight_P5_R10_seed4   fas_on_topo_wB      optimal        1445.68      46.36     139.69    24     0.00%       1.0
  scn_full_tight_P5_R10_seed4   safe_pipeline_wB    topology (     1195.28      45.15     114.69    32         -       0.0
  scn_full_tight_P5_R10_seed4   milp_baseline_wC    maxTimeLim      685.23      66.73     179.33     0    71.50%      83.6
  scn_full_tight_P5_R10_seed4   topology_ms6_wC     topology (      464.94      43.65     124.62    16         -      60.0
  scn_full_tight_P5_R10_seed4   fas_on_topo_wC      optimal         456.26      43.65     117.80     8     0.00%       0.2
  scn_full_tight_P5_R10_seed4   safe_pipeline_wC    optimal         456.26      43.65     117.80     8         -       0.0
  scn_full_tight_P5_R10_seed5   milp_baseline       maxTimeLim      179.73      64.09     173.32     0    99.03%      76.9
  scn_full_tight_P5_R10_seed5   topology_ms6        topology (      119.08      42.51     114.82     0         -      60.0
  scn_full_tight_P5_R10_seed5   fas_on_topo         optimal         120.23      42.51     115.98     0     0.00%       0.2
  scn_full_tight_P5_R10_seed5   safe_pipeline       topology (      119.08      42.51     114.82     0         -       0.0
  scn_full_tight_P5_R10_seed5   topology_ms6_heur   topology (      119.08      42.51     114.82     0         -      60.0
  scn_full_tight_P5_R10_seed5   fas_on_topo_heur    optimal         120.23      42.51     115.98     0     0.00%       0.2
  scn_full_tight_P5_R10_seed5   safe_pipeline_heur  topology (      119.08      42.51     114.82     0         -       0.0
  scn_full_tight_P5_R10_seed5   milp_baseline_wB    maxTimeLim     1820.86      65.79     175.45     6    99.04%    2908.6
  scn_full_tight_P5_R10_seed5   topology_ms6_wB     topology (     1107.57      42.33     106.32    20         -      60.0
  scn_full_tight_P5_R10_seed5   fas_on_topo_wB      optimal        1183.58      42.51     113.89    22     0.00%       0.3
  scn_full_tight_P5_R10_seed5   safe_pipeline_wB    topology (     1107.57      42.33     106.32    20         -       0.0
  scn_full_tight_P5_R10_seed5   milp_baseline_wC    maxTimeLim      586.57      55.50     215.53    10    70.17%      83.2
  scn_full_tight_P5_R10_seed5   topology_ms6_wC     topology (      426.57      39.74     111.19    18         -      60.2
  scn_full_tight_P5_R10_seed5   fas_on_topo_wC      optimal         440.97      41.07     122.94    18     0.00%       0.9
  scn_full_tight_P5_R10_seed5   safe_pipeline_wC    topology (      426.57      39.74     111.19    18         -       0.0
  scn_full_tight_P5_R10_seed6   milp_baseline       maxTimeLim      140.09      44.44     135.65     0    98.74%      87.4
  scn_full_tight_P5_R10_seed6   topology_ms6        topology (      132.79      44.44     128.35     0         -      60.2
  scn_full_tight_P5_R10_seed6   fas_on_topo         optimal         132.79      44.44     128.35     0     0.00%       0.1
  scn_full_tight_P5_R10_seed6   safe_pipeline       optimal         132.79      44.44     128.35     0         -       0.0
  scn_full_tight_P5_R10_seed6   topology_ms6_heur   topology (      132.79      44.44     128.35     0         -      60.0
  scn_full_tight_P5_R10_seed6   fas_on_topo_heur    optimal         132.79      44.44     128.35     0     0.00%       0.2
  scn_full_tight_P5_R10_seed6   safe_pipeline_heur  optimal         132.79      44.44     128.35     0         -       0.0
  scn_full_tight_P5_R10_seed6   milp_baseline_wB    maxTimeLim     1941.96      78.00     186.40     0    99.09%      78.5
  scn_full_tight_P5_R10_seed6   topology_ms6_wB     topology (     1218.59      41.79     117.32    36         -      60.0
  scn_full_tight_P5_R10_seed6   fas_on_topo_wB      optimal        1241.14      41.79     119.69    24     0.00%       0.3
  scn_full_tight_P5_R10_seed6   safe_pipeline_wB    topology (     1218.59      41.79     117.32    36         -       0.0
  scn_full_tight_P5_R10_seed6   milp_baseline_wC    maxTimeLim      599.46      57.58     176.75     6    70.53%      78.7
  scn_full_tight_P5_R10_seed6   topology_ms6_wC     topology (      442.47      41.79     126.08    12         -      60.2
  scn_full_tight_P5_R10_seed6   fas_on_topo_wC      optimal         441.36      42.01     132.93     8     0.00%       0.2
  scn_full_tight_P5_R10_seed6   safe_pipeline_wC    optimal         441.36      42.01     132.93     8         -       0.0
  scn_full_tight_P5_R10_seed7   milp_baseline       maxTimeLim      169.37      71.28     162.24     0    98.80%      83.8
  scn_full_tight_P5_R10_seed7   topology_ms6        topology (      125.55      46.05     120.95     0         -      60.0
  scn_full_tight_P5_R10_seed7   fas_on_topo         optimal         125.55      46.05     120.95     0     0.00%       0.3
  scn_full_tight_P5_R10_seed7   safe_pipeline       optimal         125.55      46.05     120.95     0         -       0.0
  scn_full_tight_P5_R10_seed7   milp_baseline_heur  maxTimeLim      175.03      71.28     167.90     0    98.84%      79.9
  scn_full_tight_P5_R10_seed7   topology_ms6_heur   topology (      125.55      46.05     120.95     0         -      60.0
  scn_full_tight_P5_R10_seed7   fas_on_topo_heur    optimal         125.55      46.05     120.95     0     0.00%       0.2
  scn_full_tight_P5_R10_seed7   safe_pipeline_heur  optimal         125.55      46.05     120.95     0         -       0.0
  scn_full_tight_P5_R10_seed7   milp_baseline_wB    maxTimeLim     1603.08      65.50     153.66    10    98.73%      91.2
  scn_full_tight_P5_R10_seed7   topology_ms6_wB     topology (     1155.24      45.07     110.82    20         -      60.0
  scn_full_tight_P5_R10_seed7   fas_on_topo_wB      optimal        1185.60      45.76     113.76    22     0.00%       0.2
  scn_full_tight_P5_R10_seed7   safe_pipeline_wB    topology (     1155.24      45.07     110.82    20         -       0.0
  scn_full_tight_P5_R10_seed7   milp_baseline_wC    maxTimeLim      645.10      62.63     188.05     0    68.43%      77.4
  scn_full_tight_P5_R10_seed7   topology_ms6_wC     topology (      432.67      40.64     123.01    14         -      60.0
  scn_full_tight_P5_R10_seed7   fas_on_topo_wC      optimal         427.09      40.64     127.21     8     0.00%       0.3
  scn_full_tight_P5_R10_seed7   safe_pipeline_wC    optimal         427.09      40.64     127.21     8         -       0.0
  scn_full_tight_P5_R10_seed8   milp_baseline       maxTimeLim      289.98      79.30     282.05     0    99.33%      84.2
  scn_full_tight_P5_R10_seed8   topology_ms6        topology (      126.15      45.43     121.60     0         -      60.0
  scn_full_tight_P5_R10_seed8   fas_on_topo         optimal         126.15      45.43     121.60     0     0.00%       0.4
  scn_full_tight_P5_R10_seed8   safe_pipeline       topology (      126.15      45.43     121.60     0         -       0.0
  scn_full_tight_P5_R10_seed8   milp_baseline_heur  maxTimeLim      333.13      88.75     264.25     6    99.42%      75.8
  scn_full_tight_P5_R10_seed8   topology_ms6_heur   topology (      126.15      45.43     121.60     0         -      60.0
  scn_full_tight_P5_R10_seed8   fas_on_topo_heur    optimal         126.15      45.43     121.60     0     0.00%       0.5
  scn_full_tight_P5_R10_seed8   safe_pipeline_heur  topology (      126.15      45.43     121.60     0         -       0.0
  scn_full_tight_P5_R10_seed8   milp_baseline_wB    maxTimeLim     1980.00      93.69     188.43    20    99.02%      83.3
  scn_full_tight_P5_R10_seed8   topology_ms6_wB     topology (     1120.27      42.03     107.58    24         -      60.0
  scn_full_tight_P5_R10_seed8   fas_on_topo_wB      optimal        1255.98      44.62     120.92    22     0.00%       0.4
  scn_full_tight_P5_R10_seed8   safe_pipeline_wB    topology (     1120.27      42.03     107.58    24         -       0.0
  scn_full_tight_P5_R10_seed8   milp_baseline_wC    maxTimeLim      630.06      59.47     193.80    16    69.28%      76.9
  scn_full_tight_P5_R10_seed8   topology_ms6_wC     topology (      431.22      39.92     120.15    20         -      60.0
  scn_full_tight_P5_R10_seed8   fas_on_topo_wC      optimal         430.75      40.24     123.58    16     0.00%       0.3
  scn_full_tight_P5_R10_seed8   safe_pipeline_wC    optimal         430.75      40.24     123.58    16         -       0.0
  scn_full_tight_P5_R10_seed9   milp_baseline       maxTimeLim      252.10      75.04     244.60     0    99.17%      76.4
  scn_full_tight_P5_R10_seed9   topology_ms6        topology (      131.79      47.97     126.99     0         -      60.0
  scn_full_tight_P5_R10_seed9   fas_on_topo         optimal         131.79      47.97     126.99     0     0.00%       0.5
  scn_full_tight_P5_R10_seed9   safe_pipeline       topology (      131.79      47.97     126.99     0         -       0.0
  scn_full_tight_P5_R10_seed9   milp_baseline_heur  maxTimeLim      252.10      75.04     244.60     0    99.17%      85.1
  scn_full_tight_P5_R10_seed9   topology_ms6_heur   topology (      131.79      47.97     126.99     0         -      60.0
  scn_full_tight_P5_R10_seed9   fas_on_topo_heur    optimal         131.79      47.97     126.99     0     0.00%       0.5
  scn_full_tight_P5_R10_seed9   safe_pipeline_heur  topology (      131.79      47.97     126.99     0         -       0.0
  scn_full_tight_P5_R10_seed9   milp_baseline_wB    maxTimeLim     1968.68      70.89     189.56    22    98.94%      75.6
  scn_full_tight_P5_R10_seed9   topology_ms6_wB     topology (     1119.21      43.58     107.34    22         -      60.0
  scn_full_tight_P5_R10_seed9   fas_on_topo_wB      optimal        1262.20      44.35     121.62    16     0.00%       0.4
  scn_full_tight_P5_R10_seed9   safe_pipeline_wB    topology (     1119.21      43.58     107.34    22         -       0.0
  scn_full_tight_P5_R10_seed9   milp_baseline_wC    maxTimeLim      635.86      61.62     196.39     0    67.28%      78.2
  scn_full_tight_P5_R10_seed9   topology_ms6_wC     topology (      441.42      41.01     112.94    20         -      60.0
  scn_full_tight_P5_R10_seed9   fas_on_topo_wC      optimal         448.07      41.73     127.27    18     0.00%       0.2
  scn_full_tight_P5_R10_seed9   safe_pipeline_wC    topology (      441.42      41.01     112.94    20         -       0.0

  Failed runs:
    x scn_full_tight_P5_R10_seed10  ·  milp_baseline_heur  ->  Cannot load a SolverResults object with bad status: aborted
    x scn_full_tight_P5_R10_seed3  ·  milp_baseline_heur  ->  Cannot load a SolverResults object with bad status: aborted
    x scn_full_tight_P5_R10_seed5  ·  milp_baseline_heur  ->  Cannot load a SolverResults object with bad status: aborted
    x scn_full_tight_P5_R10_seed6  ·  milp_baseline_heur  ->  Cannot load a SolverResults object with bad status: aborted
==================================================================
