==================================================================
  EXPERIMENT CONFIGURATIONS  (16 experiments)
==================================================================
  Shared parameters:
    time_limit_s=60               MIPGap=0.0

  Per-experiment parameters:
  Label               Solver                    weight_makespan  weight_delay  weight_movements  NoRelHeurTime  alpha  weight_topology  n_starts  seed
  ----------------------------------------------------------------------------------------------------------------------------------------------------
  milp_baseline       MILPSolver                0.1              1             10                0              —      —                —         —   
  topology_ms6        TopologyHeuristic         0.1              1             10                0              0.3    1                6         1   
  fas_on_topo         FixedAssignmentScheduler  0.1              1             10                0              —      —                —         —   
  safe_pipeline       FixedAssignmentScheduler  0.1              1             10                0              —      —                —         —   
  milp_baseline_heur  MILPSolver                0.1              1             10                30             —      —                —         —   
  topology_ms6_heur   TopologyHeuristic         0.1              1             10                30             0.3    1                6         1   
  fas_on_topo_heur    FixedAssignmentScheduler  0.1              1             10                30             —      —                —         —   
  safe_pipeline_heur  FixedAssignmentScheduler  0.1              1             10                30             —      —                —         —   
  milp_baseline_wB    MILPSolver                1                10            0.1               0              —      —                —         —   
  topology_ms6_wB     TopologyHeuristic         1                10            0.1               0              0.3    1                6         1   
  fas_on_topo_wB      FixedAssignmentScheduler  1                10            0.1               0              —      —                —         —   
  safe_pipeline_wB    FixedAssignmentScheduler  1                10            0.1               0              —      —                —         —   
  milp_baseline_wC    MILPSolver                10               0.1           1                 0              —      —                —         —   
  topology_ms6_wC     TopologyHeuristic         10               0.1           1                 0              0.3    1                6         1   
  fas_on_topo_wC      FixedAssignmentScheduler  10               0.1           1                 0              —      —                —         —   
  safe_pipeline_wC    FixedAssignmentScheduler  10               0.1           1                 0              —      —                —         —   
==================================================================



==================================================================
  SUMMARY  —  120 ok  /  40 failed  /  160 total
==================================================================
  Instance                      Experiment          Status             Obj   Makespan      Delay   Mov       Gap   Time(s)
  ------------------------------------------------------------------------------------------------------------------------
  scn_full_tight_P5_R20_seed1   topology_ms6        topology (      953.18     130.97     940.08     0         -      70.1
  scn_full_tight_P5_R20_seed1   fas_on_topo         maxTimeLim      913.79     125.92     821.20     8    33.32%      60.3
  scn_full_tight_P5_R20_seed1   safe_pipeline       maxTimeLim      913.79     125.92     821.20     8         -       0.0
  scn_full_tight_P5_R20_seed1   topology_ms6_heur   topology (      953.18     130.97     940.08     0         -      63.8
  scn_full_tight_P5_R20_seed1   fas_on_topo_heur    maxTimeLim      913.79     125.92     821.20     8    33.43%      60.3
  scn_full_tight_P5_R20_seed1   safe_pipeline_heur  maxTimeLim      913.79     125.92     821.20     8         -       0.0
  scn_full_tight_P5_R20_seed1   topology_ms6_wB     topology (     6256.00      95.16     615.38    70         -      60.0
  scn_full_tight_P5_R20_seed1   fas_on_topo_wB      maxTimeLim     7690.81     120.72     756.59    42    25.30%      60.4
  scn_full_tight_P5_R20_seed1   safe_pipeline_wB    topology (     6256.00      95.16     615.38    70         -       0.0
  scn_full_tight_P5_R20_seed1   topology_ms6_wC     topology (     1064.20      94.32     629.62    58         -      65.3
  scn_full_tight_P5_R20_seed1   fas_on_topo_wC      maxTimeLim     1104.70     100.03     703.57    34     9.44%      60.2
  scn_full_tight_P5_R20_seed1   safe_pipeline_wC    topology (     1064.20      94.32     629.62    58         -       0.0
  scn_full_tight_P5_R20_seed10  topology_ms6        topology (      835.78     114.24     824.36     0         -      80.8
  scn_full_tight_P5_R20_seed10  fas_on_topo         maxTimeLim      975.15     137.52     901.40     6    62.59%      60.2
  scn_full_tight_P5_R20_seed10  safe_pipeline       topology (      835.78     114.24     824.36     0         -       0.0
  scn_full_tight_P5_R20_seed10  topology_ms6_heur   topology (      839.21     123.94     826.82     0         -      60.0
  scn_full_tight_P5_R20_seed10  fas_on_topo_heur    maxTimeLim      820.42     121.90     808.23     0    53.02%      60.3
  scn_full_tight_P5_R20_seed10  safe_pipeline_heur  maxTimeLim      820.42     121.90     808.23     0         -       0.0
  scn_full_tight_P5_R20_seed10  topology_ms6_wB     topology (     5527.58      94.36     542.62    70         -      65.5
  scn_full_tight_P5_R20_seed10  fas_on_topo_wB      maxTimeLim     7270.04     109.64     715.68    36    41.91%      60.3
  scn_full_tight_P5_R20_seed10  safe_pipeline_wB    topology (     5527.58      94.36     542.62    70         -       0.0
  scn_full_tight_P5_R20_seed10  topology_ms6_wC     topology (      999.47      87.64     551.23    68         -      67.2
  scn_full_tight_P5_R20_seed10  fas_on_topo_wC      maxTimeLim     1058.15      95.93     648.43    34    11.23%      60.2
  scn_full_tight_P5_R20_seed10  safe_pipeline_wC    topology (      999.47      87.64     551.23    68         -       0.0
  scn_full_tight_P5_R20_seed2   topology_ms6        topology (      837.30     118.75     825.43     0         -      62.2
  scn_full_tight_P5_R20_seed2   fas_on_topo         maxTimeLim      793.45     118.74     781.57     0    24.27%      60.3
  scn_full_tight_P5_R20_seed2   safe_pipeline       maxTimeLim      793.45     118.74     781.57     0         -       0.0
  scn_full_tight_P5_R20_seed2   topology_ms6_heur   topology (      827.66     116.48     816.01     0         -      62.9
  scn_full_tight_P5_R20_seed2   fas_on_topo_heur    maxTimeLim      804.98     130.04     791.98     0    27.70%      60.2
  scn_full_tight_P5_R20_seed2   safe_pipeline_heur  maxTimeLim      804.98     130.04     791.98     0         -       0.0
  scn_full_tight_P5_R20_seed2   topology_ms6_wB     topology (     5983.78     105.87     587.07    72         -      71.1
  scn_full_tight_P5_R20_seed2   fas_on_topo_wB      maxTimeLim     7051.33     127.74     692.00    36    40.15%      60.4
  scn_full_tight_P5_R20_seed2   safe_pipeline_wB    topology (     5983.78     105.87     587.07    72         -       0.0
  scn_full_tight_P5_R20_seed2   topology_ms6_wC     topology (     1032.05      90.74     626.16    62         -      72.8
  scn_full_tight_P5_R20_seed2   fas_on_topo_wC      maxTimeLim     1135.13     101.95     715.97    44    28.24%      60.2
  scn_full_tight_P5_R20_seed2   safe_pipeline_wC    topology (     1032.05      90.74     626.16    62         -       0.0
  scn_full_tight_P5_R20_seed3   topology_ms6        topology (     1012.30     138.61     978.44     2         -      60.0
  scn_full_tight_P5_R20_seed3   fas_on_topo         maxTimeLim      879.48     139.55     825.52     4    22.20%      60.3
  scn_full_tight_P5_R20_seed3   safe_pipeline       maxTimeLim      879.48     139.55     825.52     4         -       0.0
  scn_full_tight_P5_R20_seed3   topology_ms6_heur   topology (     1007.52     126.89     974.83     2         -      77.2
  scn_full_tight_P5_R20_seed3   fas_on_topo_heur    maxTimeLim      876.01     127.07     863.30     0    31.39%     100.4
  scn_full_tight_P5_R20_seed3   safe_pipeline_heur  maxTimeLim      876.01     127.07     863.30     0         -       0.0
  scn_full_tight_P5_R20_seed3   topology_ms6_wB     topology (     6879.18     102.32     676.93    76         -      68.8
  scn_full_tight_P5_R20_seed3   fas_on_topo_wB      maxTimeLim     8611.09     120.92     848.50    52    29.22%      60.9
  scn_full_tight_P5_R20_seed3   safe_pipeline_wB    topology (     6879.18     102.32     676.93    76         -       0.0
  scn_full_tight_P5_R20_seed3   topology_ms6_wC     topology (     1107.09      97.33     698.06    64         -     100.6
  scn_full_tight_P5_R20_seed3   fas_on_topo_wC      maxTimeLim     1132.93     101.86     763.56    38     9.43%      60.5
  scn_full_tight_P5_R20_seed3   safe_pipeline_wC    topology (     1107.09      97.33     698.06    64         -       0.0
  scn_full_tight_P5_R20_seed4   topology_ms6        topology (      799.21     113.07     767.91     2         -      97.6
  scn_full_tight_P5_R20_seed4   fas_on_topo         maxTimeLim      807.00     118.87     795.11     0    20.08%      60.5
  scn_full_tight_P5_R20_seed4   safe_pipeline       topology (      799.21     113.07     767.91     2         -       0.0
  scn_full_tight_P5_R20_seed4   topology_ms6_heur   topology (      840.00     129.59     807.04     2         -      96.9
  scn_full_tight_P5_R20_seed4   fas_on_topo_heur    maxTimeLim      843.86     123.22     791.54     4    23.90%      60.5
  scn_full_tight_P5_R20_seed4   safe_pipeline_heur  topology (      840.00     129.59     807.04     2         -       0.0
  scn_full_tight_P5_R20_seed4   topology_ms6_wB     topology (     6730.06     108.19     661.31    88         -      97.3
  scn_full_tight_P5_R20_seed4   fas_on_topo_wB      maxTimeLim     8912.72     120.53     878.66    56    32.22%      60.5
  scn_full_tight_P5_R20_seed4   safe_pipeline_wB    topology (     6730.06     108.19     661.31    88         -       0.0
  scn_full_tight_P5_R20_seed4   topology_ms6_wC     topology (     1090.63      95.91     695.10    62         -      99.5
  scn_full_tight_P5_R20_seed4   fas_on_topo_wC      maxTimeLim     1101.31      99.16     697.01    40     7.80%      60.4
  scn_full_tight_P5_R20_seed4   safe_pipeline_wC    topology (     1090.63      95.91     695.10    62         -       0.0
  scn_full_tight_P5_R20_seed5   topology_ms6        topology (      864.82     119.68     852.85     0         -      67.8
  scn_full_tight_P5_R20_seed5   fas_on_topo         maxTimeLim      920.81     122.52     868.55     4    38.45%      60.5
  scn_full_tight_P5_R20_seed5   safe_pipeline       topology (      864.82     119.68     852.85     0         -       0.0
  scn_full_tight_P5_R20_seed5   topology_ms6_heur   topology (      848.16     125.15     835.64     0         -      88.5
  scn_full_tight_P5_R20_seed5   fas_on_topo_heur    maxTimeLim      845.30     130.03     832.29     0    46.30%      60.5
  scn_full_tight_P5_R20_seed5   safe_pipeline_heur  maxTimeLim      845.30     130.03     832.29     0         -       0.0
  scn_full_tight_P5_R20_seed5   topology_ms6_wB     topology (     5580.96      90.67     548.31    72         -      60.0
  scn_full_tight_P5_R20_seed5   fas_on_topo_wB      maxTimeLim     7746.15     112.36     762.84    54    53.57%      60.9
  scn_full_tight_P5_R20_seed5   safe_pipeline_wB    topology (     5580.96      90.67     548.31    72         -       0.0
  scn_full_tight_P5_R20_seed5   topology_ms6_wC     topology (      998.21      87.83     579.53    62         -      60.0
  scn_full_tight_P5_R20_seed5   fas_on_topo_wC      maxTimeLim     1112.08     100.63     718.03    34    16.84%      60.5
  scn_full_tight_P5_R20_seed5   safe_pipeline_wC    topology (      998.21      87.83     579.53    62         -       0.0
  scn_full_tight_P5_R20_seed6   topology_ms6        topology (      938.24     113.62     926.88     0         -      60.0
  scn_full_tight_P5_R20_seed6   fas_on_topo         maxTimeLim      878.41     125.10     825.90     4    33.82%      60.6
  scn_full_tight_P5_R20_seed6   safe_pipeline       maxTimeLim      878.41     125.10     825.90     4         -       0.0
  scn_full_tight_P5_R20_seed6   topology_ms6_heur   topology (      938.24     113.62     926.88     0         -      92.2
  scn_full_tight_P5_R20_seed6   fas_on_topo_heur    maxTimeLim      878.41     125.10     825.90     4    33.89%      60.6
  scn_full_tight_P5_R20_seed6   safe_pipeline_heur  maxTimeLim      878.41     125.10     825.90     4         -       0.0
  scn_full_tight_P5_R20_seed6   topology_ms6_wB     topology (     6349.07     101.50     623.90    86         -      84.2
  scn_full_tight_P5_R20_seed6   fas_on_topo_wB      maxTimeLim     8596.53     117.57     847.44    46    39.78%      60.4
  scn_full_tight_P5_R20_seed6   safe_pipeline_wB    topology (     6349.07     101.50     623.90    86         -       0.0
  scn_full_tight_P5_R20_seed6   topology_ms6_wC     topology (     1057.95      93.19     660.75    60         -      60.0
  scn_full_tight_P5_R20_seed6   fas_on_topo_wC      maxTimeLim     1087.45      99.28     746.15    20     9.13%      60.3
  scn_full_tight_P5_R20_seed6   safe_pipeline_wC    topology (     1057.95      93.19     660.75    60         -       0.0
  scn_full_tight_P5_R20_seed7   topology_ms6        topology (      900.14     122.78     887.86     0         -      60.0
  scn_full_tight_P5_R20_seed7   fas_on_topo         maxTimeLim      796.28     120.05     744.27     4    31.09%      60.5
  scn_full_tight_P5_R20_seed7   safe_pipeline       maxTimeLim      796.28     120.05     744.27     4         -       0.0
  scn_full_tight_P5_R20_seed7   topology_ms6_heur   topology (      900.14     122.78     887.86     0         -      87.7
  scn_full_tight_P5_R20_seed7   fas_on_topo_heur    maxTimeLim      796.28     120.05     744.27     4    31.06%      60.6
  scn_full_tight_P5_R20_seed7   safe_pipeline_heur  maxTimeLim      796.28     120.05     744.27     4         -       0.0
  scn_full_tight_P5_R20_seed7   topology_ms6_wB     topology (     6103.10      99.14     599.58    82         -      60.0
  scn_full_tight_P5_R20_seed7   fas_on_topo_wB      maxTimeLim     7147.29      99.14     704.25    56    24.01%      60.5
  scn_full_tight_P5_R20_seed7   safe_pipeline_wB    topology (     6103.10      99.14     599.58    82         -       0.0
  scn_full_tight_P5_R20_seed7   topology_ms6_wC     topology (     1041.90      91.72     626.65    62         -      60.0
  scn_full_tight_P5_R20_seed7   fas_on_topo_wC      maxTimeLim     1052.06      95.42     699.03    28     7.65%      70.0
  scn_full_tight_P5_R20_seed7   safe_pipeline_wC    topology (     1041.90      91.72     626.65    62         -       0.0
  scn_full_tight_P5_R20_seed8   topology_ms6        topology (      968.84     126.74     936.17     2         -      80.0
  scn_full_tight_P5_R20_seed8   fas_on_topo         maxTimeLim      839.01     119.95     807.02     2    28.03%      60.6
  scn_full_tight_P5_R20_seed8   safe_pipeline       maxTimeLim      839.01     119.95     807.02     2         -       0.0
  scn_full_tight_P5_R20_seed8   topology_ms6_heur   topology (      972.49     116.71     960.82     0         -      74.4
  scn_full_tight_P5_R20_seed8   fas_on_topo_heur    maxTimeLim      847.38     118.05     835.58     0    29.90%     110.7
  scn_full_tight_P5_R20_seed8   safe_pipeline_heur  maxTimeLim      847.38     118.05     835.58     0         -       0.0
  scn_full_tight_P5_R20_seed8   topology_ms6_wB     topology (     6196.56      96.89     609.23    74         -      74.6
  scn_full_tight_P5_R20_seed8   fas_on_topo_wB      maxTimeLim     7332.41     112.63     721.56    42    24.77%      60.3
  scn_full_tight_P5_R20_seed8   safe_pipeline_wB    topology (     6196.56      96.89     609.23    74         -       0.0
  scn_full_tight_P5_R20_seed8   topology_ms6_wC     topology (     1027.90      90.58     641.22    58         -      67.9
  scn_full_tight_P5_R20_seed8   fas_on_topo_wC      maxTimeLim     1074.97      97.21     708.29    32    11.45%      60.2
  scn_full_tight_P5_R20_seed8   safe_pipeline_wC    topology (     1027.90      90.58     641.22    58         -       0.0
  scn_full_tight_P5_R20_seed9   topology_ms6        topology (      914.55     131.31     901.42     0         -      60.0
  scn_full_tight_P5_R20_seed9   fas_on_topo         maxTimeLim      901.54     131.25     868.41     2    40.17%      60.3
  scn_full_tight_P5_R20_seed9   safe_pipeline       maxTimeLim      901.54     131.25     868.41     2         -       0.0
  scn_full_tight_P5_R20_seed9   topology_ms6_heur   topology (      914.55     131.31     901.42     0         -      72.2
  scn_full_tight_P5_R20_seed9   fas_on_topo_heur    maxTimeLim      901.54     131.25     868.41     2    40.18%      60.4
  scn_full_tight_P5_R20_seed9   safe_pipeline_heur  maxTimeLim      901.54     131.25     868.41     2         -       0.0
  scn_full_tight_P5_R20_seed9   topology_ms6_wB     topology (     6343.88      99.98     623.65    74         -      60.0
  scn_full_tight_P5_R20_seed9   fas_on_topo_wB      maxTimeLim     8697.56     113.98     857.74    62    42.40%      60.3
  scn_full_tight_P5_R20_seed9   safe_pipeline_wB    topology (     6343.88      99.98     623.65    74         -       0.0
  scn_full_tight_P5_R20_seed9   topology_ms6_wC     topology (     1081.46      95.25     669.68    62         -      75.4
  scn_full_tight_P5_R20_seed9   fas_on_topo_wC      maxTimeLim     1134.93     101.48     741.28    46    20.35%      60.2
  scn_full_tight_P5_R20_seed9   safe_pipeline_wC    topology (     1081.46      95.25     669.68    62         -       0.0

  Failed runs:
    x scn_full_tight_P5_R20_seed1  ·  milp_baseline  ->  Cannot load a SolverResults object with bad status: aborted
    x scn_full_tight_P5_R20_seed1  ·  milp_baseline_heur  ->  Cannot load a SolverResults object with bad status: aborted
    x scn_full_tight_P5_R20_seed1  ·  milp_baseline_wB  ->  Cannot load a SolverResults object with bad status: aborted
    x scn_full_tight_P5_R20_seed1  ·  milp_baseline_wC  ->  Cannot load a SolverResults object with bad status: aborted
    x scn_full_tight_P5_R20_seed10  ·  milp_baseline  ->  Cannot load a SolverResults object with bad status: aborted
    x scn_full_tight_P5_R20_seed10  ·  milp_baseline_heur  ->  Cannot load a SolverResults object with bad status: aborted
    x scn_full_tight_P5_R20_seed10  ·  milp_baseline_wB  ->  Cannot load a SolverResults object with bad status: aborted
    x scn_full_tight_P5_R20_seed10  ·  milp_baseline_wC  ->  Cannot load a SolverResults object with bad status: aborted
    x scn_full_tight_P5_R20_seed2  ·  milp_baseline  ->  Cannot load a SolverResults object with bad status: aborted
    x scn_full_tight_P5_R20_seed2  ·  milp_baseline_heur  ->  Cannot load a SolverResults object with bad status: aborted
    x scn_full_tight_P5_R20_seed2  ·  milp_baseline_wB  ->  Cannot load a SolverResults object with bad status: aborted
    x scn_full_tight_P5_R20_seed2  ·  milp_baseline_wC  ->  Cannot load a SolverResults object with bad status: aborted
    x scn_full_tight_P5_R20_seed3  ·  milp_baseline  ->  Cannot load a SolverResults object with bad status: aborted
    x scn_full_tight_P5_R20_seed3  ·  milp_baseline_heur  ->  Cannot load a SolverResults object with bad status: aborted
    x scn_full_tight_P5_R20_seed3  ·  milp_baseline_wB  ->  Cannot load a SolverResults object with bad status: aborted
    x scn_full_tight_P5_R20_seed3  ·  milp_baseline_wC  ->  Cannot load a SolverResults object with bad status: aborted
    x scn_full_tight_P5_R20_seed4  ·  milp_baseline  ->  Cannot load a SolverResults object with bad status: aborted
    x scn_full_tight_P5_R20_seed4  ·  milp_baseline_heur  ->  Cannot load a SolverResults object with bad status: aborted
    x scn_full_tight_P5_R20_seed4  ·  milp_baseline_wB  ->  Cannot load a SolverResults object with bad status: aborted
    x scn_full_tight_P5_R20_seed4  ·  milp_baseline_wC  ->  Cannot load a SolverResults object with bad status: aborted
    x scn_full_tight_P5_R20_seed5  ·  milp_baseline  ->  Cannot load a SolverResults object with bad status: aborted
    x scn_full_tight_P5_R20_seed5  ·  milp_baseline_heur  ->  Cannot load a SolverResults object with bad status: aborted
    x scn_full_tight_P5_R20_seed5  ·  milp_baseline_wB  ->  Cannot load a SolverResults object with bad status: aborted
    x scn_full_tight_P5_R20_seed5  ·  milp_baseline_wC  ->  Cannot load a SolverResults object with bad status: aborted
    x scn_full_tight_P5_R20_seed6  ·  milp_baseline  ->  Cannot load a SolverResults object with bad status: aborted
    x scn_full_tight_P5_R20_seed6  ·  milp_baseline_heur  ->  Cannot load a SolverResults object with bad status: aborted
    x scn_full_tight_P5_R20_seed6  ·  milp_baseline_wB  ->  Cannot load a SolverResults object with bad status: aborted
    x scn_full_tight_P5_R20_seed6  ·  milp_baseline_wC  ->  Cannot load a SolverResults object with bad status: aborted
    x scn_full_tight_P5_R20_seed7  ·  milp_baseline  ->  Cannot load a SolverResults object with bad status: aborted
    x scn_full_tight_P5_R20_seed7  ·  milp_baseline_heur  ->  Cannot load a SolverResults object with bad status: aborted
    x scn_full_tight_P5_R20_seed7  ·  milp_baseline_wB  ->  Cannot load a SolverResults object with bad status: aborted
    x scn_full_tight_P5_R20_seed7  ·  milp_baseline_wC  ->  Cannot load a SolverResults object with bad status: aborted
    x scn_full_tight_P5_R20_seed8  ·  milp_baseline  ->  Cannot load a SolverResults object with bad status: aborted
    x scn_full_tight_P5_R20_seed8  ·  milp_baseline_heur  ->  Cannot load a SolverResults object with bad status: aborted
    x scn_full_tight_P5_R20_seed8  ·  milp_baseline_wB  ->  Cannot load a SolverResults object with bad status: aborted
    x scn_full_tight_P5_R20_seed8  ·  milp_baseline_wC  ->  Cannot load a SolverResults object with bad status: aborted
    x scn_full_tight_P5_R20_seed9  ·  milp_baseline  ->  Cannot load a SolverResults object with bad status: aborted
    x scn_full_tight_P5_R20_seed9  ·  milp_baseline_heur  ->  Cannot load a SolverResults object with bad status: aborted
    x scn_full_tight_P5_R20_seed9  ·  milp_baseline_wB  ->  Cannot load a SolverResults object with bad status: aborted
    x scn_full_tight_P5_R20_seed9  ·  milp_baseline_wC  ->  Cannot load a SolverResults object with bad status: aborted
==================================================================
