==================================================================
  EXPERIMENT CONFIGURATIONS  (1 experiments)
==================================================================
  Shared parameters:
    weight_makespan=0.1           MIPGap=0.0
    weight_delay=1.0              NoRelHeurTime=0
    weight_movements=10           cuts=none
    time_limit_s=60               

  Per-experiment parameters:
  Label          Solver            
  ---------------------------------
  milp_baseline  MILPAircraftSolver
==================================================================



==================================================================
  SUMMARY  —  1 ok  /  0 failed  /  1 total
==================================================================
  Instance                        Experiment     Status             Obj   Makespan      Delay   Mov       Gap   Time(s)
  ---------------------------------------------------------------------------------------------------------------------
  scn_triangle_tight_P5_R5_seed1  milp_baseline  optimal           3.00      30.00       0.00     0     0.00%       0.2
==================================================================
