==================================================================
  EXPERIMENT CONFIGURATIONS  (2 experiments)
==================================================================
  Shared parameters:
    weight_makespan=100           time_limit_s=60
    weight_delay=1                MIPGap=0.0
    weight_movements=1            NoRelHeurTime=0

  Per-experiment parameters:
  Label         Solver                      seed
  ----------------------------------------------
  milp_job_wMK  MILPJobsV2Solver            —   
  igvnd_wMK     IteratedGreedyVNDJobSolver  1   
==================================================================


==================================================================
  HEURISTIC vs MILP  —  relative gap per instance type
  gap = (MILP_obj - heuristic_obj) / MILP_obj
  gap > 0  =>  heuristic BETTER (lower objective);  < 0  => worse
==================================================================
  -- Disaggregated by weight profile --
  [wMK  (100/1/1  makespan-priority)]
    Type                        N      Mean       Min       Max
    ---------------------------------------------------------
    scn_triangle_tight_P5_R5    1    +0.00%    +0.00%    +0.00%

  [wDLY  (1/100/1  delay-priority)]
    (no paired MILP/heuristic results yet)

  [wMOV  (1/1/100  movement-priority)]
    (no paired MILP/heuristic results yet)

  -- Aggregated over all weight profiles --
  [ALL profiles]
    Type                        N      Mean       Min       Max
    ---------------------------------------------------------
    scn_triangle_tight_P5_R5    1    +0.00%    +0.00%    +0.00%
==================================================================


==================================================================
  SUMMARY  —  2 ok  /  0 failed  /  2 total
==================================================================
  Instance                        Experiment    Status             Obj   Makespan      Delay   Mov       Gap   Time(s)
  --------------------------------------------------------------------------------------------------------------------
  scn_triangle_tight_P5_R5_seed1  milp_job_wMK  optimal        3000.00      30.00       0.00     0     0.00%       0.3
  scn_triangle_tight_P5_R5_seed1  igvnd_wMK     heuristic_     3000.00      30.00       0.00     0         -      44.1
==================================================================
