======================================================================================================================
  EXPERIMENT CONFIGURATIONS  (3 experiments — theory_assisted ta_igvnd_*)
  Code state (git): 7f53652
  Instance order  : by seed, then config (seed1 of all types first)
  Heuristic runs in results.csv so far: 360  over 120 instance(s)
======================================================================================================================
  Shared parameters:
    time_limit_s=60               NoRelHeurTime=0
    MIPGap=0.0                    seed=1

  Per-experiment parameters:
  Label          Solver                      weight_makespan  weight_delay  weight_movements
  ----------------------------------------------------------------------------------------
  ta_igvnd_wMK   IteratedGreedyVNDJobSolver  100              1             1              
  ta_igvnd_wDLY  IteratedGreedyVNDJobSolver  1                100           1              
  ta_igvnd_wMOV  IteratedGreedyVNDJobSolver  1                1             100            
======================================================================================================================

==================================================================
  HEURISTIC vs MILP  —  relative gap per instance type
  gap = (MILP_obj - heuristic_obj) / MILP_obj
  gap > 0  =>  heuristic BETTER (lower objective);  < 0  => worse
==================================================================
  -- Relative objective gap, by weight profile --
  [wMK  (100/1/1  makespan-priority)]
    Type                          N      Mean       Min       Max
    -----------------------------------------------------------
    scn_chain_tight_P5_R10       10    -2.26%    -7.47%    +2.68%
    scn_full_tight_P5_R10        10    +1.32%   -16.89%    +6.90%
    scn_full_tight_P5_R20        10   +38.78%   +16.74%   +58.66%
    scn_hub_tight_P5_R10         10    -2.13%    -5.65%    -0.02%
    scn_none_tight_P5_R10        10    +0.00%    +0.00%    +0.00%
    scn_triangle_loose_P5_R10    10    -1.54%    -4.49%    +0.25%
    scn_triangle_medium_P5_R10   10    -1.73%    -6.69%    +1.81%
    scn_triangle_tight_P5_R10    10    -0.86%    -4.29%    +1.65%
    scn_triangle_tight_P5_R20    10   +16.57%   +11.64%   +21.28%
    scn_triangle_tight_P5_R30    10   +36.05%   +26.09%   +41.91%
    scn_triangle_tight_P5_R5     10    -0.04%    -0.37%    +0.03%
    scn_two_rows_tight_P5_R10    10    -0.62%    -1.59%    +0.12%

  [wDLY  (1/100/1  delay-priority)]
    Type                          N      Mean       Min       Max
    -----------------------------------------------------------
    scn_chain_tight_P5_R10       10    -0.16%   -28.89%   +12.08%
    scn_full_tight_P5_R10        10   +21.54%    +2.88%   +34.10%
    scn_full_tight_P5_R20        10   +54.88%   +41.64%   +66.44%
    scn_hub_tight_P5_R10         10    +4.35%    -0.88%   +14.41%
    scn_none_tight_P5_R10        10    -2.52%   -17.37%    +0.00%
    scn_triangle_loose_P5_R10    10  -160.02%  -1043.16%   +62.78%
    scn_triangle_medium_P5_R10   10    +5.63%    -3.75%   +15.72%
    scn_triangle_tight_P5_R10    10    +4.18%    -8.66%   +12.88%
    scn_triangle_tight_P5_R20    10    +9.45%    -6.39%   +22.26%
    scn_triangle_tight_P5_R30    10   +35.10%   +17.87%   +48.67%
    scn_triangle_tight_P5_R5     10   -44.50%  -428.26%    +2.94%
    scn_two_rows_tight_P5_R10    10    +1.11%    -5.07%    +4.94%

  [wMOV  (1/1/100  movement-priority)]
    Type                          N      Mean       Min       Max
    -----------------------------------------------------------
    scn_chain_tight_P5_R10       10   -18.51%   -29.66%    -5.97%
    scn_full_tight_P5_R10        10    +3.54%   -17.82%   +32.20%
    scn_full_tight_P5_R20        10   +33.95%   +21.25%   +45.98%
    scn_hub_tight_P5_R10         10    -6.53%   -25.73%    +1.79%
    scn_none_tight_P5_R10        10    -2.85%   -13.12%    +0.00%
    scn_triangle_loose_P5_R10    10    -7.47%   -49.69%    +5.87%
    scn_triangle_medium_P5_R10   10    +2.99%    -3.40%    +8.72%
    scn_triangle_tight_P5_R10    10    -1.36%   -21.56%    +4.82%
    scn_triangle_tight_P5_R20    10   +12.60%    -2.63%   +20.46%
    scn_triangle_tight_P5_R30    10   +34.28%   +22.00%   +42.95%
    scn_triangle_tight_P5_R5     10   -29.54%  -114.29%    +2.20%
    scn_two_rows_tight_P5_R10    10    +0.29%    -5.49%    +3.06%

  -- Relative objective gap, aggregated over all profiles --
  [ALL profiles]
    Type                          N      Mean       Min       Max
    -----------------------------------------------------------
    scn_chain_tight_P5_R10       30    -6.98%   -29.66%   +12.08%
    scn_full_tight_P5_R10        30    +8.80%   -17.82%   +34.10%
    scn_full_tight_P5_R20        30   +42.54%   +16.74%   +66.44%
    scn_hub_tight_P5_R10         30    -1.43%   -25.73%   +14.41%
    scn_none_tight_P5_R10        30    -1.79%   -17.37%    +0.00%
    scn_triangle_loose_P5_R10    30   -56.34%  -1043.16%   +62.78%
    scn_triangle_medium_P5_R10   30    +2.29%    -6.69%   +15.72%
    scn_triangle_tight_P5_R10    30    +0.65%   -21.56%   +12.88%
    scn_triangle_tight_P5_R20    30   +12.88%    -6.39%   +22.26%
    scn_triangle_tight_P5_R30    30   +35.14%   +17.87%   +48.67%
    scn_triangle_tight_P5_R5     30   -24.69%  -428.26%    +2.94%
    scn_two_rows_tight_P5_R10    30    +0.26%    -5.49%    +4.94%

  -- Per-component mean Δ (heuristic − MILP); negative = heuristic better --
  -- (relative gap is distorted when the optimum delay ≈ 0; read these too)
  [wMK  (100/1/1  makespan-priority)]
    Type                          N   Δmakespan      Δdelay      Δmov
    ---------------------------------------------------------------
    scn_chain_tight_P5_R10       10       +1.46       +4.50     -1.40
    scn_full_tight_P5_R10        10       -1.09       +1.95     -9.00
    scn_full_tight_P5_R20        10     -115.62    -1080.15    +22.80
    scn_hub_tight_P5_R10         10       +1.51       -7.91     -4.00
    scn_none_tight_P5_R10        10       +0.00       +0.00     +0.00
    scn_triangle_loose_P5_R10    10       +1.06       -2.98     -2.00
    scn_triangle_medium_P5_R10   10       +1.16       -0.75     -2.60
    scn_triangle_tight_P5_R10    10       +0.56       +2.44     -1.60
    scn_triangle_tight_P5_R20    10      -25.58     -140.16     -6.80
    scn_triangle_tight_P5_R30    10     -123.20    -1497.10     -2.60
    scn_triangle_tight_P5_R5     10       +0.00       +1.15     +0.00
    scn_two_rows_tight_P5_R10    10       +0.46       -5.70     -1.60

  [wDLY  (1/100/1  delay-priority)]
    Type                          N   Δmakespan      Δdelay      Δmov
    ---------------------------------------------------------------
    scn_chain_tight_P5_R10       10       -1.49       -0.55     -2.40
    scn_full_tight_P5_R10        10      -16.59      -44.60     +7.00
    scn_full_tight_P5_R20        10     -159.13    -1301.92    +10.80
    scn_hub_tight_P5_R10         10       -4.34       -5.30     +0.20
    scn_none_tight_P5_R10        10       +1.90       +2.50     +0.00
    scn_triangle_loose_P5_R10    10       +2.11       +1.07     +0.80
    scn_triangle_medium_P5_R10   10       -0.99       -3.20     -3.60
    scn_triangle_tight_P5_R10    10       -3.19       -4.70     -7.20
    scn_triangle_tight_P5_R20    10      -15.24      -82.05     -6.20
    scn_triangle_tight_P5_R30    10     -118.45    -1212.05     -6.80
    scn_triangle_tight_P5_R5     10       +0.00       +0.20     +0.20
    scn_two_rows_tight_P5_R10    10       -2.19       -1.20     -2.40

  [wMOV  (1/1/100  movement-priority)]
    Type                          N   Δmakespan      Δdelay      Δmov
    ---------------------------------------------------------------
    scn_chain_tight_P5_R10       10      +15.57      +28.02     +0.00
    scn_full_tight_P5_R10        10       +7.36      -17.29     +0.00
    scn_full_tight_P5_R20        10      -71.52     -496.21     +0.00
    scn_hub_tight_P5_R10         10       +4.96       +7.30     +0.00
    scn_none_tight_P5_R10        10       +2.00       +2.50     +0.00
    scn_triangle_loose_P5_R10    10       +2.91       +1.98     +0.00
    scn_triangle_medium_P5_R10   10       -0.14       -3.65     +0.00
    scn_triangle_tight_P5_R10    10       +1.16       +0.80     +0.00
    scn_triangle_tight_P5_R20    10      -19.52     -102.39     +0.00
    scn_triangle_tight_P5_R30    10     -123.71    -1126.66     +0.00
    scn_triangle_tight_P5_R5     10       +3.10       +6.90     +0.00
    scn_two_rows_tight_P5_R10    10       +0.81       -1.50     +0.00

==================================================================

======================================================================================================================
  SUMMARY  —  360 heuristic run(s) vs cached MILP (MILP row interleaved; gap on the heur row)
======================================================================================================================
  Instance                           Experiment     Status              Obj   Makespan      Delay   Mov       Gap  Time(s)
  ------------------------------------------------------------------------------------------------------------------------
  scn_chain_tight_P5_R10_seed1       milp_job_wMK   maxTimeLim      6223.00      61.00     109.00    14         -     60.6
  scn_chain_tight_P5_R10_seed1       ta_igvnd_wMK   heuristic_      6383.54      62.51     112.54    20    -2.58%     60.0
  scn_chain_tight_P5_R10_seed1       milp_job_wDLY  maxTimeLim     12491.00      77.00     124.00    14         -     60.6
  scn_chain_tight_P5_R10_seed1       ta_igvnd_wDLY  heuristic_     10982.51      62.51     109.06    14   +12.08%     60.1
  scn_chain_tight_P5_R10_seed1       milp_job_wMOV  maxTimeLim       232.00      69.50     162.50     0         -     60.6
  scn_chain_tight_P5_R10_seed1       ta_igvnd_wMOV  heuristic_       259.11      83.52     175.59     0   -11.69%     60.0
  scn_full_tight_P5_R10_seed1        milp_job_wMK   maxTimeLim      6836.50      66.50     146.50    40         -     61.3
  scn_full_tight_P5_R10_seed1        ta_igvnd_wMK   heuristic_      6390.56      62.51     139.56     0    +6.52%     60.0
  scn_full_tight_P5_R10_seed1        milp_job_wDLY  maxTimeLim     17079.00      71.00     170.00     8         -     61.5
  scn_full_tight_P5_R10_seed1        ta_igvnd_wDLY  heuristic_     12998.51      66.51     129.04    28   +23.89%     60.0
  scn_full_tight_P5_R10_seed1        milp_job_wMOV  maxTimeLim       261.00      71.50     189.50     0         -     61.3
  scn_full_tight_P5_R10_seed1        ta_igvnd_wMOV  heuristic_       241.08      82.02     159.06     0    +7.63%     60.0
  scn_full_tight_P5_R20_seed1        milp_job_wMK   maxTimeLim     27844.00     258.00    2044.00     0         -     66.2
  scn_full_tight_P5_R20_seed1        ta_igvnd_wMK   heuristic_     17057.31     160.03    1002.31    52   +38.74%     60.4
  scn_full_tight_P5_R20_seed1        milp_job_wDLY  maxTimeLim    248040.50     338.50    2477.00     2         -     65.4
  scn_full_tight_P5_R20_seed1        ta_igvnd_wDLY  heuristic_    117826.55     170.55    1175.96    60   +52.50%     60.3
  scn_full_tight_P5_R20_seed1        milp_job_wMOV  maxTimeLim      1667.50     201.50    1466.00     0         -     65.4
  scn_full_tight_P5_R20_seed1        ta_igvnd_wMOV  heuristic_      1082.37     157.04     925.33     0   +35.09%     60.1
  scn_hub_tight_P5_R10_seed1         milp_job_wMK   maxTimeLim      6085.50      59.50     115.50    20         -     60.6
  scn_hub_tight_P5_R10_seed1         ta_igvnd_wMK   heuristic_      6169.50      60.50     119.50     0    -1.38%     60.0
  scn_hub_tight_P5_R10_seed1         milp_job_wDLY  maxTimeLim     10919.50      63.50     108.50     6         -     60.6
  scn_hub_tight_P5_R10_seed1         ta_igvnd_wDLY  heuristic_     10634.51      60.51     105.54    20    +2.61%     60.0
  scn_hub_tight_P5_R10_seed1         milp_job_wMOV  maxTimeLim       174.00      60.50     113.50     0         -     60.6
  scn_hub_tight_P5_R10_seed1         ta_igvnd_wMOV  heuristic_       172.57      60.51     112.06     0    +0.82%     60.0
  scn_none_tight_P5_R10_seed1        milp_job_wMK   optimal         5844.50      57.50      94.50     0         -      0.1
  scn_none_tight_P5_R10_seed1        ta_igvnd_wMK   heuristic_      5844.50      57.50      94.50     0    +0.00%     11.7
  scn_none_tight_P5_R10_seed1        milp_job_wDLY  optimal         9408.50      58.50      93.50     0         -      4.3
  scn_none_tight_P5_R10_seed1        ta_igvnd_wDLY  heuristic_      9408.50      58.50      93.50     0    +0.00%      9.8
  scn_none_tight_P5_R10_seed1        milp_job_wMOV  optimal          152.00      58.50      93.50     0         -      2.6
  scn_none_tight_P5_R10_seed1        ta_igvnd_wMOV  heuristic_       152.00      58.50      93.50     0    +0.00%     10.2
  scn_triangle_loose_P5_R10_seed1    milp_job_wMK   optimal         5964.00      59.50       6.00     8         -     17.9
  scn_triangle_loose_P5_R10_seed1    ta_igvnd_wMK   heuristic_      6060.05      60.51       7.05     2    -1.61%     60.0
  scn_triangle_loose_P5_R10_seed1    milp_job_wDLY  optimal          471.50      61.50       4.00    10         -     25.9
  scn_triangle_loose_P5_R10_seed1    ta_igvnd_wDLY  heuristic_       523.51      61.51       4.54     8   -11.03%     60.0
  scn_triangle_loose_P5_R10_seed1    milp_job_wMOV  optimal           70.00      61.50       8.50     0         -     18.0
  scn_triangle_loose_P5_R10_seed1    ta_igvnd_wMOV  heuristic_        68.04      59.51       8.53     0    +2.80%     53.5
  scn_triangle_medium_P5_R10_seed1   milp_job_wMK   optimal         6018.50      59.50      60.50     8         -     21.0
  scn_triangle_medium_P5_R10_seed1   ta_igvnd_wMK   heuristic_      5909.55      58.51      56.55     2    +1.81%     60.0
  scn_triangle_medium_P5_R10_seed1   milp_job_wDLY  maxTimeLim      6320.00      60.00      62.50    10         -     60.4
  scn_triangle_medium_P5_R10_seed1   ta_igvnd_wDLY  heuristic_      5974.51      61.51      59.05     8    +5.47%     60.0
  scn_triangle_medium_P5_R10_seed1   milp_job_wMOV  maxTimeLim       125.00      62.50      62.50     0         -     60.5
  scn_triangle_medium_P5_R10_seed1   ta_igvnd_wMOV  heuristic_       124.06      59.51      64.55     0    +0.75%     47.2
  scn_triangle_tight_P5_R10_seed1    milp_job_wMK   optimal         6059.50      59.50     101.50     8         -     29.3
  scn_triangle_tight_P5_R10_seed1    ta_igvnd_wMK   heuristic_      5959.55      58.51     108.55     0    +1.65%     60.0
  scn_triangle_tight_P5_R10_seed1    milp_job_wDLY  maxTimeLim     10220.50      60.50     101.50    10         -     60.5
  scn_triangle_tight_P5_R10_seed1    ta_igvnd_wDLY  heuristic_      9813.51      58.51      97.55     0    +3.98%     60.0
  scn_triangle_tight_P5_R10_seed1    milp_job_wMOV  maxTimeLim       166.00      62.50     103.50     0         -     60.5
  scn_triangle_tight_P5_R10_seed1    ta_igvnd_wMOV  heuristic_       165.06      61.51     103.55     0    +0.57%     41.6
  scn_triangle_tight_P5_R20_seed1    milp_job_wMK   maxTimeLim     15507.50     146.50     855.50     2         -     61.7
  scn_triangle_tight_P5_R20_seed1    ta_igvnd_wMK   heuristic_     13702.50     129.50     752.50     0   +11.64%     60.0
  scn_triangle_tight_P5_R20_seed1    milp_job_wDLY  maxTimeLim     77158.00     136.00     770.00    22         -     61.7
  scn_triangle_tight_P5_R20_seed1    ta_igvnd_wDLY  heuristic_     72337.50     137.50     722.00     0    +6.25%     29.7
  scn_triangle_tight_P5_R20_seed1    milp_job_wMOV  maxTimeLim       909.00     146.00     763.00     0         -     61.7
  scn_triangle_tight_P5_R20_seed1    ta_igvnd_wMOV  heuristic_       757.35     125.53     631.82     0   +16.68%     60.0
  scn_triangle_tight_P5_R30_seed1    milp_job_wMK   maxTimeLim     37477.50     338.00    3677.50     0         -     64.8
  scn_triangle_tight_P5_R30_seed1    ta_igvnd_wMK   heuristic_     24401.50     222.50    2151.50     0   +34.89%     60.1
  scn_triangle_tight_P5_R30_seed1    milp_job_wDLY  maxTimeLim    376094.00     394.00    3757.00     0         -     64.7
  scn_triangle_tight_P5_R30_seed1    ta_igvnd_wDLY  heuristic_    200086.50     236.50    1998.50     0   +46.80%     60.0
  scn_triangle_tight_P5_R30_seed1    milp_job_wMOV  maxTimeLim      3511.50     375.00    3136.50     0         -     64.7
  scn_triangle_tight_P5_R30_seed1    ta_igvnd_wMOV  heuristic_      2316.82     237.55    2079.27     0   +34.02%     60.0
  scn_triangle_tight_P5_R5_seed1     milp_job_wMK   optimal         3000.00      30.00       0.00     0         -      0.3
  scn_triangle_tight_P5_R5_seed1     ta_igvnd_wMK   heuristic_      3000.00      30.00       0.00     0    +0.00%      4.3
  scn_triangle_tight_P5_R5_seed1     milp_job_wDLY  optimal           30.00      30.00       0.00     0         -      0.3
  scn_triangle_tight_P5_R5_seed1     ta_igvnd_wDLY  heuristic_        30.00      30.00       0.00     0    +0.00%      4.4
  scn_triangle_tight_P5_R5_seed1     milp_job_wMOV  optimal           30.00      30.00       0.00     0         -      0.2
  scn_triangle_tight_P5_R5_seed1     ta_igvnd_wMOV  heuristic_        30.00      30.00       0.00     0    +0.00%      3.0
  scn_two_rows_tight_P5_R10_seed1    milp_job_wMK   optimal         5959.00      58.50     101.00     8         -     36.5
  scn_two_rows_tight_P5_R10_seed1    ta_igvnd_wMK   heuristic_      5952.56      58.51      97.56     4    +0.11%     60.0
  scn_two_rows_tight_P5_R10_seed1    milp_job_wDLY  maxTimeLim      9916.50      62.50      98.50     4         -     60.4
  scn_two_rows_tight_P5_R10_seed1    ta_igvnd_wDLY  heuristic_     10419.51      61.51     103.54     4    -5.07%     60.0
  scn_two_rows_tight_P5_R10_seed1    milp_job_wMOV  maxTimeLim       162.00      61.50     100.50     0         -     60.4
  scn_two_rows_tight_P5_R10_seed1    ta_igvnd_wMOV  heuristic_       160.06      61.51      98.55     0    +1.20%     52.4
  scn_chain_tight_P5_R10_seed2       milp_job_wMK   maxTimeLim      7188.50      70.50     122.50    16         -     60.7
  scn_chain_tight_P5_R10_seed2       ta_igvnd_wMK   heuristic_      7282.56      71.51     123.56     8    -1.31%     60.0
  scn_chain_tight_P5_R10_seed2       milp_job_wDLY  maxTimeLim     13146.00      76.00     130.50    20         -     60.6
  scn_chain_tight_P5_R10_seed2       ta_igvnd_wDLY  heuristic_     12538.51      71.51     124.55    12    +4.62%     60.0
  scn_chain_tight_P5_R10_seed2       milp_job_wMOV  maxTimeLim       238.00      76.50     161.50     0         -     60.6
  scn_chain_tight_P5_R10_seed2       ta_igvnd_wMOV  heuristic_       308.60      96.02     212.58     0   -29.66%     60.0
  scn_full_tight_P5_R10_seed2        milp_job_wMK   maxTimeLim      8675.50      84.50     215.50    10         -     61.4
  scn_full_tight_P5_R10_seed2        ta_igvnd_wMK   heuristic_      8087.04      79.00     171.04    16    +6.78%     60.4
  scn_full_tight_P5_R10_seed2        milp_job_wDLY  maxTimeLim     19879.50     105.50     197.50    24         -     61.4
  scn_full_tight_P5_R10_seed2        ta_igvnd_wDLY  heuristic_     16571.51      82.51     164.53    36   +16.64%     60.0
  scn_full_tight_P5_R10_seed2        milp_job_wMOV  maxTimeLim       322.00      85.50     236.50     0         -     61.4
  scn_full_tight_P5_R10_seed2        ta_igvnd_wMOV  heuristic_       347.03      99.00     248.03     0    -7.77%     60.0
  scn_full_tight_P5_R20_seed2        milp_job_wMK   maxTimeLim     26419.00     245.00    1919.00     0         -     66.6
  scn_full_tight_P5_R20_seed2        ta_igvnd_wMK   heuristic_     15936.29     149.53     953.29    30   +39.68%     61.0
  scn_full_tight_P5_R20_seed2        milp_job_wDLY  maxTimeLim    276575.00     421.00    2761.50     4         -     65.5
  scn_full_tight_P5_R20_seed2        ta_igvnd_wDLY  heuristic_     92829.00     179.00     926.50     0   +66.44%     60.3
  scn_full_tight_P5_R20_seed2        milp_job_wMOV  maxTimeLim      1659.50     245.50    1414.00     0         -     65.5
  scn_full_tight_P5_R20_seed2        ta_igvnd_wMOV  heuristic_      1099.84     149.53     950.31     0   +33.72%     60.9
  scn_hub_tight_P5_R10_seed2         milp_job_wMK   optimal         6989.00      68.50     121.00    18         -     19.3
  scn_hub_tight_P5_R10_seed2         ta_igvnd_wMK   heuristic_      7176.50      70.50     126.50     0    -2.68%     60.0
  scn_hub_tight_P5_R10_seed2         milp_job_wDLY  maxTimeLim     12522.50      70.50     124.50     2         -     60.7
  scn_hub_tight_P5_R10_seed2         ta_igvnd_wDLY  heuristic_     12430.51      70.51     123.56     4    +0.73%     60.0
  scn_hub_tight_P5_R10_seed2         milp_job_wMOV  maxTimeLim       196.00      70.50     125.50     0         -     60.6
  scn_hub_tight_P5_R10_seed2         ta_igvnd_wMOV  heuristic_       196.56      70.51     126.05     0    -0.29%     56.3
  scn_none_tight_P5_R10_seed2        milp_job_wMK   optimal         6858.50      67.50     108.50     0         -      0.3
  scn_none_tight_P5_R10_seed2        ta_igvnd_wMK   heuristic_      6858.50      67.50     108.50     0    +0.00%     11.8
  scn_none_tight_P5_R10_seed2        milp_job_wDLY  optimal        10917.50      67.50     108.50     0         -      2.0
  scn_none_tight_P5_R10_seed2        ta_igvnd_wDLY  heuristic_     10917.50      67.50     108.50     0    +0.00%     11.8
  scn_none_tight_P5_R10_seed2        milp_job_wMOV  optimal          176.00      67.50     108.50     0         -      2.1
  scn_none_tight_P5_R10_seed2        ta_igvnd_wMOV  heuristic_       176.00      67.50     108.50     0    +0.00%     10.9
  scn_triangle_loose_P5_R10_seed2    milp_job_wMK   optimal         6867.00      68.50       5.00    12         -     13.9
  scn_triangle_loose_P5_R10_seed2    ta_igvnd_wMK   heuristic_      7059.52      70.51       4.52     4    -2.80%     60.0
  scn_triangle_loose_P5_R10_seed2    milp_job_wDLY  optimal           81.50      71.50       0.00    10         -     18.6
  scn_triangle_loose_P5_R10_seed2    ta_igvnd_wDLY  heuristic_       348.51      77.51       2.53    18  -327.62%     60.0
  scn_triangle_loose_P5_R10_seed2    milp_job_wMOV  optimal           76.50      71.50       5.00     0         -      5.4
  scn_triangle_loose_P5_R10_seed2    ta_igvnd_wMOV  heuristic_        87.04      74.51      12.53     0   -13.78%     42.9
  scn_triangle_medium_P5_R10_seed2   milp_job_wMK   optimal         6927.50      68.50      65.50    12         -     14.9
  scn_triangle_medium_P5_R10_seed2   ta_igvnd_wMK   heuristic_      7129.04      70.51      70.04     8    -2.91%     60.0
  scn_triangle_medium_P5_R10_seed2   milp_job_wDLY  maxTimeLim      6733.00      71.00      66.50    12         -     60.5
  scn_triangle_medium_P5_R10_seed2   ta_igvnd_wDLY  heuristic_      6985.51      70.51      69.05    10    -3.75%     60.0
  scn_triangle_medium_P5_R10_seed2   milp_job_wMOV  maxTimeLim       139.00      71.50      67.50     0         -     60.5
  scn_triangle_medium_P5_R10_seed2   ta_igvnd_wMOV  heuristic_       133.56      71.51      62.05     0    +3.91%     60.0
  scn_triangle_tight_P5_R10_seed2    milp_job_wMK   optimal         6977.50      68.50     119.50     8         -     17.8
  scn_triangle_tight_P5_R10_seed2    ta_igvnd_wMK   heuristic_      7276.50      71.50     126.50     0    -4.29%     60.0
  scn_triangle_tight_P5_R10_seed2    milp_job_wDLY  maxTimeLim     11935.50      71.50     118.50    14         -     60.5
  scn_triangle_tight_P5_R10_seed2    ta_igvnd_wDLY  heuristic_     11984.51      71.51     119.05     8    -0.41%     60.0
  scn_triangle_tight_P5_R10_seed2    milp_job_wMOV  maxTimeLim       192.00      70.50     121.50     0         -     60.5
  scn_triangle_tight_P5_R10_seed2    ta_igvnd_wMOV  heuristic_       190.06      71.51     118.55     0    +1.01%     58.7
  scn_triangle_tight_P5_R20_seed2    milp_job_wMK   maxTimeLim     17403.00     164.00     985.00    18         -     61.8
  scn_triangle_tight_P5_R20_seed2    ta_igvnd_wMK   heuristic_     13699.50     129.50     749.50     0   +21.28%     60.1
  scn_triangle_tight_P5_R20_seed2    milp_job_wDLY  maxTimeLim     89877.50     175.50     897.00     2         -     61.8
  scn_triangle_tight_P5_R20_seed2    ta_igvnd_wDLY  heuristic_     70984.53     142.53     708.32    10   +21.02%     60.1
  scn_triangle_tight_P5_R20_seed2    milp_job_wMOV  maxTimeLim       956.50     151.00     805.50     0         -     61.8
  scn_triangle_tight_P5_R20_seed2    ta_igvnd_wMOV  heuristic_       844.85     137.53     707.32     0   +11.67%     28.4
  scn_triangle_tight_P5_R30_seed2    milp_job_wMK   maxTimeLim     34671.00     316.00    3069.00     2         -     69.7
  scn_triangle_tight_P5_R30_seed2    ta_igvnd_wMK   heuristic_     23133.00     212.50    1883.00     0   +33.28%     60.1
  scn_triangle_tight_P5_R30_seed2    milp_job_wDLY  maxTimeLim    252743.00     261.00    2524.50    32         -     64.6
  scn_triangle_tight_P5_R30_seed2    ta_igvnd_wDLY  heuristic_    207575.50     225.50    2073.50     0   +17.87%     60.0
  scn_triangle_tight_P5_R30_seed2    milp_job_wMOV  maxTimeLim      3643.50     333.50    3310.00     0         -     64.7
  scn_triangle_tight_P5_R30_seed2    ta_igvnd_wMOV  heuristic_      2266.00     232.50    2033.50     0   +37.81%     60.0
  scn_triangle_tight_P5_R5_seed2     milp_job_wMK   optimal         3700.00      37.00       0.00     0         -      0.1
  scn_triangle_tight_P5_R5_seed2     ta_igvnd_wMK   heuristic_      3700.00      37.00       0.00     0    +0.00%      3.9
  scn_triangle_tight_P5_R5_seed2     milp_job_wDLY  optimal           37.00      37.00       0.00     0         -      0.1
  scn_triangle_tight_P5_R5_seed2     ta_igvnd_wDLY  heuristic_        37.00      37.00       0.00     0    +0.00%      3.9
  scn_triangle_tight_P5_R5_seed2     milp_job_wMOV  optimal           37.00      37.00       0.00     0         -      0.1
  scn_triangle_tight_P5_R5_seed2     ta_igvnd_wMOV  heuristic_        37.00      37.00       0.00     0    +0.00%      2.9
  scn_two_rows_tight_P5_R10_seed2    milp_job_wMK   optimal         6926.00      68.00     118.00     8         -     11.3
  scn_two_rows_tight_P5_R10_seed2    ta_igvnd_wMK   heuristic_      6971.05      68.51     116.05     4    -0.65%     60.0
  scn_two_rows_tight_P5_R10_seed2    milp_job_wDLY  maxTimeLim     11530.50      74.50     114.50     6         -     60.8
  scn_two_rows_tight_P5_R10_seed2    ta_igvnd_wDLY  heuristic_     11480.51      71.51     114.05     4    +0.43%     60.0
  scn_two_rows_tight_P5_R10_seed2    milp_job_wMOV  maxTimeLim       191.00      71.50     119.50     0         -     60.4
  scn_two_rows_tight_P5_R10_seed2    ta_igvnd_wMOV  heuristic_       190.06      70.51     119.55     0    +0.49%     40.4
  scn_chain_tight_P5_R10_seed3       milp_job_wMK   maxTimeLim      6542.00      64.00     122.00    20         -     60.6
  scn_chain_tight_P5_R10_seed3       ta_igvnd_wMK   heuristic_      6692.05      65.51     129.05    12    -2.29%     60.1
  scn_chain_tight_P5_R10_seed3       milp_job_wDLY  maxTimeLim     12587.00      71.00     125.00    16         -     60.6
  scn_chain_tight_P5_R10_seed3       ta_igvnd_wDLY  heuristic_     11445.51      74.51     113.55    16    +9.07%     60.0
  scn_chain_tight_P5_R10_seed3       milp_job_wMOV  maxTimeLim       270.00      75.50     194.50     0         -     60.6
  scn_chain_tight_P5_R10_seed3       ta_igvnd_wMOV  heuristic_       286.11      90.53     195.58     0    -5.97%     50.5
  scn_full_tight_P5_R10_seed3        milp_job_wMK   maxTimeLim      7625.50      74.50     175.50     0         -     61.4
  scn_full_tight_P5_R10_seed3        ta_igvnd_wMK   heuristic_      7099.06      69.51     146.06     2    +6.90%     60.1
  scn_full_tight_P5_R10_seed3        milp_job_wDLY  maxTimeLim     21710.00     100.00     216.00    10         -     61.4
  scn_full_tight_P5_R10_seed3        ta_igvnd_wDLY  heuristic_     14351.51      69.51     142.56    26   +33.89%     60.2
  scn_full_tight_P5_R10_seed3        milp_job_wMOV  maxTimeLim       261.00      73.50     187.50     0         -     61.4
  scn_full_tight_P5_R10_seed3        ta_igvnd_wMOV  heuristic_       215.58      69.51     146.07     0   +17.40%     60.0
  scn_full_tight_P5_R20_seed3        milp_job_wMK   maxTimeLim     20484.50     190.00    1484.50     0         -     65.8
  scn_full_tight_P5_R20_seed3        ta_igvnd_wMK   heuristic_     17056.30     161.03     927.30    26   +16.74%     60.8
  scn_full_tight_P5_R20_seed3        milp_job_wDLY  maxTimeLim    207542.50     264.50    2072.50    28         -     70.0
  scn_full_tight_P5_R20_seed3        ta_igvnd_wDLY  heuristic_    110903.50     203.50    1107.00     0   +46.56%     60.3
  scn_full_tight_P5_R20_seed3        milp_job_wMOV  maxTimeLim      1693.50     238.00    1455.50     0         -     65.6
  scn_full_tight_P5_R20_seed3        ta_igvnd_wMOV  heuristic_      1067.84     168.04     899.80     0   +36.94%     60.1
  scn_hub_tight_P5_R10_seed3         milp_job_wMK   maxTimeLim      6674.00      65.00     170.00     4         -     64.6
  scn_hub_tight_P5_R10_seed3         ta_igvnd_wMK   heuristic_      6783.55      66.51     128.55     4    -1.64%     60.0
  scn_hub_tight_P5_R10_seed3         milp_job_wDLY  maxTimeLim     11841.50      75.50     117.50    16         -     60.6
  scn_hub_tight_P5_R10_seed3         ta_igvnd_wDLY  heuristic_     11831.51      67.51     117.54    10    +0.08%     60.0
  scn_hub_tight_P5_R10_seed3         milp_job_wMOV  maxTimeLim       192.00      66.50     125.50     0         -     60.6
  scn_hub_tight_P5_R10_seed3         ta_igvnd_wMOV  heuristic_       188.57      66.51     122.06     0    +1.79%     51.7
  scn_none_tight_P5_R10_seed3        milp_job_wMK   optimal         6347.50      62.50      97.50     0         -      0.2
  scn_none_tight_P5_R10_seed3        ta_igvnd_wMK   heuristic_      6347.50      62.50      97.50     0    +0.00%     13.0
  scn_none_tight_P5_R10_seed3        milp_job_wDLY  optimal         9812.50      62.50      97.50     0         -      2.9
  scn_none_tight_P5_R10_seed3        ta_igvnd_wDLY  heuristic_     11516.50      66.50     114.50     0   -17.37%      9.9
  scn_none_tight_P5_R10_seed3        milp_job_wMOV  optimal          160.00      62.50      97.50     0         -      2.3
  scn_none_tight_P5_R10_seed3        ta_igvnd_wMOV  heuristic_       181.00      66.50     114.50     0   -13.12%     10.0
  scn_triangle_loose_P5_R10_seed3    milp_job_wMK   optimal         6268.50      62.50       8.50    10         -     24.5
  scn_triangle_loose_P5_R10_seed3    ta_igvnd_wMK   heuristic_      6272.51      62.51       9.51    12    -0.06%     60.0
  scn_triangle_loose_P5_R10_seed3    milp_job_wDLY  optimal           73.00      65.00       0.00     8         -     13.1
  scn_triangle_loose_P5_R10_seed3    ta_igvnd_wDLY  heuristic_       834.51      69.51       7.53    12  -1043.16%     60.0
  scn_triangle_loose_P5_R10_seed3    milp_job_wMOV  optimal           72.50      65.50       7.00     0         -      8.8
  scn_triangle_loose_P5_R10_seed3    ta_igvnd_wMOV  heuristic_        71.54      65.51       6.03     0    +1.32%     50.8
  scn_triangle_medium_P5_R10_seed3   milp_job_wMK   optimal         6326.50      62.50      64.50    12         -     16.6
  scn_triangle_medium_P5_R10_seed3   ta_igvnd_wMK   heuristic_      6336.55      62.51      73.55    12    -0.16%     60.0
  scn_triangle_medium_P5_R10_seed3   milp_job_wDLY  maxTimeLim      6328.50      66.50      62.50    12         -     60.4
  scn_triangle_medium_P5_R10_seed3   ta_igvnd_wDLY  heuristic_      6284.51      67.51      62.05    12    +0.70%     60.0
  scn_triangle_medium_P5_R10_seed3   milp_job_wMOV  maxTimeLim       134.00      66.50      67.50     0         -     60.5
  scn_triangle_medium_P5_R10_seed3   ta_igvnd_wMOV  heuristic_       138.56      68.51      70.05     0    -3.40%     47.6
  scn_triangle_tight_P5_R10_seed3    milp_job_wMK   optimal         6368.50      62.50     108.50    10         -     22.3
  scn_triangle_tight_P5_R10_seed3    ta_igvnd_wMK   heuristic_      6367.04      62.51     106.04    10    +0.02%     60.0
  scn_triangle_tight_P5_R10_seed3    milp_job_wDLY  maxTimeLim     11336.00      74.00     112.50    12         -     60.5
  scn_triangle_tight_P5_R10_seed3    ta_igvnd_wDLY  heuristic_     11073.51      67.51     110.06     0    +2.32%     60.0
  scn_triangle_tight_P5_R10_seed3    milp_job_wMOV  maxTimeLim       183.00      69.50     113.50     0         -     60.5
  scn_triangle_tight_P5_R10_seed3    ta_igvnd_wMOV  heuristic_       177.57      67.51     110.06     0    +2.97%     45.4
  scn_triangle_tight_P5_R20_seed3    milp_job_wMK   maxTimeLim     16473.00     155.00     957.00    16         -     63.5
  scn_triangle_tight_P5_R20_seed3    ta_igvnd_wMK   heuristic_     14012.30     132.53     759.30     0   +14.94%     60.1
  scn_triangle_tight_P5_R20_seed3    milp_job_wDLY  maxTimeLim     77109.00     145.00     769.50    14         -     62.9
  scn_triangle_tight_P5_R20_seed3    ta_igvnd_wDLY  heuristic_     74740.50     140.50     746.00     0    +3.07%     24.6
  scn_triangle_tight_P5_R20_seed3    milp_job_wMOV  maxTimeLim      1005.50     150.50     855.00     0         -     61.9
  scn_triangle_tight_P5_R20_seed3    ta_igvnd_wMOV  heuristic_       859.34     134.53     724.81     0   +14.54%     60.0
  scn_triangle_tight_P5_R30_seed3    milp_job_wMK   maxTimeLim     38087.00     342.50    3837.00     0         -     64.7
  scn_triangle_tight_P5_R30_seed3    ta_igvnd_wMK   heuristic_     24240.00     220.50    2190.00     0   +36.36%     60.0
  scn_triangle_tight_P5_R30_seed3    milp_job_wDLY  maxTimeLim    339120.00     360.00    3387.50    10         -     64.6
  scn_triangle_tight_P5_R30_seed3    ta_igvnd_wDLY  heuristic_    211429.50     229.50    2112.00     0   +37.65%     60.1
  scn_triangle_tight_P5_R30_seed3    milp_job_wMOV  maxTimeLim      3820.50     374.00    3446.50     0         -     64.6
  scn_triangle_tight_P5_R30_seed3    ta_igvnd_wMOV  heuristic_      2319.83     229.55    2090.28     0   +39.28%     60.0
  scn_triangle_tight_P5_R5_seed3     milp_job_wMK   optimal         3101.00      31.00       1.00     0         -      0.2
  scn_triangle_tight_P5_R5_seed3     ta_igvnd_wMK   heuristic_      3112.50      31.00      12.50     0    -0.37%      2.9
  scn_triangle_tight_P5_R5_seed3     milp_job_wDLY  optimal           33.00      31.00       0.00     2         -      0.4
  scn_triangle_tight_P5_R5_seed3     ta_igvnd_wDLY  heuristic_        33.00      31.00       0.00     2    +0.00%      7.9
  scn_triangle_tight_P5_R5_seed3     milp_job_wMOV  optimal           32.00      31.00       1.00     0         -      0.2
  scn_triangle_tight_P5_R5_seed3     ta_igvnd_wMOV  heuristic_        32.00      31.00       1.00     0    +0.00%      3.7
  scn_two_rows_tight_P5_R10_seed3    milp_job_wMK   optimal         6360.50      62.50     110.50     0         -     25.5
  scn_two_rows_tight_P5_R10_seed3    ta_igvnd_wMK   heuristic_      6354.55      62.51     103.55     0    +0.09%     60.0
  scn_two_rows_tight_P5_R10_seed3    milp_job_wDLY  maxTimeLim     10326.50      68.50     102.50     8         -     60.4
  scn_two_rows_tight_P5_R10_seed3    ta_igvnd_wDLY  heuristic_     10026.51      67.51      99.55     4    +2.91%     60.0
  scn_two_rows_tight_P5_R10_seed3    milp_job_wMOV  maxTimeLim       169.00      64.50     104.50     0         -     60.4
  scn_two_rows_tight_P5_R10_seed3    ta_igvnd_wMOV  heuristic_       166.06      62.51     103.55     0    +1.74%     33.6
  scn_chain_tight_P5_R10_seed4       milp_job_wMK   maxTimeLim      7207.50      70.50     145.50    12         -     60.6
  scn_chain_tight_P5_R10_seed4       ta_igvnd_wMK   heuristic_      7014.55      68.51     147.55    16    +2.68%     60.0
  scn_chain_tight_P5_R10_seed4       milp_job_wDLY  maxTimeLim     13497.50      77.50     134.00    20         -     60.7
  scn_chain_tight_P5_R10_seed4       ta_igvnd_wDLY  heuristic_     13042.51      81.51     129.55     6    +3.37%     60.0
  scn_chain_tight_P5_R10_seed4       milp_job_wMOV  maxTimeLim       237.00      82.50     154.50     0         -     60.6
  scn_chain_tight_P5_R10_seed4       ta_igvnd_wMOV  heuristic_       300.60      97.52     203.08     0   -26.84%     60.0
  scn_full_tight_P5_R10_seed4        milp_job_wMK   maxTimeLim      8143.00      79.00     209.00    34         -     61.4
  scn_full_tight_P5_R10_seed4        ta_igvnd_wMK   heuristic_      7937.08      77.51     174.08    12    +2.53%     60.0
  scn_full_tight_P5_R10_seed4        milp_job_wDLY  maxTimeLim     23290.00      86.00     232.00     4         -     61.5
  scn_full_tight_P5_R10_seed4        ta_igvnd_wDLY  heuristic_     15348.51      84.51     152.56     8   +34.10%     60.0
  scn_full_tight_P5_R10_seed4        milp_job_wMOV  maxTimeLim       306.00      85.50     220.50     0         -     62.0
  scn_full_tight_P5_R10_seed4        ta_igvnd_wMOV  heuristic_       360.53     105.00     255.53     0   -17.82%     60.0
  scn_full_tight_P5_R20_seed4        milp_job_wMK   maxTimeLim     34009.50     314.00    2581.50    28         -     66.6
  scn_full_tight_P5_R20_seed4        ta_igvnd_wMK   heuristic_     15966.80     148.53    1085.80    28   +53.05%     60.3
  scn_full_tight_P5_R20_seed4        milp_job_wDLY  maxTimeLim    245350.00     328.00    2450.00    22         -     65.6
  scn_full_tight_P5_R20_seed4        ta_igvnd_wDLY  heuristic_    103324.55     185.55    1030.87    52   +57.89%     60.2
  scn_full_tight_P5_R20_seed4        milp_job_wMOV  maxTimeLim      1370.00     197.00    1173.00     0         -     66.0
  scn_full_tight_P5_R20_seed4        ta_igvnd_wMOV  heuristic_      1078.86     151.53     927.33     0   +21.25%     60.0
  scn_hub_tight_P5_R10_seed4         milp_job_wMK   optimal         6894.00      67.50     140.00     4         -     50.0
  scn_hub_tight_P5_R10_seed4         ta_igvnd_wMK   heuristic_      6903.55      67.51     140.55    12    -0.14%     60.0
  scn_hub_tight_P5_R10_seed4         milp_job_wDLY  maxTimeLim     13633.50      81.50     135.50     2         -     60.6
  scn_hub_tight_P5_R10_seed4         ta_igvnd_wDLY  heuristic_     12626.50      76.50     125.50     0    +7.39%     60.0
  scn_hub_tight_P5_R10_seed4         milp_job_wMOV  maxTimeLim       202.00      76.50     125.50     0         -     60.6
  scn_hub_tight_P5_R10_seed4         ta_igvnd_wMOV  heuristic_       239.09      79.02     160.07     0   -18.36%     48.3
  scn_none_tight_P5_R10_seed4        milp_job_wMK   optimal         6780.50      66.50     130.50     0         -      0.5
  scn_none_tight_P5_R10_seed4        ta_igvnd_wMK   heuristic_      6780.50      66.50     130.50     0    +0.00%     12.9
  scn_none_tight_P5_R10_seed4        milp_job_wDLY  optimal        11622.50      72.50     115.50     0         -      4.4
  scn_none_tight_P5_R10_seed4        ta_igvnd_wDLY  heuristic_     11626.50      76.50     115.50     0    -0.03%     10.4
  scn_none_tight_P5_R10_seed4        milp_job_wMOV  optimal          188.00      72.50     115.50     0         -      2.5
  scn_none_tight_P5_R10_seed4        ta_igvnd_wMOV  heuristic_       188.00      72.50     115.50     0    +0.00%     10.3
  scn_triangle_loose_P5_R10_seed4    milp_job_wMK   optimal         6749.50      67.00      37.50    12         -     15.8
  scn_triangle_loose_P5_R10_seed4    ta_igvnd_wMK   heuristic_      6998.54      69.51      43.54     4    -3.69%     60.0
  scn_triangle_loose_P5_R10_seed4    milp_job_wDLY  optimal          240.50      82.50       1.50     8         -     19.1
  scn_triangle_loose_P5_R10_seed4    ta_igvnd_wDLY  heuristic_        89.51      81.51       0.00     8   +62.78%     60.0
  scn_triangle_loose_P5_R10_seed4    milp_job_wMOV  optimal           82.50      72.50      10.00     0         -     11.1
  scn_triangle_loose_P5_R10_seed4    ta_igvnd_wMOV  heuristic_        80.03      72.51       7.52     0    +2.99%     58.2
  scn_triangle_medium_P5_R10_seed4   milp_job_wMK   optimal         6810.00      67.00      98.00    12         -     30.0
  scn_triangle_medium_P5_R10_seed4   ta_igvnd_wMK   heuristic_      6849.55      67.51      96.55     2    -0.58%     60.0
  scn_triangle_medium_P5_R10_seed4   milp_job_wDLY  maxTimeLim      7332.50      72.50      72.50    10         -     60.5
  scn_triangle_medium_P5_R10_seed4   ta_igvnd_wDLY  heuristic_      7141.51      76.51      70.55    10    +2.60%     60.0
  scn_triangle_medium_P5_R10_seed4   milp_job_wMOV  maxTimeLim       149.00      72.50      76.50     0         -     60.5
  scn_triangle_medium_P5_R10_seed4   ta_igvnd_wMOV  heuristic_       142.56      72.51      70.05     0    +4.32%     60.0
  scn_triangle_tight_P5_R10_seed4    milp_job_wMK   optimal         6854.50      67.00     142.50    12         -     28.2
  scn_triangle_tight_P5_R10_seed4    ta_igvnd_wMK   heuristic_      6887.05      67.51     136.05     0    -0.47%     60.0
  scn_triangle_tight_P5_R10_seed4    milp_job_wDLY  maxTimeLim     12732.50      72.50     126.50    10         -     60.6
  scn_triangle_tight_P5_R10_seed4    ta_igvnd_wDLY  heuristic_     12035.51      72.51     119.55     8    +5.47%     60.0
  scn_triangle_tight_P5_R10_seed4    milp_job_wMOV  maxTimeLim       199.00      72.50     126.50     0         -     60.5
  scn_triangle_tight_P5_R10_seed4    ta_igvnd_wMOV  heuristic_       196.56      76.51     120.05     0    +1.23%     59.1
  scn_triangle_tight_P5_R20_seed4    milp_job_wMK   maxTimeLim     15694.00     148.00     868.00    26         -     61.8
  scn_triangle_tight_P5_R20_seed4    ta_igvnd_wMK   heuristic_     13828.20     129.53     871.20     4   +11.89%     60.0
  scn_triangle_tight_P5_R20_seed4    milp_job_wDLY  maxTimeLim     85023.50     147.50     848.50    26         -     61.9
  scn_triangle_tight_P5_R20_seed4    ta_igvnd_wDLY  heuristic_     77843.00     143.00     777.00     0    +8.45%     23.9
  scn_triangle_tight_P5_R20_seed4    milp_job_wMOV  maxTimeLim      1000.00     149.50     850.50     0         -     61.9
  scn_triangle_tight_P5_R20_seed4    ta_igvnd_wMOV  heuristic_       847.83     136.53     711.30     0   +15.22%     60.0
  scn_triangle_tight_P5_R30_seed4    milp_job_wMK   maxTimeLim     33160.00     303.00    2860.00     0         -     64.7
  scn_triangle_tight_P5_R30_seed4    ta_igvnd_wMK   heuristic_     24508.50     223.50    2158.50     0   +26.09%     60.1
  scn_triangle_tight_P5_R30_seed4    milp_job_wDLY  maxTimeLim    280089.50     289.50    2798.00     0         -     64.6
  scn_triangle_tight_P5_R30_seed4    ta_igvnd_wDLY  heuristic_    216785.50     235.50    2165.50     0   +22.60%     60.0
  scn_triangle_tight_P5_R30_seed4    milp_job_wMOV  maxTimeLim      3048.50     295.50    2753.00     0         -     69.0
  scn_triangle_tight_P5_R30_seed4    ta_igvnd_wMOV  heuristic_      2377.81     226.55    2151.26     0   +22.00%     60.0
  scn_triangle_tight_P5_R5_seed4     milp_job_wMK   optimal         4401.00      44.00       1.00     0         -      0.3
  scn_triangle_tight_P5_R5_seed4     ta_igvnd_wMK   heuristic_      4401.00      44.00       1.00     0    +0.00%      6.6
  scn_triangle_tight_P5_R5_seed4     milp_job_wDLY  optimal           46.00      44.00       0.00     2         -      0.4
  scn_triangle_tight_P5_R5_seed4     ta_igvnd_wDLY  heuristic_       243.00      44.00       1.99     0  -428.26%      4.4
  scn_triangle_tight_P5_R5_seed4     milp_job_wMOV  optimal           45.00      44.00       1.00     0         -      0.2
  scn_triangle_tight_P5_R5_seed4     ta_igvnd_wMOV  heuristic_        44.01      44.00       0.01     0    +2.20%      3.4
  scn_two_rows_tight_P5_R10_seed4    milp_job_wMK   optimal         6789.50      66.50     135.50     4         -     13.4
  scn_two_rows_tight_P5_R10_seed4    ta_igvnd_wMK   heuristic_      6781.55      66.51     130.55     0    +0.12%     60.0
  scn_two_rows_tight_P5_R10_seed4    milp_job_wDLY  maxTimeLim     12231.50      77.50     121.50     4         -     60.4
  scn_two_rows_tight_P5_R10_seed4    ta_igvnd_wDLY  heuristic_     11627.51      72.51     115.55     0    +4.94%     60.0
  scn_two_rows_tight_P5_R10_seed4    milp_job_wMOV  maxTimeLim       194.00      72.50     121.50     0         -     60.4
  scn_two_rows_tight_P5_R10_seed4    ta_igvnd_wMOV  heuristic_       188.06      72.51     115.55     0    +3.06%     37.0
  scn_chain_tight_P5_R10_seed5       milp_job_wMK   maxTimeLim      5979.50      58.50     113.50    16         -     60.5
  scn_chain_tight_P5_R10_seed5       ta_igvnd_wMK   heuristic_      6033.53      59.01     120.53    12    -0.90%     60.0
  scn_chain_tight_P5_R10_seed5       milp_job_wDLY  maxTimeLim     11778.00      66.00     117.00    12         -     60.6
  scn_chain_tight_P5_R10_seed5       ta_igvnd_wDLY  heuristic_     10481.51      62.51     104.05    14   +11.01%     60.1
  scn_chain_tight_P5_R10_seed5       milp_job_wMOV  maxTimeLim       223.00      69.50     153.50     0         -     60.6
  scn_chain_tight_P5_R10_seed5       ta_igvnd_wMOV  heuristic_       252.11      86.52     165.59     0   -13.05%     45.6
  scn_full_tight_P5_R10_seed5        milp_job_wMK   maxTimeLim      7100.50      69.00     174.50    26         -     61.3
  scn_full_tight_P5_R10_seed5        ta_igvnd_wMK   heuristic_      7178.54      69.51     211.54    16    -1.10%     60.1
  scn_full_tight_P5_R10_seed5        milp_job_wDLY  maxTimeLim     17657.50      81.50     175.50    26         -     62.9
  scn_full_tight_P5_R10_seed5        ta_igvnd_wDLY  heuristic_     14752.51      70.51     146.60    22   +16.45%     60.1
  scn_full_tight_P5_R10_seed5        milp_job_wMOV  maxTimeLim       262.00      71.50     190.50     0         -     61.3
  scn_full_tight_P5_R10_seed5        ta_igvnd_wMOV  heuristic_       187.09      64.51     122.58     0   +28.59%     60.0
  scn_full_tight_P5_R20_seed5        milp_job_wMK   maxTimeLim     34320.00     318.00    2520.00     0         -     65.6
  scn_full_tight_P5_R20_seed5        ta_igvnd_wMK   heuristic_     17172.86     161.54     990.86    28   +49.96%     60.2
  scn_full_tight_P5_R20_seed5        milp_job_wDLY  maxTimeLim    214158.50     282.50    2138.50    26         -     65.5
  scn_full_tight_P5_R20_seed5        ta_igvnd_wDLY  heuristic_     95347.50     147.50     952.00     0   +55.48%     60.3
  scn_full_tight_P5_R20_seed5        milp_job_wMOV  maxTimeLim      1868.50     249.00    1619.50     0         -     65.5
  scn_full_tight_P5_R20_seed5        ta_igvnd_wMOV  heuristic_      1009.32     141.53     867.79     0   +45.98%     60.1
  scn_hub_tight_P5_R10_seed5         milp_job_wMK   maxTimeLim      5879.50      57.50     117.50    12         -     60.6
  scn_hub_tight_P5_R10_seed5         ta_igvnd_wMK   heuristic_      6064.05      59.51     101.05    12    -3.14%     60.1
  scn_hub_tight_P5_R10_seed5         milp_job_wDLY  maxTimeLim     10593.00      75.00     105.00    18         -     60.6
  scn_hub_tight_P5_R10_seed5         ta_igvnd_wDLY  heuristic_     10686.51      64.51     106.06    16    -0.88%     60.1
  scn_hub_tight_P5_R10_seed5         milp_job_wMOV  maxTimeLim       180.00      61.50     118.50     0         -     60.6
  scn_hub_tight_P5_R10_seed5         ta_igvnd_wMOV  heuristic_       192.08      64.52     127.56     0    -6.71%     36.7
  scn_none_tight_P5_R10_seed5        milp_job_wMK   optimal         5635.50      55.50      85.50     0         -      0.1
  scn_none_tight_P5_R10_seed5        ta_igvnd_wMK   heuristic_      5635.50      55.50      85.50     0    +0.00%     13.9
  scn_none_tight_P5_R10_seed5        milp_job_wDLY  optimal         8605.50      55.50      85.50     0         -      2.4
  scn_none_tight_P5_R10_seed5        ta_igvnd_wDLY  heuristic_      8610.50      60.50      85.50     0    -0.06%      9.9
  scn_none_tight_P5_R10_seed5        milp_job_wMOV  optimal          141.00      55.50      85.50     0         -      1.8
  scn_none_tight_P5_R10_seed5        ta_igvnd_wMOV  heuristic_       146.00      60.50      85.50     0    -3.55%      9.6
  scn_triangle_loose_P5_R10_seed5    milp_job_wMK   optimal         5685.00      56.50      27.00     8         -     18.8
  scn_triangle_loose_P5_R10_seed5    ta_igvnd_wMK   heuristic_      5772.50      57.51      13.50     8    -1.54%     60.0
  scn_triangle_loose_P5_R10_seed5    milp_job_wDLY  optimal           69.50      63.50       0.00     6         -     24.9
  scn_triangle_loose_P5_R10_seed5    ta_igvnd_wDLY  heuristic_       232.02      69.02       1.53    10  -233.84%     60.0
  scn_triangle_loose_P5_R10_seed5    milp_job_wMOV  optimal           61.50      60.50       1.00     0         -      5.2
  scn_triangle_loose_P5_R10_seed5    ta_igvnd_wMOV  heuristic_        74.03      67.51       6.52     0   -20.37%     39.3
  scn_triangle_medium_P5_R10_seed5   milp_job_wMK   optimal         5728.50      56.50      70.50     8         -     27.3
  scn_triangle_medium_P5_R10_seed5   ta_igvnd_wMK   heuristic_      5924.55      58.51      57.55    16    -3.42%     60.1
  scn_triangle_medium_P5_R10_seed5   milp_job_wDLY  maxTimeLim      5585.00      73.00      55.00    12         -     60.4
  scn_triangle_medium_P5_R10_seed5   ta_igvnd_wDLY  heuristic_      4773.51      60.51      47.05     8   +14.53%     60.0
  scn_triangle_medium_P5_R10_seed5   milp_job_wMOV  maxTimeLim       114.00      60.50      53.50     0         -     60.4
  scn_triangle_medium_P5_R10_seed5   ta_igvnd_wMOV  heuristic_       107.06      59.01      48.05     0    +6.09%     45.2
  scn_triangle_tight_P5_R10_seed5    milp_job_wMK   optimal         5762.50      56.50     104.50     8         -     40.0
  scn_triangle_tight_P5_R10_seed5    ta_igvnd_wMK   heuristic_      5866.55      57.51     103.55    12    -1.81%     60.0
  scn_triangle_tight_P5_R10_seed5    milp_job_wDLY  maxTimeLim     10372.00      60.00     103.00    12         -     60.4
  scn_triangle_tight_P5_R10_seed5    ta_igvnd_wDLY  heuristic_     10127.51      64.51     100.55     8    +2.36%     60.0
  scn_triangle_tight_P5_R10_seed5    milp_job_wMOV  maxTimeLim       163.00      60.50     102.50     0         -     60.5
  scn_triangle_tight_P5_R10_seed5    ta_igvnd_wMOV  heuristic_       174.01      63.50     110.51     0    -6.75%     39.7
  scn_triangle_tight_P5_R20_seed5    milp_job_wMK   maxTimeLim     16442.50     156.50     776.50    16         -     61.9
  scn_triangle_tight_P5_R20_seed5    ta_igvnd_wMK   heuristic_     13028.31     123.53     657.31    18   +20.76%     60.0
  scn_triangle_tight_P5_R20_seed5    milp_job_wDLY  maxTimeLim     82773.50     165.50     826.00     8         -     61.8
  scn_triangle_tight_P5_R20_seed5    ta_igvnd_wDLY  heuristic_     68286.50     136.50     681.50     0   +17.50%     23.4
  scn_triangle_tight_P5_R20_seed5    milp_job_wMOV  maxTimeLim       980.00     160.50     819.50     0         -     61.8
  scn_triangle_tight_P5_R20_seed5    ta_igvnd_wMOV  heuristic_       824.84     136.53     688.31     0   +15.83%     25.9
  scn_triangle_tight_P5_R30_seed5    milp_job_wMK   maxTimeLim     40389.00     366.00    3789.00     0         -     64.7
  scn_triangle_tight_P5_R30_seed5    ta_igvnd_wMK   heuristic_     24306.00     221.50    2156.00     0   +39.82%     60.0
  scn_triangle_tight_P5_R30_seed5    milp_job_wDLY  maxTimeLim    385716.50     366.50    3853.50     0         -     64.7
  scn_triangle_tight_P5_R30_seed5    ta_igvnd_wDLY  heuristic_    210884.50     234.50    2106.50     0   +45.33%     60.1
  scn_triangle_tight_P5_R30_seed5    milp_job_wMOV  maxTimeLim      3481.50     374.00    3107.50     0         -     64.7
  scn_triangle_tight_P5_R30_seed5    ta_igvnd_wMOV  heuristic_      2318.81     231.55    2087.26     0   +33.40%     60.0
  scn_triangle_tight_P5_R5_seed5     milp_job_wMK   optimal         3201.00      32.00       1.00     0         -      0.3
  scn_triangle_tight_P5_R5_seed5     ta_igvnd_wMK   heuristic_      3200.01      32.00       0.01     0    +0.03%      4.9
  scn_triangle_tight_P5_R5_seed5     milp_job_wDLY  optimal           34.00      32.00       0.00     2         -      0.4
  scn_triangle_tight_P5_R5_seed5     ta_igvnd_wDLY  heuristic_        33.00      32.00       0.01     0    +2.94%      5.2
  scn_triangle_tight_P5_R5_seed5     milp_job_wMOV  optimal           33.00      32.00       1.00     0         -      0.2
  scn_triangle_tight_P5_R5_seed5     ta_igvnd_wMOV  heuristic_        36.01      32.00       4.01     0    -9.12%      3.5
  scn_two_rows_tight_P5_R10_seed5    milp_job_wMK   optimal         5671.50      55.50     111.50    10         -     19.5
  scn_two_rows_tight_P5_R10_seed5    ta_igvnd_wMK   heuristic_      5753.05      56.51      96.05     6    -1.44%     60.0
  scn_two_rows_tight_P5_R10_seed5    milp_job_wDLY  maxTimeLim      9414.50      60.50      93.50     4         -     60.4
  scn_two_rows_tight_P5_R10_seed5    ta_igvnd_wDLY  heuristic_      9168.51      59.51      91.05     4    +2.61%     60.0
  scn_two_rows_tight_P5_R10_seed5    milp_job_wMOV  maxTimeLim       156.00      60.50      95.50     0         -     60.4
  scn_two_rows_tight_P5_R10_seed5    ta_igvnd_wMOV  heuristic_       160.06      64.51      95.55     0    -2.60%     35.7
  scn_chain_tight_P5_R10_seed6       milp_job_wMK   maxTimeLim      6781.50      66.50     119.50    12         -     60.6
  scn_chain_tight_P5_R10_seed6       ta_igvnd_wMK   heuristic_      6903.02      67.50     139.02    14    -1.79%     60.0
  scn_chain_tight_P5_R10_seed6       milp_job_wDLY  maxTimeLim     12735.50      69.50     126.50    16         -     60.6
  scn_chain_tight_P5_R10_seed6       ta_igvnd_wDLY  heuristic_     12439.51      68.51     123.55    16    +2.32%     60.1
  scn_chain_tight_P5_R10_seed6       milp_job_wMOV  maxTimeLim       271.00      77.50     193.50     0         -     60.6
  scn_chain_tight_P5_R10_seed6       ta_igvnd_wMOV  heuristic_       311.08      96.02     215.06     0   -14.79%     46.1
  scn_full_tight_P5_R10_seed6        milp_job_wMK   maxTimeLim      7524.50      73.50     156.50    18         -     61.3
  scn_full_tight_P5_R10_seed6        ta_igvnd_wMK   heuristic_      7150.05      70.01     149.05     0    +4.98%     60.0
  scn_full_tight_P5_R10_seed6        milp_job_wDLY  maxTimeLim     21639.00     107.00     215.00    32         -     61.4
  scn_full_tight_P5_R10_seed6        ta_igvnd_wDLY  heuristic_     15583.51      70.51     155.05     8   +27.98%     60.1
  scn_full_tight_P5_R10_seed6        milp_job_wMOV  maxTimeLim       242.00      74.50     167.50     0         -     61.4
  scn_full_tight_P5_R10_seed6        ta_igvnd_wMOV  heuristic_       266.08      87.02     179.06     0    -9.95%     60.0
  scn_full_tight_P5_R20_seed6        milp_job_wMK   maxTimeLim     39477.00     367.00    2753.00    24         -     66.4
  scn_full_tight_P5_R20_seed6        ta_igvnd_wMK   heuristic_     18156.84     169.04    1200.84    52   +54.01%     60.3
  scn_full_tight_P5_R20_seed6        milp_job_wDLY  maxTimeLim    236130.50     326.50    2358.00     4         -     65.5
  scn_full_tight_P5_R20_seed6        ta_igvnd_wDLY  heuristic_    110875.54     156.54    1106.91    28   +53.04%     60.6
  scn_full_tight_P5_R20_seed6        milp_job_wMOV  maxTimeLim      1788.00     230.50    1557.50     0         -     69.6
  scn_full_tight_P5_R20_seed6        ta_igvnd_wMOV  heuristic_       975.23     149.53     825.70     0   +45.46%     60.0
  scn_hub_tight_P5_R10_seed6         milp_job_wMK   optimal         6597.50      64.50     131.50    16         -     17.6
  scn_hub_tight_P5_R10_seed6         ta_igvnd_wMK   heuristic_      6598.55      64.51     131.55    16    -0.02%     60.0
  scn_hub_tight_P5_R10_seed6         milp_job_wDLY  maxTimeLim     12632.50      74.50     125.50     8         -     60.6
  scn_hub_tight_P5_R10_seed6         ta_igvnd_wDLY  heuristic_     11836.51      73.51     117.55     8    +6.30%     60.1
  scn_hub_tight_P5_R10_seed6         milp_job_wMOV  maxTimeLim       195.00      66.50     128.50     0         -     60.6
  scn_hub_tight_P5_R10_seed6         ta_igvnd_wMOV  heuristic_       223.00      88.00     135.00     0   -14.36%     60.0
  scn_none_tight_P5_R10_seed6        milp_job_wMK   optimal         6553.50      64.50     103.50     0         -      0.2
  scn_none_tight_P5_R10_seed6        ta_igvnd_wMK   heuristic_      6553.50      64.50     103.50     0    +0.00%     10.1
  scn_none_tight_P5_R10_seed6        milp_job_wDLY  optimal        10414.50      64.50     103.50     0         -      3.0
  scn_none_tight_P5_R10_seed6        ta_igvnd_wDLY  heuristic_     11216.50      66.50     111.50     0    -7.70%     10.1
  scn_none_tight_P5_R10_seed6        milp_job_wMOV  optimal          168.00      64.50     103.50     0         -      2.3
  scn_none_tight_P5_R10_seed6        ta_igvnd_wMOV  heuristic_       178.00      66.50     111.50     0    -5.95%     10.0
  scn_triangle_loose_P5_R10_seed6    milp_job_wMK   optimal         6481.50      64.50      23.50     8         -     16.9
  scn_triangle_loose_P5_R10_seed6    ta_igvnd_wMK   heuristic_      6465.06      64.51       6.06     8    +0.25%     60.0
  scn_triangle_loose_P5_R10_seed6    milp_job_wDLY  optimal          425.50      67.50       3.50     8         -     25.7
  scn_triangle_loose_P5_R10_seed6    ta_igvnd_wDLY  heuristic_       219.51      67.51       1.52     0   +48.41%     60.0
  scn_triangle_loose_P5_R10_seed6    milp_job_wMOV  optimal           73.50      65.50       8.00     0         -     11.8
  scn_triangle_loose_P5_R10_seed6    ta_igvnd_wMOV  heuristic_        70.04      67.51       2.53     0    +4.71%     57.4
  scn_triangle_medium_P5_R10_seed6   milp_job_wMK   optimal         6536.50      64.50      78.50     8         -     24.7
  scn_triangle_medium_P5_R10_seed6   ta_igvnd_wMK   heuristic_      6620.55      65.51      69.55     0    -1.29%     60.0
  scn_triangle_medium_P5_R10_seed6   milp_job_wDLY  maxTimeLim      6928.50      68.50      68.50    10         -     60.5
  scn_triangle_medium_P5_R10_seed6   ta_igvnd_wDLY  heuristic_      6469.51      64.51      64.05     0    +6.62%     60.0
  scn_triangle_medium_P5_R10_seed6   milp_job_wMOV  maxTimeLim       137.00      65.50      71.50     0         -     60.5
  scn_triangle_medium_P5_R10_seed6   ta_igvnd_wMOV  heuristic_       132.06      65.51      66.55     0    +3.61%     41.7
  scn_triangle_tight_P5_R10_seed6    milp_job_wMK   optimal         6580.50      64.50     122.50     8         -     18.8
  scn_triangle_tight_P5_R10_seed6    ta_igvnd_wMK   heuristic_      6577.55      64.51     118.55     8    +0.04%     60.0
  scn_triangle_tight_P5_R10_seed6    milp_job_wDLY  maxTimeLim     12538.50      76.50     124.50    12         -     60.5
  scn_triangle_tight_P5_R10_seed6    ta_igvnd_wDLY  heuristic_     11223.51      65.51     111.56     2   +10.49%     60.0
  scn_triangle_tight_P5_R10_seed6    milp_job_wMOV  maxTimeLim       185.00      65.50     119.50     0         -     60.5
  scn_triangle_tight_P5_R10_seed6    ta_igvnd_wMOV  heuristic_       181.06      65.51     115.55     0    +2.13%     49.8
  scn_triangle_tight_P5_R20_seed6    milp_job_wMK   maxTimeLim     16478.50     156.00     862.50    16         -     61.8
  scn_triangle_tight_P5_R20_seed6    ta_igvnd_wMK   heuristic_     13558.00     128.50     708.00     0   +17.72%     60.0
  scn_triangle_tight_P5_R20_seed6    milp_job_wDLY  maxTimeLim     70561.00     151.00     704.00    10         -     61.8
  scn_triangle_tight_P5_R20_seed6    ta_igvnd_wDLY  heuristic_     73888.50     138.50     737.50     0    -4.72%     23.7
  scn_triangle_tight_P5_R20_seed6    milp_job_wMOV  maxTimeLim       870.00     150.00     720.00     0         -     61.8
  scn_triangle_tight_P5_R20_seed6    ta_igvnd_wMOV  heuristic_       892.87     141.53     751.34     0    -2.63%     26.2
  scn_triangle_tight_P5_R30_seed6    milp_job_wMK   maxTimeLim     40864.50     369.00    3964.50     0         -     64.8
  scn_triangle_tight_P5_R30_seed6    ta_igvnd_wMK   heuristic_     24814.00     225.50    2264.00     0   +39.28%     60.0
  scn_triangle_tight_P5_R30_seed6    milp_job_wDLY  maxTimeLim    310400.50     350.50    3100.50     0         -     64.7
  scn_triangle_tight_P5_R30_seed6    ta_igvnd_wDLY  heuristic_    214637.50     237.50    2144.00     0   +30.85%     60.1
  scn_triangle_tight_P5_R30_seed6    milp_job_wMOV  maxTimeLim      4060.00     421.50    3638.50     0         -     64.7
  scn_triangle_tight_P5_R30_seed6    ta_igvnd_wMOV  heuristic_      2433.81     232.55    2201.26     0   +40.05%     60.0
  scn_triangle_tight_P5_R5_seed6     milp_job_wMK   optimal         3900.00      39.00       0.00     0         -      0.2
  scn_triangle_tight_P5_R5_seed6     ta_igvnd_wMK   heuristic_      3901.00      39.00       1.00     0    -0.03%      6.1
  scn_triangle_tight_P5_R5_seed6     milp_job_wDLY  optimal           39.00      39.00       0.00     0         -      0.1
  scn_triangle_tight_P5_R5_seed6     ta_igvnd_wDLY  heuristic_        40.00      39.00       0.01     0    -2.56%      5.2
  scn_triangle_tight_P5_R5_seed6     milp_job_wMOV  optimal           39.00      39.00       0.00     0         -      0.2
  scn_triangle_tight_P5_R5_seed6     ta_igvnd_wMOV  heuristic_        69.00      50.50      18.50     0   -76.92%      2.3
  scn_two_rows_tight_P5_R10_seed6    milp_job_wMK   optimal         6561.50      64.50     111.50     0         -     10.2
  scn_two_rows_tight_P5_R10_seed6    ta_igvnd_wMK   heuristic_      6662.55      65.51     109.55     2    -1.54%     60.0
  scn_two_rows_tight_P5_R10_seed6    milp_job_wDLY  maxTimeLim     11121.50      67.50     110.50     4         -     60.4
  scn_two_rows_tight_P5_R10_seed6    ta_igvnd_wDLY  heuristic_     11020.51      65.51     109.55     0    +0.91%     60.0
  scn_two_rows_tight_P5_R10_seed6    milp_job_wMOV  maxTimeLim       177.00      65.50     111.50     0         -     60.4
  scn_two_rows_tight_P5_R10_seed6    ta_igvnd_wMOV  heuristic_       175.06      65.51     109.55     0    +1.10%     37.9
  scn_chain_tight_P5_R10_seed7       milp_job_wMK   maxTimeLim      6505.00      63.50     135.00    20         -     60.6
  scn_chain_tight_P5_R10_seed7       ta_igvnd_wMK   heuristic_      6781.59      66.51     112.59    18    -4.25%     60.0
  scn_chain_tight_P5_R10_seed7       milp_job_wDLY  maxTimeLim     10237.00      73.00     101.50    14         -     60.6
  scn_chain_tight_P5_R10_seed7       ta_igvnd_wDLY  heuristic_     13194.02      74.02     131.06    14   -28.89%     60.1
  scn_chain_tight_P5_R10_seed7       milp_job_wMOV  maxTimeLim       224.00      74.50     149.50     0         -     60.6
  scn_chain_tight_P5_R10_seed7       ta_igvnd_wMOV  heuristic_       288.04      82.02     206.02     0   -28.59%     46.9
  scn_full_tight_P5_R10_seed7        milp_job_wMK   maxTimeLim      7528.50      73.50     160.50    18         -     61.3
  scn_full_tight_P5_R10_seed7        ta_igvnd_wMK   heuristic_      7848.53      76.51     195.53     2    -4.25%     60.1
  scn_full_tight_P5_R10_seed7        milp_job_wDLY  maxTimeLim     16535.50      77.50     164.50     8         -     61.3
  scn_full_tight_P5_R10_seed7        ta_igvnd_wDLY  heuristic_     16058.51      78.51     159.56    24    +2.88%     60.0
  scn_full_tight_P5_R10_seed7        milp_job_wMOV  maxTimeLim       267.00      81.50     185.50     0         -     61.3
  scn_full_tight_P5_R10_seed7        ta_igvnd_wMOV  heuristic_       245.03      99.51     145.52     0    +8.23%     60.0
  scn_full_tight_P5_R20_seed7        milp_job_wMK   maxTimeLim     24137.00     226.00    1521.00    16         -     65.3
  scn_full_tight_P5_R20_seed7        ta_igvnd_wMK   heuristic_     18820.19     175.53    1199.19    68   +22.03%     60.4
  scn_full_tight_P5_R20_seed7        milp_job_wDLY  maxTimeLim    248121.00     371.00    2477.50     0         -     65.3
  scn_full_tight_P5_R20_seed7        ta_igvnd_wDLY  heuristic_    106118.00     168.00    1059.50     0   +57.23%     60.5
  scn_full_tight_P5_R20_seed7        milp_job_wMOV  maxTimeLim      1686.00     227.50    1458.50     0         -     65.3
  scn_full_tight_P5_R20_seed7        ta_igvnd_wMOV  heuristic_      1208.38     162.54    1045.84     0   +28.33%     63.2
  scn_hub_tight_P5_R10_seed7         milp_job_wMK   optimal         6479.50      63.50     125.50     4         -     19.9
  scn_hub_tight_P5_R10_seed7         ta_igvnd_wMK   heuristic_      6845.50      67.50      95.50     0    -5.65%     60.0
  scn_hub_tight_P5_R10_seed7         milp_job_wDLY  maxTimeLim      9617.50      67.50      95.50     0         -     60.6
  scn_hub_tight_P5_R10_seed7         ta_igvnd_wDLY  heuristic_      9624.51      67.51      95.55     2    -0.07%     60.0
  scn_hub_tight_P5_R10_seed7         milp_job_wMOV  optimal          163.00      67.50      95.50     0         -     47.3
  scn_hub_tight_P5_R10_seed7         ta_igvnd_wMOV  heuristic_       162.07      67.51      94.56     0    +0.57%     60.0
  scn_none_tight_P5_R10_seed7        milp_job_wMK   optimal         6157.50      60.50     107.50     0         -      0.1
  scn_none_tight_P5_R10_seed7        ta_igvnd_wMK   heuristic_      6157.50      60.50     107.50     0    +0.00%     13.4
  scn_none_tight_P5_R10_seed7        milp_job_wDLY  optimal         8612.50      62.50      85.50     0         -      2.1
  scn_none_tight_P5_R10_seed7        ta_igvnd_wDLY  heuristic_      8612.50      62.50      85.50     0    -0.00%      9.8
  scn_none_tight_P5_R10_seed7        milp_job_wMOV  optimal          148.00      62.50      85.50     0         -      1.4
  scn_none_tight_P5_R10_seed7        ta_igvnd_wMOV  heuristic_       153.00      67.50      85.50     0    -3.38%      9.9
  scn_triangle_loose_P5_R10_seed7    milp_job_wMK   optimal         6258.00      62.50       0.00     8         -     15.8
  scn_triangle_loose_P5_R10_seed7    ta_igvnd_wMK   heuristic_      6251.00      62.51       0.00     0    +0.11%     60.0
  scn_triangle_loose_P5_R10_seed7    milp_job_wDLY  optimal           64.50      64.50       0.00     0         -     11.2
  scn_triangle_loose_P5_R10_seed7    ta_igvnd_wDLY  heuristic_        67.51      67.51       0.00     0    -4.67%     60.0
  scn_triangle_loose_P5_R10_seed7    milp_job_wMOV  optimal           64.50      64.50       0.00     0         -      3.6
  scn_triangle_loose_P5_R10_seed7    ta_igvnd_wMOV  heuristic_        96.55      81.51      15.04     0   -49.69%     50.9
  scn_triangle_medium_P5_R10_seed7   milp_job_wMK   optimal         6303.50      62.50      45.50     8         -     14.9
  scn_triangle_medium_P5_R10_seed7   ta_igvnd_wMK   heuristic_      6725.05      66.51      66.05     8    -6.69%     60.0
  scn_triangle_medium_P5_R10_seed7   milp_job_wDLY  maxTimeLim      4479.50      67.50      44.00    12         -     60.4
  scn_triangle_medium_P5_R10_seed7   ta_igvnd_wDLY  heuristic_      4132.51      67.51      40.55    10    +7.75%     60.1
  scn_triangle_medium_P5_R10_seed7   milp_job_wMOV  maxTimeLim       114.00      64.50      49.50     0         -     60.4
  scn_triangle_medium_P5_R10_seed7   ta_igvnd_wMOV  heuristic_       104.06      62.51      41.55     0    +8.72%     60.0
  scn_triangle_tight_P5_R10_seed7    milp_job_wMK   optimal         6355.50      62.50      97.50     8         -     22.2
  scn_triangle_tight_P5_R10_seed7    ta_igvnd_wMK   heuristic_      6344.55      62.51      93.55     0    +0.17%     60.0
  scn_triangle_tight_P5_R10_seed7    milp_job_wDLY  maxTimeLim     10175.50      67.50     101.00     8         -     60.5
  scn_triangle_tight_P5_R10_seed7    ta_igvnd_wDLY  heuristic_      9172.51      67.51      91.05     0    +9.86%     60.0
  scn_triangle_tight_P5_R10_seed7    milp_job_wMOV  maxTimeLim       165.00      68.50      96.50     0         -     60.5
  scn_triangle_tight_P5_R10_seed7    ta_igvnd_wMOV  heuristic_       200.58      72.02     128.56     0   -21.56%     37.5
  scn_triangle_tight_P5_R20_seed7    milp_job_wMK   maxTimeLim     16883.50     160.50     827.50     6         -     63.5
  scn_triangle_tight_P5_R20_seed7    ta_igvnd_wMK   heuristic_     13350.32     125.52     790.32     8   +20.93%     60.0
  scn_triangle_tight_P5_R20_seed7    milp_job_wDLY  maxTimeLim     88091.50     177.50     879.00    14         -     61.7
  scn_triangle_tight_P5_R20_seed7    ta_igvnd_wDLY  heuristic_     68480.50     130.50     683.50     0   +22.26%     29.6
  scn_triangle_tight_P5_R20_seed7    milp_job_wMOV  maxTimeLim       920.00     142.00     778.00     0         -     61.7
  scn_triangle_tight_P5_R20_seed7    ta_igvnd_wMOV  heuristic_       771.85     126.04     645.81     0   +16.10%     60.0
  scn_triangle_tight_P5_R30_seed7    milp_job_wMK   maxTimeLim     39556.50     355.00    4056.50     0         -     64.7
  scn_triangle_tight_P5_R30_seed7    ta_igvnd_wMK   heuristic_     24263.00     221.00    2163.00     0   +38.66%     60.0
  scn_triangle_tight_P5_R30_seed7    milp_job_wDLY  maxTimeLim    327001.50     347.50    3266.50     4         -     64.7
  scn_triangle_tight_P5_R30_seed7    ta_igvnd_wDLY  heuristic_    209344.50     244.50    2091.00     0   +35.98%     60.0
  scn_triangle_tight_P5_R30_seed7    milp_job_wMOV  maxTimeLim      3990.00     344.50    3645.50     0         -     64.7
  scn_triangle_tight_P5_R30_seed7    ta_igvnd_wMOV  heuristic_      2276.30     234.55    2041.75     0   +42.95%     60.0
  scn_triangle_tight_P5_R5_seed7     milp_job_wMK   optimal         3900.00      39.00       0.00     0         -      0.1
  scn_triangle_tight_P5_R5_seed7     ta_igvnd_wMK   heuristic_      3900.00      39.00       0.00     0    +0.00%      3.4
  scn_triangle_tight_P5_R5_seed7     milp_job_wDLY  optimal           39.00      39.00       0.00     0         -      0.1
  scn_triangle_tight_P5_R5_seed7     ta_igvnd_wDLY  heuristic_        39.00      39.00       0.00     0    +0.00%      3.3
  scn_triangle_tight_P5_R5_seed7     milp_job_wMOV  optimal           39.00      39.00       0.00     0         -      0.1
  scn_triangle_tight_P5_R5_seed7     ta_igvnd_wMOV  heuristic_        58.00      39.50      18.50     0   -48.72%      2.2
  scn_two_rows_tight_P5_R10_seed7    milp_job_wMK   optimal         6268.50      61.50     114.50     4         -     14.6
  scn_two_rows_tight_P5_R10_seed7    ta_igvnd_wMK   heuristic_      6354.05      62.51      97.05     6    -1.36%     60.0
  scn_two_rows_tight_P5_R10_seed7    milp_job_wDLY  maxTimeLim      9125.50      71.50      90.50     4         -     60.4
  scn_two_rows_tight_P5_R10_seed7    ta_igvnd_wDLY  heuristic_      9278.51      67.51      92.05     6    -1.68%     60.0
  scn_two_rows_tight_P5_R10_seed7    milp_job_wMOV  maxTimeLim       156.00      63.50      92.50     0         -     60.4
  scn_two_rows_tight_P5_R10_seed7    ta_igvnd_wMOV  heuristic_       164.56      67.51      97.05     0    -5.49%     40.3
  scn_chain_tight_P5_R10_seed8       milp_job_wMK   maxTimeLim      6492.00      63.50     122.00    20         -     60.7
  scn_chain_tight_P5_R10_seed8       ta_igvnd_wMK   heuristic_      6477.56      63.51     116.56    10    +0.22%     60.1
  scn_chain_tight_P5_R10_seed8       milp_job_wDLY  maxTimeLim     12228.50      68.50     121.50    10         -     60.7
  scn_chain_tight_P5_R10_seed8       ta_igvnd_wDLY  heuristic_     12431.51      66.51     123.55    10    -1.66%     60.0
  scn_chain_tight_P5_R10_seed8       milp_job_wMOV  maxTimeLim       223.00      69.50     153.50     0         -     60.6
  scn_chain_tight_P5_R10_seed8       ta_igvnd_wMOV  heuristic_       281.60      88.02     193.58     0   -26.28%     54.0
  scn_full_tight_P5_R10_seed8        milp_job_wMK   maxTimeLim      7103.50      69.50     153.50     0         -     61.5
  scn_full_tight_P5_R10_seed8        ta_igvnd_wMK   heuristic_      8303.06      80.51     216.06    36   -16.89%     60.1
  scn_full_tight_P5_R10_seed8        milp_job_wDLY  maxTimeLim     18599.00      99.00     185.00     0         -     61.4
  scn_full_tight_P5_R10_seed8        ta_igvnd_wDLY  heuristic_     14781.51      66.51     147.05    10   +20.53%     60.1
  scn_full_tight_P5_R10_seed8        milp_job_wMOV  maxTimeLim       231.00      71.50     159.50     0         -     61.4
  scn_full_tight_P5_R10_seed8        ta_igvnd_wMOV  heuristic_       272.10      87.02     185.08     0   -17.79%     60.0
  scn_full_tight_P5_R20_seed8        milp_job_wMK   maxTimeLim     43271.00     400.50    3221.00     0         -     66.8
  scn_full_tight_P5_R20_seed8        ta_igvnd_wMK   heuristic_     17890.00     168.00    1090.00     0   +58.66%     60.2
  scn_full_tight_P5_R20_seed8        milp_job_wDLY  maxTimeLim    308180.00     430.00    3077.50     0         -     65.9
  scn_full_tight_P5_R20_seed8        ta_igvnd_wDLY  heuristic_    107725.00     175.00    1075.50     0   +65.04%     60.3
  scn_full_tight_P5_R20_seed8        milp_job_wMOV  maxTimeLim      1344.00     179.50    1164.50     0         -     69.5
  scn_full_tight_P5_R20_seed8        ta_igvnd_wMOV  heuristic_      1008.34     139.53     868.81     0   +24.97%     60.1
  scn_hub_tight_P5_R10_seed8         milp_job_wMK   optimal         6160.50      60.50     110.50     0         -     14.6
  scn_hub_tight_P5_R10_seed8         ta_igvnd_wMK   heuristic_      6262.56      61.51     109.56     2    -1.66%     60.0
  scn_hub_tight_P5_R10_seed8         milp_job_wDLY  maxTimeLim     12213.50      63.50     121.50     0         -     60.7
  scn_hub_tight_P5_R10_seed8         ta_igvnd_wDLY  heuristic_     11019.51      61.51     109.56     2    +9.78%     60.1
  scn_hub_tight_P5_R10_seed8         milp_job_wMOV  optimal          171.00      60.50     110.50     0         -     60.1
  scn_hub_tight_P5_R10_seed8         ta_igvnd_wMOV  heuristic_       215.00      83.00     132.00     0   -25.73%     47.5
  scn_none_tight_P5_R10_seed8        milp_job_wMK   optimal         6050.50      59.50     100.50     0         -      0.2
  scn_none_tight_P5_R10_seed8        ta_igvnd_wMK   heuristic_      6050.50      59.50     100.50     0    +0.00%     11.5
  scn_none_tight_P5_R10_seed8        milp_job_wDLY  optimal        10109.50      59.50     100.50     0         -      2.3
  scn_none_tight_P5_R10_seed8        ta_igvnd_wDLY  heuristic_     10110.50      60.50     100.50     0    -0.01%     12.0
  scn_none_tight_P5_R10_seed8        milp_job_wMOV  optimal          160.00      59.50     100.50     0         -      2.4
  scn_none_tight_P5_R10_seed8        ta_igvnd_wMOV  heuristic_       161.00      60.50     100.50     0    -0.62%     11.6
  scn_triangle_loose_P5_R10_seed8    milp_job_wMK   optimal         6160.00      61.50       6.00     4         -     20.3
  scn_triangle_loose_P5_R10_seed8    ta_igvnd_wMK   heuristic_      6255.03      62.51       4.03     0    -1.54%     60.0
  scn_triangle_loose_P5_R10_seed8    milp_job_wDLY  optimal          269.50      61.50       2.00     8         -     21.2
  scn_triangle_loose_P5_R10_seed8    ta_igvnd_wDLY  heuristic_       465.51      62.51       4.03     0   -72.73%     60.0
  scn_triangle_loose_P5_R10_seed8    milp_job_wMOV  optimal           67.50      62.50       5.00     0         -      7.1
  scn_triangle_loose_P5_R10_seed8    ta_igvnd_wMOV  heuristic_        63.54      61.51       2.03     0    +5.87%     60.0
  scn_triangle_medium_P5_R10_seed8   milp_job_wMK   optimal         6221.50      61.50      63.50     8         -     23.5
  scn_triangle_medium_P5_R10_seed8   ta_igvnd_wMK   heuristic_      6216.55      61.51      65.55     0    +0.08%     60.0
  scn_triangle_medium_P5_R10_seed8   milp_job_wDLY  maxTimeLim      6419.50      61.50      63.50     8         -     60.5
  scn_triangle_medium_P5_R10_seed8   ta_igvnd_wDLY  heuristic_      6467.51      62.51      64.05     0    -0.75%     60.1
  scn_triangle_medium_P5_R10_seed8   milp_job_wMOV  maxTimeLim       131.00      62.50      68.50     0         -     60.5
  scn_triangle_medium_P5_R10_seed8   ta_igvnd_wMOV  heuristic_       122.56      62.51      60.05     0    +6.44%     53.5
  scn_triangle_tight_P5_R10_seed8    milp_job_wMK   optimal         6265.50      61.50     115.50     0         -     32.1
  scn_triangle_tight_P5_R10_seed8    ta_igvnd_wMK   heuristic_      6260.55      61.51     109.55     0    +0.08%     60.0
  scn_triangle_tight_P5_R10_seed8    milp_job_wDLY  maxTimeLim     11420.50      62.50     113.50     8         -     60.5
  scn_triangle_tight_P5_R10_seed8    ta_igvnd_wDLY  heuristic_     11016.51      61.51     109.55     0    +3.54%     60.0
  scn_triangle_tight_P5_R10_seed8    milp_job_wMOV  maxTimeLim       175.00      63.50     111.50     0         -     60.5
  scn_triangle_tight_P5_R10_seed8    ta_igvnd_wMOV  heuristic_       166.56      62.51     104.05     0    +4.82%     49.6
  scn_triangle_tight_P5_R20_seed8    milp_job_wMK   maxTimeLim     16407.50     155.00     905.50     2         -     61.8
  scn_triangle_tight_P5_R20_seed8    ta_igvnd_wMK   heuristic_     13286.00     125.50     736.00     0   +19.02%     60.5
  scn_triangle_tight_P5_R20_seed8    milp_job_wDLY  maxTimeLim     83600.50     140.50     834.50    10         -     61.9
  scn_triangle_tight_P5_R20_seed8    ta_igvnd_wDLY  heuristic_     72631.50     131.50     725.00     0   +13.12%     27.3
  scn_triangle_tight_P5_R20_seed8    milp_job_wMOV  maxTimeLim       959.50     142.50     817.00     0         -     61.9
  scn_triangle_tight_P5_R20_seed8    ta_igvnd_wMOV  heuristic_       853.83     126.53     727.30     0   +11.01%     60.1
  scn_triangle_tight_P5_R30_seed8    milp_job_wMK   maxTimeLim     40553.00     368.50    3703.00     0         -     64.7
  scn_triangle_tight_P5_R30_seed8    ta_igvnd_wMK   heuristic_     23557.50     216.50    1907.50     0   +41.91%     60.0
  scn_triangle_tight_P5_R30_seed8    milp_job_wDLY  maxTimeLim    397610.50     460.50    3971.50     0         -     64.6
  scn_triangle_tight_P5_R30_seed8    ta_igvnd_wDLY  heuristic_    204083.00     233.00    2038.50     0   +48.67%     60.0
  scn_triangle_tight_P5_R30_seed8    milp_job_wMOV  maxTimeLim      3550.50     361.00    3189.50     0         -     64.7
  scn_triangle_tight_P5_R30_seed8    ta_igvnd_wMOV  heuristic_      2281.00     231.50    2049.50     0   +35.76%     60.0
  scn_triangle_tight_P5_R5_seed8     milp_job_wMK   optimal         2800.00      28.00       0.00     0         -      0.2
  scn_triangle_tight_P5_R5_seed8     ta_igvnd_wMK   heuristic_      2800.00      28.00       0.00     0    +0.00%      5.4
  scn_triangle_tight_P5_R5_seed8     milp_job_wDLY  optimal           28.00      28.00       0.00     0         -      0.2
  scn_triangle_tight_P5_R5_seed8     ta_igvnd_wDLY  heuristic_        28.00      28.00       0.00     0    +0.00%      5.3
  scn_triangle_tight_P5_R5_seed8     milp_job_wMOV  optimal           28.00      28.00       0.00     0         -      0.2
  scn_triangle_tight_P5_R5_seed8     ta_igvnd_wMOV  heuristic_        60.00      43.50      16.50     0  -114.29%      2.1
  scn_two_rows_tight_P5_R10_seed8    milp_job_wMK   optimal         6159.50      60.50     109.50     0         -     10.9
  scn_two_rows_tight_P5_R10_seed8    ta_igvnd_wMK   heuristic_      6257.50      61.50     107.50     0    -1.59%     60.0
  scn_two_rows_tight_P5_R10_seed8    milp_job_wDLY  maxTimeLim     10565.50      61.50     105.00     4         -     60.5
  scn_two_rows_tight_P5_R10_seed8    ta_igvnd_wDLY  heuristic_     10470.51      61.51     104.05     4    +0.90%     60.0
  scn_two_rows_tight_P5_R10_seed8    milp_job_wMOV  maxTimeLim       169.00      62.50     106.50     0         -     60.4
  scn_two_rows_tight_P5_R10_seed8    ta_igvnd_wMOV  heuristic_       167.06      61.51     105.55     0    +1.15%     43.8
  scn_chain_tight_P5_R10_seed9       milp_job_wMK   optimal         6975.50      68.50     111.50    14         -     33.0
  scn_chain_tight_P5_R10_seed9       ta_igvnd_wMK   heuristic_      7496.54      73.51     129.54    16    -7.47%     60.0
  scn_chain_tight_P5_R10_seed9       milp_job_wDLY  maxTimeLim     11641.50      75.50     115.50    16         -     60.6
  scn_chain_tight_P5_R10_seed9       ta_igvnd_wDLY  heuristic_     12749.51      76.51     126.55    18    -9.52%     60.0
  scn_chain_tight_P5_R10_seed9       milp_job_wMOV  maxTimeLim       256.00      77.50     178.50     0         -     60.6
  scn_chain_tight_P5_R10_seed9       ta_igvnd_wMOV  heuristic_       288.06      95.02     193.04     0   -12.52%     47.8
  scn_full_tight_P5_R10_seed9        milp_job_wMK   maxTimeLim      8249.50      80.50     175.50    24         -     61.3
  scn_full_tight_P5_R10_seed9        ta_igvnd_wMK   heuristic_      7763.54      75.51     196.54    16    +5.89%     60.3
  scn_full_tight_P5_R10_seed9        milp_job_wDLY  maxTimeLim     23753.00     103.00     236.50     0         -     61.3
  scn_full_tight_P5_R10_seed9        ta_igvnd_wDLY  heuristic_     16217.51      80.51     161.05    32   +31.72%     60.0
  scn_full_tight_P5_R10_seed9        milp_job_wMOV  maxTimeLim       282.00      81.50     200.50     0         -     61.3
  scn_full_tight_P5_R10_seed9        ta_igvnd_wMOV  heuristic_       297.09     101.02     196.07     0    -5.35%     60.0
  scn_full_tight_P5_R20_seed9        milp_job_wMK   maxTimeLim     28136.00     261.50    1940.00    46         -     66.5
  scn_full_tight_P5_R20_seed9        ta_igvnd_wMK   heuristic_     19066.50     178.50    1216.50     0   +32.23%     60.2
  scn_full_tight_P5_R20_seed9        milp_job_wDLY  maxTimeLim    174268.50     298.50    1739.50    20         -     65.4
  scn_full_tight_P5_R20_seed9        ta_igvnd_wDLY  heuristic_     81917.04     165.04     817.28    24   +52.99%     60.3
  scn_full_tight_P5_R20_seed9        milp_job_wMOV  maxTimeLim      1610.50     234.50    1376.00     0         -     65.4
  scn_full_tight_P5_R20_seed9        ta_igvnd_wMOV  heuristic_      1112.76     164.53     948.23     0   +30.91%     60.1
  scn_hub_tight_P5_R10_seed9         milp_job_wMK   optimal         6986.00      68.50     128.00     8         -     20.9
  scn_hub_tight_P5_R10_seed9         ta_igvnd_wMK   heuristic_      7295.56      71.51     136.56     8    -4.43%     60.1
  scn_hub_tight_P5_R10_seed9         milp_job_wDLY  maxTimeLim     11200.50      84.50     111.00    16         -     60.6
  scn_hub_tight_P5_R10_seed9         ta_igvnd_wDLY  heuristic_     10845.51      76.51     107.55    14    +3.17%     60.0
  scn_hub_tight_P5_R10_seed9         milp_job_wMOV  maxTimeLim       204.00      71.50     132.50     0         -     60.6
  scn_hub_tight_P5_R10_seed9         ta_igvnd_wMOV  heuristic_       213.08      71.51     141.57     0    -4.45%     53.5
  scn_none_tight_P5_R10_seed9        milp_job_wMK   optimal         6942.50      68.50      92.50     0         -      0.2
  scn_none_tight_P5_R10_seed9        ta_igvnd_wMK   heuristic_      6942.50      68.50      92.50     0    +0.00%     11.5
  scn_none_tight_P5_R10_seed9        milp_job_wDLY  optimal         9318.50      68.50      92.50     0         -      2.3
  scn_none_tight_P5_R10_seed9        ta_igvnd_wDLY  heuristic_      9321.50      71.50      92.50     0    -0.03%      9.8
  scn_none_tight_P5_R10_seed9        milp_job_wMOV  optimal          161.00      68.50      92.50     0         -      1.6
  scn_none_tight_P5_R10_seed9        ta_igvnd_wMOV  heuristic_       164.00      71.50      92.50     0    -1.86%     10.0
  scn_triangle_loose_P5_R10_seed9    milp_job_wMK   optimal         6858.00      68.50       8.00     0         -      9.5
  scn_triangle_loose_P5_R10_seed9    ta_igvnd_wMK   heuristic_      7166.02      71.51       5.02    10    -4.49%     60.0
  scn_triangle_loose_P5_R10_seed9    milp_job_wDLY  optimal           76.50      76.50       0.00     0         -      6.3
  scn_triangle_loose_P5_R10_seed9    ta_igvnd_wDLY  heuristic_        86.51      76.51       0.00    10   -13.08%     60.0
  scn_triangle_loose_P5_R10_seed9    milp_job_wMOV  optimal           74.00      71.50       2.50     0         -      4.9
  scn_triangle_loose_P5_R10_seed9    ta_igvnd_wMOV  heuristic_        82.53      76.51       6.02     0   -11.53%     36.4
  scn_triangle_medium_P5_R10_seed9   milp_job_wMK   optimal         6910.50      68.50      60.50     0         -     15.1
  scn_triangle_medium_P5_R10_seed9   ta_igvnd_wMK   heuristic_      7207.05      71.51      54.05     2    -4.29%     60.0
  scn_triangle_medium_P5_R10_seed9   milp_job_wDLY  maxTimeLim      5329.50      69.50      52.50    10         -     60.4
  scn_triangle_medium_P5_R10_seed9   ta_igvnd_wDLY  heuristic_      4936.51      71.51      48.55    10    +7.37%     60.0
  scn_triangle_medium_P5_R10_seed9   milp_job_wMOV  maxTimeLim       129.00      68.50      60.50     0         -     60.5
  scn_triangle_medium_P5_R10_seed9   ta_igvnd_wMOV  heuristic_       125.56      71.51      54.05     0    +2.67%     60.0
  scn_triangle_tight_P5_R10_seed9    milp_job_wMK   optimal         6963.50      68.50     105.50     8         -     22.3
  scn_triangle_tight_P5_R10_seed9    ta_igvnd_wMK   heuristic_      6979.55      68.51     116.55    12    -0.23%     60.0
  scn_triangle_tight_P5_R10_seed9    milp_job_wDLY  maxTimeLim     10437.50      77.50     103.50    10         -     60.5
  scn_triangle_tight_P5_R10_seed9    ta_igvnd_wDLY  heuristic_     11341.51      76.51     112.55    10    -8.66%     60.0
  scn_triangle_tight_P5_R10_seed9    milp_job_wMOV  maxTimeLim       184.00      68.50     115.50     0         -     60.5
  scn_triangle_tight_P5_R10_seed9    ta_igvnd_wMOV  heuristic_       176.57      71.51     105.06     0    +4.04%     53.6
  scn_triangle_tight_P5_R20_seed9    milp_job_wMK   maxTimeLim     15478.50     146.00     870.50     8         -     61.9
  scn_triangle_tight_P5_R20_seed9    ta_igvnd_wMK   heuristic_     13184.78     125.04     666.78    14   +14.82%     60.0
  scn_triangle_tight_P5_R20_seed9    milp_job_wDLY  maxTimeLim     64295.50     137.50     641.50     8         -     61.9
  scn_triangle_tight_P5_R20_seed9    ta_igvnd_wDLY  heuristic_     68404.04     140.04     682.34    30    -6.39%     60.0
  scn_triangle_tight_P5_R20_seed9    milp_job_wMOV  maxTimeLim       842.00     153.50     688.50     0         -     61.9
  scn_triangle_tight_P5_R20_seed9    ta_igvnd_wMOV  heuristic_       781.87     125.53     656.34     0    +7.14%     25.1
  scn_triangle_tight_P5_R30_seed9    milp_job_wMK   maxTimeLim     36692.00     331.50    3542.00     0         -     64.8
  scn_triangle_tight_P5_R30_seed9    ta_igvnd_wMK   heuristic_     25330.50     230.50    2280.50     0   +30.96%     60.1
  scn_triangle_tight_P5_R30_seed9    milp_job_wDLY  maxTimeLim    379745.00     395.00    3793.50     0         -     64.9
  scn_triangle_tight_P5_R30_seed9    ta_igvnd_wDLY  heuristic_    225387.00     237.00    2251.50     0   +40.65%     60.0
  scn_triangle_tight_P5_R30_seed9    milp_job_wMOV  maxTimeLim      3828.00     384.00    3444.00     0         -     64.7
  scn_triangle_tight_P5_R30_seed9    ta_igvnd_wMOV  heuristic_      2481.00     234.50    2246.50     0   +35.19%     60.0
  scn_triangle_tight_P5_R5_seed9     milp_job_wMK   optimal         4300.00      43.00       0.00     0         -      0.3
  scn_triangle_tight_P5_R5_seed9     ta_igvnd_wMK   heuristic_      4300.00      43.00       0.00     0    +0.00%      4.7
  scn_triangle_tight_P5_R5_seed9     milp_job_wDLY  optimal           43.00      43.00       0.00     0         -      0.1
  scn_triangle_tight_P5_R5_seed9     ta_igvnd_wDLY  heuristic_        43.00      43.00       0.00     0    +0.00%      4.7
  scn_triangle_tight_P5_R5_seed9     milp_job_wMOV  optimal           43.00      43.00       0.00     0         -      0.2
  scn_triangle_tight_P5_R5_seed9     ta_igvnd_wMOV  heuristic_        43.00      43.00       0.00     0    +0.00%      3.2
  scn_two_rows_tight_P5_R10_seed9    milp_job_wMK   optimal         6953.50      68.50      99.50     4         -     15.7
  scn_two_rows_tight_P5_R10_seed9    ta_igvnd_wMK   heuristic_      6950.04      68.51      99.04     0    +0.05%     60.0
  scn_two_rows_tight_P5_R10_seed9    milp_job_wDLY  maxTimeLim      9836.50      76.50      97.50    10         -     60.5
  scn_two_rows_tight_P5_R10_seed9    ta_igvnd_wDLY  heuristic_      9528.51      71.51      94.55     2    +3.13%     60.0
  scn_two_rows_tight_P5_R10_seed9    milp_job_wMOV  maxTimeLim       172.00      69.50     102.50     0         -     60.4
  scn_two_rows_tight_P5_R10_seed9    ta_igvnd_wMOV  heuristic_       170.55      71.51      99.04     0    +0.84%     32.7
  scn_chain_tight_P5_R10_seed10      milp_job_wMK   maxTimeLim      6487.50      63.50     125.50    12         -     60.6
  scn_chain_tight_P5_R10_seed10      ta_igvnd_wMK   heuristic_      6807.06      66.51     140.06    16    -4.93%     60.0
  scn_chain_tight_P5_R10_seed10      milp_job_wDLY  maxTimeLim     11278.50      66.50     112.00    12         -     60.8
  scn_chain_tight_P5_R10_seed10      ta_igvnd_wDLY  heuristic_     11728.51      67.51     116.55     6    -3.99%     60.0
  scn_chain_tight_P5_R10_seed10      milp_job_wMOV  maxTimeLim       220.00      72.50     147.50     0         -     61.9
  scn_chain_tight_P5_R10_seed10      ta_igvnd_wMOV  heuristic_       254.60      85.52     169.08     0   -15.73%     60.0
  scn_full_tight_P5_R10_seed10       milp_job_wMK   maxTimeLim      7325.50      71.50     155.50    20         -     61.4
  scn_full_tight_P5_R10_seed10       ta_igvnd_wMK   heuristic_      7193.56      70.51     142.56     0    +1.80%     60.0
  scn_full_tight_P5_R10_seed10       milp_job_wDLY  maxTimeLim     16605.50      77.50     165.00    28         -     62.4
  scn_full_tight_P5_R10_seed10       ta_igvnd_wDLY  heuristic_     15393.51      72.51     153.05    16    +7.30%     60.0
  scn_full_tight_P5_R10_seed10       milp_job_wMOV  maxTimeLim       301.00      94.00     207.00     0         -     61.4
  scn_full_tight_P5_R10_seed10       ta_igvnd_wMOV  heuristic_       204.08      69.51     134.57     0   +32.20%     60.1
  scn_full_tight_P5_R20_seed10       milp_job_wMK   maxTimeLim     23017.50     214.00    1617.50     0         -     66.6
  scn_full_tight_P5_R20_seed10       ta_igvnd_wMK   heuristic_     17795.90     166.04    1133.90    58   +22.69%     60.4
  scn_full_tight_P5_R20_seed10       milp_job_wDLY  maxTimeLim    172653.00     253.00    1724.00     0         -     65.8
  scn_full_tight_P5_R20_seed10       ta_igvnd_wDLY  heuristic_    100754.54     171.54    1005.33    50   +41.64%     60.2
  scn_full_tight_P5_R20_seed10       milp_job_wMOV  maxTimeLim      1717.50     235.50    1482.00     0         -     65.7
  scn_full_tight_P5_R20_seed10       ta_igvnd_wMOV  heuristic_      1084.84     139.53     945.31     0   +36.84%     60.0
  scn_hub_tight_P5_R10_seed10        milp_job_wMK   optimal         6422.00      63.00     114.00     8         -     23.1
  scn_hub_tight_P5_R10_seed10        ta_igvnd_wMK   heuristic_      6456.05      63.51     105.05     0    -0.53%     60.0
  scn_hub_tight_P5_R10_seed10        milp_job_wDLY  maxTimeLim     11836.50      72.50     117.50    14         -     60.7
  scn_hub_tight_P5_R10_seed10        ta_igvnd_wDLY  heuristic_     10130.51      66.51     100.56     8   +14.41%     60.0
  scn_hub_tight_P5_R10_seed10        milp_job_wMOV  maxTimeLim       171.00      63.50     107.50     0         -     60.6
  scn_hub_tight_P5_R10_seed10        ta_igvnd_wMOV  heuristic_       168.56      63.51     105.05     0    +1.43%     57.5
  scn_none_tight_P5_R10_seed10       milp_job_wMK   optimal         6245.50      61.50      95.50     0         -      0.2
  scn_none_tight_P5_R10_seed10       ta_igvnd_wMK   heuristic_      6245.50      61.50      95.50     0    +0.00%     12.8
  scn_none_tight_P5_R10_seed10       milp_job_wDLY  optimal         9611.50      61.50      95.50     0         -      2.8
  scn_none_tight_P5_R10_seed10       ta_igvnd_wDLY  heuristic_      9611.50      61.50      95.50     0    +0.00%     10.3
  scn_none_tight_P5_R10_seed10       milp_job_wMOV  optimal          157.00      61.50      95.50     0         -      1.8
  scn_none_tight_P5_R10_seed10       ta_igvnd_wMOV  heuristic_       157.00      61.50      95.50     0    +0.00%     10.6
  scn_triangle_loose_P5_R10_seed10   milp_job_wMK   optimal         6161.50      61.50      11.50     0         -     13.3
  scn_triangle_loose_P5_R10_seed10   ta_igvnd_wMK   heuristic_      6163.02      61.51      10.02     2    -0.02%     60.0
  scn_triangle_loose_P5_R10_seed10   milp_job_wDLY  optimal           77.00      69.00       0.00     8         -     16.0
  scn_triangle_loose_P5_R10_seed10   ta_igvnd_wDLY  heuristic_        81.02      71.02       0.02     8    -5.22%     60.0
  scn_triangle_loose_P5_R10_seed10   milp_job_wMOV  optimal           67.00      65.50       1.50     0         -      6.1
  scn_triangle_loose_P5_R10_seed10   ta_igvnd_wMOV  heuristic_        65.02      63.51       1.51     0    +2.96%     39.8
  scn_triangle_medium_P5_R10_seed10  milp_job_wMK   optimal         6211.50      61.50      61.50     0         -     23.7
  scn_triangle_medium_P5_R10_seed10  ta_igvnd_wMK   heuristic_      6202.55      61.51      51.55     0    +0.14%     60.0
  scn_triangle_medium_P5_R10_seed10  milp_job_wDLY  maxTimeLim      6079.00      71.00      60.00     8         -     60.5
  scn_triangle_medium_P5_R10_seed10  ta_igvnd_wDLY  heuristic_      5123.51      68.51      50.55     0   +15.72%     60.0
  scn_triangle_medium_P5_R10_seed10  milp_job_wMOV  maxTimeLim       125.00      65.50      59.50     0         -     60.6
  scn_triangle_medium_P5_R10_seed10  ta_igvnd_wMOV  heuristic_       129.06      65.51      63.55     0    -3.25%     52.7
  scn_triangle_tight_P5_R10_seed10   milp_job_wMK   optimal         6255.50      61.50     105.50     0         -     14.4
  scn_triangle_tight_P5_R10_seed10   ta_igvnd_wMK   heuristic_      6491.55      63.51     128.55    12    -3.77%     60.0
  scn_triangle_tight_P5_R10_seed10   milp_job_wDLY  maxTimeLim     11038.50      76.50     109.50    12         -     60.5
  scn_triangle_tight_P5_R10_seed10   ta_igvnd_wDLY  heuristic_      9616.51      61.51      95.55     0   +12.88%     60.0
  scn_triangle_tight_P5_R10_seed10   milp_job_wMOV  maxTimeLim       171.00      66.50     104.50     0         -     60.5
  scn_triangle_tight_P5_R10_seed10   ta_igvnd_wMOV  heuristic_       174.56      67.51     107.05     0    -2.08%     53.3
  scn_triangle_tight_P5_R20_seed10   milp_job_wMK   maxTimeLim     15196.50     143.00     894.50     2         -     61.9
  scn_triangle_tight_P5_R20_seed10   ta_igvnd_wMK   heuristic_     13260.00     125.50     710.00     0   +12.74%     60.1
  scn_triangle_tight_P5_R20_seed10   milp_job_wDLY  maxTimeLim     81455.00     153.00     813.00     2         -     62.0
  scn_triangle_tight_P5_R20_seed10   ta_igvnd_wDLY  heuristic_     70080.04     136.04     699.30    14   +13.96%     60.0
  scn_triangle_tight_P5_R20_seed10   milp_job_wMOV  maxTimeLim      1032.00     169.50     862.50     0         -     61.9
  scn_triangle_tight_P5_R20_seed10   ta_igvnd_wMOV  heuristic_       820.83     129.53     691.30     0   +20.46%     60.0
  scn_triangle_tight_P5_R30_seed10   milp_job_wMK   maxTimeLim     38995.00     353.00    3671.00    24         -     64.7
  scn_triangle_tight_P5_R30_seed10   ta_igvnd_wMK   heuristic_     23694.50     216.50    2044.50     0   +39.24%     60.0
  scn_triangle_tight_P5_R30_seed10   milp_job_wDLY  maxTimeLim    263876.00     304.00    2635.50    22         -     64.6
  scn_triangle_tight_P5_R30_seed10   ta_igvnd_wDLY  heuristic_    198880.50     230.50    1986.50     0   +24.63%     60.0
  scn_triangle_tight_P5_R30_seed10   milp_job_wMOV  maxTimeLim      2874.50     297.00    2577.50     0         -     68.9
  scn_triangle_tight_P5_R30_seed10   ta_igvnd_wMOV  heuristic_      2233.36     232.06    2001.30     0   +22.30%     60.0
  scn_triangle_tight_P5_R5_seed10    milp_job_wMK   optimal         3500.00      35.00       0.00     0         -      0.3
  scn_triangle_tight_P5_R5_seed10    ta_igvnd_wMK   heuristic_      3500.00      35.00       0.00     0    +0.00%      3.7
  scn_triangle_tight_P5_R5_seed10    milp_job_wDLY  optimal           35.00      35.00       0.00     0         -      0.3
  scn_triangle_tight_P5_R5_seed10    ta_igvnd_wDLY  heuristic_        41.00      35.00       0.00     6   -17.14%      8.4
  scn_triangle_tight_P5_R5_seed10    milp_job_wMOV  optimal           35.00      35.00       0.00     0         -      0.2
  scn_triangle_tight_P5_R5_seed10    ta_igvnd_wMOV  heuristic_        52.00      38.50      13.50     0   -48.57%      2.1
  scn_two_rows_tight_P5_R10_seed10   milp_job_wMK   optimal         6254.50      61.50     100.50     4         -     24.2
  scn_two_rows_tight_P5_R10_seed10   ta_igvnd_wMK   heuristic_      6253.06      61.51      98.06     4    +0.02%     60.0
  scn_two_rows_tight_P5_R10_seed10   milp_job_wDLY  maxTimeLim     10019.50      61.50      99.50     8         -     60.4
  scn_two_rows_tight_P5_R10_seed10   ta_igvnd_wDLY  heuristic_      9820.51      61.51      97.55     4    +1.99%     60.0
  scn_two_rows_tight_P5_R10_seed10   milp_job_wMOV  maxTimeLim       170.00      64.50     105.50     0         -     61.9
  scn_two_rows_tight_P5_R10_seed10   ta_igvnd_wMOV  heuristic_       167.56      66.51     101.05     0    +1.44%     35.5
======================================================================================================================
