==================================================================
  EXPERIMENT CONFIGURATIONS  (1 experiments)
==================================================================
  Shared parameters:
    weight_makespan=0.1           MIPGap=0.0
    weight_delay=1.0              NoRelHeurTime=0
    weight_movements=10           cuts=none
    time_limit_s=60               

  Per-experiment parameters:
  Label          Solver            
  ---------------------------------
  milp_baseline  MILPAircraftSolver
==================================================================



==================================================================
  SUMMARY  —  12 ok  /  0 failed  /  12 total
==================================================================
  Instance                          Experiment     Status             Obj   Makespan      Delay   Mov       Gap   Time(s)
  -----------------------------------------------------------------------------------------------------------------------
  scn_chain_tight_P5_R10_seed1      milp_baseline  maxTimeLim      172.55      85.50     164.00     0    97.28%      60.4
  scn_full_tight_P5_R10_seed1       milp_baseline  maxTimeLim      184.55      90.50     175.50     0    98.00%      60.6
  scn_full_tight_P5_R20_seed1       milp_baseline  maxTimeLim     1647.55     205.50    1147.00    48    99.70%      62.1
  scn_hub_tight_P5_R10_seed1        milp_baseline  maxTimeLim      114.45      59.50     108.50     0    69.33%      60.3
  scn_none_tight_P5_R10_seed1       milp_baseline  optimal          99.35      58.50      93.50     0     0.00%       4.7
  scn_triangle_loose_P5_R10_seed1   milp_baseline  optimal           9.55      60.50       3.50     0     0.00%       7.9
  scn_triangle_medium_P5_R10_seed1  milp_baseline  maxTimeLim       61.35      58.50      55.50     0    76.12%      60.3
  scn_triangle_tight_P5_R10_seed1   milp_baseline  maxTimeLim      102.65      61.50      96.50     0    83.10%      60.3
  scn_triangle_tight_P5_R20_seed1   milp_baseline  maxTimeLim      864.60     146.00     850.00     0    99.42%      60.8
  scn_triangle_tight_P5_R30_seed1   milp_baseline  maxTimeLim     2687.40     274.00    2380.00    28    99.74%      61.9
  scn_triangle_tight_P5_R5_seed1    milp_baseline  optimal           3.00      30.00       0.00     0     0.00%       0.1
  scn_two_rows_tight_P5_R10_seed1   milp_baseline  maxTimeLim      101.35      58.50      95.50     0    75.96%      60.2
==================================================================
