==================================================================
  EXPERIMENT CONFIGURATIONS  (3 experiments)
  Code state (git): 61a3909
  Instance order  : by seed, then config (seed1 of all types first)
==================================================================
  Shared parameters:
    time_limit_s=60               NoRelHeurTime=0
    MIPGap=0.0                    seed=1

  Per-experiment parameters:
  Label       Solver                      weight_makespan  weight_delay  weight_movements
  ---------------------------------------------------------------------------------------
  igvnd_wMK   IteratedGreedyVNDJobSolver  100              1             1               
  igvnd_wDLY  IteratedGreedyVNDJobSolver  1                100           1               
  igvnd_wMOV  IteratedGreedyVNDJobSolver  1                1             100             
==================================================================


==================================================================
  HEURISTIC vs MILP  —  relative gap per instance type
  gap = (MILP_obj - heuristic_obj) / MILP_obj
  gap > 0  =>  heuristic BETTER (lower objective);  < 0  => worse
  heuristic: igvnd_wMK / igvnd_wDLY / igvnd_wMOV   (MILP rows from cache)
==================================================================
  -- Relative objective gap, by weight profile --
  [wMK  (100/1/1  makespan-priority)]
    Type                       N      Mean       Min       Max
    --------------------------------------------------------
    scn_chain_loose_P5_R10    10    -5.44%    -8.48%    -3.42%
    scn_chain_loose_P5_R20    10   +12.98%    -2.77%   +25.81%
    scn_chain_loose_P5_R30    10   +30.26%   +24.62%   +32.30%
    scn_chain_loose_P5_R5     10    +0.00%    +0.00%    +0.00%
    scn_chain_medium_P5_R10   10    -6.33%   -10.90%    -3.28%
    scn_chain_medium_P5_R20   10   +16.02%   +10.04%   +23.50%
    scn_chain_medium_P5_R30   10   +29.92%   +25.87%   +33.47%
    scn_chain_medium_P5_R5    10    +0.00%    +0.00%    +0.00%
    scn_chain_tight_P5_R20    10   +12.02%    +0.74%   +24.06%
    scn_chain_tight_P5_R30    10   +29.56%   +21.43%   +32.06%
    scn_chain_tight_P5_R5     10    -0.04%    -0.09%    +0.00%
    scn_hub_loose_P5_R10      10    -2.65%    -8.06%    +0.00%
    scn_hub_loose_P5_R20      10   +14.52%   +10.88%   +17.84%
    scn_hub_loose_P5_R30      10   +14.68%    +9.86%   +18.01%
    scn_hub_loose_P5_R5       10    +0.00%    +0.00%    +0.00%
    scn_hub_medium_P5_R10     10    -2.70%    -8.04%    +0.00%
    scn_hub_medium_P5_R20     10   +13.98%    +7.60%   +17.14%
    scn_hub_medium_P5_R30     10   +13.59%   +11.59%   +17.10%
    scn_hub_medium_P5_R5      10    +0.00%    +0.00%    +0.00%
    scn_hub_tight_P5_R20      10   +14.08%    +8.21%   +16.58%
    scn_hub_tight_P5_R30      10   +15.73%    +9.81%   +21.62%
    scn_hub_tight_P5_R5       10    -0.00%    -0.03%    +0.00%

  [wDLY  (1/100/1  delay-priority)]
    Type                       N      Mean       Min       Max
    --------------------------------------------------------
    scn_chain_loose_P5_R10    10  -267.35%  -676.32%   -16.06%
    scn_chain_loose_P5_R20    10   +24.72%    +6.45%   +46.41%
    scn_chain_loose_P5_R30    10   +44.02%   +33.45%   +48.14%
    scn_chain_loose_P5_R5     10    +0.00%    +0.00%    +0.00%
    scn_chain_medium_P5_R10   10    -4.43%    -8.82%    +1.34%
    scn_chain_medium_P5_R20   10   +20.33%    +8.44%   +30.59%
    scn_chain_medium_P5_R30   10   +37.39%   +28.76%   +42.57%
    scn_chain_medium_P5_R5    10    +0.00%    +0.00%    +0.00%
    scn_chain_tight_P5_R20    10   +14.16%    +1.77%   +37.43%
    scn_chain_tight_P5_R30    10   +33.67%   +27.28%   +37.50%
    scn_chain_tight_P5_R5     10  -260.06%  -891.18%    +0.00%
    scn_hub_loose_P5_R10      10  -184.79%  -624.28%    +0.00%
    scn_hub_loose_P5_R20      10   +21.80%   +11.85%   +34.79%
    scn_hub_loose_P5_R30      10   +24.21%   +17.96%   +32.80%
    scn_hub_loose_P5_R5       10    +0.00%    +0.00%    +0.00%
    scn_hub_medium_P5_R10     10    -3.96%   -13.95%    +1.58%
    scn_hub_medium_P5_R20     10   +18.74%   +11.37%   +25.22%
    scn_hub_medium_P5_R30     10   +20.34%   +12.77%   +26.98%
    scn_hub_medium_P5_R5      10    +0.00%    +0.00%    +0.00%
    scn_hub_tight_P5_R20      10   +16.65%    +4.98%   +23.65%
    scn_hub_tight_P5_R30      10   +17.95%   +14.51%   +21.56%
    scn_hub_tight_P5_R5       10  -146.10%  -931.25%    +0.00%

  [wMOV  (1/1/100  movement-priority)]
    Type                       N      Mean       Min       Max
    --------------------------------------------------------
    scn_chain_loose_P5_R10    10    -2.93%   -19.25%    +0.00%
    scn_chain_loose_P5_R20    10   +16.36%    -0.70%   +27.21%
    scn_chain_loose_P5_R30    10   +37.25%   +34.02%   +41.56%
    scn_chain_loose_P5_R5     10    +0.00%    +0.00%    +0.00%
    scn_chain_medium_P5_R10   10    -2.51%   -10.53%    +2.45%
    scn_chain_medium_P5_R20   10   +21.35%   +10.87%   +36.81%
    scn_chain_medium_P5_R30   10   +30.47%   +20.03%   +35.62%
    scn_chain_medium_P5_R5    10    +0.00%    +0.00%    +0.00%
    scn_chain_tight_P5_R20    10   +18.67%    -0.39%   +29.07%
    scn_chain_tight_P5_R30    10   +31.47%   +27.10%   +35.49%
    scn_chain_tight_P5_R5     10    +0.00%    +0.00%    +0.00%
    scn_hub_loose_P5_R10      10    +0.00%    +0.00%    +0.00%
    scn_hub_loose_P5_R20      10   +27.09%   +20.59%   +32.52%
    scn_hub_loose_P5_R30      10   +21.22%   +15.97%   +25.79%
    scn_hub_loose_P5_R5       10    +0.00%    +0.00%    +0.00%
    scn_hub_medium_P5_R10     10    +0.00%    +0.00%    +0.00%
    scn_hub_medium_P5_R20     10   +20.90%   +15.85%   +27.38%
    scn_hub_medium_P5_R30     10   +17.49%   +12.77%   +24.24%
    scn_hub_medium_P5_R5      10    +0.00%    +0.00%    +0.00%
    scn_hub_tight_P5_R20      10   +18.44%   +13.54%   +22.55%
    scn_hub_tight_P5_R30      10   +15.94%    +9.74%   +22.85%
    scn_hub_tight_P5_R5       10    +0.00%    +0.00%    +0.00%

  -- Relative objective gap, aggregated over all profiles --
  [ALL profiles]
    Type                       N      Mean       Min       Max
    --------------------------------------------------------
    scn_chain_loose_P5_R10    30   -91.91%  -676.32%    +0.00%
    scn_chain_loose_P5_R20    30   +18.02%    -2.77%   +46.41%
    scn_chain_loose_P5_R30    30   +37.18%   +24.62%   +48.14%
    scn_chain_loose_P5_R5     30    +0.00%    +0.00%    +0.00%
    scn_chain_medium_P5_R10   30    -4.42%   -10.90%    +2.45%
    scn_chain_medium_P5_R20   30   +19.23%    +8.44%   +36.81%
    scn_chain_medium_P5_R30   30   +32.59%   +20.03%   +42.57%
    scn_chain_medium_P5_R5    30    +0.00%    +0.00%    +0.00%
    scn_chain_tight_P5_R20    30   +14.95%    -0.39%   +37.43%
    scn_chain_tight_P5_R30    30   +31.57%   +21.43%   +37.50%
    scn_chain_tight_P5_R5     30   -86.70%  -891.18%    +0.00%
    scn_hub_loose_P5_R10      30   -62.48%  -624.28%    +0.00%
    scn_hub_loose_P5_R20      30   +21.13%   +10.88%   +34.79%
    scn_hub_loose_P5_R30      30   +20.04%    +9.86%   +32.80%
    scn_hub_loose_P5_R5       30    +0.00%    +0.00%    +0.00%
    scn_hub_medium_P5_R10     30    -2.22%   -13.95%    +1.58%
    scn_hub_medium_P5_R20     30   +17.87%    +7.60%   +27.38%
    scn_hub_medium_P5_R30     30   +17.14%   +11.59%   +26.98%
    scn_hub_medium_P5_R5      30    +0.00%    +0.00%    +0.00%
    scn_hub_tight_P5_R20      30   +16.39%    +4.98%   +23.65%
    scn_hub_tight_P5_R30      30   +16.54%    +9.74%   +22.85%
    scn_hub_tight_P5_R5       30   -48.70%  -931.25%    +0.00%

  -- Per-component mean Δ (heuristic − MILP); negative = heuristic better --
  -- (relative gap is distorted when the optimum delay ≈ 0; read these too)
  [wMK  (100/1/1  makespan-priority)]
    Type                       N   Δmakespan      Δdelay      Δmov
    ------------------------------------------------------------
    scn_chain_loose_P5_R10    10       +3.40       -0.60     +1.60
    scn_chain_loose_P5_R20    10      -21.60     -149.10    +27.00
    scn_chain_loose_P5_R30    10     -102.10    -1132.95    +71.60
    scn_chain_loose_P5_R5     10       +0.00       +0.00     +0.00
    scn_chain_medium_P5_R10   10       +3.85       +8.30     +3.00
    scn_chain_medium_P5_R20   10      -26.65     -107.80    +24.60
    scn_chain_medium_P5_R30   10     -102.85    -1056.40    +67.80
    scn_chain_medium_P5_R5    10       +0.00       +0.00     +0.00
    scn_chain_tight_P5_R20    10      -20.00      -70.25    +24.00
    scn_chain_tight_P5_R30    10     -102.00    -1168.40    +64.40
    scn_chain_tight_P5_R5     10       +0.00       +1.90     -0.60
    scn_hub_loose_P5_R10      10       +1.75       -3.75     -7.40
    scn_hub_loose_P5_R20      10      -20.40     -125.70    -17.40
    scn_hub_loose_P5_R30      10      -38.45     -376.05    +21.80
    scn_hub_loose_P5_R5       10       +0.00       +0.00     +0.00
    scn_hub_medium_P5_R10     10       +1.75       +0.35     -7.60
    scn_hub_medium_P5_R20     10      -19.70     -129.35    -17.40
    scn_hub_medium_P5_R30     10      -36.75     -297.55    +18.20
    scn_hub_medium_P5_R5      10       +0.00       +0.00     +0.00
    scn_hub_tight_P5_R20      10      -20.50     -101.95    -18.60
    scn_hub_tight_P5_R30      10      -42.05     -434.00     +6.80
    scn_hub_tight_P5_R5       10       +0.00       +0.30     -0.20

  [wDLY  (1/100/1  delay-priority)]
    Type                       N   Δmakespan      Δdelay      Δmov
    ------------------------------------------------------------
    scn_chain_loose_P5_R10    10       +2.15       +4.40     +5.80
    scn_chain_loose_P5_R20    10      -26.35     -159.25    +25.80
    scn_chain_loose_P5_R30    10     -108.15    -1313.45    +67.20
    scn_chain_loose_P5_R5     10       +0.00       +0.00     +0.00
    scn_chain_medium_P5_R10   10       -0.45       +2.60     +2.40
    scn_chain_medium_P5_R20   10      -27.65     -164.80    +19.80
    scn_chain_medium_P5_R30   10     -109.55    -1223.85    +62.80
    scn_chain_medium_P5_R5    10       +0.00       +0.00     +0.00
    scn_chain_tight_P5_R20    10      -26.10     -134.75    +17.00
    scn_chain_tight_P5_R30    10     -104.00    -1213.50    +57.80
    scn_chain_tight_P5_R5     10       +0.80       +1.00     +0.80
    scn_hub_loose_P5_R10      10       -0.55       +2.55     -5.60
    scn_hub_loose_P5_R20      10      -19.95     -104.60    -26.40
    scn_hub_loose_P5_R30      10      -48.30     -471.10    +13.20
    scn_hub_loose_P5_R5       10       +0.00       +0.00     +0.00
    scn_hub_medium_P5_R10     10       -1.90       +2.35     -4.80
    scn_hub_medium_P5_R20     10      -24.50     -125.15    -15.40
    scn_hub_medium_P5_R30     10      -35.70     -475.00    +39.40
    scn_hub_medium_P5_R5      10       +0.00       +0.00     +0.00
    scn_hub_tight_P5_R20      10      -22.60     -136.25    -13.00
    scn_hub_tight_P5_R30      10      -52.75     -468.85    +11.20
    scn_hub_tight_P5_R5       10       +0.00       +0.70     -1.00

  [wMOV  (1/1/100  movement-priority)]
    Type                       N   Δmakespan      Δdelay      Δmov
    ------------------------------------------------------------
    scn_chain_loose_P5_R10    10       +0.40       +1.95     +0.00
    scn_chain_loose_P5_R20    10      -23.45     -107.20     +0.00
    scn_chain_loose_P5_R30    10     -109.75    -1146.00     +0.00
    scn_chain_loose_P5_R5     10       +0.00       +0.00     +0.00
    scn_chain_medium_P5_R10   10       +0.55       +3.05     +0.00
    scn_chain_medium_P5_R20   10      -39.70     -190.35     +0.00
    scn_chain_medium_P5_R30   10     -108.60     -993.30     +0.00
    scn_chain_medium_P5_R5    10       +0.00       +0.00     +0.00
    scn_chain_tight_P5_R20    10      -31.45     -194.80     +0.00
    scn_chain_tight_P5_R30    10     -110.70    -1164.40     +0.00
    scn_chain_tight_P5_R5     10       +0.00       +0.00     +0.00
    scn_hub_loose_P5_R10      10       +0.00       +0.00     +0.00
    scn_hub_loose_P5_R20      10      -26.30     -154.45     +0.00
    scn_hub_loose_P5_R30      10      -44.80     -428.60     +0.00
    scn_hub_loose_P5_R5       10       +0.00       +0.00     +0.00
    scn_hub_medium_P5_R10     10       +0.00       +0.00     +0.00
    scn_hub_medium_P5_R20     10      -25.30     -153.00     +0.00
    scn_hub_medium_P5_R30     10      -41.85     -418.45     +0.00
    scn_hub_medium_P5_R5      10       +0.00       +0.00     +0.00
    scn_hub_tight_P5_R20      10      -22.90     -157.45     +0.00
    scn_hub_tight_P5_R30      10      -42.80     -413.60     +0.00
    scn_hub_tight_P5_R5       10       +0.00       +0.00     +0.00

==================================================================


==================================================================
  SUMMARY  —  660 ok  /  0 failed  /  660 total
==================================================================
  Instance                        Experiment  Status             Obj   Makespan      Delay   Mov       Gap   Time(s)
  ------------------------------------------------------------------------------------------------------------------
  scn_chain_loose_P5_R10_seed1    igvnd_wMK   heuristic_     6173.00      61.50      13.00    10         -      60.0
  scn_chain_loose_P5_R10_seed1    igvnd_wDLY  heuristic_     1112.50      62.50      10.50     0         -      60.1
  scn_chain_loose_P5_R10_seed1    igvnd_wMOV  heuristic_       73.00      62.50      10.50     0         -      60.0
  scn_chain_loose_P5_R20_seed1    igvnd_wMK   heuristic_    13731.00     131.50     529.00    52         -      60.0
  scn_chain_loose_P5_R20_seed1    igvnd_wDLY  heuristic_    41787.00     145.00     416.00    42         -      60.0
  scn_chain_loose_P5_R20_seed1    igvnd_wMOV  heuristic_      604.50     141.50     463.00     0         -      60.1
  scn_chain_loose_P5_R30_seed1    igvnd_wMK   heuristic_    25493.00     237.00    1727.00    66         -      60.0
  scn_chain_loose_P5_R30_seed1    igvnd_wDLY  heuristic_   165645.00     279.00    1653.00    66         -      60.1
  scn_chain_loose_P5_R30_seed1    igvnd_wMOV  heuristic_     2145.00     240.00    1905.00     0         -      60.2
  scn_chain_loose_P5_R5_seed1     igvnd_wMK   heuristic_     3000.00      30.00       0.00     0         -      60.0
  scn_chain_loose_P5_R5_seed1     igvnd_wDLY  heuristic_       30.00      30.00       0.00     0         -      60.0
  scn_chain_loose_P5_R5_seed1     igvnd_wMOV  heuristic_       30.00      30.00       0.00     0         -      60.0
  scn_chain_medium_P5_R10_seed1   igvnd_wMK   heuristic_     6339.50      62.50      89.50     0         -      60.0
  scn_chain_medium_P5_R10_seed1   igvnd_wDLY  heuristic_     6671.50      61.50      66.00    10         -      60.0
  scn_chain_medium_P5_R10_seed1   igvnd_wMOV  heuristic_      131.00      62.50      68.50     0         -      60.1
  scn_chain_medium_P5_R20_seed1   igvnd_wMK   heuristic_    13954.50     131.50     750.50    54         -      60.0
  scn_chain_medium_P5_R20_seed1   igvnd_wDLY  heuristic_    59796.00     150.00     596.00    46         -      60.0
  scn_chain_medium_P5_R20_seed1   igvnd_wMOV  heuristic_      767.50     134.50     633.00     0         -      60.0
  scn_chain_medium_P5_R30_seed1   igvnd_wMK   heuristic_    26448.00     239.50    2424.00    74         -      60.2
  scn_chain_medium_P5_R30_seed1   igvnd_wDLY  heuristic_   213240.50     232.50    2129.50    58         -      60.2
  scn_chain_medium_P5_R30_seed1   igvnd_wMOV  heuristic_     2515.00     256.00    2259.00     0         -      60.2
  scn_chain_medium_P5_R5_seed1    igvnd_wMK   heuristic_     3000.00      30.00       0.00     0         -      60.0
  scn_chain_medium_P5_R5_seed1    igvnd_wDLY  heuristic_       30.00      30.00       0.00     0         -      60.0
  scn_chain_medium_P5_R5_seed1    igvnd_wMOV  heuristic_       30.00      30.00       0.00     0         -      60.0
  scn_chain_tight_P5_R20_seed1    igvnd_wMK   heuristic_    14233.50     134.00     781.50    52         -      60.0
  scn_chain_tight_P5_R20_seed1    igvnd_wDLY  heuristic_    72082.50     142.50     719.00    40         -      60.1
  scn_chain_tight_P5_R20_seed1    igvnd_wMOV  heuristic_      989.00     145.50     843.50     0         -      60.1
  scn_chain_tight_P5_R30_seed1    igvnd_wMK   heuristic_    26994.50     243.00    2616.50    78         -      60.2
  scn_chain_tight_P5_R30_seed1    igvnd_wDLY  heuristic_   236781.50     251.50    2364.50    80         -      60.1
  scn_chain_tight_P5_R30_seed1    igvnd_wMOV  heuristic_     2673.50     250.00    2423.50     0         -      60.2
  scn_chain_tight_P5_R5_seed1     igvnd_wMK   heuristic_     3005.00      30.00       5.00     0         -      60.0
  scn_chain_tight_P5_R5_seed1     igvnd_wDLY  heuristic_      137.00      33.00       1.00     4         -      60.0
  scn_chain_tight_P5_R5_seed1     igvnd_wMOV  heuristic_       35.00      30.00       5.00     0         -      60.0
  scn_hub_loose_P5_R10_seed1      igvnd_wMK   heuristic_     5957.00      59.50       7.00     0         -      60.0
  scn_hub_loose_P5_R10_seed1      igvnd_wDLY  heuristic_      759.50      59.50       7.00     0         -      60.0
  scn_hub_loose_P5_R10_seed1      igvnd_wMOV  heuristic_       66.50      59.50       7.00     0         -      60.0
  scn_hub_loose_P5_R20_seed1      igvnd_wMK   heuristic_    12865.00     124.50     401.00    14         -      60.1
  scn_hub_loose_P5_R20_seed1      igvnd_wDLY  heuristic_    36477.50     127.50     363.50     0         -      60.0
  scn_hub_loose_P5_R20_seed1      igvnd_wMOV  heuristic_      506.50     129.50     377.00     0         -      60.0
  scn_hub_loose_P5_R30_seed1      igvnd_wMK   heuristic_    24130.00     225.50    1556.00    24         -      60.1
  scn_hub_loose_P5_R30_seed1      igvnd_wDLY  heuristic_   150121.50     221.50    1499.00     0         -      60.2
  scn_hub_loose_P5_R30_seed1      igvnd_wMOV  heuristic_     1637.50     217.50    1420.00     0         -      60.1
  scn_hub_loose_P5_R5_seed1       igvnd_wMK   heuristic_     3000.00      30.00       0.00     0         -      60.0
  scn_hub_loose_P5_R5_seed1       igvnd_wDLY  heuristic_       30.00      30.00       0.00     0         -      60.0
  scn_hub_loose_P5_R5_seed1       igvnd_wMOV  heuristic_       30.00      30.00       0.00     0         -      60.0
  scn_hub_medium_P5_R10_seed1     igvnd_wMK   heuristic_     6014.50      59.50      64.50     0         -      60.1
  scn_hub_medium_P5_R10_seed1     igvnd_wDLY  heuristic_     6509.50      59.50      64.50     0         -      60.1
  scn_hub_medium_P5_R10_seed1     igvnd_wMOV  heuristic_      124.00      59.50      64.50     0         -      60.1
  scn_hub_medium_P5_R20_seed1     igvnd_wMK   heuristic_    12937.00     123.50     587.00     0         -      60.0
  scn_hub_medium_P5_R20_seed1     igvnd_wDLY  heuristic_    51727.50     127.50     516.00     0         -      60.0
  scn_hub_medium_P5_R20_seed1     igvnd_wMOV  heuristic_      678.50     129.50     549.00     0         -      60.0
  scn_hub_medium_P5_R30_seed1     igvnd_wMK   heuristic_    25778.00     236.00    2178.00     0         -      60.1
  scn_hub_medium_P5_R30_seed1     igvnd_wDLY  heuristic_   184769.00     253.00    1844.50    66         -      60.0
  scn_hub_medium_P5_R30_seed1     igvnd_wMOV  heuristic_     2149.50     227.50    1922.00     0         -      60.1
  scn_hub_medium_P5_R5_seed1      igvnd_wMK   heuristic_     3000.00      30.00       0.00     0         -      60.0
  scn_hub_medium_P5_R5_seed1      igvnd_wDLY  heuristic_       30.00      30.00       0.00     0         -      60.0
  scn_hub_medium_P5_R5_seed1      igvnd_wMOV  heuristic_       30.00      30.00       0.00     0         -      60.0
  scn_hub_tight_P5_R20_seed1      igvnd_wMK   heuristic_    12952.00     122.50     702.00     0         -      60.2
  scn_hub_tight_P5_R20_seed1      igvnd_wDLY  heuristic_    64527.50     127.50     644.00     0         -      60.0
  scn_hub_tight_P5_R20_seed1      igvnd_wMOV  heuristic_      814.50     128.50     686.00     0         -      60.0
  scn_hub_tight_P5_R30_seed1      igvnd_wMK   heuristic_    24495.50     222.50    2245.50     0         -      60.2
  scn_hub_tight_P5_R30_seed1      igvnd_wDLY  heuristic_   216269.50     219.50    2160.50     0         -      60.1
  scn_hub_tight_P5_R30_seed1      igvnd_wMOV  heuristic_     2213.00     217.50    1995.50     0         -      60.0
  scn_hub_tight_P5_R5_seed1       igvnd_wMK   heuristic_     3003.00      30.00       3.00     0         -      60.0
  scn_hub_tight_P5_R5_seed1       igvnd_wDLY  heuristic_      330.00      30.00       3.00     0         -      60.0
  scn_hub_tight_P5_R5_seed1       igvnd_wMOV  heuristic_       33.00      30.00       3.00     0         -      60.0
  scn_chain_loose_P5_R10_seed2    igvnd_wMK   heuristic_     7073.50      70.50       9.50    14         -      60.0
  scn_chain_loose_P5_R10_seed2    igvnd_wDLY  heuristic_      541.50      75.50       4.50    16         -      60.0
  scn_chain_loose_P5_R10_seed2    igvnd_wMOV  heuristic_       81.50      72.50       9.00     0         -      60.0
  scn_chain_loose_P5_R20_seed2    igvnd_wMK   heuristic_    14281.50     137.50     485.50    46         -      60.0
  scn_chain_loose_P5_R20_seed2    igvnd_wDLY  heuristic_    42070.50     138.50     419.00    32         -      60.0
  scn_chain_loose_P5_R20_seed2    igvnd_wMOV  heuristic_      648.50     153.00     495.50     0         -      60.0
  scn_chain_loose_P5_R30_seed2    igvnd_wMK   heuristic_    25588.00     237.50    1774.00    64         -      60.1
  scn_chain_loose_P5_R30_seed2    igvnd_wDLY  heuristic_   154593.00     227.00    1543.00    66         -      60.2
  scn_chain_loose_P5_R30_seed2    igvnd_wMOV  heuristic_     2088.00     244.00    1844.00     0         -      60.1
  scn_chain_loose_P5_R5_seed2     igvnd_wMK   heuristic_     3700.00      37.00       0.00     0         -      60.0
  scn_chain_loose_P5_R5_seed2     igvnd_wDLY  heuristic_       37.00      37.00       0.00     0         -      60.0
  scn_chain_loose_P5_R5_seed2     igvnd_wMOV  heuristic_       37.00      37.00       0.00     0         -      60.0
  scn_chain_medium_P5_R10_seed2   igvnd_wMK   heuristic_     7238.00      71.50      74.00    14         -      60.1
  scn_chain_medium_P5_R10_seed2   igvnd_wDLY  heuristic_     7285.50      71.50      72.00    14         -      60.0
  scn_chain_medium_P5_R10_seed2   igvnd_wMOV  heuristic_      168.00      74.50      93.50     0         -      60.1
  scn_chain_medium_P5_R20_seed2   igvnd_wMK   heuristic_    14445.00     136.50     755.00    40         -      60.0
  scn_chain_medium_P5_R20_seed2   igvnd_wDLY  heuristic_    63557.00     157.00     634.00     0         -      60.0
  scn_chain_medium_P5_R20_seed2   igvnd_wMOV  heuristic_      842.50     154.00     688.50     0         -      60.0
  scn_chain_medium_P5_R30_seed2   igvnd_wMK   heuristic_    26196.50     237.50    2374.50    72         -      60.1
  scn_chain_medium_P5_R30_seed2   igvnd_wDLY  heuristic_   196154.50     236.50    1958.50    68         -      60.2
  scn_chain_medium_P5_R30_seed2   igvnd_wMOV  heuristic_     2434.00     244.00    2190.00     0         -      60.1
  scn_chain_medium_P5_R5_seed2    igvnd_wMK   heuristic_     3700.00      37.00       0.00     0         -      60.0
  scn_chain_medium_P5_R5_seed2    igvnd_wDLY  heuristic_       37.00      37.00       0.00     0         -      60.0
  scn_chain_medium_P5_R5_seed2    igvnd_wMOV  heuristic_       37.00      37.00       0.00     0         -      60.0
  scn_chain_tight_P5_R20_seed2    igvnd_wMK   heuristic_    14705.00     137.50     903.00    52         -      60.0
  scn_chain_tight_P5_R20_seed2    igvnd_wDLY  heuristic_    74589.00     143.00     744.00    46         -      60.0
  scn_chain_tight_P5_R20_seed2    igvnd_wMOV  heuristic_      994.50     158.00     836.50     0         -      60.0
  scn_chain_tight_P5_R30_seed2    igvnd_wMK   heuristic_    26015.50     234.00    2533.50    82         -      60.2
  scn_chain_tight_P5_R30_seed2    igvnd_wDLY  heuristic_   227154.00     254.00    2269.00     0         -      60.1
  scn_chain_tight_P5_R30_seed2    igvnd_wMOV  heuristic_     2686.00     244.00    2442.00     0         -      60.1
  scn_chain_tight_P5_R5_seed2     igvnd_wMK   heuristic_     3706.00      37.00       6.00     0         -      60.0
  scn_chain_tight_P5_R5_seed2     igvnd_wDLY  heuristic_      241.00      39.00       2.00     2         -      60.0
  scn_chain_tight_P5_R5_seed2     igvnd_wMOV  heuristic_       43.00      37.00       6.00     0         -      60.0
  scn_hub_loose_P5_R10_seed2      igvnd_wMK   heuristic_     7054.50      70.50       4.50     0         -      60.0
  scn_hub_loose_P5_R10_seed2      igvnd_wDLY  heuristic_      285.50      77.50       2.00     8         -      60.1
  scn_hub_loose_P5_R10_seed2      igvnd_wMOV  heuristic_       75.00      70.50       4.50     0         -      60.0
  scn_hub_loose_P5_R20_seed2      igvnd_wMK   heuristic_    12696.00     123.50     346.00     0         -      60.1
  scn_hub_loose_P5_R20_seed2      igvnd_wDLY  heuristic_    32474.50     124.50     323.50     0         -      60.0
  scn_hub_loose_P5_R20_seed2      igvnd_wMOV  heuristic_      482.00     128.50     353.50     0         -      60.1
  scn_hub_loose_P5_R30_seed2      igvnd_wMK   heuristic_    22979.50     212.50    1729.50     0         -      60.1
  scn_hub_loose_P5_R30_seed2      igvnd_wDLY  heuristic_   148137.00     231.00    1478.50    56         -      60.1
  scn_hub_loose_P5_R30_seed2      igvnd_wMOV  heuristic_     1673.00     234.00    1439.00     0         -      60.0
  scn_hub_loose_P5_R5_seed2       igvnd_wMK   heuristic_     3700.00      37.00       0.00     0         -      60.0
  scn_hub_loose_P5_R5_seed2       igvnd_wDLY  heuristic_       37.00      37.00       0.00     0         -      60.0
  scn_hub_loose_P5_R5_seed2       igvnd_wMOV  heuristic_       37.00      37.00       0.00     0         -      60.0
  scn_hub_medium_P5_R10_seed2     igvnd_wMK   heuristic_     7118.50      70.50      68.50     0         -      60.0
  scn_hub_medium_P5_R10_seed2     igvnd_wDLY  heuristic_     6920.50      70.50      68.50     0         -      60.0
  scn_hub_medium_P5_R10_seed2     igvnd_wMOV  heuristic_      139.00      70.50      68.50     0         -      60.0
  scn_hub_medium_P5_R20_seed2     igvnd_wMK   heuristic_    12921.50     123.50     571.50     0         -      60.0
  scn_hub_medium_P5_R20_seed2     igvnd_wDLY  heuristic_    53975.50     125.50     538.50     0         -      60.1
  scn_hub_medium_P5_R20_seed2     igvnd_wMOV  heuristic_      638.00     125.50     512.50     0         -      60.0
  scn_hub_medium_P5_R30_seed2     igvnd_wMK   heuristic_    24530.00     226.00    1886.00    44         -      60.1
  scn_hub_medium_P5_R30_seed2     igvnd_wDLY  heuristic_   173863.50     229.50    1735.50    84         -      60.0
  scn_hub_medium_P5_R30_seed2     igvnd_wMOV  heuristic_     2041.50     221.50    1820.00     0         -      60.0
  scn_hub_medium_P5_R5_seed2      igvnd_wMK   heuristic_     3700.00      37.00       0.00     0         -      60.0
  scn_hub_medium_P5_R5_seed2      igvnd_wDLY  heuristic_       37.00      37.00       0.00     0         -      60.0
  scn_hub_medium_P5_R5_seed2      igvnd_wMOV  heuristic_       37.00      37.00       0.00     0         -      60.0
  scn_hub_tight_P5_R20_seed2      igvnd_wMK   heuristic_    13250.00     125.50     700.00     0         -      60.1
  scn_hub_tight_P5_R20_seed2      igvnd_wDLY  heuristic_    63923.50     123.50     638.00     0         -      60.0
  scn_hub_tight_P5_R20_seed2      igvnd_wMOV  heuristic_      791.50     126.50     665.00     0         -      60.0
  scn_hub_tight_P5_R30_seed2      igvnd_wMK   heuristic_    25452.50     229.50    2502.50     0         -      60.1
  scn_hub_tight_P5_R30_seed2      igvnd_wDLY  heuristic_   212265.50     215.50    2120.50     0         -      60.6
  scn_hub_tight_P5_R30_seed2      igvnd_wMOV  heuristic_     2334.00     216.50    2117.50     0         -      60.0
  scn_hub_tight_P5_R5_seed2       igvnd_wMK   heuristic_     3701.00      37.00       1.00     0         -      60.0
  scn_hub_tight_P5_R5_seed2       igvnd_wDLY  heuristic_      137.00      37.00       1.00     0         -      60.0
  scn_hub_tight_P5_R5_seed2       igvnd_wMOV  heuristic_       38.00      37.00       1.00     0         -      60.0
  scn_chain_loose_P5_R10_seed3    igvnd_wMK   heuristic_     6487.50      64.50      27.50    10         -      60.1
  scn_chain_loose_P5_R10_seed3    igvnd_wDLY  heuristic_      577.00      67.00       5.00    10         -      60.0
  scn_chain_loose_P5_R10_seed3    igvnd_wMOV  heuristic_       74.50      65.50       9.00     0         -      60.0
  scn_chain_loose_P5_R20_seed3    igvnd_wMK   heuristic_    14760.00     142.00     508.00    52         -      60.1
  scn_chain_loose_P5_R20_seed3    igvnd_wDLY  heuristic_    48437.00     147.00     482.50    40         -      60.1
  scn_chain_loose_P5_R20_seed3    igvnd_wMOV  heuristic_      648.50     161.00     487.50     0         -      60.0
  scn_chain_loose_P5_R30_seed3    igvnd_wMK   heuristic_    26047.50     239.00    2081.50    66         -      60.1
  scn_chain_loose_P5_R30_seed3    igvnd_wDLY  heuristic_   164282.00     252.00    1639.50    80         -      60.1
  scn_chain_loose_P5_R30_seed3    igvnd_wMOV  heuristic_     2014.00     233.00    1781.00     0         -      60.2
  scn_chain_loose_P5_R5_seed3     igvnd_wMK   heuristic_     3100.00      31.00       0.00     0         -      60.0
  scn_chain_loose_P5_R5_seed3     igvnd_wDLY  heuristic_       31.00      31.00       0.00     0         -      60.0
  scn_chain_loose_P5_R5_seed3     igvnd_wMOV  heuristic_       31.00      31.00       0.00     0         -      60.0
  scn_chain_medium_P5_R10_seed3   igvnd_wMK   heuristic_     6745.50      66.50      79.50    16         -      60.0
  scn_chain_medium_P5_R10_seed3   igvnd_wDLY  heuristic_     6839.50      67.50      67.50    22         -      60.0
  scn_chain_medium_P5_R10_seed3   igvnd_wMOV  heuristic_      142.00      65.50      76.50     0         -      60.0
  scn_chain_medium_P5_R20_seed3   igvnd_wMK   heuristic_    14630.00     138.50     744.00    36         -      60.0
  scn_chain_medium_P5_R20_seed3   igvnd_wDLY  heuristic_    68849.50     151.50     686.50    48         -      60.0
  scn_chain_medium_P5_R20_seed3   igvnd_wMOV  heuristic_      881.50     149.50     732.00     0         -      60.0
  scn_chain_medium_P5_R30_seed3   igvnd_wMK   heuristic_    26348.50     240.50    2218.50    80         -      60.2
  scn_chain_medium_P5_R30_seed3   igvnd_wDLY  heuristic_   197605.50     233.50    1973.00    72         -      60.1
  scn_chain_medium_P5_R30_seed3   igvnd_wMOV  heuristic_     2394.00     233.00    2161.00     0         -      60.1
  scn_chain_medium_P5_R5_seed3    igvnd_wMK   heuristic_     3100.00      31.00       0.00     0         -      60.0
  scn_chain_medium_P5_R5_seed3    igvnd_wDLY  heuristic_       31.00      31.00       0.00     0         -      60.0
  scn_chain_medium_P5_R5_seed3    igvnd_wMOV  heuristic_       31.00      31.00       0.00     0         -      60.0
  scn_chain_tight_P5_R20_seed3    igvnd_wMK   heuristic_    14819.00     139.00     869.00    50         -      60.0
  scn_chain_tight_P5_R20_seed3    igvnd_wDLY  heuristic_    83109.00     159.00     829.50     0         -      60.1
  scn_chain_tight_P5_R20_seed3    igvnd_wMOV  heuristic_      994.00     152.00     842.00     0         -      60.1
  scn_chain_tight_P5_R30_seed3    igvnd_wMK   heuristic_    26667.50     239.50    2645.50    72         -      60.2
  scn_chain_tight_P5_R30_seed3    igvnd_wDLY  heuristic_   236466.50     246.50    2361.50    70         -      60.1
  scn_chain_tight_P5_R30_seed3    igvnd_wMOV  heuristic_     2665.00     233.00    2432.00     0         -      60.1
  scn_chain_tight_P5_R5_seed3     igvnd_wMK   heuristic_     3106.00      31.00       4.00     2         -      60.0
  scn_chain_tight_P5_R5_seed3     igvnd_wDLY  heuristic_      337.00      31.00       3.00     6         -      60.0
  scn_chain_tight_P5_R5_seed3     igvnd_wMOV  heuristic_       37.00      31.00       6.00     0         -      60.0
  scn_hub_loose_P5_R10_seed3      igvnd_wMK   heuristic_     6355.50      63.50       5.50     0         -      60.0
  scn_hub_loose_P5_R10_seed3      igvnd_wDLY  heuristic_      613.50      63.50       5.50     0         -      60.0
  scn_hub_loose_P5_R10_seed3      igvnd_wMOV  heuristic_       69.00      63.50       5.50     0         -      60.0
  scn_hub_loose_P5_R20_seed3      igvnd_wMK   heuristic_    13355.00     129.50     405.00     0         -      60.0
  scn_hub_loose_P5_R20_seed3      igvnd_wDLY  heuristic_    41331.50     131.50     412.00     0         -      60.0
  scn_hub_loose_P5_R20_seed3      igvnd_wMOV  heuristic_      532.50     128.50     404.00     0         -      60.1
  scn_hub_loose_P5_R30_seed3      igvnd_wMK   heuristic_    24895.00     234.00    1495.00     0         -      60.1
  scn_hub_loose_P5_R30_seed3      igvnd_wDLY  heuristic_   134864.50     214.50    1346.50     0         -      60.1
  scn_hub_loose_P5_R30_seed3      igvnd_wMOV  heuristic_     1723.00     226.50    1496.50     0         -      60.2
  scn_hub_loose_P5_R5_seed3       igvnd_wMK   heuristic_     3100.00      31.00       0.00     0         -      60.0
  scn_hub_loose_P5_R5_seed3       igvnd_wDLY  heuristic_       31.00      31.00       0.00     0         -      60.0
  scn_hub_loose_P5_R5_seed3       igvnd_wMOV  heuristic_       31.00      31.00       0.00     0         -      60.0
  scn_hub_medium_P5_R10_seed3     igvnd_wMK   heuristic_     6420.50      63.50      70.50     0         -      60.0
  scn_hub_medium_P5_R10_seed3     igvnd_wDLY  heuristic_     6773.50      67.50      67.00     6         -      60.0
  scn_hub_medium_P5_R10_seed3     igvnd_wMOV  heuristic_      134.00      63.50      70.50     0         -      60.0
  scn_hub_medium_P5_R20_seed3     igvnd_wMK   heuristic_    13366.00     127.50     616.00     0         -      60.0
  scn_hub_medium_P5_R20_seed3     igvnd_wDLY  heuristic_    58878.50     128.50     587.50     0         -      60.1
  scn_hub_medium_P5_R20_seed3     igvnd_wMOV  heuristic_      719.50     129.50     590.00     0         -      60.1
  scn_hub_medium_P5_R30_seed3     igvnd_wMK   heuristic_    24538.50     225.00    2038.50     0         -      60.1
  scn_hub_medium_P5_R30_seed3     igvnd_wDLY  heuristic_   187443.00     245.00    1871.50    48         -      60.1
  scn_hub_medium_P5_R30_seed3     igvnd_wMOV  heuristic_     2311.00     227.50    2083.50     0         -      60.1
  scn_hub_medium_P5_R5_seed3      igvnd_wMK   heuristic_     3100.00      31.00       0.00     0         -      60.0
  scn_hub_medium_P5_R5_seed3      igvnd_wDLY  heuristic_       31.00      31.00       0.00     0         -      60.0
  scn_hub_medium_P5_R5_seed3      igvnd_wMOV  heuristic_       31.00      31.00       0.00     0         -      60.0
  scn_hub_tight_P5_R20_seed3      igvnd_wMK   heuristic_    13474.00     127.50     724.00     0         -      60.0
  scn_hub_tight_P5_R20_seed3      igvnd_wDLY  heuristic_    73829.50     129.50     737.00     0         -      60.1
  scn_hub_tight_P5_R20_seed3      igvnd_wMOV  heuristic_      865.50     130.50     735.00     0         -      60.5
  scn_hub_tight_P5_R30_seed3      igvnd_wMK   heuristic_    24669.50     221.50    2519.50     0         -      60.1
  scn_hub_tight_P5_R30_seed3      igvnd_wDLY  heuristic_   211646.00     240.00    2113.50    56         -      60.4
  scn_hub_tight_P5_R30_seed3      igvnd_wMOV  heuristic_     2231.00     213.50    2017.50     0         -      60.2
  scn_hub_tight_P5_R5_seed3       igvnd_wMK   heuristic_     3101.00      31.00       1.00     0         -      60.0
  scn_hub_tight_P5_R5_seed3       igvnd_wDLY  heuristic_      131.00      31.00       1.00     0         -      60.0
  scn_hub_tight_P5_R5_seed3       igvnd_wMOV  heuristic_       32.00      31.00       1.00     0         -      60.0
  scn_chain_loose_P5_R10_seed4    igvnd_wMK   heuristic_     7096.50      70.50      36.50    10         -      60.0
  scn_chain_loose_P5_R10_seed4    igvnd_wDLY  heuristic_      893.00      83.00       8.00    10         -      60.0
  scn_chain_loose_P5_R10_seed4    igvnd_wMOV  heuristic_       93.00      81.50      11.50     0         -      60.0
  scn_chain_loose_P5_R20_seed4    igvnd_wMK   heuristic_    14314.00     136.50     620.00    44         -      60.1
  scn_chain_loose_P5_R20_seed4    igvnd_wDLY  heuristic_    45535.00     141.00     453.50    44         -      60.1
  scn_chain_loose_P5_R20_seed4    igvnd_wMOV  heuristic_      614.00     144.00     470.00     0         -      60.1
  scn_chain_loose_P5_R30_seed4    igvnd_wMK   heuristic_    26106.50     239.00    2132.50    74         -      60.1
  scn_chain_loose_P5_R30_seed4    igvnd_wDLY  heuristic_   179914.00     244.00    1796.00    70         -      60.1
  scn_chain_loose_P5_R30_seed4    igvnd_wMOV  heuristic_     2150.00     245.50    1904.50     0         -      60.2
  scn_chain_loose_P5_R5_seed4     igvnd_wMK   heuristic_     4400.00      44.00       0.00     0         -      60.0
  scn_chain_loose_P5_R5_seed4     igvnd_wDLY  heuristic_       44.00      44.00       0.00     0         -      60.0
  scn_chain_loose_P5_R5_seed4     igvnd_wMOV  heuristic_       44.00      44.00       0.00     0         -      60.0
  scn_chain_medium_P5_R10_seed4   igvnd_wMK   heuristic_     7171.50      70.50     101.50    20         -      60.0
  scn_chain_medium_P5_R10_seed4   igvnd_wDLY  heuristic_     7947.50      81.50      78.50    16         -      60.0
  scn_chain_medium_P5_R10_seed4   igvnd_wMOV  heuristic_      165.00      81.50      83.50     0         -      60.0
  scn_chain_medium_P5_R20_seed4   igvnd_wMK   heuristic_    14535.00     137.00     789.00    46         -      60.0
  scn_chain_medium_P5_R20_seed4   igvnd_wDLY  heuristic_    68198.00     152.00     680.00    46         -      60.1
  scn_chain_medium_P5_R20_seed4   igvnd_wMOV  heuristic_      825.00     144.00     681.00     0         -      60.0
  scn_chain_medium_P5_R30_seed4   igvnd_wMK   heuristic_    26425.00     238.50    2511.00    64         -      60.1
  scn_chain_medium_P5_R30_seed4   igvnd_wDLY  heuristic_   211554.00     230.00    2112.50    74         -      60.1
  scn_chain_medium_P5_R30_seed4   igvnd_wMOV  heuristic_     2619.00     278.00    2341.00     0         -      60.1
  scn_chain_medium_P5_R5_seed4    igvnd_wMK   heuristic_     4400.00      44.00       0.00     0         -      60.0
  scn_chain_medium_P5_R5_seed4    igvnd_wDLY  heuristic_       44.00      44.00       0.00     0         -      60.0
  scn_chain_medium_P5_R5_seed4    igvnd_wMOV  heuristic_       44.00      44.00       0.00     0         -      60.0
  scn_chain_tight_P5_R20_seed4    igvnd_wMK   heuristic_    14428.50     135.00     890.50    38         -      60.1
  scn_chain_tight_P5_R20_seed4    igvnd_wDLY  heuristic_    80890.50     144.50     807.00    46         -      60.2
  scn_chain_tight_P5_R20_seed4    igvnd_wMOV  heuristic_      976.00     144.00     832.00     0         -      60.1
  scn_chain_tight_P5_R30_seed4    igvnd_wMK   heuristic_    26564.50     238.50    2646.50    68         -      60.1
  scn_chain_tight_P5_R30_seed4    igvnd_wDLY  heuristic_   245345.50     245.50    2451.00     0         -      60.2
  scn_chain_tight_P5_R30_seed4    igvnd_wMOV  heuristic_     2964.00     246.00    2718.00     0         -      60.1
  scn_chain_tight_P5_R5_seed4     igvnd_wMK   heuristic_     4402.00      44.00       2.00     0         -      60.0
  scn_chain_tight_P5_R5_seed4     igvnd_wDLY  heuristic_      150.00      46.00       1.00     4         -      60.0
  scn_chain_tight_P5_R5_seed4     igvnd_wMOV  heuristic_       46.00      44.00       2.00     0         -      60.0
  scn_hub_loose_P5_R10_seed4      igvnd_wMK   heuristic_     6792.50      67.50      34.50     8         -      60.1
  scn_hub_loose_P5_R10_seed4      igvnd_wDLY  heuristic_      529.50      79.50       4.50     0         -      60.0
  scn_hub_loose_P5_R10_seed4      igvnd_wMOV  heuristic_       83.00      76.50       6.50     0         -      60.0
  scn_hub_loose_P5_R20_seed4      igvnd_wMK   heuristic_    13400.00     128.50     550.00     0         -      60.0
  scn_hub_loose_P5_R20_seed4      igvnd_wDLY  heuristic_    38435.50     135.50     383.00     0         -      60.0
  scn_hub_loose_P5_R20_seed4      igvnd_wMOV  heuristic_      519.50     134.50     385.00     0         -      60.1
  scn_hub_loose_P5_R30_seed4      igvnd_wMK   heuristic_    24997.50     228.50    2147.50     0         -      60.0
  scn_hub_loose_P5_R30_seed4      igvnd_wDLY  heuristic_   142117.50     217.50    1419.00     0         -      60.2
  scn_hub_loose_P5_R30_seed4      igvnd_wMOV  heuristic_     1919.50     257.00    1662.50     0         -      60.1
  scn_hub_loose_P5_R5_seed4       igvnd_wMK   heuristic_     4400.00      44.00       0.00     0         -      60.0
  scn_hub_loose_P5_R5_seed4       igvnd_wDLY  heuristic_       44.00      44.00       0.00     0         -      60.0
  scn_hub_loose_P5_R5_seed4       igvnd_wMOV  heuristic_       44.00      44.00       0.00     0         -      60.0
  scn_hub_medium_P5_R10_seed4     igvnd_wMK   heuristic_     6854.50      67.50      96.50     8         -      60.0
  scn_hub_medium_P5_R10_seed4     igvnd_wDLY  heuristic_     7426.50      76.50      73.50     0         -      60.0
  scn_hub_medium_P5_R10_seed4     igvnd_wMOV  heuristic_      150.00      76.50      73.50     0         -      60.0
  scn_hub_medium_P5_R20_seed4     igvnd_wMK   heuristic_    13517.00     127.50     767.00     0         -      60.1
  scn_hub_medium_P5_R20_seed4     igvnd_wDLY  heuristic_    59233.50     133.50     591.00     0         -      60.1
  scn_hub_medium_P5_R20_seed4     igvnd_wMOV  heuristic_      719.50     133.50     586.00     0         -      60.0
  scn_hub_medium_P5_R30_seed4     igvnd_wMK   heuristic_    24562.50     222.50    2312.50     0         -      60.2
  scn_hub_medium_P5_R30_seed4     igvnd_wDLY  heuristic_   175617.50     217.50    1754.00     0         -      60.2
  scn_hub_medium_P5_R30_seed4     igvnd_wMOV  heuristic_     2030.50     221.50    1809.00     0         -      60.1
  scn_hub_medium_P5_R5_seed4      igvnd_wMK   heuristic_     4400.00      44.00       0.00     0         -      60.0
  scn_hub_medium_P5_R5_seed4      igvnd_wDLY  heuristic_       44.00      44.00       0.00     0         -      60.0
  scn_hub_medium_P5_R5_seed4      igvnd_wMOV  heuristic_       44.00      44.00       0.00     0         -      60.0
  scn_hub_tight_P5_R20_seed4      igvnd_wMK   heuristic_    13642.00     127.50     892.00     0         -      60.1
  scn_hub_tight_P5_R20_seed4      igvnd_wDLY  heuristic_    72230.50     130.50     721.00     0         -      60.1
  scn_hub_tight_P5_R20_seed4      igvnd_wMOV  heuristic_      848.50     130.50     718.00     0         -      60.0
  scn_hub_tight_P5_R30_seed4      igvnd_wMK   heuristic_    24970.50     227.50    2220.50     0         -      60.1
  scn_hub_tight_P5_R30_seed4      igvnd_wDLY  heuristic_   234496.00     246.00    2342.50     0         -      60.1
  scn_hub_tight_P5_R30_seed4      igvnd_wMOV  heuristic_     2633.50     242.00    2391.50     0         -      60.1
  scn_hub_tight_P5_R5_seed4       igvnd_wMK   heuristic_     4402.00      44.00       2.00     0         -      60.0
  scn_hub_tight_P5_R5_seed4       igvnd_wDLY  heuristic_      244.00      44.00       2.00     0         -      60.0
  scn_hub_tight_P5_R5_seed4       igvnd_wMOV  heuristic_       46.00      44.00       2.00     0         -      60.0
  scn_chain_loose_P5_R10_seed5    igvnd_wMK   heuristic_     5934.50      59.00      22.50    12         -      60.0
  scn_chain_loose_P5_R10_seed5    igvnd_wDLY  heuristic_      130.00      66.00       0.50    14         -      60.0
  scn_chain_loose_P5_R10_seed5    igvnd_wMOV  heuristic_       69.00      63.00       6.00     0         -      60.0
  scn_chain_loose_P5_R20_seed5    igvnd_wMK   heuristic_    13654.00     131.50     474.00    30         -      60.0
  scn_chain_loose_P5_R20_seed5    igvnd_wDLY  heuristic_    38285.00     139.00     381.00    46         -      60.1
  scn_chain_loose_P5_R20_seed5    igvnd_wMOV  heuristic_      619.00     136.50     482.50     0         -      60.1
  scn_chain_loose_P5_R30_seed5    igvnd_wMK   heuristic_    25950.00     239.50    1928.00    72         -      60.1
  scn_chain_loose_P5_R30_seed5    igvnd_wDLY  heuristic_   169515.50     243.50    1692.00    72         -      60.2
  scn_chain_loose_P5_R30_seed5    igvnd_wMOV  heuristic_     2147.00     242.00    1905.00     0         -      60.1
  scn_chain_loose_P5_R5_seed5     igvnd_wMK   heuristic_     3200.00      32.00       0.00     0         -      60.0
  scn_chain_loose_P5_R5_seed5     igvnd_wDLY  heuristic_       32.00      32.00       0.00     0         -      60.0
  scn_chain_loose_P5_R5_seed5     igvnd_wMOV  heuristic_       32.00      32.00       0.00     0         -      60.0
  scn_chain_medium_P5_R10_seed5   igvnd_wMK   heuristic_     6248.50      61.50      84.50    14         -      60.0
  scn_chain_medium_P5_R10_seed5   igvnd_wDLY  heuristic_     5429.50      67.50      53.50    12         -      60.0
  scn_chain_medium_P5_R10_seed5   igvnd_wMOV  heuristic_      129.00      63.00      66.00     0         -      60.0
  scn_chain_medium_P5_R20_seed5   igvnd_wMK   heuristic_    13694.00     129.50     700.00    44         -      60.1
  scn_chain_medium_P5_R20_seed5   igvnd_wDLY  heuristic_    59286.00     146.00     591.00    40         -      60.0
  scn_chain_medium_P5_R20_seed5   igvnd_wMOV  heuristic_      844.50     146.50     698.00     0         -      60.0
  scn_chain_medium_P5_R30_seed5   igvnd_wMK   heuristic_    25799.00     236.00    2131.00    68         -      60.1
  scn_chain_medium_P5_R30_seed5   igvnd_wDLY  heuristic_   205072.00     242.00    2047.50    80         -      60.2
  scn_chain_medium_P5_R30_seed5   igvnd_wMOV  heuristic_     2500.50     272.50    2228.00     0         -      60.2
  scn_chain_medium_P5_R5_seed5    igvnd_wMK   heuristic_     3200.00      32.00       0.00     0         -      60.0
  scn_chain_medium_P5_R5_seed5    igvnd_wDLY  heuristic_       32.00      32.00       0.00     0         -      60.0
  scn_chain_medium_P5_R5_seed5    igvnd_wMOV  heuristic_       32.00      32.00       0.00     0         -      60.0
  scn_chain_tight_P5_R20_seed5    igvnd_wMK   heuristic_    13977.50     131.50     779.50    48         -      60.0
  scn_chain_tight_P5_R20_seed5    igvnd_wDLY  heuristic_    71324.00     136.00     711.50    38         -      60.0
  scn_chain_tight_P5_R20_seed5    igvnd_wMOV  heuristic_      901.50     139.50     762.00     0         -      60.1
  scn_chain_tight_P5_R30_seed5    igvnd_wMK   heuristic_    27664.50     249.00    2764.50     0         -      60.1
  scn_chain_tight_P5_R30_seed5    igvnd_wDLY  heuristic_   237265.00     241.00    2369.50    74         -      60.2
  scn_chain_tight_P5_R30_seed5    igvnd_wMOV  heuristic_     2867.50     254.50    2613.00     0         -      60.1
  scn_chain_tight_P5_R5_seed5     igvnd_wMK   heuristic_     3205.00      32.00       5.00     0         -      60.0
  scn_chain_tight_P5_R5_seed5     igvnd_wDLY  heuristic_       38.00      34.00       0.00     4         -      60.0
  scn_chain_tight_P5_R5_seed5     igvnd_wMOV  heuristic_       37.00      32.00       5.00     0         -      60.0
  scn_hub_loose_P5_R10_seed5      igvnd_wMK   heuristic_     5967.00      59.50      17.00     0         -      60.0
  scn_hub_loose_P5_R10_seed5      igvnd_wDLY  heuristic_      562.50      62.50       5.00     0         -      60.0
  scn_hub_loose_P5_R10_seed5      igvnd_wMOV  heuristic_       67.50      62.50       5.00     0         -      60.0
  scn_hub_loose_P5_R20_seed5      igvnd_wMK   heuristic_    12611.50     122.50     361.50     0         -      60.0
  scn_hub_loose_P5_R20_seed5      igvnd_wDLY  heuristic_    34297.00     147.00     341.50     0         -      60.0
  scn_hub_loose_P5_R20_seed5      igvnd_wMOV  heuristic_      463.00     125.50     337.50     0         -      60.4
  scn_hub_loose_P5_R30_seed5      igvnd_wMK   heuristic_    24785.50     230.50    1671.50    64         -      60.1
  scn_hub_loose_P5_R30_seed5      igvnd_wDLY  heuristic_   152037.00     225.00    1517.50    62         -      60.0
  scn_hub_loose_P5_R30_seed5      igvnd_wMOV  heuristic_     1778.50     227.00    1551.50     0         -      60.3
  scn_hub_loose_P5_R5_seed5       igvnd_wMK   heuristic_     3200.00      32.00       0.00     0         -      60.0
  scn_hub_loose_P5_R5_seed5       igvnd_wDLY  heuristic_       32.00      32.00       0.00     0         -      60.0
  scn_hub_loose_P5_R5_seed5       igvnd_wMOV  heuristic_       32.00      32.00       0.00     0         -      60.0
  scn_hub_medium_P5_R10_seed5     igvnd_wMK   heuristic_     6011.50      59.50      61.50     0         -      60.0
  scn_hub_medium_P5_R10_seed5     igvnd_wDLY  heuristic_     5610.50      60.50      55.50     0         -      60.0
  scn_hub_medium_P5_R10_seed5     igvnd_wMOV  heuristic_      116.00      60.50      55.50     0         -      60.0
  scn_hub_medium_P5_R20_seed5     igvnd_wMK   heuristic_    12858.00     122.50     608.00     0         -      60.1
  scn_hub_medium_P5_R20_seed5     igvnd_wDLY  heuristic_    52511.00     131.00     523.50    30         -      60.1
  scn_hub_medium_P5_R20_seed5     igvnd_wMOV  heuristic_      666.50     124.50     542.00     0         -      60.0
  scn_hub_medium_P5_R30_seed5     igvnd_wMK   heuristic_    25396.50     233.00    2096.50     0         -      60.1
  scn_hub_medium_P5_R30_seed5     igvnd_wDLY  heuristic_   191728.00     246.00    1914.50    32         -      60.1
  scn_hub_medium_P5_R30_seed5     igvnd_wMOV  heuristic_     2279.00     247.00    2032.00     0         -      60.2
  scn_hub_medium_P5_R5_seed5      igvnd_wMK   heuristic_     3200.00      32.00       0.00     0         -      60.0
  scn_hub_medium_P5_R5_seed5      igvnd_wDLY  heuristic_       32.00      32.00       0.00     0         -      60.0
  scn_hub_medium_P5_R5_seed5      igvnd_wMOV  heuristic_       32.00      32.00       0.00     0         -      60.0
  scn_hub_tight_P5_R20_seed5      igvnd_wMK   heuristic_    13052.00     123.50     702.00     0         -      60.0
  scn_hub_tight_P5_R20_seed5      igvnd_wDLY  heuristic_    65132.00     140.00     649.50    42         -      60.1
  scn_hub_tight_P5_R20_seed5      igvnd_wMOV  heuristic_      789.00     139.50     649.50     0         -      60.0
  scn_hub_tight_P5_R30_seed5      igvnd_wMK   heuristic_    25082.50     228.00    2282.50     0         -      60.1
  scn_hub_tight_P5_R30_seed5      igvnd_wDLY  heuristic_   215274.50     224.50    2150.50     0         -      60.2
  scn_hub_tight_P5_R30_seed5      igvnd_wMOV  heuristic_     2356.50     219.50    2137.00     0         -      60.2
  scn_hub_tight_P5_R5_seed5       igvnd_wMK   heuristic_     3202.00      32.00       2.00     0         -      60.0
  scn_hub_tight_P5_R5_seed5       igvnd_wDLY  heuristic_      232.00      32.00       2.00     0         -      60.0
  scn_hub_tight_P5_R5_seed5       igvnd_wMOV  heuristic_       34.00      32.00       2.00     0         -      60.0
  scn_chain_loose_P5_R10_seed6    igvnd_wMK   heuristic_     6835.50      68.00      23.50    12         -      60.0
  scn_chain_loose_P5_R10_seed6    igvnd_wDLY  heuristic_      886.50      68.50       8.00    18         -      60.0
  scn_chain_loose_P5_R10_seed6    igvnd_wMOV  heuristic_       96.00      69.50      26.50     0         -      60.0
  scn_chain_loose_P5_R20_seed6    igvnd_wMK   heuristic_    13487.50     129.50     491.50    46         -      60.0
  scn_chain_loose_P5_R20_seed6    igvnd_wDLY  heuristic_    41838.00     150.00     416.50    38         -      60.1
  scn_chain_loose_P5_R20_seed6    igvnd_wMOV  heuristic_      596.50     150.00     446.50     0         -      60.0
  scn_chain_loose_P5_R30_seed6    igvnd_wMK   heuristic_    26591.50     246.00    1911.50    80         -      60.1
  scn_chain_loose_P5_R30_seed6    igvnd_wDLY  heuristic_   174231.50     257.50    1739.00    74         -      60.1
  scn_chain_loose_P5_R30_seed6    igvnd_wMOV  heuristic_     2132.00     239.00    1893.00     0         -      60.1
  scn_chain_loose_P5_R5_seed6     igvnd_wMK   heuristic_     3900.00      39.00       0.00     0         -      60.0
  scn_chain_loose_P5_R5_seed6     igvnd_wDLY  heuristic_       39.00      39.00       0.00     0         -      60.0
  scn_chain_loose_P5_R5_seed6     igvnd_wMOV  heuristic_       39.00      39.00       0.00     0         -      60.0
  scn_chain_medium_P5_R10_seed6   igvnd_wMK   heuristic_     6738.50      66.50      70.50    18         -      60.0
  scn_chain_medium_P5_R10_seed6   igvnd_wDLY  heuristic_     7134.50      66.50      70.50    18         -      60.0
  scn_chain_medium_P5_R10_seed6   igvnd_wMOV  heuristic_      161.00      69.50      91.50     0         -      60.0
  scn_chain_medium_P5_R20_seed6   igvnd_wMK   heuristic_    13900.00     132.50     606.00    44         -      60.0
  scn_chain_medium_P5_R20_seed6   igvnd_wDLY  heuristic_    56934.50     136.50     567.50    48         -      60.1
  scn_chain_medium_P5_R20_seed6   igvnd_wMOV  heuristic_      783.50     145.50     638.00     0         -      60.0
  scn_chain_medium_P5_R30_seed6   igvnd_wMK   heuristic_    26966.00     244.50    2446.00    70         -      60.1
  scn_chain_medium_P5_R30_seed6   igvnd_wDLY  heuristic_   206360.50     248.50    2060.50    62         -      60.2
  scn_chain_medium_P5_R30_seed6   igvnd_wMOV  heuristic_     2538.00     239.00    2299.00     0         -      60.1
  scn_chain_medium_P5_R5_seed6    igvnd_wMK   heuristic_     3900.00      39.00       0.00     0         -      60.0
  scn_chain_medium_P5_R5_seed6    igvnd_wDLY  heuristic_       39.00      39.00       0.00     0         -      60.0
  scn_chain_medium_P5_R5_seed6    igvnd_wMOV  heuristic_       39.00      39.00       0.00     0         -      60.0
  scn_chain_tight_P5_R20_seed6    igvnd_wMK   heuristic_    14116.50     133.00     772.50    44         -      60.1
  scn_chain_tight_P5_R20_seed6    igvnd_wDLY  heuristic_    70358.50     126.50     702.00    32         -      60.1
  scn_chain_tight_P5_R20_seed6    igvnd_wMOV  heuristic_      891.00     147.50     743.50     0         -      60.1
  scn_chain_tight_P5_R30_seed6    igvnd_wMK   heuristic_    27303.00     246.00    2629.00    74         -      60.2
  scn_chain_tight_P5_R30_seed6    igvnd_wDLY  heuristic_   259189.50     267.50    2588.50    72         -      60.1
  scn_chain_tight_P5_R30_seed6    igvnd_wMOV  heuristic_     2823.00     239.00    2584.00     0         -      60.1
  scn_chain_tight_P5_R5_seed6     igvnd_wMK   heuristic_     3900.00      39.00       0.00     0         -      60.0
  scn_chain_tight_P5_R5_seed6     igvnd_wDLY  heuristic_       39.00      39.00       0.00     0         -      60.0
  scn_chain_tight_P5_R5_seed6     igvnd_wMOV  heuristic_       39.00      39.00       0.00     0         -      60.0
  scn_hub_loose_P5_R10_seed6      igvnd_wMK   heuristic_     6461.00      64.50      11.00     0         -      60.0
  scn_hub_loose_P5_R10_seed6      igvnd_wDLY  heuristic_     1164.50      64.50      11.00     0         -      60.1
  scn_hub_loose_P5_R10_seed6      igvnd_wMOV  heuristic_       75.50      64.50      11.00     0         -      60.0
  scn_hub_loose_P5_R20_seed6      igvnd_wMK   heuristic_    12355.50     120.50     305.50     0         -      60.0
  scn_hub_loose_P5_R20_seed6      igvnd_wDLY  heuristic_    34874.50     124.50     347.50     0         -      60.0
  scn_hub_loose_P5_R20_seed6      igvnd_wMOV  heuristic_      444.50     122.50     322.00     0         -      60.0
  scn_hub_loose_P5_R30_seed6      igvnd_wMK   heuristic_    25595.50     239.00    1623.50    72         -      60.1
  scn_hub_loose_P5_R30_seed6      igvnd_wDLY  heuristic_   154771.50     221.50    1545.50     0         -      60.2
  scn_hub_loose_P5_R30_seed6      igvnd_wMOV  heuristic_     1906.50     254.00    1652.50     0         -      60.1
  scn_hub_loose_P5_R5_seed6       igvnd_wMK   heuristic_     3900.00      39.00       0.00     0         -      60.0
  scn_hub_loose_P5_R5_seed6       igvnd_wDLY  heuristic_       39.00      39.00       0.00     0         -      60.0
  scn_hub_loose_P5_R5_seed6       igvnd_wMOV  heuristic_       39.00      39.00       0.00     0         -      60.0
  scn_hub_medium_P5_R10_seed6     igvnd_wMK   heuristic_     6523.50      64.50      73.50     0         -      60.0
  scn_hub_medium_P5_R10_seed6     igvnd_wDLY  heuristic_     7078.00      70.00      70.00     8         -      60.0
  scn_hub_medium_P5_R10_seed6     igvnd_wMOV  heuristic_      138.00      64.50      73.50     0         -      60.0
  scn_hub_medium_P5_R20_seed6     igvnd_wMK   heuristic_    12651.00     121.50     501.00     0         -      60.0
  scn_hub_medium_P5_R20_seed6     igvnd_wDLY  heuristic_    49520.50     120.50     494.00     0         -      60.0
  scn_hub_medium_P5_R20_seed6     igvnd_wMOV  heuristic_      614.00     120.50     493.50     0         -      60.0
  scn_hub_medium_P5_R30_seed6     igvnd_wMK   heuristic_    26989.00     246.00    2331.00    58         -      60.1
  scn_hub_medium_P5_R30_seed6     igvnd_wDLY  heuristic_   195813.00     253.00    1955.00    60         -      60.1
  scn_hub_medium_P5_R30_seed6     igvnd_wMOV  heuristic_     2162.50     221.50    1941.00     0         -      60.2
  scn_hub_medium_P5_R5_seed6      igvnd_wMK   heuristic_     3900.00      39.00       0.00     0         -      60.0
  scn_hub_medium_P5_R5_seed6      igvnd_wDLY  heuristic_       39.00      39.00       0.00     0         -      60.0
  scn_hub_medium_P5_R5_seed6      igvnd_wMOV  heuristic_       39.00      39.00       0.00     0         -      60.0
  scn_hub_tight_P5_R20_seed6      igvnd_wMK   heuristic_    12699.00     120.50     649.00     0         -      60.0
  scn_hub_tight_P5_R20_seed6      igvnd_wDLY  heuristic_    62625.50     125.50     625.00     0         -      60.0
  scn_hub_tight_P5_R20_seed6      igvnd_wMOV  heuristic_      743.50     120.50     623.00     0         -      60.1
  scn_hub_tight_P5_R30_seed6      igvnd_wMK   heuristic_    24408.50     222.50    2158.50     0         -      60.2
  scn_hub_tight_P5_R30_seed6      igvnd_wDLY  heuristic_   231076.50     226.50    2308.50     0         -      60.2
  scn_hub_tight_P5_R30_seed6      igvnd_wMOV  heuristic_     2513.00     227.50    2285.50     0         -      60.1
  scn_hub_tight_P5_R5_seed6       igvnd_wMK   heuristic_     3900.00      39.00       0.00     0         -      60.0
  scn_hub_tight_P5_R5_seed6       igvnd_wDLY  heuristic_       39.00      39.00       0.00     0         -      60.0
  scn_hub_tight_P5_R5_seed6       igvnd_wMOV  heuristic_       39.00      39.00       0.00     0         -      60.0
  scn_chain_loose_P5_R10_seed7    igvnd_wMK   heuristic_     6713.00      66.50      49.00    14         -      60.0
  scn_chain_loose_P5_R10_seed7    igvnd_wDLY  heuristic_       79.50      67.50       0.00    12         -      60.0
  scn_chain_loose_P5_R10_seed7    igvnd_wMOV  heuristic_       72.00      72.00       0.00     0         -      60.1
  scn_chain_loose_P5_R20_seed7    igvnd_wMK   heuristic_    13617.00     131.50     429.00    38         -      60.0
  scn_chain_loose_P5_R20_seed7    igvnd_wDLY  heuristic_    41770.50     136.50     416.00    34         -      60.0
  scn_chain_loose_P5_R20_seed7    igvnd_wMOV  heuristic_      610.00     138.00     472.00     0         -      60.1
  scn_chain_loose_P5_R30_seed7    igvnd_wMK   heuristic_    25573.50     237.50    1755.50    68         -      60.2
  scn_chain_loose_P5_R30_seed7    igvnd_wDLY  heuristic_   162749.50     243.50    1624.50    56         -      60.1
  scn_chain_loose_P5_R30_seed7    igvnd_wMOV  heuristic_     2138.00     243.00    1895.00     0         -      60.1
  scn_chain_loose_P5_R5_seed7     igvnd_wMK   heuristic_     3900.00      39.00       0.00     0         -      60.0
  scn_chain_loose_P5_R5_seed7     igvnd_wDLY  heuristic_       39.00      39.00       0.00     0         -      60.0
  scn_chain_loose_P5_R5_seed7     igvnd_wMOV  heuristic_       39.00      39.00       0.00     0         -      60.0
  scn_chain_medium_P5_R10_seed7   igvnd_wMK   heuristic_     6775.00      66.50     109.00    16         -      60.0
  scn_chain_medium_P5_R10_seed7   igvnd_wDLY  heuristic_     5089.50      75.50      50.00    14         -      60.0
  scn_chain_medium_P5_R10_seed7   igvnd_wMOV  heuristic_      125.00      71.50      53.50     0         -      60.0
  scn_chain_medium_P5_R20_seed7   igvnd_wMK   heuristic_    13723.00     130.50     629.00    44         -      60.0
  scn_chain_medium_P5_R20_seed7   igvnd_wDLY  heuristic_    65390.50     150.50     652.00    40         -      60.0
  scn_chain_medium_P5_R20_seed7   igvnd_wMOV  heuristic_      811.00     138.00     673.00     0         -      60.0
  scn_chain_medium_P5_R30_seed7   igvnd_wMK   heuristic_    26260.50     236.50    2546.50    64         -      60.0
  scn_chain_medium_P5_R30_seed7   igvnd_wDLY  heuristic_   207261.50     299.50    2069.00    62         -      60.2
  scn_chain_medium_P5_R30_seed7   igvnd_wMOV  heuristic_     2554.00     243.00    2311.00     0         -      60.2
  scn_chain_medium_P5_R5_seed7    igvnd_wMK   heuristic_     3900.00      39.00       0.00     0         -      60.0
  scn_chain_medium_P5_R5_seed7    igvnd_wDLY  heuristic_       39.00      39.00       0.00     0         -      60.0
  scn_chain_medium_P5_R5_seed7    igvnd_wMOV  heuristic_       39.00      39.00       0.00     0         -      60.0
  scn_chain_tight_P5_R20_seed7    igvnd_wMK   heuristic_    13808.50     129.50     812.50    46         -      60.1
  scn_chain_tight_P5_R20_seed7    igvnd_wDLY  heuristic_    75181.50     139.50     750.00    42         -      60.1
  scn_chain_tight_P5_R20_seed7    igvnd_wMOV  heuristic_      932.50     151.00     781.50     0         -      60.1
  scn_chain_tight_P5_R30_seed7    igvnd_wMK   heuristic_    27283.50     245.00    2709.50    74         -      60.1
  scn_chain_tight_P5_R30_seed7    igvnd_wDLY  heuristic_   230920.50     238.50    2306.00    82         -      60.2
  scn_chain_tight_P5_R30_seed7    igvnd_wMOV  heuristic_     2839.00     243.00    2596.00     0         -      60.1
  scn_chain_tight_P5_R5_seed7     igvnd_wMK   heuristic_     3905.00      39.00       5.00     0         -      60.0
  scn_chain_tight_P5_R5_seed7     igvnd_wDLY  heuristic_      247.00      43.00       2.00     4         -      60.0
  scn_chain_tight_P5_R5_seed7     igvnd_wMOV  heuristic_       44.00      39.00       5.00     0         -      60.0
  scn_hub_loose_P5_R10_seed7      igvnd_wMK   heuristic_     6679.50      66.50      23.50     6         -      60.0
  scn_hub_loose_P5_R10_seed7      igvnd_wDLY  heuristic_       67.50      67.50       0.00     0         -      60.0
  scn_hub_loose_P5_R10_seed7      igvnd_wMOV  heuristic_       67.50      67.50       0.00     0         -      60.0
  scn_hub_loose_P5_R20_seed7      igvnd_wMK   heuristic_    12615.00     122.50     365.00     0         -      60.0
  scn_hub_loose_P5_R20_seed7      igvnd_wDLY  heuristic_    33474.50     124.50     333.50     0         -      60.0
  scn_hub_loose_P5_R20_seed7      igvnd_wMOV  heuristic_      445.00     122.50     322.50     0         -      60.1
  scn_hub_loose_P5_R30_seed7      igvnd_wMK   heuristic_    23903.00     223.50    1553.00     0         -      60.1
  scn_hub_loose_P5_R30_seed7      igvnd_wDLY  heuristic_   147955.00     243.00    1476.50    62         -      60.1
  scn_hub_loose_P5_R30_seed7      igvnd_wMOV  heuristic_     1830.50     233.50    1597.00     0         -      60.2
  scn_hub_loose_P5_R5_seed7       igvnd_wMK   heuristic_     3900.00      39.00       0.00     0         -      60.0
  scn_hub_loose_P5_R5_seed7       igvnd_wDLY  heuristic_       39.00      39.00       0.00     0         -      60.0
  scn_hub_loose_P5_R5_seed7       igvnd_wMOV  heuristic_       39.00      39.00       0.00     0         -      60.0
  scn_hub_medium_P5_R10_seed7     igvnd_wMK   heuristic_     6729.00      66.50      73.00     6         -      60.0
  scn_hub_medium_P5_R10_seed7     igvnd_wDLY  heuristic_     4517.50      67.50      44.50     0         -      60.0
  scn_hub_medium_P5_R10_seed7     igvnd_wMOV  heuristic_      112.00      67.50      44.50     0         -      60.0
  scn_hub_medium_P5_R20_seed7     igvnd_wMK   heuristic_    12677.00     121.50     527.00     0         -      60.1
  scn_hub_medium_P5_R20_seed7     igvnd_wDLY  heuristic_    51623.50     123.50     515.00     0         -      60.0
  scn_hub_medium_P5_R20_seed7     igvnd_wMOV  heuristic_      639.50     122.50     517.00     0         -      60.2
  scn_hub_medium_P5_R30_seed7     igvnd_wMK   heuristic_    25020.00     230.50    1890.00    80         -      60.1
  scn_hub_medium_P5_R30_seed7     igvnd_wDLY  heuristic_   190556.00     256.00    1903.00     0         -      60.1
  scn_hub_medium_P5_R30_seed7     igvnd_wMOV  heuristic_     2227.50     262.00    1965.50     0         -      60.1
  scn_hub_medium_P5_R5_seed7      igvnd_wMK   heuristic_     3900.00      39.00       0.00     0         -      60.0
  scn_hub_medium_P5_R5_seed7      igvnd_wDLY  heuristic_       39.00      39.00       0.00     0         -      60.0
  scn_hub_medium_P5_R5_seed7      igvnd_wMOV  heuristic_       39.00      39.00       0.00     0         -      60.0
  scn_hub_tight_P5_R20_seed7      igvnd_wMK   heuristic_    13006.00     123.50     656.00     0         -      60.0
  scn_hub_tight_P5_R20_seed7      igvnd_wDLY  heuristic_    63326.50     126.50     632.00     0         -      60.0
  scn_hub_tight_P5_R20_seed7      igvnd_wMOV  heuristic_      757.50     124.50     633.00     0         -      60.1
  scn_hub_tight_P5_R30_seed7      igvnd_wMK   heuristic_    24872.00     226.50    2222.00     0         -      60.4
  scn_hub_tight_P5_R30_seed7      igvnd_wDLY  heuristic_   216547.00     241.00    2162.50    56         -      60.2
  scn_hub_tight_P5_R30_seed7      igvnd_wMOV  heuristic_     2478.00     245.00    2233.00     0         -      60.2
  scn_hub_tight_P5_R5_seed7       igvnd_wMK   heuristic_     3904.00      39.00       4.00     0         -      60.0
  scn_hub_tight_P5_R5_seed7       igvnd_wDLY  heuristic_      439.00      39.00       4.00     0         -      60.0
  scn_hub_tight_P5_R5_seed7       igvnd_wMOV  heuristic_       43.00      39.00       4.00     0         -      60.0
  scn_chain_loose_P5_R10_seed8    igvnd_wMK   heuristic_     6356.50      63.50       6.50     0         -      60.1
  scn_chain_loose_P5_R10_seed8    igvnd_wDLY  heuristic_     1434.00      68.00      13.50    16         -      60.0
  scn_chain_loose_P5_R10_seed8    igvnd_wMOV  heuristic_       70.00      63.50       6.50     0         -      60.0
  scn_chain_loose_P5_R20_seed8    igvnd_wMK   heuristic_    13817.00     132.50     519.00    48         -      60.0
  scn_chain_loose_P5_R20_seed8    igvnd_wDLY  heuristic_    50852.50     156.50     506.50    46         -      60.0
  scn_chain_loose_P5_R20_seed8    igvnd_wMOV  heuristic_      672.00     145.00     527.00     0         -      60.1
  scn_chain_loose_P5_R30_seed8    igvnd_wMK   heuristic_    24971.50     233.50    1543.50    78         -      60.1
  scn_chain_loose_P5_R30_seed8    igvnd_wDLY  heuristic_   153985.00     233.00    1537.00    52         -      60.1
  scn_chain_loose_P5_R30_seed8    igvnd_wMOV  heuristic_     2112.00     240.00    1872.00     0         -      60.1
  scn_chain_loose_P5_R5_seed8     igvnd_wMK   heuristic_     2800.00      28.00       0.00     0         -      60.0
  scn_chain_loose_P5_R5_seed8     igvnd_wDLY  heuristic_       28.00      28.00       0.00     0         -      60.0
  scn_chain_loose_P5_R5_seed8     igvnd_wMOV  heuristic_       28.00      28.00       0.00     0         -      60.0
  scn_chain_medium_P5_R10_seed8   igvnd_wMK   heuristic_     6419.50      63.50      69.50     0         -      60.1
  scn_chain_medium_P5_R10_seed8   igvnd_wDLY  heuristic_     7013.50      63.50      69.50     0         -      60.0
  scn_chain_medium_P5_R10_seed8   igvnd_wMOV  heuristic_      136.00      64.00      72.00     0         -      60.0
  scn_chain_medium_P5_R20_seed8   igvnd_wMK   heuristic_    14137.50     133.50     747.50    40         -      60.0
  scn_chain_medium_P5_R20_seed8   igvnd_wDLY  heuristic_    66624.50     136.50     664.50    38         -      60.1
  scn_chain_medium_P5_R20_seed8   igvnd_wMOV  heuristic_      874.00     136.00     738.00     0         -      60.0
  scn_chain_medium_P5_R30_seed8   igvnd_wMK   heuristic_    26245.00     239.50    2233.00    62         -      60.2
  scn_chain_medium_P5_R30_seed8   igvnd_wDLY  heuristic_   194063.00     255.00    1937.50    58         -      60.2
  scn_chain_medium_P5_R30_seed8   igvnd_wMOV  heuristic_     2379.50     254.50    2125.00     0         -      60.1
  scn_chain_medium_P5_R5_seed8    igvnd_wMK   heuristic_     2800.00      28.00       0.00     0         -      60.0
  scn_chain_medium_P5_R5_seed8    igvnd_wDLY  heuristic_       28.00      28.00       0.00     0         -      60.0
  scn_chain_medium_P5_R5_seed8    igvnd_wMOV  heuristic_       28.00      28.00       0.00     0         -      60.0
  scn_chain_tight_P5_R20_seed8    igvnd_wMK   heuristic_    13877.50     129.50     887.50    40         -      60.0
  scn_chain_tight_P5_R20_seed8    igvnd_wDLY  heuristic_    82201.00     151.00     820.00    50         -      60.0
  scn_chain_tight_P5_R20_seed8    igvnd_wMOV  heuristic_     1025.00     136.00     889.00     0         -      60.0
  scn_chain_tight_P5_R30_seed8    igvnd_wMK   heuristic_    26299.00     238.50    2383.00    66         -      60.1
  scn_chain_tight_P5_R30_seed8    igvnd_wDLY  heuristic_   243748.00     264.00    2434.00    84         -      60.1
  scn_chain_tight_P5_R30_seed8    igvnd_wMOV  heuristic_     2825.00     240.00    2585.00     0         -      60.1
  scn_chain_tight_P5_R5_seed8     igvnd_wMK   heuristic_     2800.00      28.00       0.00     0         -      60.0
  scn_chain_tight_P5_R5_seed8     igvnd_wDLY  heuristic_       28.00      28.00       0.00     0         -      60.0
  scn_chain_tight_P5_R5_seed8     igvnd_wMOV  heuristic_       28.00      28.00       0.00     0         -      60.0
  scn_hub_loose_P5_R10_seed8      igvnd_wMK   heuristic_     6052.00      60.50       2.00     0         -      60.0
  scn_hub_loose_P5_R10_seed8      igvnd_wDLY  heuristic_      260.50      60.50       2.00     0         -      60.0
  scn_hub_loose_P5_R10_seed8      igvnd_wMOV  heuristic_       62.50      60.50       2.00     0         -      60.0
  scn_hub_loose_P5_R20_seed8      igvnd_wMK   heuristic_    12741.50     123.50     391.50     0         -      60.1
  scn_hub_loose_P5_R20_seed8      igvnd_wDLY  heuristic_    37823.50     123.50     377.00     0         -      60.0
  scn_hub_loose_P5_R20_seed8      igvnd_wMOV  heuristic_      508.50     123.50     385.00     0         -      60.0
  scn_hub_loose_P5_R30_seed8      igvnd_wMK   heuristic_    23660.50     219.50    1710.50     0         -      60.1
  scn_hub_loose_P5_R30_seed8      igvnd_wDLY  heuristic_   139391.50     241.50    1391.50     0         -      60.1
  scn_hub_loose_P5_R30_seed8      igvnd_wMOV  heuristic_     1701.50     239.00    1462.50     0         -      60.2
  scn_hub_loose_P5_R5_seed8       igvnd_wMK   heuristic_     2800.00      28.00       0.00     0         -      60.0
  scn_hub_loose_P5_R5_seed8       igvnd_wDLY  heuristic_       28.00      28.00       0.00     0         -      60.0
  scn_hub_loose_P5_R5_seed8       igvnd_wMOV  heuristic_       28.00      28.00       0.00     0         -      60.0
  scn_hub_medium_P5_R10_seed8     igvnd_wMK   heuristic_     6113.50      60.50      63.50     0         -      60.0
  scn_hub_medium_P5_R10_seed8     igvnd_wDLY  heuristic_     6410.50      60.50      63.50     0         -      60.0
  scn_hub_medium_P5_R10_seed8     igvnd_wMOV  heuristic_      124.00      60.50      63.50     0         -      60.1
  scn_hub_medium_P5_R20_seed8     igvnd_wMK   heuristic_    12824.00     122.50     574.00     0         -      60.1
  scn_hub_medium_P5_R20_seed8     igvnd_wDLY  heuristic_    56072.50     122.50     559.50     0         -      60.1
  scn_hub_medium_P5_R20_seed8     igvnd_wMOV  heuristic_      687.00     123.50     563.50     0         -      60.4
  scn_hub_medium_P5_R30_seed8     igvnd_wMK   heuristic_    23878.00     217.50    2128.00     0         -      60.1
  scn_hub_medium_P5_R30_seed8     igvnd_wDLY  heuristic_   191106.00     242.00    1908.00    64         -      60.1
  scn_hub_medium_P5_R30_seed8     igvnd_wMOV  heuristic_     2042.50     233.00    1809.50     0         -      60.2
  scn_hub_medium_P5_R5_seed8      igvnd_wMK   heuristic_     2800.00      28.00       0.00     0         -      60.0
  scn_hub_medium_P5_R5_seed8      igvnd_wDLY  heuristic_       28.00      28.00       0.00     0         -      60.0
  scn_hub_medium_P5_R5_seed8      igvnd_wMOV  heuristic_       28.00      28.00       0.00     0         -      60.0
  scn_hub_tight_P5_R20_seed8      igvnd_wMK   heuristic_    13061.00     123.50     711.00     0         -      60.1
  scn_hub_tight_P5_R20_seed8      igvnd_wDLY  heuristic_    70324.50     124.50     702.00     0         -      60.2
  scn_hub_tight_P5_R20_seed8      igvnd_wMOV  heuristic_      818.50     123.50     695.00     0         -      60.1
  scn_hub_tight_P5_R30_seed8      igvnd_wMK   heuristic_    24551.50     221.50    2401.50     0         -      60.1
  scn_hub_tight_P5_R30_seed8      igvnd_wDLY  heuristic_   199268.50     218.50    1990.50     0         -      61.0
  scn_hub_tight_P5_R30_seed8      igvnd_wMOV  heuristic_     2346.50     237.50    2109.00     0         -      60.1
  scn_hub_tight_P5_R5_seed8       igvnd_wMK   heuristic_     2800.00      28.00       0.00     0         -      60.0
  scn_hub_tight_P5_R5_seed8       igvnd_wDLY  heuristic_       28.00      28.00       0.00     0         -      60.0
  scn_hub_tight_P5_R5_seed8       igvnd_wMOV  heuristic_       28.00      28.00       0.00     0         -      60.0
  scn_chain_loose_P5_R10_seed9    igvnd_wMK   heuristic_     7173.50      71.50       5.50    18         -      60.1
  scn_chain_loose_P5_R10_seed9    igvnd_wDLY  heuristic_      394.50      74.50       3.00    20         -      60.0
  scn_chain_loose_P5_R10_seed9    igvnd_wMOV  heuristic_       91.00      77.00      14.00     0         -      60.0
  scn_chain_loose_P5_R20_seed9    igvnd_wMK   heuristic_    13628.00     132.00     390.00    38         -      60.1
  scn_chain_loose_P5_R20_seed9    igvnd_wDLY  heuristic_    38229.50     135.50     380.50    44         -      60.1
  scn_chain_loose_P5_R20_seed9    igvnd_wMOV  heuristic_      577.00     146.00     431.00     0         -      60.0
  scn_chain_loose_P5_R30_seed9    igvnd_wMK   heuristic_    26882.00     245.50    2254.00    78         -      60.1
  scn_chain_loose_P5_R30_seed9    igvnd_wDLY  heuristic_   172220.00     254.00    1719.00    66         -      60.2
  scn_chain_loose_P5_R30_seed9    igvnd_wMOV  heuristic_     2033.00     239.00    1794.00     0         -      60.1
  scn_chain_loose_P5_R5_seed9     igvnd_wMK   heuristic_     4300.00      43.00       0.00     0         -      60.0
  scn_chain_loose_P5_R5_seed9     igvnd_wDLY  heuristic_       43.00      43.00       0.00     0         -      60.0
  scn_chain_loose_P5_R5_seed9     igvnd_wMOV  heuristic_       43.00      43.00       0.00     0         -      60.0
  scn_chain_medium_P5_R10_seed9   igvnd_wMK   heuristic_     7183.00      71.00      63.00    20         -      60.1
  scn_chain_medium_P5_R10_seed9   igvnd_wDLY  heuristic_     5639.00      73.00      55.50    16         -      60.0
  scn_chain_medium_P5_R10_seed9   igvnd_wMOV  heuristic_      159.00      76.50      82.50     0         -      60.0
  scn_chain_medium_P5_R20_seed9   igvnd_wMK   heuristic_    13565.00     128.50     675.00    40         -      60.1
  scn_chain_medium_P5_R20_seed9   igvnd_wDLY  heuristic_    52780.00     136.00     526.00    44         -      60.1
  scn_chain_medium_P5_R20_seed9   igvnd_wMOV  heuristic_      713.50     142.50     571.00     0         -      60.1
  scn_chain_medium_P5_R30_seed9   igvnd_wMK   heuristic_    27552.00     250.50    2430.00    72         -      60.2
  scn_chain_medium_P5_R30_seed9   igvnd_wDLY  heuristic_   201773.00     259.00    2014.50    64         -      60.2
  scn_chain_medium_P5_R30_seed9   igvnd_wMOV  heuristic_     2406.50     244.50    2162.00     0         -      60.2
  scn_chain_medium_P5_R5_seed9    igvnd_wMK   heuristic_     4300.00      43.00       0.00     0         -      60.0
  scn_chain_medium_P5_R5_seed9    igvnd_wDLY  heuristic_       43.00      43.00       0.00     0         -      60.0
  scn_chain_medium_P5_R5_seed9    igvnd_wMOV  heuristic_       43.00      43.00       0.00     0         -      60.0
  scn_chain_tight_P5_R20_seed9    igvnd_wMK   heuristic_    13909.00     131.00     763.00    46         -      60.0
  scn_chain_tight_P5_R20_seed9    igvnd_wDLY  heuristic_    70334.00     140.00     701.50    44         -      60.1
  scn_chain_tight_P5_R20_seed9    igvnd_wMOV  heuristic_      827.00     140.50     686.50     0         -      60.1
  scn_chain_tight_P5_R30_seed9    igvnd_wMK   heuristic_    27014.00     244.50    2506.00    58         -      61.3
  scn_chain_tight_P5_R30_seed9    igvnd_wDLY  heuristic_   246537.00     273.00    2462.00    64         -      60.2
  scn_chain_tight_P5_R30_seed9    igvnd_wMOV  heuristic_     2743.00     239.00    2504.00     0         -      60.1
  scn_chain_tight_P5_R5_seed9     igvnd_wMK   heuristic_     4301.00      43.00       1.00     0         -      60.0
  scn_chain_tight_P5_R5_seed9     igvnd_wDLY  heuristic_      143.00      43.00       1.00     0         -      60.0
  scn_chain_tight_P5_R5_seed9     igvnd_wMOV  heuristic_       44.00      43.00       1.00     0         -      60.0
  scn_hub_loose_P5_R10_seed9      igvnd_wMK   heuristic_     7071.50      70.50      21.50     0         -      60.0
  scn_hub_loose_P5_R10_seed9      igvnd_wDLY  heuristic_      626.50      76.50       5.50     0         -      60.0
  scn_hub_loose_P5_R10_seed9      igvnd_wMOV  heuristic_       79.50      71.50       8.00     0         -      60.0
  scn_hub_loose_P5_R20_seed9      igvnd_wMK   heuristic_    12650.50     122.50     400.50     0         -      60.1
  scn_hub_loose_P5_R20_seed9      igvnd_wDLY  heuristic_    33065.00     141.00     329.00    24         -      60.1
  scn_hub_loose_P5_R20_seed9      igvnd_wMOV  heuristic_      442.00     121.50     320.50     0         -      60.1
  scn_hub_loose_P5_R30_seed9      igvnd_wMK   heuristic_    26222.50     246.00    1564.50    58         -      60.1
  scn_hub_loose_P5_R30_seed9      igvnd_wDLY  heuristic_   157348.00     248.00    1571.00     0         -      60.2
  scn_hub_loose_P5_R30_seed9      igvnd_wMOV  heuristic_     1751.50     249.00    1502.50     0         -      60.2
  scn_hub_loose_P5_R5_seed9       igvnd_wMK   heuristic_     4300.00      43.00       0.00     0         -      60.0
  scn_hub_loose_P5_R5_seed9       igvnd_wDLY  heuristic_       43.00      43.00       0.00     0         -      60.0
  scn_hub_loose_P5_R5_seed9       igvnd_wMOV  heuristic_       43.00      43.00       0.00     0         -      60.0
  scn_hub_medium_P5_R10_seed9     igvnd_wMK   heuristic_     7129.50      70.50      79.50     0         -      60.0
  scn_hub_medium_P5_R10_seed9     igvnd_wDLY  heuristic_     5954.50      80.50      58.50    24         -      60.0
  scn_hub_medium_P5_R10_seed9     igvnd_wMOV  heuristic_      138.00      71.50      66.50     0         -      60.0
  scn_hub_medium_P5_R20_seed9     igvnd_wMK   heuristic_    12670.00     121.50     520.00     0         -      60.0
  scn_hub_medium_P5_R20_seed9     igvnd_wDLY  heuristic_    50810.00     140.00     506.50    20         -      60.0
  scn_hub_medium_P5_R20_seed9     igvnd_wMOV  heuristic_      643.50     122.50     521.00     0         -      60.0
  scn_hub_medium_P5_R30_seed9     igvnd_wMK   heuristic_    25909.50     237.00    2209.50     0         -      60.1
  scn_hub_medium_P5_R30_seed9     igvnd_wDLY  heuristic_   187044.00     244.00    1868.00     0         -      60.3
  scn_hub_medium_P5_R30_seed9     igvnd_wMOV  heuristic_     2187.00     245.00    1942.00     0         -      60.2
  scn_hub_medium_P5_R5_seed9      igvnd_wMK   heuristic_     4300.00      43.00       0.00     0         -      60.0
  scn_hub_medium_P5_R5_seed9      igvnd_wDLY  heuristic_       43.00      43.00       0.00     0         -      60.0
  scn_hub_medium_P5_R5_seed9      igvnd_wMOV  heuristic_       43.00      43.00       0.00     0         -      60.0
  scn_hub_tight_P5_R20_seed9      igvnd_wMK   heuristic_    13404.50     127.00     682.50    22         -      60.1
  scn_hub_tight_P5_R20_seed9      igvnd_wDLY  heuristic_    62890.00     142.00     627.00    48         -      60.0
  scn_hub_tight_P5_R20_seed9      igvnd_wMOV  heuristic_      721.50     121.50     600.00     0         -      60.0
  scn_hub_tight_P5_R30_seed9      igvnd_wMK   heuristic_    23910.50     217.50    2160.50     0         -      60.2
  scn_hub_tight_P5_R30_seed9      igvnd_wDLY  heuristic_   214271.50     221.50    2140.50     0         -      60.2
  scn_hub_tight_P5_R30_seed9      igvnd_wMOV  heuristic_     2654.00     249.00    2405.00     0         -      60.2
  scn_hub_tight_P5_R5_seed9       igvnd_wMK   heuristic_     4300.00      43.00       0.00     0         -      60.0
  scn_hub_tight_P5_R5_seed9       igvnd_wDLY  heuristic_       43.00      43.00       0.00     0         -      60.0
  scn_hub_tight_P5_R5_seed9       igvnd_wMOV  heuristic_       43.00      43.00       0.00     0         -      60.0
  scn_chain_loose_P5_R10_seed10   igvnd_wMK   heuristic_     6587.00      65.50      23.00    14         -      60.0
  scn_chain_loose_P5_R10_seed10   igvnd_wDLY  heuristic_      590.00      72.00       5.00    18         -      60.0
  scn_chain_loose_P5_R10_seed10   igvnd_wMOV  heuristic_       82.00      70.00      12.00     0         -      60.0
  scn_chain_loose_P5_R20_seed10   igvnd_wMK   heuristic_    14043.50     135.00     499.50    44         -      60.0
  scn_chain_loose_P5_R20_seed10   igvnd_wDLY  heuristic_    44984.50     136.50     448.00    48         -      60.1
  scn_chain_loose_P5_R20_seed10   igvnd_wMOV  heuristic_      670.00     141.00     529.00     0         -      60.1
  scn_chain_loose_P5_R30_seed10   igvnd_wMK   heuristic_    25859.50     236.50    2125.50    84         -      60.2
  scn_chain_loose_P5_R30_seed10   igvnd_wDLY  heuristic_   163487.50     259.50    1631.50    78         -      60.1
  scn_chain_loose_P5_R30_seed10   igvnd_wMOV  heuristic_     2119.00     237.50    1881.50     0         -      60.2
  scn_chain_loose_P5_R5_seed10    igvnd_wMK   heuristic_     3500.00      35.00       0.00     0         -      60.0
  scn_chain_loose_P5_R5_seed10    igvnd_wDLY  heuristic_       35.00      35.00       0.00     0         -      60.0
  scn_chain_loose_P5_R5_seed10    igvnd_wMOV  heuristic_       35.00      35.00       0.00     0         -      60.0
  scn_chain_medium_P5_R10_seed10  igvnd_wMK   heuristic_     6657.00      65.50      93.00    14         -      60.0
  scn_chain_medium_P5_R10_seed10  igvnd_wDLY  heuristic_     6431.00      67.00      63.50    14         -      60.1
  scn_chain_medium_P5_R10_seed10  igvnd_wMOV  heuristic_      147.00      70.00      77.00     0         -      60.1
  scn_chain_medium_P5_R20_seed10  igvnd_wMK   heuristic_    14390.00     136.00     748.00    42         -      60.1
  scn_chain_medium_P5_R20_seed10  igvnd_wDLY  heuristic_    64224.00     142.00     640.50    32         -      60.0
  scn_chain_medium_P5_R20_seed10  igvnd_wMOV  heuristic_      853.50     157.50     696.00     0         -      60.0
  scn_chain_medium_P5_R30_seed10  igvnd_wMK   heuristic_    25130.50     228.50    2212.50    68         -      60.2
  scn_chain_medium_P5_R30_seed10  igvnd_wDLY  heuristic_   196092.50     268.50    1957.50    74         -      60.1
  scn_chain_medium_P5_R30_seed10  igvnd_wMOV  heuristic_     2533.00     242.00    2291.00     0         -      60.1
  scn_chain_medium_P5_R5_seed10   igvnd_wMK   heuristic_     3500.00      35.00       0.00     0         -      60.0
  scn_chain_medium_P5_R5_seed10   igvnd_wDLY  heuristic_       35.00      35.00       0.00     0         -      60.0
  scn_chain_medium_P5_R5_seed10   igvnd_wMOV  heuristic_       35.00      35.00       0.00     0         -      60.0
  scn_chain_tight_P5_R20_seed10   igvnd_wMK   heuristic_    14255.50     133.50     863.50    42         -      60.1
  scn_chain_tight_P5_R20_seed10   igvnd_wDLY  heuristic_    78532.50     152.50     783.50    30         -      60.0
  scn_chain_tight_P5_R20_seed10   igvnd_wMOV  heuristic_      970.00     151.00     819.00     0         -      60.1
  scn_chain_tight_P5_R30_seed10   igvnd_wMK   heuristic_    26302.50     238.50    2380.50    72         -      60.1
  scn_chain_tight_P5_R30_seed10   igvnd_wDLY  heuristic_   215774.50     244.50    2154.50    80         -      60.3
  scn_chain_tight_P5_R30_seed10   igvnd_wMOV  heuristic_     2612.00     259.50    2352.50     0         -      60.1
  scn_chain_tight_P5_R5_seed10    igvnd_wMK   heuristic_     3504.00      35.00       0.00     4         -      60.0
  scn_chain_tight_P5_R5_seed10    igvnd_wDLY  heuristic_       39.00      35.00       0.00     4         -      60.0
  scn_chain_tight_P5_R5_seed10    igvnd_wMOV  heuristic_       41.00      35.00       6.00     0         -      60.0
  scn_hub_loose_P5_R10_seed10     igvnd_wMK   heuristic_     6359.00      63.50       9.00     0         -      60.0
  scn_hub_loose_P5_R10_seed10     igvnd_wDLY  heuristic_      615.50      65.50       5.50     0         -      60.0
  scn_hub_loose_P5_R10_seed10     igvnd_wMOV  heuristic_       71.00      65.50       5.50     0         -      60.0
  scn_hub_loose_P5_R20_seed10     igvnd_wMK   heuristic_    12865.50     124.50     415.50     0         -      60.1
  scn_hub_loose_P5_R20_seed10     igvnd_wDLY  heuristic_    35925.50     125.50     358.00     0         -      60.1
  scn_hub_loose_P5_R20_seed10     igvnd_wMOV  heuristic_      494.50     126.50     368.00     0         -      60.0
  scn_hub_loose_P5_R30_seed10     igvnd_wMK   heuristic_    22946.00     213.50    1596.00     0         -      60.1
  scn_hub_loose_P5_R30_seed10     igvnd_wDLY  heuristic_   134711.50     211.50    1345.00     0         -      60.1
  scn_hub_loose_P5_R30_seed10     igvnd_wMOV  heuristic_     1621.50     217.50    1404.00     0         -      60.1
  scn_hub_loose_P5_R5_seed10      igvnd_wMK   heuristic_     3500.00      35.00       0.00     0         -      60.0
  scn_hub_loose_P5_R5_seed10      igvnd_wDLY  heuristic_       35.00      35.00       0.00     0         -      60.0
  scn_hub_loose_P5_R5_seed10      igvnd_wMOV  heuristic_       35.00      35.00       0.00     0         -      60.0
  scn_hub_medium_P5_R10_seed10    igvnd_wMK   heuristic_     6408.50      63.50      58.50     0         -      60.0
  scn_hub_medium_P5_R10_seed10    igvnd_wDLY  heuristic_     5913.50      63.50      58.50     0         -      60.0
  scn_hub_medium_P5_R10_seed10    igvnd_wMOV  heuristic_      122.00      63.50      58.50     0         -      60.1
  scn_hub_medium_P5_R20_seed10    igvnd_wMK   heuristic_    13229.00     126.50     579.00     0         -      60.0
  scn_hub_medium_P5_R20_seed10    igvnd_wDLY  heuristic_    52776.50     126.50     526.50     0         -      60.0
  scn_hub_medium_P5_R20_seed10    igvnd_wMOV  heuristic_      656.50     124.50     532.00     0         -      60.3
  scn_hub_medium_P5_R30_seed10    igvnd_wMK   heuristic_    24856.50     226.50    2206.50     0         -      60.1
  scn_hub_medium_P5_R30_seed10    igvnd_wDLY  heuristic_   170230.00     240.00    1699.50    40         -      60.1
  scn_hub_medium_P5_R30_seed10    igvnd_wMOV  heuristic_     2246.50     246.50    2000.00     0         -      60.0
  scn_hub_medium_P5_R5_seed10     igvnd_wMK   heuristic_     3500.00      35.00       0.00     0         -      60.0
  scn_hub_medium_P5_R5_seed10     igvnd_wDLY  heuristic_       35.00      35.00       0.00     0         -      60.0
  scn_hub_medium_P5_R5_seed10     igvnd_wMOV  heuristic_       35.00      35.00       0.00     0         -      60.0
  scn_hub_tight_P5_R20_seed10     igvnd_wMK   heuristic_    12972.00     122.50     714.00     8         -      60.0
  scn_hub_tight_P5_R20_seed10     igvnd_wDLY  heuristic_    65826.50     126.50     657.00     0         -      60.0
  scn_hub_tight_P5_R20_seed10     igvnd_wMOV  heuristic_      793.50     124.50     669.00     0         -      60.1
  scn_hub_tight_P5_R30_seed10     igvnd_wMK   heuristic_    24734.00     225.50    2116.00    68         -      60.1
  scn_hub_tight_P5_R30_seed10     igvnd_wDLY  heuristic_   196865.50     215.50    1966.50     0         -      60.1
  scn_hub_tight_P5_R30_seed10     igvnd_wMOV  heuristic_     2329.00     236.00    2093.00     0         -      60.1
  scn_hub_tight_P5_R5_seed10      igvnd_wMK   heuristic_     3503.00      35.00       3.00     0         -      60.0
  scn_hub_tight_P5_R5_seed10      igvnd_wDLY  heuristic_      137.00      35.00       1.00     2         -      60.0
  scn_hub_tight_P5_R5_seed10      igvnd_wMOV  heuristic_       38.00      35.00       3.00     0         -      60.0
==================================================================
