==================================================================
  EXPERIMENT CONFIGURATIONS  (3 experiments)
  Code state (git): 47a1886
  Instance order  : by seed, then config (seed1 of all types first)
==================================================================
  Shared parameters:
    time_limit_s=60               NoRelHeurTime=0
    MIPGap=0.0                    

  Per-experiment parameters:
  Label          Solver            weight_makespan  weight_delay  weight_movements
  --------------------------------------------------------------------------------
  milp_job_wMK   MILPJobsV2Solver  100              1             1               
  milp_job_wDLY  MILPJobsV2Solver  1                100           1               
  milp_job_wMOV  MILPJobsV2Solver  1                1             100             
==================================================================


==================================================================
  HEURISTIC vs MILP  —  relative gap per instance type
  gap = (MILP_obj - heuristic_obj) / MILP_obj
  gap > 0  =>  heuristic BETTER (lower objective);  < 0  => worse
  heuristic: igvnd_wMK / igvnd_wDLY / igvnd_wMOV   (MILP rows from cache)
==================================================================
  -- Relative objective gap, by weight profile --
  [wMK  (100/1/1  makespan-priority)]
    (no paired MILP/heuristic results yet)

  [wDLY  (1/100/1  delay-priority)]
    (no paired MILP/heuristic results yet)

  [wMOV  (1/1/100  movement-priority)]
    (no paired MILP/heuristic results yet)

  -- Relative objective gap, aggregated over all profiles --
  [ALL profiles]
    (no paired MILP/heuristic results yet)

  -- Per-component mean Δ (heuristic − MILP); negative = heuristic better --
  -- (relative gap is distorted when the optimum delay ≈ 0; read these too)
  [wMK  (100/1/1  makespan-priority)]
    (no paired MILP/heuristic results yet)

  [wDLY  (1/100/1  delay-priority)]
    (no paired MILP/heuristic results yet)

  [wMOV  (1/1/100  movement-priority)]
    (no paired MILP/heuristic results yet)

==================================================================


==================================================================
  SUMMARY  —  660 ok  /  0 failed  /  660 total
==================================================================
  Instance                        Experiment     Status             Obj   Makespan      Delay   Mov       Gap   Time(s)
  ---------------------------------------------------------------------------------------------------------------------
  scn_chain_loose_P5_R10_seed1    milp_job_wMK   optimal        5865.00      58.50       7.00     8     0.00%      19.1
  scn_chain_loose_P5_R10_seed1    milp_job_wDLY  maxTimeLim      766.50      58.50       7.00     8    95.17%      60.6
  scn_chain_loose_P5_R10_seed1    milp_job_wMOV  maxTimeLim       73.00      62.50      10.50     0    49.32%      60.6
  scn_chain_loose_P5_R20_seed1    milp_job_wMK   maxTimeLim    18507.50     177.50     743.50    14    72.98%      62.4
  scn_chain_loose_P5_R20_seed1    milp_job_wDLY  maxTimeLim    53686.50     158.50     535.00    28    99.91%      62.4
  scn_chain_loose_P5_R20_seed1    milp_job_wMOV  maxTimeLim      811.00     174.50     636.50     0    93.83%      62.4
  scn_chain_loose_P5_R30_seed1    milp_job_wMK   maxTimeLim    33821.50     311.00    2719.50     2    79.30%      66.5
  scn_chain_loose_P5_R30_seed1    milp_job_wDLY  maxTimeLim   303363.50     363.50    3030.00     0    99.98%      66.5
  scn_chain_loose_P5_R30_seed1    milp_job_wMOV  maxTimeLim     3429.00     359.50    3069.50     0    97.96%      66.4
  scn_chain_loose_P5_R5_seed1     milp_job_wMK   optimal        3000.00      30.00       0.00     0     0.00%       0.2
  scn_chain_loose_P5_R5_seed1     milp_job_wDLY  optimal          30.00      30.00       0.00     0     0.00%       0.2
  scn_chain_loose_P5_R5_seed1     milp_job_wMOV  optimal          30.00      30.00       0.00     0     0.00%       0.2
  scn_chain_medium_P5_R10_seed1   milp_job_wMK   optimal        5921.50      58.50      63.50     8     0.00%      19.4
  scn_chain_medium_P5_R10_seed1   milp_job_wDLY  maxTimeLim     6422.50      60.50      63.50    12    99.42%      60.7
  scn_chain_medium_P5_R10_seed1   milp_job_wMOV  maxTimeLim      131.00      62.50      68.50     0    71.76%      60.6
  scn_chain_medium_P5_R20_seed1   milp_job_wMK   maxTimeLim    16248.50     153.00     926.50    22    69.23%      62.6
  scn_chain_medium_P5_R20_seed1   milp_job_wDLY  maxTimeLim    73083.50     163.50     729.00    20    99.93%      62.3
  scn_chain_medium_P5_R20_seed1   milp_job_wMOV  maxTimeLim     1070.50     177.50     893.00     0    95.33%      62.4
  scn_chain_medium_P5_R30_seed1   milp_job_wMK   maxTimeLim    37954.00     345.50    3404.00     0    81.56%      66.4
  scn_chain_medium_P5_R30_seed1   milp_job_wDLY  maxTimeLim   299342.50     332.50    2990.00    10    99.98%      66.6
  scn_chain_medium_P5_R30_seed1   milp_job_wMOV  maxTimeLim     3419.00     347.50    3071.50     0    97.95%      66.5
  scn_chain_medium_P5_R5_seed1    milp_job_wMK   optimal        3000.00      30.00       0.00     0     0.00%       0.3
  scn_chain_medium_P5_R5_seed1    milp_job_wDLY  optimal          30.00      30.00       0.00     0     0.00%       0.2
  scn_chain_medium_P5_R5_seed1    milp_job_wMOV  optimal          30.00      30.00       0.00     0     0.00%       0.3
  scn_chain_tight_P5_R20_seed1    milp_job_wMK   maxTimeLim    18742.50     177.50     986.50     6    73.32%      62.4
  scn_chain_tight_P5_R20_seed1    milp_job_wDLY  maxTimeLim    84544.50     186.50     843.50     8    99.94%      62.4
  scn_chain_tight_P5_R20_seed1    milp_job_wMOV  maxTimeLim     1216.50     174.50    1042.00     0    95.89%      62.4
  scn_chain_tight_P5_R30_seed1    milp_job_wMK   maxTimeLim    38440.00     347.50    3690.00     0    81.79%      66.3
  scn_chain_tight_P5_R30_seed1    milp_job_wDLY  maxTimeLim   370168.00     368.00    3698.00     0    99.98%      66.3
  scn_chain_tight_P5_R30_seed1    milp_job_wMOV  maxTimeLim     4046.00     363.50    3682.50     0    98.27%      66.3
  scn_chain_tight_P5_R5_seed1     milp_job_wMK   optimal        3003.00      30.00       1.00     2     0.00%       0.3
  scn_chain_tight_P5_R5_seed1     milp_job_wDLY  optimal          35.00      31.00       0.00     4     0.00%       0.3
  scn_chain_tight_P5_R5_seed1     milp_job_wMOV  optimal          35.00      30.00       5.00     0     0.00%       0.2
  scn_hub_loose_P5_R10_seed1      milp_job_wMK   optimal        5886.50      58.50      18.50    18     0.00%       7.2
  scn_hub_loose_P5_R10_seed1      milp_job_wDLY  optimal         759.50      59.50       7.00     0     0.00%      18.7
  scn_hub_loose_P5_R10_seed1      milp_job_wMOV  optimal          66.50      59.50       7.00     0     0.00%       5.9
  scn_hub_loose_P5_R20_seed1      milp_job_wMK   maxTimeLim    15009.00     144.00     581.00    28    66.69%      63.0
  scn_hub_loose_P5_R20_seed1      milp_job_wDLY  maxTimeLim    44887.50     155.50     447.00    32    99.89%      62.3
  scn_hub_loose_P5_R20_seed1      milp_job_wMOV  maxTimeLim      663.00     152.00     511.00     0    92.46%      62.3
  scn_hub_loose_P5_R30_seed1      milp_job_wMK   maxTimeLim    28635.50     265.50    2085.50     0    75.55%      66.4
  scn_hub_loose_P5_R30_seed1      milp_job_wDLY  maxTimeLim   193773.50     273.50    1935.00     0    99.96%      66.4
  scn_hub_loose_P5_R30_seed1      milp_job_wMOV  maxTimeLim     2206.50     283.50    1923.00     0    96.83%      66.3
  scn_hub_loose_P5_R5_seed1       milp_job_wMK   optimal        3000.00      30.00       0.00     0     0.00%       0.2
  scn_hub_loose_P5_R5_seed1       milp_job_wDLY  optimal          30.00      30.00       0.00     0     0.00%       0.2
  scn_hub_loose_P5_R5_seed1       milp_job_wMOV  optimal          30.00      30.00       0.00     0     0.00%       0.2
  scn_hub_medium_P5_R10_seed1     milp_job_wMK   optimal        5940.50      58.50      72.50    18     0.00%       8.3
  scn_hub_medium_P5_R10_seed1     milp_job_wDLY  maxTimeLim     6429.50      67.50      63.50    12    84.42%      60.7
  scn_hub_medium_P5_R10_seed1     milp_job_wMOV  optimal         124.00      59.50      64.50     0     0.00%      55.3
  scn_hub_medium_P5_R20_seed1     milp_job_wMK   maxTimeLim    15100.00     144.00     692.00     8    66.89%      62.3
  scn_hub_medium_P5_R20_seed1     milp_job_wDLY  maxTimeLim    67260.00     156.00     671.00     4    99.93%      62.3
  scn_hub_medium_P5_R20_seed1     milp_job_wMOV  maxTimeLim      834.50     149.00     685.50     0    94.01%      62.3
  scn_hub_medium_P5_R30_seed1     milp_job_wMK   maxTimeLim    29606.50     271.50    2456.50     0    76.36%      66.3
  scn_hub_medium_P5_R30_seed1     milp_job_wDLY  maxTimeLim   227815.50     265.50    2275.50     0    99.97%      66.4
  scn_hub_medium_P5_R30_seed1     milp_job_wMOV  maxTimeLim     2573.50     284.00    2289.50     0    97.28%      66.3
  scn_hub_medium_P5_R5_seed1      milp_job_wMK   optimal        3000.00      30.00       0.00     0     0.00%       0.2
  scn_hub_medium_P5_R5_seed1      milp_job_wDLY  optimal          30.00      30.00       0.00     0     0.00%       0.2
  scn_hub_medium_P5_R5_seed1      milp_job_wMOV  optimal          30.00      30.00       0.00     0     0.00%       0.2
  scn_hub_tight_P5_R20_seed1      milp_job_wMK   maxTimeLim    15512.00     147.00     776.00    36    67.77%      62.4
  scn_hub_tight_P5_R20_seed1      milp_job_wDLY  maxTimeLim    73784.00     152.00     736.00    32    99.93%      62.3
  scn_hub_tight_P5_R20_seed1      milp_job_wMOV  maxTimeLim      968.00     147.00     821.00     0    94.83%      62.3
  scn_hub_tight_P5_R30_seed1      milp_job_wMK   maxTimeLim    29252.00     264.50    2802.00     0    76.07%      66.4
  scn_hub_tight_P5_R30_seed1      milp_job_wDLY  maxTimeLim   255489.50     289.50    2552.00     0    99.97%      66.4
  scn_hub_tight_P5_R30_seed1      milp_job_wMOV  maxTimeLim     2868.50     270.50    2598.00     0    97.56%      66.4
  scn_hub_tight_P5_R5_seed1       milp_job_wMK   optimal        3002.00      30.00       0.00     2     0.00%       0.2
  scn_hub_tight_P5_R5_seed1       milp_job_wDLY  optimal          32.00      30.00       0.00     2     0.00%       0.2
  scn_hub_tight_P5_R5_seed1       milp_job_wMOV  optimal          33.00      30.00       3.00     0     0.00%       0.2
  scn_chain_loose_P5_R10_seed2    milp_job_wMK   optimal        6785.00      67.50      23.00    12     0.00%      11.5
  scn_chain_loose_P5_R10_seed2    milp_job_wDLY  optimal         134.50      74.50       0.50    10     0.00%      20.4
  scn_chain_loose_P5_R10_seed2    milp_job_wMOV  optimal          81.50      72.50       9.00     0     0.00%      59.9
  scn_chain_loose_P5_R20_seed2    milp_job_wMK   maxTimeLim    14024.00     134.50     546.00    28    58.64%      62.5
  scn_chain_loose_P5_R20_seed2    milp_job_wDLY  maxTimeLim    68082.50     176.50     679.00     6    99.91%      62.4
  scn_chain_loose_P5_R20_seed2    milp_job_wMOV  maxTimeLim      687.50     162.00     525.50     0    91.56%      62.4
  scn_chain_loose_P5_R30_seed2    milp_job_wMK   maxTimeLim    37240.50     341.50    3090.50     0    80.13%      66.2
  scn_chain_loose_P5_R30_seed2    milp_job_wDLY  maxTimeLim   284757.50     357.50    2844.00     0    99.97%      66.3
  scn_chain_loose_P5_R30_seed2    milp_job_wMOV  maxTimeLim     3164.50     339.50    2825.00     0    97.66%      66.3
  scn_chain_loose_P5_R5_seed2     milp_job_wMK   optimal        3700.00      37.00       0.00     0     0.00%       0.3
  scn_chain_loose_P5_R5_seed2     milp_job_wDLY  optimal          37.00      37.00       0.00     0     0.00%       0.2
  scn_chain_loose_P5_R5_seed2     milp_job_wMOV  optimal          37.00      37.00       0.00     0     0.00%       0.2
  scn_chain_medium_P5_R10_seed2   milp_job_wMK   optimal        6838.50      67.50      72.50    16     0.00%      12.2
  scn_chain_medium_P5_R10_seed2   milp_job_wDLY  maxTimeLim     6837.50      75.50      67.50    12    99.31%      60.7
  scn_chain_medium_P5_R10_seed2   milp_job_wMOV  maxTimeLim      152.00      72.50      79.50     0    69.08%      60.7
  scn_chain_medium_P5_R20_seed2   milp_job_wMK   maxTimeLim    18566.00     177.50     802.00    14    68.76%      62.4
  scn_chain_medium_P5_R20_seed2   milp_job_wDLY  maxTimeLim    85905.50     191.50     857.00    14    99.93%      62.4
  scn_chain_medium_P5_R20_seed2   milp_job_wMOV  maxTimeLim      980.50     165.50     815.00     0    94.08%      62.4
  scn_chain_medium_P5_R30_seed2   milp_job_wMK   maxTimeLim    36605.50     332.00    3401.50     4    79.78%      66.3
  scn_chain_medium_P5_R30_seed2   milp_job_wDLY  maxTimeLim   334294.00     344.00    3339.50     0    99.98%      66.2
  scn_chain_medium_P5_R30_seed2   milp_job_wMOV  maxTimeLim     3547.00     340.50    3206.50     0    97.91%      66.3
  scn_chain_medium_P5_R5_seed2    milp_job_wMK   optimal        3700.00      37.00       0.00     0     0.00%       0.4
  scn_chain_medium_P5_R5_seed2    milp_job_wDLY  optimal          37.00      37.00       0.00     0     0.00%       0.3
  scn_chain_medium_P5_R5_seed2    milp_job_wMOV  optimal          37.00      37.00       0.00     0     0.00%       0.2
  scn_chain_tight_P5_R20_seed2    milp_job_wMK   maxTimeLim    14814.50     139.00     890.50    24    60.85%      62.4
  scn_chain_tight_P5_R20_seed2    milp_job_wDLY  maxTimeLim    89479.00     169.00     893.00    10    99.94%      62.5
  scn_chain_tight_P5_R20_seed2    milp_job_wMOV  maxTimeLim     1190.00     194.00     996.00     0    95.13%      62.6
  scn_chain_tight_P5_R30_seed2    milp_job_wMK   maxTimeLim    37851.00     341.00    3751.00     0    80.45%      66.4
  scn_chain_tight_P5_R30_seed2    milp_job_wDLY  maxTimeLim   355690.50     340.50    3553.50     0    99.98%      66.5
  scn_chain_tight_P5_R30_seed2    milp_job_wMOV  maxTimeLim     3787.00     351.00    3436.00     0    98.05%      66.2
  scn_chain_tight_P5_R5_seed2     milp_job_wMK   optimal        3704.00      37.00       2.00     2     0.00%       0.4
  scn_chain_tight_P5_R5_seed2     milp_job_wDLY  optimal          40.00      38.00       0.00     2     0.00%       0.3
  scn_chain_tight_P5_R5_seed2     milp_job_wMOV  optimal          43.00      37.00       6.00     0     0.00%       0.4
  scn_hub_loose_P5_R10_seed2      milp_job_wMK   optimal        6839.50      68.00      23.50    16     0.00%       5.7
  scn_hub_loose_P5_R10_seed2      milp_job_wDLY  optimal         223.50      71.50       1.50     2     0.00%       7.0
  scn_hub_loose_P5_R10_seed2      milp_job_wMOV  optimal          75.00      70.50       4.50     0     0.00%       8.4
  scn_hub_loose_P5_R20_seed2      milp_job_wMK   maxTimeLim    15222.00     147.00     498.00    24    61.90%      62.6
  scn_hub_loose_P5_R20_seed2      milp_job_wDLY  maxTimeLim    45575.00     151.00     454.00    24    99.87%      62.4
  scn_hub_loose_P5_R20_seed2      milp_job_wMOV  maxTimeLim      607.00     151.00     456.00     0    90.44%      62.4
  scn_hub_loose_P5_R30_seed2      milp_job_wMK   maxTimeLim    27469.00     254.50    2019.00     0    73.06%      66.3
  scn_hub_loose_P5_R30_seed2      milp_job_wDLY  maxTimeLim   180569.50     269.50    1803.00     0    99.96%      66.2
  scn_hub_loose_P5_R30_seed2      milp_job_wMOV  maxTimeLim     2031.00     257.50    1773.50     0    96.36%      66.2
  scn_hub_loose_P5_R5_seed2       milp_job_wMK   optimal        3700.00      37.00       0.00     0     0.00%       0.2
  scn_hub_loose_P5_R5_seed2       milp_job_wDLY  optimal          37.00      37.00       0.00     0     0.00%       0.2
  scn_hub_loose_P5_R5_seed2       milp_job_wMOV  optimal          37.00      37.00       0.00     0     0.00%       0.2
  scn_hub_medium_P5_R10_seed2     milp_job_wMK   optimal        6895.00      68.00      79.00    16     0.00%       5.6
  scn_hub_medium_P5_R10_seed2     milp_job_wDLY  maxTimeLim     6627.50      71.50      65.50     6    75.53%      60.7
  scn_hub_medium_P5_R10_seed2     milp_job_wMOV  optimal         139.00      70.50      68.50     0     0.00%      24.0
  scn_hub_medium_P5_R20_seed2     milp_job_wMK   maxTimeLim    15036.50     143.50     670.50    16    61.43%      62.5
  scn_hub_medium_P5_R20_seed2     milp_job_wDLY  maxTimeLim    62465.00     149.00     623.00    16    99.91%      62.4
  scn_hub_medium_P5_R20_seed2     milp_job_wMOV  maxTimeLim      824.00     153.00     671.00     0    92.96%      62.4
  scn_hub_medium_P5_R30_seed2     milp_job_wMK   maxTimeLim    27882.00     255.50    2332.00     0    73.46%      66.2
  scn_hub_medium_P5_R30_seed2     milp_job_wDLY  maxTimeLim   218021.50     271.50    2177.50     0    99.97%      66.3
  scn_hub_medium_P5_R30_seed2     milp_job_wMOV  maxTimeLim     2478.50     267.00    2211.50     0    97.01%      66.2
  scn_hub_medium_P5_R5_seed2      milp_job_wMK   optimal        3700.00      37.00       0.00     0     0.00%       0.3
  scn_hub_medium_P5_R5_seed2      milp_job_wDLY  optimal          37.00      37.00       0.00     0     0.00%       0.2
  scn_hub_medium_P5_R5_seed2      milp_job_wMOV  optimal          37.00      37.00       0.00     0     0.00%       0.2
  scn_hub_tight_P5_R20_seed2      milp_job_wMK   maxTimeLim    15727.00     149.00     811.00    16    63.12%      62.4
  scn_hub_tight_P5_R20_seed2      milp_job_wDLY  maxTimeLim    76668.00     152.00     765.00    16    99.92%      62.4
  scn_hub_tight_P5_R20_seed2      milp_job_wMOV  maxTimeLim      915.50     152.00     763.50     0    93.66%      62.4
  scn_hub_tight_P5_R30_seed2      milp_job_wMK   maxTimeLim    28221.00     256.50    2571.00     0    73.78%      66.3
  scn_hub_tight_P5_R30_seed2      milp_job_wDLY  maxTimeLim   248864.50     264.50    2486.00     0    99.97%      66.1
  scn_hub_tight_P5_R30_seed2      milp_job_wMOV  maxTimeLim     2757.50     263.50    2494.00     0    97.32%      66.3
  scn_hub_tight_P5_R5_seed2       milp_job_wMK   optimal        3701.00      37.00       1.00     0     0.00%       0.3
  scn_hub_tight_P5_R5_seed2       milp_job_wDLY  optimal         137.00      37.00       1.00     0     0.00%       0.2
  scn_hub_tight_P5_R5_seed2       milp_job_wMOV  optimal          38.00      37.00       1.00     0     0.00%       0.2
  scn_chain_loose_P5_R10_seed3    milp_job_wMK   optimal        6273.00      62.50      13.00    10     0.00%      14.8
  scn_chain_loose_P5_R10_seed3    milp_job_wDLY  optimal         175.50      65.50       1.00    10     0.00%      22.5
  scn_chain_loose_P5_R10_seed3    milp_job_wMOV  optimal          74.50      65.50       9.00     0     0.00%      51.2
  scn_chain_loose_P5_R20_seed3    milp_job_wMK   maxTimeLim    18995.00     181.50     835.00    10    72.62%      62.6
  scn_chain_loose_P5_R20_seed3    milp_job_wDLY  maxTimeLim    71190.50     186.50     710.00     4    99.93%      62.5
  scn_chain_loose_P5_R20_seed3    milp_job_wMOV  maxTimeLim      731.50     167.50     564.00     0    92.89%      62.5
  scn_chain_loose_P5_R30_seed3    milp_job_wMK   maxTimeLim    37283.50     342.00    3083.50     0    79.08%      66.3
  scn_chain_loose_P5_R30_seed3    milp_job_wDLY  maxTimeLim   285610.50     352.50    2852.50     8    99.97%      66.3
  scn_chain_loose_P5_R30_seed3    milp_job_wMOV  maxTimeLim     3366.00     352.50    3013.50     0    97.68%      66.3
  scn_chain_loose_P5_R5_seed3     milp_job_wMK   optimal        3100.00      31.00       0.00     0     0.00%       0.2
  scn_chain_loose_P5_R5_seed3     milp_job_wDLY  optimal          31.00      31.00       0.00     0     0.00%       0.3
  scn_chain_loose_P5_R5_seed3     milp_job_wMOV  optimal          31.00      31.00       0.00     0     0.00%       0.2
  scn_chain_medium_P5_R10_seed3   milp_job_wMK   optimal        6331.50      62.50      71.50    10     0.00%      16.4
  scn_chain_medium_P5_R10_seed3   milp_job_wDLY  maxTimeLim     6333.50      67.50      62.50    16    99.35%      60.6
  scn_chain_medium_P5_R10_seed3   milp_job_wMOV  maxTimeLim      142.00      65.50      76.50     0    71.13%      60.7
  scn_chain_medium_P5_R20_seed3   milp_job_wMK   maxTimeLim    19124.00     181.50     956.00    18    72.81%      62.6
  scn_chain_medium_P5_R20_seed3   milp_job_wDLY  maxTimeLim    80390.00     160.00     802.00    30    99.94%      62.5
  scn_chain_medium_P5_R20_seed3   milp_job_wMOV  maxTimeLim     1080.00     193.50     886.50     0    95.19%      62.5
  scn_chain_medium_P5_R30_seed3   milp_job_wMK   maxTimeLim    36957.00     337.50    3207.00     0    78.89%      66.3
  scn_chain_medium_P5_R30_seed3   milp_job_wDLY  maxTimeLim   344059.00     359.00    3437.00     0    99.98%      66.3
  scn_chain_medium_P5_R30_seed3   milp_job_wMOV  maxTimeLim     3414.00     332.50    3081.50     0    97.72%      66.3
  scn_chain_medium_P5_R5_seed3    milp_job_wMK   optimal        3100.00      31.00       0.00     0     0.00%       0.3
  scn_chain_medium_P5_R5_seed3    milp_job_wDLY  optimal          31.00      31.00       0.00     0     0.00%       0.3
  scn_chain_medium_P5_R5_seed3    milp_job_wMOV  optimal          31.00      31.00       0.00     0     0.00%       0.2
  scn_chain_tight_P5_R20_seed3    milp_job_wMK   maxTimeLim    16866.50     160.00     860.50     6    69.17%      62.5
  scn_chain_tight_P5_R20_seed3    milp_job_wDLY  maxTimeLim    88057.50     177.50     878.50    30    99.94%      62.5
  scn_chain_tight_P5_R20_seed3    milp_job_wMOV  maxTimeLim     1092.50     173.00     919.50     0    95.24%      62.6
  scn_chain_tight_P5_R30_seed3    milp_job_wMK   maxTimeLim    33943.00     304.50    3493.00     0    77.02%      66.4
  scn_chain_tight_P5_R30_seed3    milp_job_wDLY  maxTimeLim   369896.50     346.50    3695.50     0    99.98%      66.2
  scn_chain_tight_P5_R30_seed3    milp_job_wMOV  maxTimeLim     4057.00     354.00    3703.00     0    98.08%      66.3
  scn_chain_tight_P5_R5_seed3     milp_job_wMK   optimal        3104.00      31.00       2.00     2     0.00%       0.5
  scn_chain_tight_P5_R5_seed3     milp_job_wDLY  optimal          34.00      32.00       0.00     2     0.00%       0.3
  scn_chain_tight_P5_R5_seed3     milp_job_wMOV  optimal          37.00      31.00       6.00     0     0.00%       0.3
  scn_hub_loose_P5_R10_seed3      milp_job_wMK   optimal        6277.00      62.50      11.00    16     0.00%       6.3
  scn_hub_loose_P5_R10_seed3      milp_job_wDLY  optimal         380.50      64.50       3.00    16     0.00%      14.3
  scn_hub_loose_P5_R10_seed3      milp_job_wMOV  optimal          69.00      63.50       5.50     0     0.00%       3.8
  scn_hub_loose_P5_R20_seed3      milp_job_wMK   maxTimeLim    15672.50     151.00     552.50    20    66.82%      62.6
  scn_hub_loose_P5_R20_seed3      milp_job_wDLY  maxTimeLim    49112.00     156.00     489.00    56    99.89%      62.5
  scn_hub_loose_P5_R20_seed3      milp_job_wMOV  maxTimeLim      746.50     156.00     590.50     0    93.03%      62.5
  scn_hub_loose_P5_R30_seed3      milp_job_wMK   maxTimeLim    27783.50     257.50    2033.50     0    71.93%      66.3
  scn_hub_loose_P5_R30_seed3      milp_job_wDLY  maxTimeLim   196744.00     294.00    1964.50     0    99.96%      66.3
  scn_hub_loose_P5_R30_seed3      milp_job_wMOV  maxTimeLim     2251.50     287.50    1964.00     0    96.54%      66.3
  scn_hub_loose_P5_R5_seed3       milp_job_wMK   optimal        3100.00      31.00       0.00     0     0.00%       0.2
  scn_hub_loose_P5_R5_seed3       milp_job_wDLY  optimal          31.00      31.00       0.00     0     0.00%       0.2
  scn_hub_loose_P5_R5_seed3       milp_job_wMOV  optimal          31.00      31.00       0.00     0     0.00%       0.2
  scn_hub_medium_P5_R10_seed3     milp_job_wMK   optimal        6334.50      62.50      68.50    16     0.00%       9.6
  scn_hub_medium_P5_R10_seed3     milp_job_wDLY  maxTimeLim     6393.00      77.00      63.00    16    78.02%      60.7
  scn_hub_medium_P5_R10_seed3     milp_job_wMOV  maxTimeLim      134.00      63.50      70.50     0    22.76%      60.6
  scn_hub_medium_P5_R20_seed3     milp_job_wMK   maxTimeLim    15976.00     152.00     744.00    32    67.45%      62.5
  scn_hub_medium_P5_R20_seed3     milp_job_wDLY  maxTimeLim    73676.00     160.00     735.00    16    99.93%      62.5
  scn_hub_medium_P5_R20_seed3     milp_job_wMOV  maxTimeLim      946.00     160.00     786.00     0    94.50%      62.5
  scn_hub_medium_P5_R30_seed3     milp_job_wMK   maxTimeLim    29344.00     269.50    2394.00     0    73.42%      66.3
  scn_hub_medium_P5_R30_seed3     milp_job_wDLY  maxTimeLim   233279.50     279.50    2330.00     0    99.97%      66.3
  scn_hub_medium_P5_R30_seed3     milp_job_wMOV  maxTimeLim     2726.00     271.50    2454.50     0    97.14%      66.2
  scn_hub_medium_P5_R5_seed3      milp_job_wMK   optimal        3100.00      31.00       0.00     0     0.00%       0.2
  scn_hub_medium_P5_R5_seed3      milp_job_wDLY  optimal          31.00      31.00       0.00     0     0.00%       0.2
  scn_hub_medium_P5_R5_seed3      milp_job_wMOV  optimal          31.00      31.00       0.00     0     0.00%       0.2
  scn_hub_tight_P5_R20_seed3      milp_job_wMK   maxTimeLim    15899.50     149.00     963.50    36    67.29%      62.6
  scn_hub_tight_P5_R20_seed3      milp_job_wDLY  maxTimeLim    94858.00     158.00     947.00     0    99.95%      62.6
  scn_hub_tight_P5_R20_seed3      milp_job_wMOV  maxTimeLim     1090.00     155.00     935.00     0    95.23%      62.5
  scn_hub_tight_P5_R30_seed3      milp_job_wMK   maxTimeLim    29216.00     265.50    2666.00     0    73.30%      66.3
  scn_hub_tight_P5_R30_seed3      milp_job_wDLY  maxTimeLim   263871.50     271.50    2636.00     0    99.97%      66.2
  scn_hub_tight_P5_R30_seed3      milp_job_wMOV  maxTimeLim     2846.50     272.50    2574.00     0    97.26%      66.2
  scn_hub_tight_P5_R5_seed3       milp_job_wMK   optimal        3101.00      31.00       1.00     0     0.00%       0.2
  scn_hub_tight_P5_R5_seed3       milp_job_wDLY  optimal         131.00      31.00       1.00     0     0.00%       0.2
  scn_hub_tight_P5_R5_seed3       milp_job_wMOV  optimal          32.00      31.00       1.00     0     0.00%       0.2
  scn_chain_loose_P5_R10_seed4    milp_job_wMK   optimal        6726.50      66.50      68.50     8     0.00%      28.3
  scn_chain_loose_P5_R10_seed4    milp_job_wDLY  optimal         247.00      83.00       1.50    14     0.00%      27.8
  scn_chain_loose_P5_R10_seed4    milp_job_wMOV  maxTimeLim       93.00      81.50      11.50     0    50.54%      60.6
  scn_chain_loose_P5_R20_seed4    milp_job_wMK   maxTimeLim    16612.00     159.50     634.00    28    68.10%      62.6
  scn_chain_loose_P5_R20_seed4    milp_job_wDLY  maxTimeLim    84961.50     203.50     847.50     8    99.94%      62.5
  scn_chain_loose_P5_R20_seed4    milp_job_wMOV  maxTimeLim      843.50     171.50     672.00     0    93.72%      62.5
  scn_chain_loose_P5_R30_seed4    milp_job_wMK   maxTimeLim    38039.50     348.50    3189.50     0    83.18%      66.2
  scn_chain_loose_P5_R30_seed4    milp_job_wDLY  maxTimeLim   315649.50     349.50    3153.00     0    99.98%      66.3
  scn_chain_loose_P5_R30_seed4    milp_job_wMOV  maxTimeLim     3464.00     350.50    3113.50     0    98.15%      66.2
  scn_chain_loose_P5_R5_seed4     milp_job_wMK   optimal        4400.00      44.00       0.00     0     0.00%       0.3
  scn_chain_loose_P5_R5_seed4     milp_job_wDLY  optimal          44.00      44.00       0.00     0     0.00%       0.3
  scn_chain_loose_P5_R5_seed4     milp_job_wMOV  optimal          44.00      44.00       0.00     0     0.00%       0.2
  scn_chain_medium_P5_R10_seed4   milp_job_wMK   optimal        6784.50      66.50     126.50     8     0.00%      37.4
  scn_chain_medium_P5_R10_seed4   milp_job_wDLY  maxTimeLim     8055.50      85.50      79.50    20    99.43%      60.7
  scn_chain_medium_P5_R10_seed4   milp_job_wMOV  maxTimeLim      165.00      81.50      83.50     0    72.12%      60.7
  scn_chain_medium_P5_R20_seed4   milp_job_wMK   maxTimeLim    17498.00     166.00     876.00    22    69.71%      62.5
  scn_chain_medium_P5_R20_seed4   milp_job_wDLY  maxTimeLim    78651.50     169.50     784.50    32    99.93%      62.5
  scn_chain_medium_P5_R20_seed4   milp_job_wMOV  maxTimeLim     1117.50     200.50     917.00     0    95.26%      62.5
  scn_chain_medium_P5_R30_seed4   milp_job_wMK   maxTimeLim    36479.50     330.50    3421.50     8    82.46%      66.2
  scn_chain_medium_P5_R30_seed4   milp_job_wDLY  maxTimeLim   335715.50     361.50    3353.50     4    99.98%      66.3
  scn_chain_medium_P5_R30_seed4   milp_job_wMOV  maxTimeLim     3932.00     361.50    3570.50     0    98.37%      66.2
  scn_chain_medium_P5_R5_seed4    milp_job_wMK   optimal        4400.00      44.00       0.00     0     0.00%       0.3
  scn_chain_medium_P5_R5_seed4    milp_job_wDLY  optimal          44.00      44.00       0.00     0     0.00%       0.3
  scn_chain_medium_P5_R5_seed4    milp_job_wMOV  optimal          44.00      44.00       0.00     0     0.00%       0.3
  scn_chain_tight_P5_R20_seed4    milp_job_wMK   maxTimeLim    17226.00     162.00    1000.00    26    69.23%      62.5
  scn_chain_tight_P5_R20_seed4    milp_job_wDLY  maxTimeLim    99892.50     170.50     997.00    22    99.95%      62.5
  scn_chain_tight_P5_R20_seed4    milp_job_wMOV  maxTimeLim     1223.00     176.00    1047.00     0    95.67%      62.5
  scn_chain_tight_P5_R30_seed4    milp_job_wMK   maxTimeLim    39102.50     350.50    4052.50     0    83.63%      66.3
  scn_chain_tight_P5_R30_seed4    milp_job_wDLY  maxTimeLim   357452.50     348.50    3571.00     4    99.98%      66.2
  scn_chain_tight_P5_R30_seed4    milp_job_wMOV  maxTimeLim     4173.50     346.50    3827.00     0    98.47%      66.4
  scn_chain_tight_P5_R5_seed4     milp_job_wMK   optimal        4402.00      44.00       2.00     0     0.00%       0.3
  scn_chain_tight_P5_R5_seed4     milp_job_wDLY  optimal          47.00      45.00       0.00     2     0.00%       0.3
  scn_chain_tight_P5_R5_seed4     milp_job_wMOV  optimal          46.00      44.00       2.00     0     0.00%       0.3
  scn_hub_loose_P5_R10_seed4      milp_job_wMK   maxTimeLim     6786.50      67.50      32.50     4    23.73%      60.7
  scn_hub_loose_P5_R10_seed4      milp_job_wDLY  optimal         339.00      81.00       2.50     8     0.00%      19.1
  scn_hub_loose_P5_R10_seed4      milp_job_wMOV  optimal          83.00      76.50       6.50     0     0.00%       6.8
  scn_hub_loose_P5_R20_seed4      milp_job_wMK   maxTimeLim    15130.00     145.00     606.00    24    64.97%      62.6
  scn_hub_loose_P5_R20_seed4      milp_job_wDLY  maxTimeLim    52751.00     153.00     525.50    48    99.90%      62.5
  scn_hub_loose_P5_R20_seed4      milp_job_wMOV  maxTimeLim      696.50     167.00     529.50     0    92.39%      62.4
  scn_hub_loose_P5_R30_seed4      milp_job_wMK   maxTimeLim    29428.00     272.50    2178.00     0    78.25%      66.3
  scn_hub_loose_P5_R30_seed4      milp_job_wDLY  maxTimeLim   211480.50     280.50    2112.00     0    99.97%      66.3
  scn_hub_loose_P5_R30_seed4      milp_job_wMOV  maxTimeLim     2334.50     278.50    2056.00     0    97.26%      66.2
  scn_hub_loose_P5_R5_seed4       milp_job_wMK   optimal        4400.00      44.00       0.00     0     0.00%       0.2
  scn_hub_loose_P5_R5_seed4       milp_job_wDLY  optimal          44.00      44.00       0.00     0     0.00%       0.2
  scn_hub_loose_P5_R5_seed4       milp_job_wMOV  optimal          44.00      44.00       0.00     0     0.00%       0.2
  scn_hub_medium_P5_R10_seed4     milp_job_wMK   optimal        6848.50      67.50      94.50     4     0.00%      13.3
  scn_hub_medium_P5_R10_seed4     milp_job_wDLY  maxTimeLim     7030.50      72.50      69.50     8    82.10%      60.7
  scn_hub_medium_P5_R10_seed4     milp_job_wMOV  optimal         150.00      76.50      73.50     0     0.00%      48.5
  scn_hub_medium_P5_R20_seed4     milp_job_wMK   maxTimeLim    14628.00     138.50     760.00    18    63.77%      62.7
  scn_hub_medium_P5_R20_seed4     milp_job_wDLY  maxTimeLim    70921.00     155.00     707.50    16    99.93%      62.5
  scn_hub_medium_P5_R20_seed4     milp_job_wMOV  maxTimeLim      892.50     156.00     736.50     0    94.06%      62.4
  scn_hub_medium_P5_R30_seed4     milp_job_wMK   maxTimeLim    28985.50     264.00    2585.50     0    77.92%      66.1
  scn_hub_medium_P5_R30_seed4     milp_job_wDLY  maxTimeLim   240515.00     265.00    2402.50     0    99.97%      66.3
  scn_hub_medium_P5_R30_seed4     milp_job_wMOV  maxTimeLim     2680.00     269.50    2410.50     0    97.61%      66.3
  scn_hub_medium_P5_R5_seed4      milp_job_wMK   optimal        4400.00      44.00       0.00     0     0.00%       0.2
  scn_hub_medium_P5_R5_seed4      milp_job_wDLY  optimal          44.00      44.00       0.00     0     0.00%       0.2
  scn_hub_medium_P5_R5_seed4      milp_job_wMOV  optimal          44.00      44.00       0.00     0     0.00%       0.2
  scn_hub_tight_P5_R20_seed4      milp_job_wMK   maxTimeLim    16048.50     151.00     916.50    32    66.98%      62.5
  scn_hub_tight_P5_R20_seed4      milp_job_wDLY  maxTimeLim    87440.00     154.00     872.50    36    99.94%      62.5
  scn_hub_tight_P5_R20_seed4      milp_job_wMOV  maxTimeLim     1040.50     152.00     888.50     0    94.91%      62.5
  scn_hub_tight_P5_R30_seed4      milp_job_wMK   maxTimeLim    29279.00     265.50    2729.00     0    78.14%      66.2
  scn_hub_tight_P5_R30_seed4      milp_job_wDLY  maxTimeLim   277323.50     273.50    2770.50     0    99.98%      66.2
  scn_hub_tight_P5_R30_seed4      milp_job_wMOV  maxTimeLim     2966.50     278.50    2688.00     0    97.84%      66.4
  scn_hub_tight_P5_R5_seed4       milp_job_wMK   optimal        4402.00      44.00       2.00     0     0.00%       0.3
  scn_hub_tight_P5_R5_seed4       milp_job_wDLY  optimal          46.00      44.00       0.00     2     0.00%       0.3
  scn_hub_tight_P5_R5_seed4       milp_job_wMOV  optimal          46.00      44.00       2.00     0     0.00%       0.2
  scn_chain_loose_P5_R10_seed5    milp_job_wMK   optimal        5596.50      55.50      32.50    14     0.00%      20.5
  scn_chain_loose_P5_R10_seed5    milp_job_wDLY  optimal          66.50      62.50       0.00     4     0.00%      24.5
  scn_chain_loose_P5_R10_seed5    milp_job_wMOV  optimal          67.50      62.50       5.00     0     0.00%      17.2
  scn_chain_loose_P5_R20_seed5    milp_job_wMK   maxTimeLim    14380.00     139.50     416.00    14    58.97%      62.5
  scn_chain_loose_P5_R20_seed5    milp_job_wDLY  maxTimeLim    52315.50     157.50     521.50     8    99.89%      62.5
  scn_chain_loose_P5_R20_seed5    milp_job_wMOV  maxTimeLim      847.00     186.00     661.00     0    93.03%      62.5
  scn_chain_loose_P5_R30_seed5    milp_job_wMK   maxTimeLim    38171.50     349.50    3221.50     0    79.83%      66.5
  scn_chain_loose_P5_R30_seed5    milp_job_wDLY  maxTimeLim   308258.00     358.00    3079.00     0    99.98%      66.4
  scn_chain_loose_P5_R30_seed5    milp_job_wMOV  maxTimeLim     3458.50     357.50    3101.00     0    97.77%      66.5
  scn_chain_loose_P5_R5_seed5     milp_job_wMK   optimal        3200.00      32.00       0.00     0     0.00%       0.3
  scn_chain_loose_P5_R5_seed5     milp_job_wDLY  optimal          32.00      32.00       0.00     0     0.00%       0.3
  scn_chain_loose_P5_R5_seed5     milp_job_wMOV  optimal          32.00      32.00       0.00     0     0.00%       0.2
  scn_chain_medium_P5_R10_seed5   milp_job_wMK   optimal        5634.50      55.50      70.50    14     0.00%      26.4
  scn_chain_medium_P5_R10_seed5   milp_job_wDLY  maxTimeLim     5321.50      63.50      52.50     8    99.23%      60.6
  scn_chain_medium_P5_R10_seed5   milp_job_wMOV  maxTimeLim      126.00      62.50      63.50     0    67.29%      60.6
  scn_chain_medium_P5_R20_seed5   milp_job_wMK   maxTimeLim    16395.00     156.00     781.00    14    64.01%      62.6
  scn_chain_medium_P5_R20_seed5   milp_job_wDLY  maxTimeLim    80685.50     173.50     805.00    12    99.93%      62.4
  scn_chain_medium_P5_R20_seed5   milp_job_wMOV  maxTimeLim      947.50     184.00     763.50     0    93.77%      62.4
  scn_chain_medium_P5_R30_seed5   milp_job_wMK   maxTimeLim    38027.50     346.00    3427.50     0    79.75%      66.5
  scn_chain_medium_P5_R30_seed5   milp_job_wDLY  maxTimeLim   310748.00     398.00    3103.50     0    99.98%      66.5
  scn_chain_medium_P5_R30_seed5   milp_job_wMOV  maxTimeLim     3822.50     358.50    3464.00     0    97.99%      66.4
  scn_chain_medium_P5_R5_seed5    milp_job_wMK   optimal        3200.00      32.00       0.00     0     0.00%       0.3
  scn_chain_medium_P5_R5_seed5    milp_job_wDLY  optimal          32.00      32.00       0.00     0     0.00%       0.3
  scn_chain_medium_P5_R5_seed5    milp_job_wMOV  optimal          32.00      32.00       0.00     0     0.00%       0.2
  scn_chain_tight_P5_R20_seed5    milp_job_wMK   maxTimeLim    16776.50     158.00     958.50    18    64.83%      62.5
  scn_chain_tight_P5_R20_seed5    milp_job_wDLY  maxTimeLim    79328.50     162.50     791.50    16    99.93%      62.4
  scn_chain_tight_P5_R20_seed5    milp_job_wMOV  maxTimeLim     1157.50     178.50     979.00     0    94.90%      62.5
  scn_chain_tight_P5_R30_seed5    milp_job_wMK   maxTimeLim    39240.00     354.50    3790.00     0    80.38%      66.5
  scn_chain_tight_P5_R30_seed5    milp_job_wDLY  maxTimeLim   375302.50     352.50    3749.50     0    99.98%      66.4
  scn_chain_tight_P5_R30_seed5    milp_job_wMOV  maxTimeLim     4106.00     358.50    3747.50     0    98.12%      66.4
  scn_chain_tight_P5_R5_seed5     milp_job_wMK   optimal        3202.00      32.00       0.00     2     0.00%       0.3
  scn_chain_tight_P5_R5_seed5     milp_job_wDLY  optimal          34.00      32.00       0.00     2     0.00%       0.3
  scn_chain_tight_P5_R5_seed5     milp_job_wMOV  optimal          37.00      32.00       5.00     0     0.00%       0.3
  scn_hub_loose_P5_R10_seed5      milp_job_wMK   optimal        5588.00      55.50      26.00    12     0.00%       8.1
  scn_hub_loose_P5_R10_seed5      milp_job_wDLY  optimal          78.00      66.00       0.00    12     0.00%       6.3
  scn_hub_loose_P5_R10_seed5      milp_job_wMOV  optimal          67.50      62.50       5.00     0     0.00%       5.2
  scn_hub_loose_P5_R20_seed5      milp_job_wMK   maxTimeLim    14973.50     145.00     453.50    20    60.60%      62.8
  scn_hub_loose_P5_R20_seed5      milp_job_wDLY  maxTimeLim    39279.00     147.00     391.00    32    99.85%      62.5
  scn_hub_loose_P5_R20_seed5      milp_job_wMOV  maxTimeLim      616.00     150.00     466.00     0    90.42%      62.5
  scn_hub_loose_P5_R30_seed5      milp_job_wMK   maxTimeLim    29479.00     274.50    2029.00     0    73.88%      66.4
  scn_hub_loose_P5_R30_seed5      milp_job_wDLY  maxTimeLim   199439.50     289.50    1991.50     0    99.96%      66.5
  scn_hub_loose_P5_R30_seed5      milp_job_wMOV  maxTimeLim     2256.50     278.50    1978.00     0    96.59%      66.4
  scn_hub_loose_P5_R5_seed5       milp_job_wMK   optimal        3200.00      32.00       0.00     0     0.00%       0.2
  scn_hub_loose_P5_R5_seed5       milp_job_wDLY  optimal          32.00      32.00       0.00     0     0.00%       0.2
  scn_hub_loose_P5_R5_seed5       milp_job_wMOV  optimal          32.00      32.00       0.00     0     0.00%       0.2
  scn_hub_medium_P5_R10_seed5     milp_job_wMK   optimal        5620.50      55.50      58.50    12     0.00%       8.5
  scn_hub_medium_P5_R10_seed5     milp_job_wDLY  maxTimeLim     4923.50      61.50      48.50    12    65.06%      60.6
  scn_hub_medium_P5_R10_seed5     milp_job_wMOV  optimal         116.00      60.50      55.50     0     0.00%      40.3
  scn_hub_medium_P5_R20_seed5     milp_job_wMK   maxTimeLim    15146.50     145.00     630.50    16    61.05%      62.5
  scn_hub_medium_P5_R20_seed5     milp_job_wDLY  maxTimeLim    59247.00     149.00     590.50    48    99.90%      62.4
  scn_hub_medium_P5_R20_seed5     milp_job_wMOV  maxTimeLim      792.00     147.00     645.00     0    92.55%      62.4
  scn_hub_medium_P5_R30_seed5     milp_job_wMK   maxTimeLim    29023.50     266.00    2423.50     0    73.47%      66.5
  scn_hub_medium_P5_R30_seed5     milp_job_wDLY  maxTimeLim   238906.00     306.00    2386.00     0    99.97%      66.4
  scn_hub_medium_P5_R30_seed5     milp_job_wMOV  maxTimeLim     2700.00     272.50    2427.50     0    97.15%      66.4
  scn_hub_medium_P5_R5_seed5      milp_job_wMK   optimal        3200.00      32.00       0.00     0     0.00%       0.2
  scn_hub_medium_P5_R5_seed5      milp_job_wDLY  optimal          32.00      32.00       0.00     0     0.00%       0.2
  scn_hub_medium_P5_R5_seed5      milp_job_wMOV  optimal          32.00      32.00       0.00     0     0.00%       0.2
  scn_hub_tight_P5_R20_seed5      milp_job_wMK   maxTimeLim    15226.00     144.00     826.00     0    61.25%      62.5
  scn_hub_tight_P5_R20_seed5      milp_job_wDLY  maxTimeLim    68549.00     151.00     683.50    48    99.91%      62.4
  scn_hub_tight_P5_R20_seed5      milp_job_wMOV  maxTimeLim      958.00     148.00     810.00     0    93.84%      62.5
  scn_hub_tight_P5_R30_seed5      milp_job_wMK   maxTimeLim    29455.00     267.50    2705.00     0    73.86%      66.5
  scn_hub_tight_P5_R30_seed5      milp_job_wDLY  maxTimeLim   266289.50     289.50    2660.00     0    99.97%      66.4
  scn_hub_tight_P5_R30_seed5      milp_job_wMOV  maxTimeLim     2926.50     274.50    2652.00     0    97.37%      66.5
  scn_hub_tight_P5_R5_seed5       milp_job_wMK   optimal        3202.00      32.00       2.00     0     0.00%       0.3
  scn_hub_tight_P5_R5_seed5       milp_job_wDLY  optimal         136.00      32.00       1.00     4     0.00%       0.3
  scn_hub_tight_P5_R5_seed5       milp_job_wMOV  optimal          34.00      32.00       2.00     0     0.00%       0.2
  scn_chain_loose_P5_R10_seed6    milp_job_wMK   optimal        6464.50      64.50       4.50    10     0.00%      42.4
  scn_chain_loose_P5_R10_seed6    milp_job_wDLY  optimal         277.50      67.50       2.00    10     0.00%      18.4
  scn_chain_loose_P5_R10_seed6    milp_job_wMOV  maxTimeLim       80.50      67.50      13.00     0    47.83%      60.6
  scn_chain_loose_P5_R20_seed6    milp_job_wMK   maxTimeLim    15665.50     150.00     641.50    24    66.81%      62.5
  scn_chain_loose_P5_R20_seed6    milp_job_wDLY  maxTimeLim    62523.00     195.00     623.00    28    99.92%      62.4
  scn_chain_loose_P5_R20_seed6    milp_job_wMOV  maxTimeLim      792.50     171.50     621.00     0    93.44%      62.4
  scn_chain_loose_P5_R30_seed6    milp_job_wMK   maxTimeLim    38319.50     350.50    3269.50     0    80.95%      66.3
  scn_chain_loose_P5_R30_seed6    milp_job_wDLY  maxTimeLim   261804.50     304.50    2615.00     0    99.97%      66.4
  scn_chain_loose_P5_R30_seed6    milp_job_wMOV  maxTimeLim     3557.50     356.50    3201.00     0    97.95%      66.3
  scn_chain_loose_P5_R5_seed6     milp_job_wMK   optimal        3900.00      39.00       0.00     0     0.00%       0.3
  scn_chain_loose_P5_R5_seed6     milp_job_wDLY  optimal          39.00      39.00       0.00     0     0.00%       0.3
  scn_chain_loose_P5_R5_seed6     milp_job_wMOV  optimal          39.00      39.00       0.00     0     0.00%       0.2
  scn_chain_medium_P5_R10_seed6   milp_job_wMK   optimal        6524.50      64.50      64.50    10     0.00%      35.4
  scn_chain_medium_P5_R10_seed6   milp_job_wDLY  maxTimeLim     7025.50      65.50      69.50    10    99.40%      60.7
  scn_chain_medium_P5_R10_seed6   milp_job_wMOV  maxTimeLim      146.00      67.50      78.50     0    71.23%      60.7
  scn_chain_medium_P5_R20_seed6   milp_job_wMK   maxTimeLim    15451.00     147.50     669.00    32    66.35%      62.5
  scn_chain_medium_P5_R20_seed6   milp_job_wDLY  maxTimeLim    62183.50     143.50     620.00    40    99.92%      62.5
  scn_chain_medium_P5_R20_seed6   milp_job_wMOV  maxTimeLim     1009.00     175.50     833.50     0    94.85%      62.5
  scn_chain_medium_P5_R30_seed6   milp_job_wMK   maxTimeLim    39157.50     355.50    3603.50     4    81.36%      66.3
  scn_chain_medium_P5_R30_seed6   milp_job_wDLY  maxTimeLim   358284.00     384.00    3579.00     0    99.98%      66.4
  scn_chain_medium_P5_R30_seed6   milp_job_wMOV  maxTimeLim     3173.50     356.00    2817.50     0    97.70%      66.3
  scn_chain_medium_P5_R5_seed6    milp_job_wMK   optimal        3900.00      39.00       0.00     0     0.00%       0.3
  scn_chain_medium_P5_R5_seed6    milp_job_wDLY  optimal          39.00      39.00       0.00     0     0.00%       0.3
  scn_chain_medium_P5_R5_seed6    milp_job_wMOV  optimal          39.00      39.00       0.00     0     0.00%       0.3
  scn_chain_tight_P5_R20_seed6    milp_job_wMK   maxTimeLim    17477.50     164.50    1001.50    26    70.25%      62.4
  scn_chain_tight_P5_R20_seed6    milp_job_wDLY  maxTimeLim   112443.00     189.00    1122.50     4    99.95%      62.4
  scn_chain_tight_P5_R20_seed6    milp_job_wMOV  maxTimeLim     1067.50     173.50     894.00     0    95.13%      62.4
  scn_chain_tight_P5_R30_seed6    milp_job_wMK   maxTimeLim    39369.50     354.50    3919.50     0    81.46%      66.4
  scn_chain_tight_P5_R30_seed6    milp_job_wDLY  maxTimeLim   395016.50     366.50    3946.50     0    99.98%      66.3
  scn_chain_tight_P5_R30_seed6    milp_job_wMOV  maxTimeLim     4239.50     370.50    3869.00     0    98.28%      66.4
  scn_chain_tight_P5_R5_seed6     milp_job_wMK   optimal        3900.00      39.00       0.00     0     0.00%       0.3
  scn_chain_tight_P5_R5_seed6     milp_job_wDLY  optimal          39.00      39.00       0.00     0     0.00%       0.3
  scn_chain_tight_P5_R5_seed6     milp_job_wMOV  optimal          39.00      39.00       0.00     0     0.00%       0.3
  scn_hub_loose_P5_R10_seed6      milp_job_wMK   optimal        6461.00      64.50      11.00     0     0.00%       4.8
  scn_hub_loose_P5_R10_seed6      milp_job_wDLY  optimal         674.50      68.50       6.00     6     0.00%      19.8
  scn_hub_loose_P5_R10_seed6      milp_job_wMOV  optimal          75.50      64.50      11.00     0     0.00%       8.9
  scn_hub_loose_P5_R20_seed6      milp_job_wMK   maxTimeLim    14947.00     145.00     435.00    12    65.21%      62.6
  scn_hub_loose_P5_R20_seed6      milp_job_wDLY  maxTimeLim    39561.00     141.00     394.00    20    99.87%      62.4
  scn_hub_loose_P5_R20_seed6      milp_job_wMOV  maxTimeLim      624.50     148.00     476.50     0    91.67%      62.4
  scn_hub_loose_P5_R30_seed6      milp_job_wMK   maxTimeLim    29600.50     274.50    2150.50     0    75.34%      66.4
  scn_hub_loose_P5_R30_seed6      milp_job_wDLY  maxTimeLim   207524.50     274.50    2072.50     0    99.96%      66.3
  scn_hub_loose_P5_R30_seed6      milp_job_wMOV  maxTimeLim     2341.50     286.50    2055.00     0    96.88%      66.3
  scn_hub_loose_P5_R5_seed6       milp_job_wMK   optimal        3900.00      39.00       0.00     0     0.00%       0.2
  scn_hub_loose_P5_R5_seed6       milp_job_wDLY  optimal          39.00      39.00       0.00     0     0.00%       0.2
  scn_hub_loose_P5_R5_seed6       milp_job_wMOV  optimal          39.00      39.00       0.00     0     0.00%       0.2
  scn_hub_medium_P5_R10_seed6     milp_job_wMK   optimal        6523.50      64.50      73.50     0     0.00%       7.7
  scn_hub_medium_P5_R10_seed6     milp_job_wDLY  maxTimeLim     7130.50      72.50      70.50     8    80.16%      60.6
  scn_hub_medium_P5_R10_seed6     milp_job_wMOV  optimal         138.00      64.50      73.50     0     0.00%      55.0
  scn_hub_medium_P5_R20_seed6     milp_job_wMK   maxTimeLim    15268.50     144.50     790.50    28    65.94%      62.5
  scn_hub_medium_P5_R20_seed6     milp_job_wDLY  maxTimeLim    59763.00     145.00     596.00    18    99.91%      62.4
  scn_hub_medium_P5_R20_seed6     milp_job_wMOV  maxTimeLim      763.50     144.00     619.50     0    93.19%      62.4
  scn_hub_medium_P5_R30_seed6     milp_job_wMK   maxTimeLim    30643.00     280.50    2593.00     0    76.18%      66.4
  scn_hub_medium_P5_R30_seed6     milp_job_wDLY  maxTimeLim   254431.50     281.50    2541.50     0    99.97%      66.3
  scn_hub_medium_P5_R30_seed6     milp_job_wMOV  maxTimeLim     2709.00     277.50    2431.50     0    97.31%      66.4
  scn_hub_medium_P5_R5_seed6      milp_job_wMK   optimal        3900.00      39.00       0.00     0     0.00%       0.2
  scn_hub_medium_P5_R5_seed6      milp_job_wDLY  optimal          39.00      39.00       0.00     0     0.00%       0.2
  scn_hub_medium_P5_R5_seed6      milp_job_wMOV  optimal          39.00      39.00       0.00     0     0.00%       0.2
  scn_hub_tight_P5_R20_seed6      milp_job_wMK   maxTimeLim    13835.50     130.50     769.50    16    62.42%      62.4
  scn_hub_tight_P5_R20_seed6      milp_job_wDLY  maxTimeLim    74575.00     143.00     744.00    32    99.93%      62.4
  scn_hub_tight_P5_R20_seed6      milp_job_wMOV  maxTimeLim      960.00     150.00     810.00     0    94.58%      62.4
  scn_hub_tight_P5_R30_seed6      milp_job_wMK   maxTimeLim    29880.00     270.50    2830.00     0    75.57%      66.4
  scn_hub_tight_P5_R30_seed6      milp_job_wDLY  maxTimeLim   270286.50     286.50    2700.00     0    99.97%      66.3
  scn_hub_tight_P5_R30_seed6      milp_job_wMOV  maxTimeLim     2997.50     279.50    2718.00     0    97.56%      66.2
  scn_hub_tight_P5_R5_seed6       milp_job_wMK   optimal        3900.00      39.00       0.00     0     0.00%       0.2
  scn_hub_tight_P5_R5_seed6       milp_job_wDLY  optimal          39.00      39.00       0.00     0     0.00%       0.3
  scn_hub_tight_P5_R5_seed6       milp_job_wMOV  optimal          39.00      39.00       0.00     0     0.00%       0.2
  scn_chain_loose_P5_R10_seed7    milp_job_wMK   optimal        6188.00      61.50      30.00     8     0.00%      15.3
  scn_chain_loose_P5_R10_seed7    milp_job_wDLY  optimal          68.50      64.50       0.00     4     0.00%      19.5
  scn_chain_loose_P5_R10_seed7    milp_job_wMOV  optimal          71.50      71.50       0.00     0     0.00%      15.0
  scn_chain_loose_P5_R20_seed7    milp_job_wMK   maxTimeLim    18292.50     175.00     784.50     8    72.67%      62.5
  scn_chain_loose_P5_R20_seed7    milp_job_wDLY  maxTimeLim    47988.50     164.50     478.00    24    99.90%      62.3
  scn_chain_loose_P5_R20_seed7    milp_job_wMOV  maxTimeLim      775.00     171.50     603.50     0    93.55%      62.4
  scn_chain_loose_P5_R30_seed7    milp_job_wMK   maxTimeLim    37511.50     344.50    3061.50     0    79.74%      66.4
  scn_chain_loose_P5_R30_seed7    milp_job_wDLY  maxTimeLim   307346.00     396.00    3069.50     0    99.98%      66.4
  scn_chain_loose_P5_R30_seed7    milp_job_wMOV  maxTimeLim     3271.00     347.50    2923.50     0    97.68%      66.3
  scn_chain_loose_P5_R5_seed7     milp_job_wMK   optimal        3900.00      39.00       0.00     0     0.00%       0.1
  scn_chain_loose_P5_R5_seed7     milp_job_wDLY  optimal          39.00      39.00       0.00     0     0.00%       0.1
  scn_chain_loose_P5_R5_seed7     milp_job_wMOV  optimal          39.00      39.00       0.00     0     0.00%       0.1
  scn_chain_medium_P5_R10_seed7   milp_job_wMK   optimal        6236.50      61.50      78.50     8     0.00%      20.5
  scn_chain_medium_P5_R10_seed7   milp_job_wDLY  maxTimeLim     4677.00      71.00      46.00     6    99.06%      60.6
  scn_chain_medium_P5_R10_seed7   milp_job_wMOV  maxTimeLim      125.00      71.50      53.50     0    64.80%      60.6
  scn_chain_medium_P5_R20_seed7   milp_job_wMK   maxTimeLim    17139.00     162.00     927.00    12    70.83%      62.4
  scn_chain_medium_P5_R20_seed7   milp_job_wDLY  maxTimeLim    82143.50     185.50     819.50     8    99.94%      62.3
  scn_chain_medium_P5_R20_seed7   milp_job_wMOV  maxTimeLim     1283.50     195.00    1088.50     0    96.10%      62.4
  scn_chain_medium_P5_R30_seed7   milp_job_wMK   maxTimeLim    35425.50     323.00    3125.50     0    78.55%      66.3
  scn_chain_medium_P5_R30_seed7   milp_job_wDLY  maxTimeLim   342172.50     372.50    3418.00     0    99.98%      66.4
  scn_chain_medium_P5_R30_seed7   milp_job_wMOV  maxTimeLim     3538.50     364.50    3174.00     0    97.85%      66.3
  scn_chain_medium_P5_R5_seed7    milp_job_wMK   optimal        3900.00      39.00       0.00     0     0.00%       0.2
  scn_chain_medium_P5_R5_seed7    milp_job_wDLY  optimal          39.00      39.00       0.00     0     0.00%       0.3
  scn_chain_medium_P5_R5_seed7    milp_job_wMOV  optimal          39.00      39.00       0.00     0     0.00%       0.2
  scn_chain_tight_P5_R20_seed7    milp_job_wMK   maxTimeLim    14603.50     138.00     785.50    18    65.76%      62.5
  scn_chain_tight_P5_R20_seed7    milp_job_wDLY  maxTimeLim    76537.00     157.00     763.50    30    99.93%      62.4
  scn_chain_tight_P5_R20_seed7    milp_job_wMOV  maxTimeLim     1283.50     184.50    1099.00     0    96.10%      62.3
  scn_chain_tight_P5_R30_seed7    milp_job_wMK   maxTimeLim    38577.00     349.00    3677.00     0    80.30%      66.4
  scn_chain_tight_P5_R30_seed7    milp_job_wDLY  maxTimeLim   369472.00     372.00    3691.00     0    99.98%      66.3
  scn_chain_tight_P5_R30_seed7    milp_job_wMOV  maxTimeLim     4021.00     351.50    3669.50     0    98.11%      66.3
  scn_chain_tight_P5_R5_seed7     milp_job_wMK   optimal        3903.00      39.00       1.00     2     0.00%       0.3
  scn_chain_tight_P5_R5_seed7     milp_job_wDLY  optimal          44.00      40.00       0.00     4     0.00%       0.3
  scn_chain_tight_P5_R5_seed7     milp_job_wMOV  optimal          44.00      39.00       5.00     0     0.00%       0.3
  scn_hub_loose_P5_R10_seed7      milp_job_wMK   optimal        6181.50      61.50      27.50     4     0.00%      26.7
  scn_hub_loose_P5_R10_seed7      milp_job_wDLY  optimal          67.50      67.50       0.00     0     0.00%       4.4
  scn_hub_loose_P5_R10_seed7      milp_job_wMOV  optimal          67.50      67.50       0.00     0     0.00%       3.5
  scn_hub_loose_P5_R20_seed7      milp_job_wMK   maxTimeLim    14415.50     138.00     591.50    24    65.32%      62.4
  scn_hub_loose_P5_R20_seed7      milp_job_wDLY  maxTimeLim    42532.00     150.00     423.50    32    99.88%      62.3
  scn_hub_loose_P5_R20_seed7      milp_job_wMOV  maxTimeLim      659.50     148.00     511.50     0    92.42%      62.4
  scn_hub_loose_P5_R30_seed7      milp_job_wMK   maxTimeLim    29153.50     270.00    2153.50     0    73.93%      66.3
  scn_hub_loose_P5_R30_seed7      milp_job_wDLY  maxTimeLim   188918.00     268.00    1886.50     0    99.96%      66.2
  scn_hub_loose_P5_R30_seed7      milp_job_wMOV  maxTimeLim     2178.50     285.50    1893.00     0    96.51%      66.3
  scn_hub_loose_P5_R5_seed7       milp_job_wMK   optimal        3900.00      39.00       0.00     0     0.00%       0.1
  scn_hub_loose_P5_R5_seed7       milp_job_wDLY  optimal          39.00      39.00       0.00     0     0.00%       0.1
  scn_hub_loose_P5_R5_seed7       milp_job_wMOV  optimal          39.00      39.00       0.00     0     0.00%       0.1
  scn_hub_medium_P5_R10_seed7     milp_job_wMK   optimal        6228.50      61.50      74.50     4     0.00%       6.7
  scn_hub_medium_P5_R10_seed7     milp_job_wDLY  maxTimeLim     4517.50      67.50      44.50     0    58.66%      60.6
  scn_hub_medium_P5_R10_seed7     milp_job_wMOV  optimal         112.00      67.50      44.50     0     0.00%       8.0
  scn_hub_medium_P5_R20_seed7     milp_job_wMK   maxTimeLim    14491.00     138.00     667.00    24    65.50%      62.4
  scn_hub_medium_P5_R20_seed7     milp_job_wDLY  maxTimeLim    64066.50     146.50     639.00    20    99.92%      62.3
  scn_hub_medium_P5_R20_seed7     milp_job_wMOV  maxTimeLim      782.00     146.00     636.00     0    93.61%      62.4
  scn_hub_medium_P5_R30_seed7     milp_job_wMK   maxTimeLim    28927.00     266.50    2277.00     0    73.73%      66.4
  scn_hub_medium_P5_R30_seed7     milp_job_wDLY  maxTimeLim   226122.50     272.50    2258.50     0    99.97%      66.2
  scn_hub_medium_P5_R30_seed7     milp_job_wMOV  maxTimeLim     2574.50     280.50    2294.00     0    97.05%      66.3
  scn_hub_medium_P5_R5_seed7      milp_job_wMK   optimal        3900.00      39.00       0.00     0     0.00%       0.2
  scn_hub_medium_P5_R5_seed7      milp_job_wDLY  optimal          39.00      39.00       0.00     0     0.00%       0.2
  scn_hub_medium_P5_R5_seed7      milp_job_wMOV  optimal          39.00      39.00       0.00     0     0.00%       0.2
  scn_hub_tight_P5_R20_seed7      milp_job_wMK   maxTimeLim    15361.00     146.00     761.00     0    67.45%      62.4
  scn_hub_tight_P5_R20_seed7      milp_job_wDLY  maxTimeLim    82947.00     147.00     828.00     0    99.94%      62.3
  scn_hub_tight_P5_R20_seed7      milp_job_wMOV  maxTimeLim      912.00     144.00     768.00     0    94.52%      62.3
  scn_hub_tight_P5_R30_seed7      milp_job_wMK   maxTimeLim    29816.00     270.50    2766.00     0    74.51%      66.4
  scn_hub_tight_P5_R30_seed7      milp_job_wDLY  maxTimeLim   268282.50     282.50    2680.00     0    99.97%      66.4
  scn_hub_tight_P5_R30_seed7      milp_job_wMOV  maxTimeLim     2831.00     270.50    2560.50     0    97.32%      66.3
  scn_hub_tight_P5_R5_seed7       milp_job_wMK   optimal        3904.00      39.00       4.00     0     0.00%       0.2
  scn_hub_tight_P5_R5_seed7       milp_job_wDLY  optimal         341.00      39.00       3.00     2     0.00%       0.3
  scn_hub_tight_P5_R5_seed7       milp_job_wMOV  optimal          43.00      39.00       4.00     0     0.00%       0.2
  scn_chain_loose_P5_R10_seed8    milp_job_wMK   optimal        6083.50      60.50      21.50    12     0.00%      20.9
  scn_chain_loose_P5_R10_seed8    milp_job_wDLY  optimal         266.50      62.50       2.00     4     0.00%      21.8
  scn_chain_loose_P5_R10_seed8    milp_job_wMOV  optimal          70.00      63.50       6.50     0     0.00%      23.9
  scn_chain_loose_P5_R20_seed8    milp_job_wMK   maxTimeLim    13445.00     129.50     479.00    16    62.81%      62.6
  scn_chain_loose_P5_R20_seed8    milp_job_wDLY  maxTimeLim    54359.00     147.00     542.00    12    99.91%      62.6
  scn_chain_loose_P5_R20_seed8    milp_job_wMOV  maxTimeLim      744.50     161.50     583.00     0    93.28%      62.6
  scn_chain_loose_P5_R30_seed8    milp_job_wMK   maxTimeLim    36884.00     338.00    3084.00     0    80.48%      66.4
  scn_chain_loose_P5_R30_seed8    milp_job_wDLY  maxTimeLim   296920.00     370.00    2965.50     0    99.98%      66.4
  scn_chain_loose_P5_R30_seed8    milp_job_wMOV  maxTimeLim     3201.00     338.50    2862.50     0    97.75%      66.5
  scn_chain_loose_P5_R5_seed8     milp_job_wMK   optimal        2800.00      28.00       0.00     0     0.00%       0.2
  scn_chain_loose_P5_R5_seed8     milp_job_wDLY  optimal          28.00      28.00       0.00     0     0.00%       0.3
  scn_chain_loose_P5_R5_seed8     milp_job_wMOV  optimal          28.00      28.00       0.00     0     0.00%       0.2
  scn_chain_medium_P5_R10_seed8   milp_job_wMK   optimal        6141.50      60.50      79.50    12     0.00%      27.8
  scn_chain_medium_P5_R10_seed8   milp_job_wDLY  maxTimeLim     6516.50      62.50      64.50     4    99.40%      60.8
  scn_chain_medium_P5_R10_seed8   milp_job_wMOV  maxTimeLim      133.00      63.50      69.50     0    70.68%      60.7
  scn_chain_medium_P5_R20_seed8   milp_job_wMK   maxTimeLim    15959.00     152.00     749.00    10    68.67%      62.6
  scn_chain_medium_P5_R20_seed8   milp_job_wDLY  maxTimeLim    95943.50     187.50     957.50     6    99.95%      62.6
  scn_chain_medium_P5_R20_seed8   milp_job_wMOV  maxTimeLim     1097.50     181.50     916.00     0    95.44%      62.5
  scn_chain_medium_P5_R30_seed8   milp_job_wMK   maxTimeLim    37981.00     346.50    3331.00     0    81.04%      66.5
  scn_chain_medium_P5_R30_seed8   milp_job_wDLY  maxTimeLim   328093.50     343.50    3277.50     0    99.98%      66.5
  scn_chain_medium_P5_R30_seed8   milp_job_wMOV  maxTimeLim     3679.50     340.50    3339.00     0    98.04%      66.4
  scn_chain_medium_P5_R5_seed8    milp_job_wMK   optimal        2800.00      28.00       0.00     0     0.00%       0.2
  scn_chain_medium_P5_R5_seed8    milp_job_wDLY  optimal          28.00      28.00       0.00     0     0.00%       0.2
  scn_chain_medium_P5_R5_seed8    milp_job_wMOV  optimal          28.00      28.00       0.00     0     0.00%       0.3
  scn_chain_tight_P5_R20_seed8    milp_job_wMK   maxTimeLim    14470.50     136.50     790.50    30    65.45%      62.5
  scn_chain_tight_P5_R20_seed8    milp_job_wDLY  maxTimeLim    85926.00     168.00     857.50     8    99.94%      62.5
  scn_chain_tight_P5_R20_seed8    milp_job_wMOV  maxTimeLim     1021.00     154.00     867.00     0    95.10%      62.6
  scn_chain_tight_P5_R30_seed8    milp_job_wMK   maxTimeLim    37940.00     343.50    3590.00     0    81.02%      66.5
  scn_chain_tight_P5_R30_seed8    milp_job_wDLY  maxTimeLim   335187.50     329.50    3348.50     8    99.98%      66.4
  scn_chain_tight_P5_R30_seed8    milp_job_wMOV  maxTimeLim     3875.00     341.50    3533.50     0    98.14%      66.5
  scn_chain_tight_P5_R5_seed8     milp_job_wMK   optimal        2800.00      28.00       0.00     0     0.00%       0.2
  scn_chain_tight_P5_R5_seed8     milp_job_wDLY  optimal          28.00      28.00       0.00     0     0.00%       0.3
  scn_chain_tight_P5_R5_seed8     milp_job_wMOV  optimal          28.00      28.00       0.00     0     0.00%       0.3
  scn_hub_loose_P5_R10_seed8      milp_job_wMK   optimal        6052.00      60.50       2.00     0     0.00%       5.1
  scn_hub_loose_P5_R10_seed8      milp_job_wDLY  optimal         260.50      60.50       2.00     0     0.00%       6.7
  scn_hub_loose_P5_R10_seed8      milp_job_wMOV  optimal          62.50      60.50       2.00     0     0.00%       4.1
  scn_hub_loose_P5_R20_seed8      milp_job_wMK   maxTimeLim    15509.00     150.00     493.00    16    67.76%      62.6
  scn_hub_loose_P5_R20_seed8      milp_job_wDLY  maxTimeLim    58007.00     157.00     578.50     0    99.91%      62.5
  scn_hub_loose_P5_R20_seed8      milp_job_wMOV  maxTimeLim      737.50     156.00     581.50     0    93.22%      62.6
  scn_hub_loose_P5_R30_seed8      milp_job_wMK   maxTimeLim    27571.00     257.50    1821.00     0    73.89%      66.3
  scn_hub_loose_P5_R30_seed8      milp_job_wDLY  maxTimeLim   181732.50     262.50    1814.50    20    99.96%      66.6
  scn_hub_loose_P5_R30_seed8      milp_job_wMOV  maxTimeLim     2167.50     290.50    1877.00     0    96.68%      66.4
  scn_hub_loose_P5_R5_seed8       milp_job_wMK   optimal        2800.00      28.00       0.00     0     0.00%       0.2
  scn_hub_loose_P5_R5_seed8       milp_job_wDLY  optimal          28.00      28.00       0.00     0     0.00%       0.2
  scn_hub_loose_P5_R5_seed8       milp_job_wMOV  optimal          28.00      28.00       0.00     0     0.00%       0.2
  scn_hub_medium_P5_R10_seed8     milp_job_wMK   optimal        6113.50      60.50      63.50     0     0.00%       7.3
  scn_hub_medium_P5_R10_seed8     milp_job_wDLY  maxTimeLim     6513.50      61.50      64.50     2    79.90%      60.7
  scn_hub_medium_P5_R10_seed8     milp_job_wMOV  optimal         124.00      60.50      63.50     0     0.00%      29.3
  scn_hub_medium_P5_R20_seed8     milp_job_wMK   maxTimeLim    15234.00     145.00     722.00    12    67.18%      62.6
  scn_hub_medium_P5_R20_seed8     milp_job_wDLY  maxTimeLim    74987.50     155.50     748.00    32    99.93%      62.5
  scn_hub_medium_P5_R20_seed8     milp_job_wMOV  maxTimeLim      946.00     158.00     788.00     0    94.71%      62.5
  scn_hub_medium_P5_R30_seed8     milp_job_wMK   maxTimeLim    28805.00     264.50    2355.00     0    75.00%      66.4
  scn_hub_medium_P5_R30_seed8     milp_job_wDLY  maxTimeLim   219072.50     272.50    2188.00     0    99.97%      66.5
  scn_hub_medium_P5_R30_seed8     milp_job_wMOV  maxTimeLim     2565.00     286.00    2279.00     0    97.19%      66.5
  scn_hub_medium_P5_R5_seed8      milp_job_wMK   optimal        2800.00      28.00       0.00     0     0.00%       0.2
  scn_hub_medium_P5_R5_seed8      milp_job_wDLY  optimal          28.00      28.00       0.00     0     0.00%       0.2
  scn_hub_medium_P5_R5_seed8      milp_job_wMOV  optimal          28.00      28.00       0.00     0     0.00%       0.2
  scn_hub_tight_P5_R20_seed8      milp_job_wMK   maxTimeLim    15126.00     143.00     782.00    44    66.94%      62.5
  scn_hub_tight_P5_R20_seed8      milp_job_wDLY  maxTimeLim    89496.00     164.00     893.00    32    99.94%      62.6
  scn_hub_tight_P5_R20_seed8      milp_job_wMOV  maxTimeLim      984.00     153.00     831.00     0    94.92%      62.5
  scn_hub_tight_P5_R30_seed8      milp_job_wMK   maxTimeLim    28796.50     261.50    2646.50     0    75.00%      66.4
  scn_hub_tight_P5_R30_seed8      milp_job_wDLY  maxTimeLim   248573.50     273.50    2483.00     0    99.97%      66.4
  scn_hub_tight_P5_R30_seed8      milp_job_wMOV  maxTimeLim     2793.00     284.50    2508.50     0    97.42%      66.4
  scn_hub_tight_P5_R5_seed8       milp_job_wMK   optimal        2800.00      28.00       0.00     0     0.00%       0.2
  scn_hub_tight_P5_R5_seed8       milp_job_wDLY  optimal          28.00      28.00       0.00     0     0.00%       0.3
  scn_hub_tight_P5_R5_seed8       milp_job_wMOV  optimal          28.00      28.00       0.00     0     0.00%       0.2
  scn_chain_loose_P5_R10_seed9    milp_job_wMK   optimal        6864.00      68.50       8.00     6     0.00%      31.9
  scn_chain_loose_P5_R10_seed9    milp_job_wDLY  optimal          80.50      76.50       0.00     4     0.00%      19.7
  scn_chain_loose_P5_R10_seed9    milp_job_wMOV  maxTimeLim       87.00      76.50      10.50     0    33.91%      60.6
  scn_chain_loose_P5_R20_seed9    milp_job_wMK   maxTimeLim    16711.50     160.50     651.50    10    66.49%      62.5
  scn_chain_loose_P5_R20_seed9    milp_job_wDLY  maxTimeLim    42863.00     141.00     427.00    22    99.87%      62.4
  scn_chain_loose_P5_R20_seed9    milp_job_wMOV  maxTimeLim      573.00     160.00     413.00     0    90.23%      62.4
  scn_chain_loose_P5_R30_seed9    milp_job_wMK   maxTimeLim    37670.50     349.00    2758.50    12    81.42%      66.4
  scn_chain_loose_P5_R30_seed9    milp_job_wDLY  maxTimeLim   319319.50     369.50    3189.50     0    99.98%      66.5
  scn_chain_loose_P5_R30_seed9    milp_job_wMOV  maxTimeLim     3479.00     355.50    3123.50     0    97.99%      66.4
  scn_chain_loose_P5_R5_seed9     milp_job_wMK   optimal        4300.00      43.00       0.00     0     0.00%       0.2
  scn_chain_loose_P5_R5_seed9     milp_job_wDLY  optimal          43.00      43.00       0.00     0     0.00%       0.2
  scn_chain_loose_P5_R5_seed9     milp_job_wMOV  optimal          43.00      43.00       0.00     0     0.00%       0.2
  scn_chain_medium_P5_R10_seed9   milp_job_wMK   optimal        6914.50      68.50      58.50     6     0.00%      16.7
  scn_chain_medium_P5_R10_seed9   milp_job_wDLY  maxTimeLim     5336.50      74.50      52.50    12    99.12%      60.6
  scn_chain_medium_P5_R10_seed9   milp_job_wMOV  maxTimeLim      163.00      76.50      86.50     0    71.17%      60.6
  scn_chain_medium_P5_R20_seed9   milp_job_wMK   maxTimeLim    15333.00     146.00     709.00    24    63.48%      62.4
  scn_chain_medium_P5_R20_seed9   milp_job_wDLY  maxTimeLim    76046.00     188.00     758.50     8    99.93%      62.3
  scn_chain_medium_P5_R20_seed9   milp_job_wMOV  maxTimeLim      884.00     185.50     698.50     0    93.67%      62.4
  scn_chain_medium_P5_R30_seed9   milp_job_wMK   maxTimeLim    39743.50     360.50    3693.50     0    82.39%      66.5
  scn_chain_medium_P5_R30_seed9   milp_job_wDLY  maxTimeLim   302792.00     380.00    3024.00    12    99.98%      66.5
  scn_chain_medium_P5_R30_seed9   milp_job_wMOV  maxTimeLim     3738.00     442.00    3296.00     0    98.13%      66.5
  scn_chain_medium_P5_R5_seed9    milp_job_wMK   optimal        4300.00      43.00       0.00     0     0.00%       0.3
  scn_chain_medium_P5_R5_seed9    milp_job_wDLY  optimal          43.00      43.00       0.00     0     0.00%       0.4
  scn_chain_medium_P5_R5_seed9    milp_job_wMOV  optimal          43.00      43.00       0.00     0     0.00%       0.2
  scn_chain_tight_P5_R20_seed9    milp_job_wMK   maxTimeLim    16347.50     154.00     915.50    32    65.74%      62.4
  scn_chain_tight_P5_R20_seed9    milp_job_wDLY  maxTimeLim    83036.50     162.50     828.50    24    99.93%      62.5
  scn_chain_tight_P5_R20_seed9    milp_job_wMOV  maxTimeLim     1144.00     183.50     960.50     0    95.10%      62.4
  scn_chain_tight_P5_R30_seed9    milp_job_wMK   maxTimeLim    39137.50     352.50    3887.50     0    82.11%      66.5
  scn_chain_tight_P5_R30_seed9    milp_job_wDLY  maxTimeLim   344568.00     408.00    3441.50    10    99.98%      66.5
  scn_chain_tight_P5_R30_seed9    milp_job_wMOV  maxTimeLim     4252.00     369.50    3882.50     0    98.35%      66.5
  scn_chain_tight_P5_R5_seed9     milp_job_wMK   optimal        4301.00      43.00       1.00     0     0.00%       0.4
  scn_chain_tight_P5_R5_seed9     milp_job_wDLY  optimal          45.00      43.00       0.00     2     0.00%       0.3
  scn_chain_tight_P5_R5_seed9     milp_job_wMOV  optimal          44.00      43.00       1.00     0     0.00%       0.3
  scn_hub_loose_P5_R10_seed9      milp_job_wMK   optimal        6868.00      68.50       8.00    10     0.00%       5.8
  scn_hub_loose_P5_R10_seed9      milp_job_wDLY  optimal          86.50      76.50       0.00    10     0.00%       6.4
  scn_hub_loose_P5_R10_seed9      milp_job_wMOV  optimal          79.50      71.50       8.00     0     0.00%       5.4
  scn_hub_loose_P5_R20_seed9      milp_job_wMK   maxTimeLim    14672.00     142.00     472.00     0    61.83%      62.5
  scn_hub_loose_P5_R20_seed9      milp_job_wDLY  maxTimeLim    39068.00     140.00     389.00    28    99.86%      62.3
  scn_hub_loose_P5_R20_seed9      milp_job_wMOV  maxTimeLim      610.00     148.00     462.00     0    90.82%      62.3
  scn_hub_loose_P5_R30_seed9      milp_job_wMK   maxTimeLim    29090.00     270.50    2040.00     0    75.94%      66.5
  scn_hub_loose_P5_R30_seed9      milp_job_wDLY  maxTimeLim   202386.50     286.50    2021.00     0    99.97%      66.5
  scn_hub_loose_P5_R30_seed9      milp_job_wMOV  maxTimeLim     2359.50     271.50    2088.00     0    97.03%      66.4
  scn_hub_loose_P5_R5_seed9       milp_job_wMK   optimal        4300.00      43.00       0.00     0     0.00%       0.2
  scn_hub_loose_P5_R5_seed9       milp_job_wDLY  optimal          43.00      43.00       0.00     0     0.00%       0.1
  scn_hub_loose_P5_R5_seed9       milp_job_wMOV  optimal          43.00      43.00       0.00     0     0.00%       0.1
  scn_hub_medium_P5_R10_seed9     milp_job_wMK   optimal        6921.50      68.50      59.50    12     0.00%       9.9
  scn_hub_medium_P5_R10_seed9     milp_job_wDLY  maxTimeLim     5690.50      76.50      56.00    14    71.42%      60.6
  scn_hub_medium_P5_R10_seed9     milp_job_wMOV  optimal         138.00      71.50      66.50     0     0.00%      26.3
  scn_hub_medium_P5_R20_seed9     milp_job_wMK   maxTimeLim    15143.00     145.00     627.00    16    63.02%      62.5
  scn_hub_medium_P5_R20_seed9     milp_job_wDLY  maxTimeLim    63299.00     149.00     631.50     0    99.91%      62.4
  scn_hub_medium_P5_R20_seed9     milp_job_wMOV  maxTimeLim      785.00     146.00     639.00     0    92.87%      62.4
  scn_hub_medium_P5_R30_seed9     milp_job_wMK   maxTimeLim    29305.00     267.50    2555.00     0    76.11%      66.4
  scn_hub_medium_P5_R30_seed9     milp_job_wDLY  maxTimeLim   241186.50     286.50    2409.00     0    99.97%      66.5
  scn_hub_medium_P5_R30_seed9     milp_job_wMOV  maxTimeLim     2698.50     281.50    2417.00     0    97.41%      66.4
  scn_hub_medium_P5_R5_seed9      milp_job_wMK   optimal        4300.00      43.00       0.00     0     0.00%       0.2
  scn_hub_medium_P5_R5_seed9      milp_job_wDLY  optimal          43.00      43.00       0.00     0     0.00%       0.2
  scn_hub_medium_P5_R5_seed9      milp_job_wMOV  optimal          43.00      43.00       0.00     0     0.00%       0.2
  scn_hub_tight_P5_R20_seed9      milp_job_wMK   maxTimeLim    14933.00     142.00     713.00    20    62.50%      62.3
  scn_hub_tight_P5_R20_seed9      milp_job_wDLY  maxTimeLim    76748.00     148.00     766.00     0    99.93%      62.4
  scn_hub_tight_P5_R20_seed9      milp_job_wMOV  maxTimeLim      905.00     147.00     758.00     0    93.81%      62.4
  scn_hub_tight_P5_R30_seed9      milp_job_wMK   maxTimeLim    30505.50     275.50    2955.50     0    77.05%      66.5
  scn_hub_tight_P5_R30_seed9      milp_job_wDLY  maxTimeLim   267283.50     283.50    2670.00     0    99.97%      66.6
  scn_hub_tight_P5_R30_seed9      milp_job_wMOV  maxTimeLim     2940.50     274.50    2666.00     0    97.62%      66.4
  scn_hub_tight_P5_R5_seed9       milp_job_wMK   optimal        4300.00      43.00       0.00     0     0.00%       0.2
  scn_hub_tight_P5_R5_seed9       milp_job_wDLY  optimal          43.00      43.00       0.00     0     0.00%       0.2
  scn_hub_tight_P5_R5_seed9       milp_job_wMOV  optimal          43.00      43.00       0.00     0     0.00%       0.2
  scn_chain_loose_P5_R10_seed10   milp_job_wMK   optimal        6174.50      61.50      14.50    10     0.00%      15.6
  scn_chain_loose_P5_R10_seed10   milp_job_wDLY  optimal          76.00      68.00       0.00     8     0.00%      20.3
  scn_chain_loose_P5_R10_seed10   milp_job_wMOV  maxTimeLim       80.00      69.50      10.50     0    38.75%      60.6
  scn_chain_loose_P5_R20_seed10   milp_job_wMK   maxTimeLim    15521.50     148.00     705.50    16    65.21%      62.6
  scn_chain_loose_P5_R20_seed10   milp_job_wDLY  maxTimeLim    55075.00     159.00     549.00    16    99.90%      62.6
  scn_chain_loose_P5_R20_seed10   milp_job_wMOV  maxTimeLim      761.00     164.50     596.50     0    92.90%      62.5
  scn_chain_loose_P5_R30_seed10   milp_job_wMK   maxTimeLim    36834.50     337.50    3084.50     0    78.82%      66.2
  scn_chain_loose_P5_R30_seed10   milp_job_wDLY  maxTimeLim   291453.50     353.50    2911.00     0    99.97%      66.3
  scn_chain_loose_P5_R30_seed10   milp_job_wMOV  maxTimeLim     3245.00     343.00    2902.00     0    97.60%      66.3
  scn_chain_loose_P5_R5_seed10    milp_job_wMK   optimal        3500.00      35.00       0.00     0     0.00%       0.1
  scn_chain_loose_P5_R5_seed10    milp_job_wDLY  optimal          35.00      35.00       0.00     0     0.00%       0.1
  scn_chain_loose_P5_R5_seed10    milp_job_wMOV  optimal          35.00      35.00       0.00     0     0.00%       0.1
  scn_chain_medium_P5_R10_seed10  milp_job_wMK   optimal        6225.50      61.50      65.50    10     0.00%      19.2
  scn_chain_medium_P5_R10_seed10  milp_job_wDLY  maxTimeLim     6335.50      73.50      62.50    12    99.31%      60.7
  scn_chain_medium_P5_R10_seed10  milp_job_wMOV  maxTimeLim      144.00      69.50      74.50     0    69.44%      60.8
  scn_chain_medium_P5_R20_seed10  milp_job_wMK   maxTimeLim    16742.50     159.00     826.50    16    67.75%      62.7
  scn_chain_medium_P5_R20_seed10  milp_job_wDLY  maxTimeLim    75486.00     172.00     753.00    14    99.93%      62.6
  scn_chain_medium_P5_R20_seed10  milp_job_wMOV  maxTimeLim     1027.00     186.50     840.50     0    94.74%      62.6
  scn_chain_medium_P5_R30_seed10  milp_job_wMK   maxTimeLim    37776.00     343.00    3476.00     0    79.35%      66.2
  scn_chain_medium_P5_R30_seed10  milp_job_wDLY  maxTimeLim   297993.50     325.50    2976.50    18    99.97%      66.4
  scn_chain_medium_P5_R30_seed10  milp_job_wMOV  maxTimeLim     3628.50     349.00    3279.50     0    97.85%      66.2
  scn_chain_medium_P5_R5_seed10   milp_job_wMK   optimal        3500.00      35.00       0.00     0     0.00%       0.2
  scn_chain_medium_P5_R5_seed10   milp_job_wDLY  optimal          35.00      35.00       0.00     0     0.00%       0.2
  scn_chain_medium_P5_R5_seed10   milp_job_wMOV  optimal          35.00      35.00       0.00     0     0.00%       0.2
  scn_chain_tight_P5_R20_seed10   milp_job_wMK   maxTimeLim    15268.00     144.00     836.00    32    64.63%      62.6
  scn_chain_tight_P5_R20_seed10   milp_job_wDLY  maxTimeLim    94199.00     153.00     940.00    46    99.94%      62.6
  scn_chain_tight_P5_R20_seed10   milp_job_wMOV  maxTimeLim     1367.50     188.00    1179.50     0    96.05%      62.6
  scn_chain_tight_P5_R30_seed10   milp_job_wMK   maxTimeLim    37548.00     339.00    3648.00     0    79.23%      66.3
  scn_chain_tight_P5_R30_seed10   milp_job_wDLY  maxTimeLim   320390.00     334.00    3200.50     6    99.98%      66.2
  scn_chain_tight_P5_R30_seed10   milp_job_wMOV  maxTimeLim     3892.00     348.50    3543.50     0    98.00%      66.3
  scn_chain_tight_P5_R5_seed10    milp_job_wMK   optimal        3502.00      35.00       0.00     2     0.00%       0.4
  scn_chain_tight_P5_R5_seed10    milp_job_wDLY  optimal          37.00      35.00       0.00     2     0.00%       0.3
  scn_chain_tight_P5_R5_seed10    milp_job_wMOV  optimal          41.00      35.00       6.00     0     0.00%       0.3
  scn_hub_loose_P5_R10_seed10     milp_job_wMK   optimal        6171.00      61.50      13.00     8     0.00%       6.2
  scn_hub_loose_P5_R10_seed10     milp_job_wDLY  optimal         127.00      67.00       0.50    10     0.00%      12.0
  scn_hub_loose_P5_R10_seed10     milp_job_wMOV  optimal          71.00      65.50       5.50     0     0.00%       4.6
  scn_hub_loose_P5_R20_seed10     milp_job_wMK   maxTimeLim    14436.00     139.00     516.00    20    62.59%      62.6
  scn_hub_loose_P5_R20_seed10     milp_job_wDLY  maxTimeLim    52470.00     154.00     523.00    16    99.90%      62.5
  scn_hub_loose_P5_R20_seed10     milp_job_wMOV  maxTimeLim      685.00     150.00     535.00     0    92.12%      62.5
  scn_hub_loose_P5_R30_seed10     milp_job_wMK   maxTimeLim    27897.50     260.00    1897.50     0    72.04%      66.2
  scn_hub_loose_P5_R30_seed10     milp_job_wDLY  maxTimeLim   170337.50     259.50    1700.50    28    99.95%      66.3
  scn_hub_loose_P5_R30_seed10     milp_job_wMOV  maxTimeLim     2150.00     283.50    1866.50     0    96.37%      66.2
  scn_hub_loose_P5_R5_seed10      milp_job_wMK   optimal        3500.00      35.00       0.00     0     0.00%       0.2
  scn_hub_loose_P5_R5_seed10      milp_job_wDLY  optimal          35.00      35.00       0.00     0     0.00%       0.2
  scn_hub_loose_P5_R5_seed10      milp_job_wMOV  optimal          35.00      35.00       0.00     0     0.00%       0.2
  scn_hub_medium_P5_R10_seed10    milp_job_wMK   optimal        6220.00      61.50      62.00     8     0.00%       6.7
  scn_hub_medium_P5_R10_seed10    milp_job_wDLY  maxTimeLim     5575.50      67.50      55.00     8    76.60%      60.6
  scn_hub_medium_P5_R10_seed10    milp_job_wMOV  optimal         122.00      63.50      58.50     0     0.00%      26.6
  scn_hub_medium_P5_R20_seed10    milp_job_wMK   maxTimeLim    14794.50     139.50     840.50     4    63.50%      62.6
  scn_hub_medium_P5_R20_seed10    milp_job_wDLY  maxTimeLim    66993.00     159.00     668.00    34    99.92%      62.5
  scn_hub_medium_P5_R20_seed10    milp_job_wMOV  maxTimeLim      880.00     150.00     730.00     0    93.86%      62.5
  scn_hub_medium_P5_R30_seed10    milp_job_wMK   maxTimeLim    28480.50     262.00    2280.50     0    72.61%      66.3
  scn_hub_medium_P5_R30_seed10    milp_job_wDLY  maxTimeLim   223782.50     282.50    2235.00     0    99.97%      66.2
  scn_hub_medium_P5_R30_seed10    milp_job_wMOV  maxTimeLim     2575.50     281.50    2294.00     0    96.97%      66.2
  scn_hub_medium_P5_R5_seed10     milp_job_wMK   optimal        3500.00      35.00       0.00     0     0.00%       0.2
  scn_hub_medium_P5_R5_seed10     milp_job_wDLY  optimal          35.00      35.00       0.00     0     0.00%       0.2
  scn_hub_medium_P5_R5_seed10     milp_job_wMOV  optimal          35.00      35.00       0.00     0     0.00%       0.2
  scn_hub_tight_P5_R20_seed10     milp_job_wMK   maxTimeLim    15549.50     147.00     833.50    16    65.27%      62.5
  scn_hub_tight_P5_R20_seed10     milp_job_wDLY  maxTimeLim    76177.00     153.00     760.00    24    99.93%      62.5
  scn_hub_tight_P5_R20_seed10     milp_job_wMOV  maxTimeLim     1014.00     151.00     863.00     0    94.67%      62.6
  scn_hub_tight_P5_R30_seed10     milp_job_wMK   maxTimeLim    29048.00     265.50    2498.00     0    73.15%      66.2
  scn_hub_tight_P5_R30_seed10     milp_job_wDLY  maxTimeLim   250981.50     281.50    2507.00     0    99.97%      66.2
  scn_hub_tight_P5_R30_seed10     milp_job_wMOV  maxTimeLim     2725.00     263.50    2461.50     0    97.14%      66.2
  scn_hub_tight_P5_R5_seed10      milp_job_wMK   optimal        3503.00      35.00       3.00     0     0.00%       0.3
  scn_hub_tight_P5_R5_seed10      milp_job_wDLY  optimal         137.00      35.00       1.00     2     0.00%       0.3
  scn_hub_tight_P5_R5_seed10      milp_job_wMOV  optimal          38.00      35.00       3.00     0     0.00%       0.2
==================================================================
