==================================================================
  EXPERIMENT CONFIGURATIONS  (3 experiments)
  Code state (git): 0fb58ea
  Instance order  : by seed, then config (seed1 of all types first)
==================================================================
  Shared parameters:
    time_limit_s=60               NoRelHeurTime=0
    MIPGap=0.0                    

  Per-experiment parameters:
  Label          Solver            weight_makespan  weight_delay  weight_movements
  --------------------------------------------------------------------------------
  milp_job_wMK   MILPJobsV2Solver  100              1             1               
  milp_job_wDLY  MILPJobsV2Solver  1                100           1               
  milp_job_wMOV  MILPJobsV2Solver  1                1             100             
==================================================================


==================================================================
  HEURISTIC vs MILP  —  relative gap per instance type
  gap = (MILP_obj - heuristic_obj) / MILP_obj
  gap > 0  =>  heuristic BETTER (lower objective);  < 0  => worse
  heuristic: igvnd_wMK / igvnd_wDLY / igvnd_wMOV   (MILP rows from cache)
==================================================================
  -- Relative objective gap, by weight profile --
  [wMK  (100/1/1  makespan-priority)]
    (no paired MILP/heuristic results yet)

  [wDLY  (1/100/1  delay-priority)]
    (no paired MILP/heuristic results yet)

  [wMOV  (1/1/100  movement-priority)]
    (no paired MILP/heuristic results yet)

  -- Relative objective gap, aggregated over all profiles --
  [ALL profiles]
    (no paired MILP/heuristic results yet)

  -- Per-component mean Δ (heuristic − MILP); negative = heuristic better --
  -- (relative gap is distorted when the optimum delay ≈ 0; read these too)
  [wMK  (100/1/1  makespan-priority)]
    (no paired MILP/heuristic results yet)

  [wDLY  (1/100/1  delay-priority)]
    (no paired MILP/heuristic results yet)

  [wMOV  (1/1/100  movement-priority)]
    (no paired MILP/heuristic results yet)

==================================================================


==================================================================
  SUMMARY  —  614 ok  /  0 failed  /  614 total
==================================================================
  Instance                          Experiment     Status             Obj   Makespan      Delay   Mov       Gap   Time(s)
  -----------------------------------------------------------------------------------------------------------------------
  scn_chain_tight_P5_R10_seed1      milp_job_wMK   maxTimeLim     6064.50      59.50     106.50     8    38.99%      62.2
  scn_chain_tight_P5_R10_seed1      milp_job_wDLY  maxTimeLim    11732.00      68.00     116.50    14    99.68%      61.6
  scn_chain_tight_P5_R10_seed1      milp_job_wMOV  maxTimeLim      177.00      62.50     114.50     0    79.10%      62.3
  scn_full_tight_P5_R10_seed1       milp_job_wMK   maxTimeLim     6914.50      67.50     164.50     0    46.49%      65.4
  scn_full_tight_P5_R10_seed1       milp_job_wDLY  maxTimeLim    17317.50      93.50     172.00    24    99.79%      62.7
  scn_full_tight_P5_R10_seed1       milp_job_wMOV  maxTimeLim      207.00      63.50     143.50     0    82.13%      62.3
  scn_full_tight_P5_R20_seed1       milp_job_wMK   maxTimeLim    39091.50     360.00    3083.50     8    87.21%      69.6
  scn_full_tight_P5_R20_seed1       milp_job_wDLY  maxTimeLim   308718.00     360.00    3083.50     8    99.98%      73.5
  scn_full_tight_P5_R20_seed1       milp_job_wMOV  maxTimeLim     1283.00     192.50    1090.50     0    96.10%      67.2
  scn_hub_tight_P5_R10_seed1        milp_job_wMK   optimal        5979.50      58.50     111.50    18     0.00%      51.8
  scn_hub_tight_P5_R10_seed1        milp_job_wDLY  maxTimeLim    11779.00      75.00     117.00     4    99.69%      60.9
  scn_hub_tight_P5_R10_seed1        milp_job_wMOV  maxTimeLim      168.00      59.50     108.50     0    54.17%      62.1
  scn_none_tight_P5_R10_seed1       milp_job_wMK   optimal        5844.50      57.50      94.50     0     0.00%       0.3
  scn_none_tight_P5_R10_seed1       milp_job_wDLY  optimal        9408.50      58.50      93.50     0     0.00%      25.9
  scn_none_tight_P5_R10_seed1       milp_job_wMOV  optimal         152.00      58.50      93.50     0     0.00%      11.1
  scn_triangle_loose_P5_R10_seed1   milp_job_wMK   optimal        5766.00      57.50       8.00     8     0.00%      25.7
  scn_triangle_loose_P5_R10_seed1   milp_job_wDLY  optimal         319.50      59.50       2.50    10     0.00%      47.0
  scn_triangle_loose_P5_R10_seed1   milp_job_wMOV  optimal          63.50      58.50       5.00     0     0.00%      19.0
  scn_triangle_loose_P5_R20_seed1   milp_job_wMK   maxTimeLim    16613.00     158.50     763.00     0    69.90%      62.6
  scn_triangle_loose_P5_R20_seed1   milp_job_wDLY  maxTimeLim    62005.50     203.50     618.00     2    99.92%      62.8
  scn_triangle_loose_P5_R20_seed1   milp_job_wMOV  maxTimeLim      661.50     145.00     516.50     0    92.44%      62.5
  scn_triangle_loose_P5_R30_seed1   milp_job_wMK   maxTimeLim    46048.50     425.50    3498.50     0    84.80%      67.0
  scn_triangle_loose_P5_R30_seed1   milp_job_wDLY  maxTimeLim   368439.00     489.00    3679.50     0    99.98%      67.5
  scn_triangle_loose_P5_R30_seed1   milp_job_wMOV  maxTimeLim     3147.00     373.50    2773.50     0    97.78%      66.8
  scn_triangle_loose_P5_R5_seed1    milp_job_wMK   optimal        3000.00      30.00       0.00     0     0.00%       0.3
  scn_triangle_loose_P5_R5_seed1    milp_job_wDLY  optimal          30.00      30.00       0.00     0     0.00%       0.3
  scn_triangle_loose_P5_R5_seed1    milp_job_wMOV  optimal          30.00      30.00       0.00     0     0.00%       0.4
  scn_triangle_medium_P5_R10_seed1  milp_job_wMK   maxTimeLim     5905.50      58.50      55.50     0    28.31%      60.7
  scn_triangle_medium_P5_R10_seed1  milp_job_wDLY  maxTimeLim     5608.50      58.50      55.50     0    99.34%      60.8
  scn_triangle_medium_P5_R10_seed1  milp_job_wMOV  maxTimeLim      114.00      58.50      55.50     0    67.54%      60.9
  scn_triangle_medium_P5_R20_seed1  milp_job_wMK   maxTimeLim    17801.50     170.50     751.50     0    71.91%      63.3
  scn_triangle_medium_P5_R20_seed1  milp_job_wDLY  maxTimeLim    72928.50     172.50     727.50     6    99.93%      62.7
  scn_triangle_medium_P5_R20_seed1  milp_job_wMOV  maxTimeLim      812.50     159.50     653.00     0    93.85%      62.8
  scn_triangle_medium_P5_R30_seed1  milp_job_wMK   maxTimeLim    56311.00     517.50    4561.00     0    87.57%      66.9
  scn_triangle_medium_P5_R30_seed1  milp_job_wDLY  maxTimeLim   355152.50     402.50    3547.50     0    99.98%      66.8
  scn_triangle_medium_P5_R30_seed1  milp_job_wMOV  maxTimeLim     4013.50     363.50    3650.00     0    98.26%      66.9
  scn_triangle_medium_P5_R5_seed1   milp_job_wMK   optimal        3000.00      30.00       0.00     0     0.00%       0.4
  scn_triangle_medium_P5_R5_seed1   milp_job_wDLY  optimal          30.00      30.00       0.00     0     0.00%       0.3
  scn_triangle_medium_P5_R5_seed1   milp_job_wMOV  optimal          30.00      30.00       0.00     0     0.00%       0.3
  scn_triangle_tight_P5_R10_seed1   milp_job_wMK   optimal        5858.50      57.50     100.50     8     0.00%      40.6
  scn_triangle_tight_P5_R10_seed1   milp_job_wDLY  maxTimeLim     9709.50      59.50      96.50     0    99.62%      60.9
  scn_triangle_tight_P5_R10_seed1   milp_job_wMOV  maxTimeLim      155.00      58.50      96.50     0    76.13%      60.9
  scn_triangle_tight_P5_R20_seed1   milp_job_wMK   maxTimeLim    16281.00     154.50     825.00     6    69.29%      63.2
  scn_triangle_tight_P5_R20_seed1   milp_job_wDLY  maxTimeLim    91169.00     169.00     910.00     0    99.95%      63.1
  scn_triangle_tight_P5_R20_seed1   milp_job_wMOV  maxTimeLim     1070.00     165.50     904.50     0    95.33%      67.0
  scn_triangle_tight_P5_R30_seed1   milp_job_wMK   maxTimeLim    41359.50     376.00    3759.50     0    83.08%      67.3
  scn_triangle_tight_P5_R30_seed1   milp_job_wDLY  maxTimeLim   453303.00     551.00    4527.50     2    99.98%      77.4
  scn_triangle_tight_P5_R30_seed1   milp_job_wMOV  maxTimeLim     4499.50     483.50    4016.00     0    98.44%      71.3
  scn_triangle_tight_P5_R5_seed1    milp_job_wMK   optimal        3000.00      30.00       0.00     0     0.00%       0.4
  scn_triangle_tight_P5_R5_seed1    milp_job_wDLY  optimal          30.00      30.00       0.00     0     0.00%       0.6
  scn_triangle_tight_P5_R5_seed1    milp_job_wMOV  optimal          30.00      30.00       0.00     0     0.00%       0.5
  scn_two_rows_loose_P5_R10_seed1   milp_job_wMK   optimal        5761.00      57.50       7.00     4     0.00%      18.6
  scn_two_rows_loose_P5_R10_seed1   milp_job_wDLY  optimal         264.50      60.50       2.00     4     0.00%      19.1
  scn_two_rows_loose_P5_R10_seed1   milp_job_wMOV  optimal          62.50      59.50       3.00     0     0.00%      17.6
  scn_two_rows_loose_P5_R20_seed1   milp_job_wMK   maxTimeLim    14932.50     144.00     528.50     4    66.52%      63.4
  scn_two_rows_loose_P5_R20_seed1   milp_job_wDLY  maxTimeLim    42996.00     146.00     428.50     0    99.88%      62.3
  scn_two_rows_loose_P5_R20_seed1   milp_job_wMOV  maxTimeLim      513.00     130.00     383.00     0    90.25%      63.2
  scn_two_rows_loose_P5_R30_seed1   milp_job_wMK   maxTimeLim    28558.50     267.50    1806.50     2    75.49%      66.5
  scn_two_rows_loose_P5_R30_seed1   milp_job_wDLY  maxTimeLim   263051.50     351.50    2627.00     0    99.97%      73.9
  scn_two_rows_loose_P5_R30_seed1   milp_job_wMOV  maxTimeLim     2627.50     317.00    2310.50     0    97.34%      71.7
  scn_two_rows_loose_P5_R5_seed1    milp_job_wMK   optimal        3000.00      30.00       0.00     0     0.00%       0.3
  scn_two_rows_loose_P5_R5_seed1    milp_job_wDLY  optimal          30.00      30.00       0.00     0     0.00%       0.3
  scn_two_rows_loose_P5_R5_seed1    milp_job_wMOV  optimal          30.00      30.00       0.00     0     0.00%       0.3
  scn_two_rows_medium_P5_R10_seed1  milp_job_wMK   optimal        5811.50      57.50      57.50     4     0.00%      15.6
  scn_two_rows_medium_P5_R10_seed1  milp_job_wDLY  maxTimeLim     5510.50      60.50      54.50     0    99.33%      61.4
  scn_two_rows_medium_P5_R10_seed1  milp_job_wMOV  maxTimeLim      113.00      58.50      54.50     0    67.26%      61.0
  scn_two_rows_medium_P5_R20_seed1  milp_job_wMK   maxTimeLim    14910.50     142.00     692.50    18    66.47%      64.1
  scn_two_rows_medium_P5_R20_seed1  milp_job_wDLY  maxTimeLim    56800.00     146.00     566.50     4    99.91%      61.8
  scn_two_rows_medium_P5_R20_seed1  milp_job_wMOV  maxTimeLim      738.50     148.00     590.50     0    93.23%      61.8
  scn_two_rows_medium_P5_R30_seed1  milp_job_wMK   maxTimeLim    27618.50     256.00    2018.50     0    74.65%      64.6
  scn_two_rows_medium_P5_R30_seed1  milp_job_wDLY  maxTimeLim   202020.00     262.00    2017.50     8    99.97%      64.7
  scn_two_rows_medium_P5_R30_seed1  milp_job_wMOV  maxTimeLim     2378.50     258.00    2120.50     0    97.06%      65.1
  scn_two_rows_medium_P5_R5_seed1   milp_job_wMK   optimal        3000.00      30.00       0.00     0     0.00%       0.2
  scn_two_rows_medium_P5_R5_seed1   milp_job_wDLY  optimal          30.00      30.00       0.00     0     0.00%       0.3
  scn_two_rows_medium_P5_R5_seed1   milp_job_wMOV  optimal          30.00      30.00       0.00     0     0.00%       0.2
  scn_two_rows_tight_P5_R10_seed1   milp_job_wMK   optimal        5851.50      57.50      97.50     4     0.00%      45.9
  scn_two_rows_tight_P5_R10_seed1   milp_job_wDLY  maxTimeLim     9968.50      62.50      99.00     6    99.63%      60.8
  scn_two_rows_tight_P5_R10_seed1   milp_job_wMOV  maxTimeLim      161.00      59.50     101.50     0    77.02%      60.7
  scn_two_rows_tight_P5_R20_seed1   milp_job_wMK   maxTimeLim    16185.50     151.50    1011.50    24    69.11%      61.9
  scn_two_rows_tight_P5_R20_seed1   milp_job_wDLY  maxTimeLim    71352.00     148.00     712.00     4    99.93%      61.6
  scn_two_rows_tight_P5_R20_seed1   milp_job_wMOV  maxTimeLim      767.50     127.50     640.00     0    93.49%      61.8
  scn_two_rows_tight_P5_R30_seed1   milp_job_wMK   maxTimeLim    28173.50     258.00    2373.50     0    75.15%      65.0
  scn_two_rows_tight_P5_R30_seed1   milp_job_wDLY  maxTimeLim   224026.00     256.00    2237.50    20    99.97%      64.6
  scn_two_rows_tight_P5_R30_seed1   milp_job_wMOV  maxTimeLim     3591.50     326.00    3265.50     0    98.05%      65.3
  scn_two_rows_tight_P5_R5_seed1    milp_job_wMK   optimal        3000.00      30.00       0.00     0     0.00%       0.2
  scn_two_rows_tight_P5_R5_seed1    milp_job_wDLY  optimal          30.00      30.00       0.00     0     0.00%       0.2
  scn_two_rows_tight_P5_R5_seed1    milp_job_wMOV  optimal          30.00      30.00       0.00     0     0.00%       0.1
  scn_chain_tight_P5_R10_seed2      milp_job_wMK   maxTimeLim     7004.00      68.50     144.00    10    32.90%      61.0
  scn_chain_tight_P5_R10_seed2      milp_job_wDLY  maxTimeLim    13336.50      72.50     132.50    14    99.65%      61.4
  scn_chain_tight_P5_R10_seed2      milp_job_wMOV  maxTimeLim      225.00      74.50     150.50     0    79.11%      61.2
  scn_full_tight_P5_R10_seed2       milp_job_wMK   maxTimeLim     7579.50      74.00     163.50    16    37.99%      62.5
  scn_full_tight_P5_R10_seed2       milp_job_wDLY  maxTimeLim    15241.50      77.50     151.50    14    99.69%      62.6
  scn_full_tight_P5_R10_seed2       milp_job_wMOV  maxTimeLim      231.00      74.50     156.50     0    79.65%      62.3
  scn_full_tight_P5_R20_seed2       milp_job_wMK   maxTimeLim    40130.50     374.00    2724.50     6    85.55%      67.4
  scn_full_tight_P5_R20_seed2       milp_job_wDLY  maxTimeLim   276746.00     392.00    2763.50     4    99.98%      67.3
  scn_full_tight_P5_R20_seed2       milp_job_wMOV  maxTimeLim     1364.50     214.50    1150.00     0    95.75%      67.7
  scn_hub_tight_P5_R10_seed2        milp_job_wMK   optimal        6945.50      68.00     129.50    16     0.00%      41.8
  scn_hub_tight_P5_R10_seed2        milp_job_wDLY  maxTimeLim    12222.50      70.50     121.50     2    99.62%      61.4
  scn_hub_tight_P5_R10_seed2        milp_job_wMOV  maxTimeLim      200.00      70.50     129.50     0    57.75%      61.2
  scn_none_tight_P5_R10_seed2       milp_job_wMK   optimal        6858.50      67.50     108.50     0     0.00%       1.6
  scn_none_tight_P5_R10_seed2       milp_job_wDLY  optimal       10917.50      67.50     108.50     0     0.00%      11.0
  scn_none_tight_P5_R10_seed2       milp_job_wMOV  optimal         176.00      67.50     108.50     0     0.00%      17.2
  scn_triangle_loose_P5_R10_seed2   milp_job_wMK   optimal        6764.50      67.50       6.50     8     0.00%      36.3
  scn_triangle_loose_P5_R10_seed2   milp_job_wDLY  optimal          71.50      71.50       0.00     0     0.00%      26.5
  scn_triangle_loose_P5_R10_seed2   milp_job_wMOV  optimal          71.50      70.50       1.00     0     0.00%      16.3
  scn_triangle_loose_P5_R20_seed2   milp_job_wMK   maxTimeLim    16623.50     158.50     765.50     8    65.11%      63.6
  scn_triangle_loose_P5_R20_seed2   milp_job_wDLY  maxTimeLim    47207.00     153.00     470.50     4    99.88%      62.6
  scn_triangle_loose_P5_R20_seed2   milp_job_wMOV  maxTimeLim      627.50     163.50     464.00     0    90.76%      62.9
  scn_triangle_loose_P5_R30_seed2   milp_job_wMK   maxTimeLim    32893.00     304.00    2493.00     0    77.50%      67.7
  scn_triangle_loose_P5_R30_seed2   milp_job_wDLY  maxTimeLim   380396.00     496.00    3799.00     0    99.98%      70.6
  scn_triangle_loose_P5_R30_seed2   milp_job_wMOV  maxTimeLim     2440.50     299.50    2141.00     0    96.97%      71.6
  scn_triangle_loose_P5_R5_seed2    milp_job_wMK   optimal        3700.00      37.00       0.00     0     0.00%       0.4
  scn_triangle_loose_P5_R5_seed2    milp_job_wDLY  optimal          37.00      37.00       0.00     0     0.00%       0.2
  scn_triangle_loose_P5_R5_seed2    milp_job_wMOV  optimal          37.00      37.00       0.00     0     0.00%       0.2
  scn_triangle_medium_P5_R10_seed2  milp_job_wMK   optimal        6825.50      67.50      67.50     8     0.00%      34.5
  scn_triangle_medium_P5_R10_seed2  milp_job_wDLY  maxTimeLim     6835.50      75.50      67.50    10    99.31%      61.2
  scn_triangle_medium_P5_R10_seed2  milp_job_wMOV  maxTimeLim      135.00      70.50      64.50     0    65.19%      61.0
  scn_triangle_medium_P5_R20_seed2  milp_job_wMK   maxTimeLim    14542.00     138.50     692.00     0    60.12%      65.2
  scn_triangle_medium_P5_R20_seed2  milp_job_wDLY  maxTimeLim    84458.00     208.00     842.50     0    99.93%      63.1
  scn_triangle_medium_P5_R20_seed2  milp_job_wMOV  maxTimeLim      859.50     190.50     669.00     0    93.25%      62.8
  scn_triangle_medium_P5_R30_seed2  milp_job_wMK   maxTimeLim    36121.00     333.50    2771.00     0    79.51%      67.8
  scn_triangle_medium_P5_R30_seed2  milp_job_wDLY  maxTimeLim   374618.00     368.00    3742.50     0    99.98%      67.6
  scn_triangle_medium_P5_R30_seed2  milp_job_wMOV  maxTimeLim     4094.50     368.00    3726.50     0    98.19%      68.3
  scn_triangle_medium_P5_R5_seed2   milp_job_wMK   optimal        3700.00      37.00       0.00     0     0.00%       0.4
  scn_triangle_medium_P5_R5_seed2   milp_job_wDLY  optimal          37.00      37.00       0.00     0     0.00%       0.4
  scn_triangle_medium_P5_R5_seed2   milp_job_wMOV  optimal          37.00      37.00       0.00     0     0.00%       0.2
  scn_triangle_tight_P5_R10_seed2   milp_job_wMK   optimal        6877.50      67.50     119.50     8     0.00%      36.2
  scn_triangle_tight_P5_R10_seed2   milp_job_wDLY  maxTimeLim    11830.50      70.50     117.50    10    99.60%      61.0
  scn_triangle_tight_P5_R10_seed2   milp_job_wMOV  maxTimeLim      185.00      71.50     113.50     0    74.59%      60.9
  scn_triangle_tight_P5_R20_seed2   milp_job_wMK   maxTimeLim    14289.50     135.50     739.50     0    59.41%      64.4
  scn_triangle_tight_P5_R20_seed2   milp_job_wDLY  maxTimeLim   114258.00     208.00    1140.50     0    99.95%      63.2
  scn_triangle_tight_P5_R20_seed2   milp_job_wMOV  maxTimeLim     1040.00     169.50     870.50     0    94.42%      63.9
  scn_triangle_tight_P5_R30_seed2   milp_job_wMK   maxTimeLim    46642.00     423.00    4342.00     0    84.13%      68.8
  scn_triangle_tight_P5_R30_seed2   milp_job_wDLY  maxTimeLim   442781.00     481.00    4423.00     0    99.98%      67.4
  scn_triangle_tight_P5_R30_seed2   milp_job_wMOV  maxTimeLim     5481.50     544.00    4937.50     0    98.65%      69.1
  scn_triangle_tight_P5_R5_seed2    milp_job_wMK   optimal        3700.00      37.00       0.00     0     0.00%       0.7
  scn_triangle_tight_P5_R5_seed2    milp_job_wDLY  optimal          37.00      37.00       0.00     0     0.00%       0.9
  scn_triangle_tight_P5_R5_seed2    milp_job_wMOV  optimal          37.00      37.00       0.00     0     0.00%       0.4
  scn_two_rows_loose_P5_R10_seed2   milp_job_wMK   optimal        6758.50      67.50       4.50     4     0.00%      12.6
  scn_two_rows_loose_P5_R10_seed2   milp_job_wDLY  optimal          70.50      70.50       0.00     0     0.00%       7.4
  scn_two_rows_loose_P5_R10_seed2   milp_job_wMOV  optimal          70.50      70.50       0.00     0     0.00%      13.5
  scn_two_rows_loose_P5_R20_seed2   milp_job_wMK   maxTimeLim    15598.00     150.00     598.00     0    62.82%      65.9
  scn_two_rows_loose_P5_R20_seed2   milp_job_wDLY  maxTimeLim    40459.50     155.50     403.00     4    99.86%      64.4
  scn_two_rows_loose_P5_R20_seed2   milp_job_wMOV  maxTimeLim      688.50     179.50     509.00     0    91.58%      66.4
  scn_two_rows_loose_P5_R30_seed2   milp_job_wMK   maxTimeLim    36211.50     332.50    2961.50     0    79.56%      76.0
  scn_two_rows_loose_P5_R30_seed2   milp_job_wDLY  maxTimeLim   182652.00     302.00    1823.50     0    99.96%      74.4
  scn_two_rows_loose_P5_R30_seed2   milp_job_wMOV  maxTimeLim     2519.00     310.00    2209.00     0    97.06%      74.6
  scn_two_rows_loose_P5_R5_seed2    milp_job_wMK   optimal        3700.00      37.00       0.00     0     0.00%       0.4
  scn_two_rows_loose_P5_R5_seed2    milp_job_wDLY  optimal          37.00      37.00       0.00     0     0.00%       0.5
  scn_two_rows_loose_P5_R5_seed2    milp_job_wMOV  optimal          37.00      37.00       0.00     0     0.00%       1.7
  scn_two_rows_medium_P5_R10_seed2  milp_job_wMK   optimal        6815.00      67.50      61.00     4     0.00%      19.0
  scn_two_rows_medium_P5_R10_seed2  milp_job_wDLY  maxTimeLim     6018.50      68.50      59.50     0    99.22%      61.7
  scn_two_rows_medium_P5_R10_seed2  milp_job_wMOV  maxTimeLim      128.00      68.50      59.50     0    63.28%      61.4
  scn_two_rows_medium_P5_R20_seed2  milp_job_wMK   maxTimeLim    17281.50     165.50     731.50     0    66.44%      69.5
  scn_two_rows_medium_P5_R20_seed2  milp_job_wDLY  maxTimeLim    65759.00     159.00     656.00     0    99.91%      65.8
  scn_two_rows_medium_P5_R20_seed2  milp_job_wMOV  maxTimeLim      854.50     163.50     691.00     0    93.21%      66.4
  scn_two_rows_medium_P5_R30_seed2  milp_job_wMK   maxTimeLim    37484.50     349.00    2584.50     0    80.26%      72.6
  scn_two_rows_medium_P5_R30_seed2  milp_job_wDLY  maxTimeLim   287732.00     332.00    2874.00     0    99.97%      74.2
  scn_two_rows_medium_P5_R30_seed2  milp_job_wMOV  maxTimeLim     3489.50     366.50    3123.00     0    97.88%      74.2
  scn_two_rows_medium_P5_R5_seed2   milp_job_wMK   optimal        3700.00      37.00       0.00     0     0.00%       0.3
  scn_two_rows_medium_P5_R5_seed2   milp_job_wDLY  optimal          37.00      37.00       0.00     0     0.00%       0.7
  scn_two_rows_medium_P5_R5_seed2   milp_job_wMOV  optimal          37.00      37.00       0.00     0     0.00%       0.3
  scn_two_rows_tight_P5_R10_seed2   milp_job_wMK   optimal        6867.00      67.50     113.00     4     0.00%      30.3
  scn_two_rows_tight_P5_R10_seed2   milp_job_wDLY  maxTimeLim    11822.50      72.50     117.50     0    99.60%      61.6
  scn_two_rows_tight_P5_R10_seed2   milp_job_wMOV  maxTimeLim      183.00      71.50     111.50     0    74.32%      61.4
  scn_two_rows_tight_P5_R20_seed2   milp_job_wMK   maxTimeLim    16017.00     152.00     817.00     0    63.79%      65.3
  scn_two_rows_tight_P5_R20_seed2   milp_job_wDLY  maxTimeLim   103670.00     218.00    1034.50     2    99.94%      65.4
  scn_two_rows_tight_P5_R20_seed2   milp_job_wMOV  maxTimeLim     1081.00     149.00     932.00     0    94.63%      66.0
  scn_two_rows_tight_P5_R30_seed2   milp_job_wMK   maxTimeLim    34266.50     316.00    2666.50     0    78.40%      64.1
  scn_two_rows_tight_P5_R30_seed2   milp_job_wDLY  maxTimeLim   332553.50     403.50    3321.50     0    99.98%      67.1
  scn_two_rows_tight_P5_R30_seed2   milp_job_wMOV  maxTimeLim     3642.00     332.00    3310.00     0    97.97%      64.8
  scn_two_rows_tight_P5_R5_seed2    milp_job_wMK   optimal        3700.00      37.00       0.00     0     0.00%       0.3
  scn_two_rows_tight_P5_R5_seed2    milp_job_wDLY  optimal          37.00      37.00       0.00     0     0.00%       0.4
  scn_two_rows_tight_P5_R5_seed2    milp_job_wMOV  optimal          37.00      37.00       0.00     0     0.00%       0.2
  scn_chain_tight_P5_R10_seed3      milp_job_wMK   maxTimeLim     6443.50      63.00     133.50    10    36.37%      61.4
  scn_chain_tight_P5_R10_seed3      milp_job_wDLY  maxTimeLim    12086.00      74.00     120.00    12    99.66%      62.1
  scn_chain_tight_P5_R10_seed3      milp_job_wMOV  maxTimeLim      219.00      69.50     149.50     0    81.28%      61.0
  scn_full_tight_P5_R10_seed3       milp_job_wMK   maxTimeLim     6685.50      65.50     127.50     8    38.67%      62.3
  scn_full_tight_P5_R10_seed3       milp_job_wDLY  maxTimeLim    17319.50      69.50     172.50     0    99.76%      62.5
  scn_full_tight_P5_R10_seed3       milp_job_wMOV  maxTimeLim      284.00      75.50     208.50     0    85.56%      62.2
  scn_full_tight_P5_R20_seed3       milp_job_wMK   maxTimeLim    47504.50     437.00    3794.50    10    89.05%      69.1
  scn_full_tight_P5_R20_seed3       milp_job_wDLY  maxTimeLim   358579.50     423.50    3581.50     6    99.99%      67.5
  scn_full_tight_P5_R20_seed3       milp_job_wMOV  maxTimeLim     1291.50     194.00    1097.50     0    95.97%      67.3
  scn_hub_tight_P5_R10_seed3        milp_job_wMK   maxTimeLim     6383.50      62.50     117.50    16    35.72%      60.9
  scn_hub_tight_P5_R10_seed3        milp_job_wDLY  maxTimeLim    12639.00      77.00     125.50    12    99.68%      61.2
  scn_hub_tight_P5_R10_seed3        milp_job_wMOV  maxTimeLim      186.00      66.50     119.50     0    64.52%      61.1
  scn_none_tight_P5_R10_seed3       milp_job_wMK   optimal        6347.50      62.50      97.50     0     0.00%       0.5
  scn_none_tight_P5_R10_seed3       milp_job_wDLY  optimal        9812.50      62.50      97.50     0     0.00%      13.3
  scn_none_tight_P5_R10_seed3       milp_job_wMOV  optimal         160.00      62.50      97.50     0     0.00%      10.3
  scn_triangle_loose_P5_R10_seed3   milp_job_wMK   optimal        6257.50      62.50       7.50     0     0.00%      19.6
  scn_triangle_loose_P5_R10_seed3   milp_job_wDLY  optimal          72.50      64.50       0.00     8     0.00%      19.6
  scn_triangle_loose_P5_R10_seed3   milp_job_wMOV  optimal          65.00      64.50       0.50     0     0.00%      10.2
  scn_triangle_loose_P5_R20_seed3   milp_job_wMK   maxTimeLim    15765.00     153.00     465.00     0    67.02%      63.1
  scn_triangle_loose_P5_R20_seed3   milp_job_wDLY  maxTimeLim    67043.50     193.50     668.50     0    99.92%      62.8
  scn_triangle_loose_P5_R20_seed3   milp_job_wMOV  maxTimeLim      641.00     159.00     482.00     0    91.89%      62.7
  scn_triangle_loose_P5_R30_seed3   milp_job_wMK   maxTimeLim    33982.50     312.50    2730.50     2    77.05%      66.7
  scn_triangle_loose_P5_R30_seed3   milp_job_wDLY  maxTimeLim   308576.00     376.00    3082.00     0    99.97%      66.6
  scn_triangle_loose_P5_R30_seed3   milp_job_wMOV  maxTimeLim     3997.50     484.50    3513.00     0    98.05%      67.5
  scn_triangle_loose_P5_R5_seed3    milp_job_wMK   optimal        3100.00      31.00       0.00     0     0.00%       0.2
  scn_triangle_loose_P5_R5_seed3    milp_job_wDLY  optimal          31.00      31.00       0.00     0     0.00%       0.1
  scn_triangle_loose_P5_R5_seed3    milp_job_wMOV  optimal          31.00      31.00       0.00     0     0.00%       0.2
  scn_triangle_medium_P5_R10_seed3  milp_job_wMK   maxTimeLim     6316.50      62.50      66.50     0     4.88%      60.9
  scn_triangle_medium_P5_R10_seed3  milp_job_wDLY  maxTimeLim     7679.00      79.00      76.00     0    99.47%   27480.5
  scn_triangle_medium_P5_R10_seed3  milp_job_wMOV  maxTimeLim      121.00      65.50      55.50     0    66.12%    4947.4
  scn_triangle_medium_P5_R20_seed3  milp_job_wMK   maxTimeLim    18274.50     175.50     724.50     0    71.55%      77.8
  scn_triangle_medium_P5_R20_seed3  milp_job_wDLY  maxTimeLim    76175.50     175.50     760.00     0    99.93%      64.1
  scn_triangle_medium_P5_R20_seed3  milp_job_wMOV  maxTimeLim      838.50     167.50     671.00     0    93.80%      62.8
  scn_triangle_medium_P5_R30_seed3  milp_job_wMK   maxTimeLim    34778.50     321.00    2674.50     4    77.57%      68.7
  scn_triangle_medium_P5_R30_seed3  milp_job_wDLY  maxTimeLim   359235.00     435.00    3588.00     0    99.98%      65.8
  scn_triangle_medium_P5_R30_seed3  milp_job_wMOV  maxTimeLim     6797.00     717.00    6080.00     0    98.85%      68.9
  scn_triangle_medium_P5_R5_seed3   milp_job_wMK   optimal        3100.00      31.00       0.00     0     0.00%       0.6
  scn_triangle_medium_P5_R5_seed3   milp_job_wDLY  optimal          31.00      31.00       0.00     0     0.00%       0.5
  scn_triangle_medium_P5_R5_seed3   milp_job_wMOV  optimal          31.00      31.00       0.00     0     0.00%       0.5
  scn_triangle_tight_P5_R10_seed3   milp_job_wMK   maxTimeLim     6365.50      62.50     107.50     8    26.09%      63.1
  scn_triangle_tight_P5_R10_seed3   milp_job_wDLY  maxTimeLim    12844.50      80.50     127.50    14    99.68%      63.3
  scn_triangle_tight_P5_R10_seed3   milp_job_wMOV  maxTimeLim      180.00      64.50     115.50     0    77.22%      61.5
  scn_triangle_tight_P5_R20_seed3   milp_job_wMK   maxTimeLim    24222.50     227.50    1472.50     0    78.53%      66.3
  scn_triangle_tight_P5_R20_seed3   milp_job_wDLY  maxTimeLim   115005.00     205.00    1148.00     0    99.95%      71.4
  scn_triangle_tight_P5_R20_seed3   milp_job_wMOV  maxTimeLim     1137.00     192.00     945.00     0    95.43%      68.0
  scn_triangle_tight_P5_R30_seed3   milp_job_wMK   maxTimeLim    42896.50     388.50    4046.50     0    81.82%      66.3
  scn_triangle_tight_P5_R30_seed3   milp_job_wDLY  maxTimeLim   395200.00     400.00    3948.00     0    99.98%      66.1
  scn_triangle_tight_P5_R30_seed3   milp_job_wMOV  maxTimeLim     4314.00     462.50    3851.50     0    98.19%      68.2
  scn_triangle_tight_P5_R5_seed3    milp_job_wMK   optimal        3100.00      31.00       0.00     0     0.00%       0.3
  scn_triangle_tight_P5_R5_seed3    milp_job_wDLY  optimal          31.00      31.00       0.00     0     0.00%       0.4
  scn_triangle_tight_P5_R5_seed3    milp_job_wMOV  optimal          31.00      31.00       0.00     0     0.00%       0.3
  scn_two_rows_loose_P5_R10_seed3   milp_job_wMK   optimal        6261.00      62.50      11.00     0     0.00%       7.9
  scn_two_rows_loose_P5_R10_seed3   milp_job_wDLY  optimal          68.50      64.50       0.00     4     0.00%      11.3
  scn_two_rows_loose_P5_R10_seed3   milp_job_wMOV  optimal          66.00      65.50       0.50     0     0.00%      10.4
  scn_two_rows_loose_P5_R20_seed3   milp_job_wMK   maxTimeLim    18215.50     176.50     565.50     0    71.45%      62.9
  scn_two_rows_loose_P5_R20_seed3   milp_job_wDLY  maxTimeLim    56242.50     188.50     560.50     4    99.91%      62.4
  scn_two_rows_loose_P5_R20_seed3   milp_job_wMOV  maxTimeLim      651.00     162.50     488.50     0    92.01%      62.2
  scn_two_rows_loose_P5_R30_seed3   milp_job_wMK   maxTimeLim    27955.00     259.50    1993.00    12    72.10%      67.1
  scn_two_rows_loose_P5_R30_seed3   milp_job_wDLY  maxTimeLim   258419.00     319.00    2581.00     0    99.97%      67.2
  scn_two_rows_loose_P5_R30_seed3   milp_job_wMOV  maxTimeLim     2472.00     320.00    2152.00     0    96.84%      75.9
  scn_two_rows_loose_P5_R5_seed3    milp_job_wMK   optimal        3100.00      31.00       0.00     0     0.00%       0.4
  scn_two_rows_loose_P5_R5_seed3    milp_job_wDLY  optimal          31.00      31.00       0.00     0     0.00%       0.2
  scn_two_rows_loose_P5_R5_seed3    milp_job_wMOV  optimal          31.00      31.00       0.00     0     0.00%       0.2
  scn_two_rows_medium_P5_R10_seed3  milp_job_wMK   optimal        6305.50      62.50      55.50     0     0.00%      33.6
  scn_two_rows_medium_P5_R10_seed3  milp_job_wDLY  maxTimeLim     5414.50      64.50      53.50     0    99.24%      61.7
  scn_two_rows_medium_P5_R10_seed3  milp_job_wMOV  maxTimeLim      116.00      63.50      52.50     0    64.66%      61.3
  scn_two_rows_medium_P5_R20_seed3  milp_job_wMK   maxTimeLim    16966.50     161.50     816.50     0    69.35%      65.5
  scn_two_rows_medium_P5_R20_seed3  milp_job_wDLY  maxTimeLim    68977.00     175.00     688.00     2    99.92%      65.3
  scn_two_rows_medium_P5_R20_seed3  milp_job_wMOV  maxTimeLim      808.00     150.00     658.00     0    93.56%      65.3
  scn_two_rows_medium_P5_R30_seed3  milp_job_wMK   maxTimeLim    27481.00     253.00    2171.00    10    71.62%      68.2
  scn_two_rows_medium_P5_R30_seed3  milp_job_wDLY  maxTimeLim   426707.00     507.00    4262.00     0    99.98%      72.1
  scn_two_rows_medium_P5_R30_seed3  milp_job_wMOV  maxTimeLim     5485.00     599.00    4886.00     0    98.58%      85.5
  scn_two_rows_medium_P5_R5_seed3   milp_job_wMK   optimal        3100.00      31.00       0.00     0     0.00%       0.3
  scn_two_rows_medium_P5_R5_seed3   milp_job_wDLY  optimal          31.00      31.00       0.00     0     0.00%       0.4
  scn_two_rows_medium_P5_R5_seed3   milp_job_wMOV  optimal          31.00      31.00       0.00     0     0.00%       0.3
  scn_two_rows_tight_P5_R10_seed3   milp_job_wMK   maxTimeLim     6349.50      62.50      99.50     0     0.60%      61.9
  scn_two_rows_tight_P5_R10_seed3   milp_job_wDLY  maxTimeLim    10631.00      71.00     105.50    10    99.61%      61.4
  scn_two_rows_tight_P5_R10_seed3   milp_job_wMOV  maxTimeLim      162.00      62.50      99.50     0    74.69%      60.6
  scn_two_rows_tight_P5_R20_seed3   milp_job_wMK   maxTimeLim    14254.00     134.50     798.00     6    63.52%      61.8
  scn_two_rows_tight_P5_R20_seed3   milp_job_wDLY  maxTimeLim    78361.00     157.00     782.00     4    99.93%      61.9
  scn_two_rows_tight_P5_R20_seed3   milp_job_wMOV  maxTimeLim      997.00     166.00     831.00     0    94.78%      62.1
  scn_two_rows_tight_P5_R30_seed3   milp_job_wMK   maxTimeLim    28131.00     257.50    2381.00     0    72.27%      64.1
  scn_two_rows_tight_P5_R30_seed3   milp_job_wDLY  maxTimeLim   227084.00     248.00    2268.00    36    99.97%      64.1
  scn_two_rows_tight_P5_R30_seed3   milp_job_wMOV  maxTimeLim     2624.50     276.50    2348.00     0    97.03%      63.6
  scn_two_rows_tight_P5_R5_seed3    milp_job_wMK   optimal        3100.00      31.00       0.00     0     0.00%       0.1
  scn_two_rows_tight_P5_R5_seed3    milp_job_wDLY  optimal          31.00      31.00       0.00     0     0.00%       0.1
  scn_two_rows_tight_P5_R5_seed3    milp_job_wMOV  optimal          31.00      31.00       0.00     0     0.00%       0.1
  scn_chain_tight_P5_R10_seed4      milp_job_wMK   maxTimeLim     7006.50      68.50     144.50    12    34.35%      60.7
  scn_chain_tight_P5_R10_seed4      milp_job_wDLY  maxTimeLim    15243.50      85.50     151.50     8    99.70%      60.9
  scn_chain_tight_P5_R10_seed4      milp_job_wMOV  maxTimeLim      256.50      90.00     166.50     0    82.07%      61.1
  scn_full_tight_P5_R10_seed4       milp_job_wMK   maxTimeLim     8750.50      85.00     222.50    28    47.43%      61.8
  scn_full_tight_P5_R10_seed4       milp_job_wDLY  maxTimeLim    15634.50      84.50     155.50     0    99.71%      63.3
  scn_full_tight_P5_R10_seed4       milp_job_wMOV  maxTimeLim      290.00      83.50     206.50     0    84.14%      61.7
  scn_full_tight_P5_R20_seed4       milp_job_wMK   maxTimeLim    26869.00     252.50    1613.00     6    80.27%      65.7
  scn_full_tight_P5_R20_seed4       milp_job_wDLY  maxTimeLim   273892.00     342.00    2735.50     0    99.98%      65.7
  scn_full_tight_P5_R20_seed4       milp_job_wMOV  maxTimeLim     1543.50     226.50    1317.00     0    96.57%      65.5
  scn_hub_tight_P5_R10_seed4        milp_job_wMK   maxTimeLim     6891.50      67.50     137.50     4    31.84%      60.7
  scn_hub_tight_P5_R10_seed4        milp_job_wDLY  maxTimeLim    12526.50      76.50     124.50     0    99.63%      60.8
  scn_hub_tight_P5_R10_seed4        milp_job_wMOV  maxTimeLim      201.00      76.50     124.50     0    50.25%      61.0
  scn_none_tight_P5_R10_seed4       milp_job_wMK   optimal        6780.50      66.50     130.50     0     0.00%       1.1
  scn_none_tight_P5_R10_seed4       milp_job_wDLY  optimal       11622.50      72.50     115.50     0     0.00%      14.5
  scn_none_tight_P5_R10_seed4       milp_job_wMOV  optimal         188.00      72.50     115.50     0     0.00%       9.0
  scn_triangle_loose_P5_R10_seed4   milp_job_wMK   maxTimeLim     6694.50      66.50      36.50     8     0.57%      60.5
  scn_triangle_loose_P5_R10_seed4   milp_job_wDLY  optimal          89.50      81.50       0.00     8     0.00%      22.3
  scn_triangle_loose_P5_R10_seed4   milp_job_wMOV  optimal          78.00      76.50       1.50     0     0.00%      22.1
  scn_triangle_loose_P5_R20_seed4   milp_job_wMK   maxTimeLim    14304.00     137.50     554.00     0    62.95%      62.1
  scn_triangle_loose_P5_R20_seed4   milp_job_wDLY  maxTimeLim    45257.00     157.00     451.00     0    99.88%      62.5
  scn_triangle_loose_P5_R20_seed4   milp_job_wMOV  maxTimeLim      768.00     184.50     583.50     0    93.10%      62.5
  scn_triangle_loose_P5_R30_seed4   milp_job_wMK   maxTimeLim    40004.00     373.00    2704.00     0    84.00%      64.8
  scn_triangle_loose_P5_R30_seed4   milp_job_wDLY  maxTimeLim   301148.50     398.50    3007.50     0    99.98%      65.5
  scn_triangle_loose_P5_R30_seed4   milp_job_wMOV  maxTimeLim     2702.00     358.50    2343.50     0    97.63%      65.4
  scn_triangle_loose_P5_R5_seed4    milp_job_wMK   optimal        4400.00      44.00       0.00     0     0.00%       0.1
  scn_triangle_loose_P5_R5_seed4    milp_job_wDLY  optimal          44.00      44.00       0.00     0     0.00%       0.1
  scn_triangle_loose_P5_R5_seed4    milp_job_wMOV  optimal          44.00      44.00       0.00     0     0.00%       0.1
  scn_triangle_medium_P5_R10_seed4  milp_job_wMK   maxTimeLim     6754.50      66.50      96.50     8     1.04%      60.8
  scn_triangle_medium_P5_R10_seed4  milp_job_wDLY  maxTimeLim     7031.50      81.50      69.50     0    99.35%      61.1
  scn_triangle_medium_P5_R10_seed4  milp_job_wMOV  maxTimeLim      142.00      72.50      69.50     0    67.61%      60.8
  scn_triangle_medium_P5_R20_seed4  milp_job_wMK   maxTimeLim    16578.50     158.00     776.50     2    68.03%      62.5
  scn_triangle_medium_P5_R20_seed4  milp_job_wDLY  maxTimeLim    81284.50     184.50     811.00     0    99.93%      63.0
  scn_triangle_medium_P5_R20_seed4  milp_job_wMOV  maxTimeLim     1056.00     168.00     888.00     0    94.98%      64.1
  scn_triangle_medium_P5_R30_seed4  milp_job_wMK   maxTimeLim    39818.50     361.50    3668.50     0    83.93%      65.8
  scn_triangle_medium_P5_R30_seed4  milp_job_wDLY  maxTimeLim   313176.00     376.00    3128.00     0    99.98%      65.7
  scn_triangle_medium_P5_R30_seed4  milp_job_wMOV  maxTimeLim     3944.00     432.00    3512.00     0    98.38%      65.7
  scn_triangle_medium_P5_R5_seed4   milp_job_wMK   optimal        4400.00      44.00       0.00     0     0.00%       0.3
  scn_triangle_medium_P5_R5_seed4   milp_job_wDLY  optimal          44.00      44.00       0.00     0     0.00%       0.4
  scn_triangle_medium_P5_R5_seed4   milp_job_wMOV  optimal          44.00      44.00       0.00     0     0.00%       0.2
  scn_triangle_tight_P5_R10_seed4   milp_job_wMK   maxTimeLim     6795.50      66.50     137.50     8     1.48%      60.5
  scn_triangle_tight_P5_R10_seed4   milp_job_wDLY  maxTimeLim    12544.50      84.50     124.50    10    99.63%      60.6
  scn_triangle_tight_P5_R10_seed4   milp_job_wMOV  maxTimeLim      193.00      72.50     120.50     0    76.17%      60.6
  scn_triangle_tight_P5_R20_seed4   milp_job_wMK   maxTimeLim    16361.00     153.00    1047.00    14    67.61%      62.4
  scn_triangle_tight_P5_R20_seed4   milp_job_wDLY  maxTimeLim   104178.00     196.00    1039.50    32    99.95%      62.2
  scn_triangle_tight_P5_R20_seed4   milp_job_wMOV  maxTimeLim     1021.00     158.00     863.00     0    94.81%      62.5
  scn_triangle_tight_P5_R30_seed4   milp_job_wMK   maxTimeLim    40826.50     366.50    4176.50     0    84.32%      66.3
  scn_triangle_tight_P5_R30_seed4   milp_job_wDLY  maxTimeLim   433925.50     475.50    4334.50     0    99.99%      65.9
  scn_triangle_tight_P5_R30_seed4   milp_job_wMOV  maxTimeLim     4630.50     403.50    4227.00     0    98.62%      67.3
  scn_triangle_tight_P5_R5_seed4    milp_job_wMK   optimal        4400.00      44.00       0.00     0     0.00%       0.3
  scn_triangle_tight_P5_R5_seed4    milp_job_wDLY  optimal          44.00      44.00       0.00     0     0.00%       0.2
  scn_triangle_tight_P5_R5_seed4    milp_job_wMOV  optimal          44.00      44.00       0.00     0     0.00%       0.1
  scn_two_rows_loose_P5_R10_seed4   milp_job_wMK   optimal        6680.50      66.50      30.50     0     0.00%      24.4
  scn_two_rows_loose_P5_R10_seed4   milp_job_wDLY  optimal          80.50      76.50       0.00     4     0.00%       7.7
  scn_two_rows_loose_P5_R10_seed4   milp_job_wMOV  optimal          74.50      72.50       2.00     0     0.00%      12.1
  scn_two_rows_loose_P5_R20_seed4   milp_job_wMK   maxTimeLim    13920.00     133.50     564.00     6    61.93%      61.7
  scn_two_rows_loose_P5_R20_seed4   milp_job_wDLY  maxTimeLim    41290.50     138.50     411.50     2    99.87%      62.2
  scn_two_rows_loose_P5_R20_seed4   milp_job_wMOV  maxTimeLim      555.00     141.50     413.50     0    90.45%      61.8
  scn_two_rows_loose_P5_R30_seed4   milp_job_wMK   maxTimeLim    33361.00     307.50    2607.00     4    80.82%      64.0
  scn_two_rows_loose_P5_R30_seed4   milp_job_wDLY  maxTimeLim   276848.50     348.50    2765.00     0    99.98%      64.1
  scn_two_rows_loose_P5_R30_seed4   milp_job_wMOV  maxTimeLim     2563.00     309.00    2254.00     0    97.50%      64.6
  scn_two_rows_loose_P5_R5_seed4    milp_job_wMK   optimal        4400.00      44.00       0.00     0     0.00%       0.1
  scn_two_rows_loose_P5_R5_seed4    milp_job_wDLY  optimal          44.00      44.00       0.00     0     0.00%       0.1
  scn_two_rows_loose_P5_R5_seed4    milp_job_wMOV  optimal          44.00      44.00       0.00     0     0.00%       0.1
  scn_two_rows_medium_P5_R10_seed4  milp_job_wMK   optimal        6737.50      66.50      87.50     0     0.00%      56.2
  scn_two_rows_medium_P5_R10_seed4  milp_job_wDLY  maxTimeLim     6531.50      81.50      64.50     0    99.30%      60.7
  scn_two_rows_medium_P5_R10_seed4  milp_job_wMOV  maxTimeLim      137.00      72.50      64.50     0    56.20%      60.7
  scn_two_rows_medium_P5_R20_seed4  milp_job_wMK   maxTimeLim    14436.00     138.00     636.00     0    63.29%      61.7
  scn_two_rows_medium_P5_R20_seed4  milp_job_wDLY  maxTimeLim    60399.50     149.50     602.50     0    99.91%      61.9
  scn_two_rows_medium_P5_R20_seed4  milp_job_wMOV  maxTimeLim      802.00     164.50     637.50     0    93.39%      61.5
  scn_two_rows_medium_P5_R30_seed4  milp_job_wMK   maxTimeLim    34211.50     314.00    2811.50     0    81.29%      63.9
  scn_two_rows_medium_P5_R30_seed4  milp_job_wDLY  maxTimeLim   329222.50     372.50    3288.50     0    99.98%      64.6
  scn_two_rows_medium_P5_R30_seed4  milp_job_wMOV  maxTimeLim     3640.00     336.00    3304.00     0    98.24%      64.0
  scn_two_rows_medium_P5_R5_seed4   milp_job_wMK   optimal        4400.00      44.00       0.00     0     0.00%       0.1
  scn_two_rows_medium_P5_R5_seed4   milp_job_wDLY  optimal          44.00      44.00       0.00     0     0.00%       0.1
  scn_two_rows_medium_P5_R5_seed4   milp_job_wMOV  optimal          44.00      44.00       0.00     0     0.00%       0.1
  scn_two_rows_tight_P5_R10_seed4   milp_job_wMK   optimal        6780.50      66.50     130.50     0     0.00%      49.1
  scn_two_rows_tight_P5_R10_seed4   milp_job_wDLY  maxTimeLim    11626.50      76.50     115.50     0    99.60%      60.6
  scn_two_rows_tight_P5_R10_seed4   milp_job_wMOV  maxTimeLim      188.00      72.50     115.50     0    72.34%      60.6
  scn_two_rows_tight_P5_R20_seed4   milp_job_wMK   maxTimeLim    17767.00     166.50    1115.00     2    70.17%      62.0
  scn_two_rows_tight_P5_R20_seed4   milp_job_wDLY  maxTimeLim    87764.50     162.50     876.00     2    99.94%      61.5
  scn_two_rows_tight_P5_R20_seed4   milp_job_wMOV  maxTimeLim     1017.00     161.00     856.00     0    94.79%      61.8
  scn_two_rows_tight_P5_R30_seed4   milp_job_wMK   maxTimeLim    36465.50     331.50    3315.50     0    82.45%      64.1
  scn_two_rows_tight_P5_R30_seed4   milp_job_wDLY  maxTimeLim   341467.50     365.50    3411.00     2    99.98%      63.8
  scn_two_rows_tight_P5_R30_seed4   milp_job_wMOV  maxTimeLim     3029.00     299.00    2730.00     0    97.89%      64.0
  scn_two_rows_tight_P5_R5_seed4    milp_job_wMK   optimal        4400.00      44.00       0.00     0     0.00%       0.1
  scn_two_rows_tight_P5_R5_seed4    milp_job_wDLY  optimal          44.00      44.00       0.00     0     0.00%       0.1
  scn_two_rows_tight_P5_R5_seed4    milp_job_wMOV  optimal          44.00      44.00       0.00     0     0.00%       0.1
  scn_chain_tight_P5_R10_seed5      milp_job_wMK   maxTimeLim     5669.50      55.50     111.50     8    27.68%      60.7
  scn_chain_tight_P5_R10_seed5      milp_job_wDLY  maxTimeLim    10777.00      65.00     107.00    12    99.62%      61.0
  scn_chain_tight_P5_R10_seed5      milp_job_wMOV  maxTimeLim      186.00      64.50     121.50     0    77.96%      60.7
  scn_full_tight_P5_R10_seed5       milp_job_wMK   maxTimeLim     6378.50      62.50     128.50     0    35.72%      61.7
  scn_full_tight_P5_R10_seed5       milp_job_wDLY  maxTimeLim    18765.00      87.00     186.50    28    99.78%      62.2
  scn_full_tight_P5_R10_seed5       milp_job_wMOV  maxTimeLim      205.00      68.50     136.50     0    80.00%      61.6
  scn_full_tight_P5_R20_seed5       milp_job_wMK   maxTimeLim    30631.50     286.00    2031.50     0    80.74%      68.3
  scn_full_tight_P5_R20_seed5       milp_job_wDLY  maxTimeLim   162587.50     237.50    1623.50     0    99.96%      70.7
  scn_full_tight_P5_R20_seed5       milp_job_wMOV  maxTimeLim     1364.50     175.00    1189.50     0    95.68%      69.7
  scn_hub_tight_P5_R10_seed5        milp_job_wMK   optimal        5666.50      55.50     104.50    12     0.00%      43.6
  scn_hub_tight_P5_R10_seed5        milp_job_wDLY  maxTimeLim    10720.00      62.00     106.50     8    99.62%      61.2
  scn_hub_tight_P5_R10_seed5        milp_job_wMOV  maxTimeLim      164.00      60.50     103.50     0    51.83%      61.0
  scn_none_tight_P5_R10_seed5       milp_job_wMK   optimal        5635.50      55.50      85.50     0     0.00%       0.3
  scn_none_tight_P5_R10_seed5       milp_job_wDLY  optimal        8605.50      55.50      85.50     0     0.00%       9.1
  scn_none_tight_P5_R10_seed5       milp_job_wMOV  optimal         141.00      55.50      85.50     0     0.00%       6.0
  scn_triangle_loose_P5_R10_seed5   milp_job_wMK   maxTimeLim     5590.50      55.50      32.50     8    26.66%      60.7
  scn_triangle_loose_P5_R10_seed5   milp_job_wDLY  optimal          59.50      59.50       0.00     0     0.00%      24.3
  scn_triangle_loose_P5_R10_seed5   milp_job_wMOV  optimal          59.50      59.50       0.00     0     0.00%      26.1
  scn_triangle_loose_P5_R20_seed5   milp_job_wMK   maxTimeLim    20065.50     193.00     765.50     0    70.60%      69.3
  scn_triangle_loose_P5_R20_seed5   milp_job_wDLY  maxTimeLim    68046.00     196.00     678.50     0    99.91%      70.7
  scn_triangle_loose_P5_R20_seed5   milp_job_wMOV  maxTimeLim      883.00     197.00     686.00     0    93.32%      69.1
  scn_triangle_loose_P5_R30_seed5   milp_job_wMK   maxTimeLim    36131.00     336.00    2531.00     0    78.69%      76.5
  scn_triangle_loose_P5_R30_seed5   milp_job_wDLY  maxTimeLim   385511.00     511.00    3850.00     0    99.98%      83.3
  scn_triangle_loose_P5_R30_seed5   milp_job_wMOV  maxTimeLim     3137.00     433.50    2703.50     0    97.55%     101.5
  scn_triangle_loose_P5_R5_seed5    milp_job_wMK   optimal        3200.00      32.00       0.00     0     0.00%       0.5
  scn_triangle_loose_P5_R5_seed5    milp_job_wDLY  optimal          32.00      32.00       0.00     0     0.00%       1.5
  scn_triangle_loose_P5_R5_seed5    milp_job_wMOV  optimal          32.00      32.00       0.00     0     0.00%       0.5
  scn_triangle_medium_P5_R10_seed5  milp_job_wMK   maxTimeLim     5670.00      56.00      62.00     8    27.69%      64.1
  scn_triangle_medium_P5_R10_seed5  milp_job_wDLY  maxTimeLim     4507.50      57.50      44.50     0    99.09%      61.9
  scn_triangle_medium_P5_R10_seed5  milp_job_wMOV  maxTimeLim      103.00      58.50      44.50     0    60.19%      62.0
  scn_triangle_medium_P5_R20_seed5  milp_job_wMK   maxTimeLim    19542.00     187.00     842.00     0    69.81%      76.9
  scn_triangle_medium_P5_R20_seed5  milp_job_wDLY  maxTimeLim    82746.00     196.00     825.50     0    99.93%      70.5
  scn_triangle_medium_P5_R20_seed5  milp_job_wMOV  maxTimeLim      915.50     173.50     742.00     0    93.56%      71.8
  scn_triangle_medium_P5_R30_seed5  milp_job_wMK   maxTimeLim    66514.50     613.00    5214.50     0    88.42%      88.6
  scn_triangle_medium_P5_R30_seed5  milp_job_wDLY  maxTimeLim   517923.50     619.50    5173.00     4    99.99%     100.3
  scn_triangle_medium_P5_R30_seed5  milp_job_wMOV  maxTimeLim     5929.00     634.00    5295.00     0    98.70%     111.8
  scn_triangle_medium_P5_R5_seed5   milp_job_wMK   optimal        3200.00      32.00       0.00     0     0.00%       4.3
  scn_triangle_medium_P5_R5_seed5   milp_job_wDLY  optimal          32.00      32.00       0.00     0     0.00%       3.3
  scn_triangle_medium_P5_R5_seed5   milp_job_wMOV  optimal          32.00      32.00       0.00     0     0.00%       0.4
  scn_triangle_tight_P5_R10_seed5   milp_job_wMK   maxTimeLim     5660.50      55.50     102.50     8    27.57%      62.8
  scn_triangle_tight_P5_R10_seed5   milp_job_wDLY  maxTimeLim     9817.50      61.50      97.50     6    99.58%      61.8
  scn_triangle_tight_P5_R10_seed5   milp_job_wMOV  maxTimeLim      146.00      57.50      88.50     0    71.92%      63.4
  scn_triangle_tight_P5_R20_seed5   milp_job_wMK   maxTimeLim    13420.00     127.50     670.00     0    56.04%      67.3
  scn_triangle_tight_P5_R20_seed5   milp_job_wDLY  maxTimeLim    96802.00     202.00     966.00     0    99.94%      66.6
  scn_triangle_tight_P5_R20_seed5   milp_job_wMOV  maxTimeLim     1149.50     180.50     969.00     0    94.87%      66.7
  scn_triangle_tight_P5_R30_seed5   milp_job_wMK   maxTimeLim    55678.00     506.00    5078.00     0    86.17%      78.2
  scn_triangle_tight_P5_R30_seed5   milp_job_wDLY  maxTimeLim   441376.50     476.50    4409.00     0    99.98%      78.2
  scn_triangle_tight_P5_R30_seed5   milp_job_wMOV  maxTimeLim     4772.50     522.50    4250.00     0    98.39%      79.6
  scn_triangle_tight_P5_R5_seed5    milp_job_wMK   optimal        3200.00      32.00       0.00     0     0.00%       0.5
  scn_triangle_tight_P5_R5_seed5    milp_job_wDLY  optimal          32.00      32.00       0.00     0     0.00%       0.8
  scn_triangle_tight_P5_R5_seed5    milp_job_wMOV  optimal          32.00      32.00       0.00     0     0.00%       0.6
  scn_two_rows_loose_P5_R10_seed5   milp_job_wMK   optimal        5563.00      55.50      13.00     0     0.00%      31.6
  scn_two_rows_loose_P5_R10_seed5   milp_job_wDLY  optimal          59.50      59.50       0.00     0     0.00%       4.9
  scn_two_rows_loose_P5_R10_seed5   milp_job_wMOV  optimal          59.50      59.50       0.00     0     0.00%      10.4
  scn_two_rows_loose_P5_R20_seed5   milp_job_wMK   maxTimeLim    13951.00     135.00     443.00     8    57.71%      64.7
  scn_two_rows_loose_P5_R20_seed5   milp_job_wDLY  maxTimeLim    34892.00     136.00     347.50     6    99.83%      64.8
  scn_two_rows_loose_P5_R20_seed5   milp_job_wMOV  maxTimeLim      527.50     151.50     376.00     0    88.82%      65.2
  scn_two_rows_loose_P5_R30_seed5   milp_job_wMK   maxTimeLim    38530.00     358.00    2730.00     0    80.02%      72.8
  scn_two_rows_loose_P5_R30_seed5   milp_job_wDLY  maxTimeLim   287309.00     409.00    2869.00     0    99.97%      72.6
  scn_two_rows_loose_P5_R30_seed5   milp_job_wMOV  maxTimeLim     2851.00     393.00    2458.00     0    97.30%      72.4
  scn_two_rows_loose_P5_R5_seed5    milp_job_wMK   optimal        3200.00      32.00       0.00     0     0.00%       0.3
  scn_two_rows_loose_P5_R5_seed5    milp_job_wDLY  optimal          32.00      32.00       0.00     0     0.00%       0.3
  scn_two_rows_loose_P5_R5_seed5    milp_job_wMOV  optimal          32.00      32.00       0.00     0     0.00%       0.4
  scn_two_rows_medium_P5_R10_seed5  milp_job_wMK   optimal        5602.50      55.50      52.50     0     0.00%      47.4
  scn_two_rows_medium_P5_R10_seed5  milp_job_wDLY  maxTimeLim     4514.50      60.50      44.50     4    99.09%      61.4
  scn_two_rows_medium_P5_R10_seed5  milp_job_wMOV  maxTimeLim      101.00      56.50      44.50     0    59.41%      64.9
  scn_two_rows_medium_P5_R20_seed5  milp_job_wMK   maxTimeLim    16471.00     158.00     671.00     0    64.18%      67.9
  scn_two_rows_medium_P5_R20_seed5  milp_job_wDLY  maxTimeLim    75179.50     177.50     750.00     2    99.92%      64.9
  scn_two_rows_medium_P5_R20_seed5  milp_job_wMOV  maxTimeLim      842.50     165.00     677.50     0    93.00%      64.9
  scn_two_rows_medium_P5_R30_seed5  milp_job_wMK   maxTimeLim    38947.00     357.00    3247.00     0    80.23%      72.1
  scn_two_rows_medium_P5_R30_seed5  milp_job_wDLY  maxTimeLim   279979.00     329.00    2796.50     0    99.97%      72.6
  scn_two_rows_medium_P5_R30_seed5  milp_job_wMOV  maxTimeLim     3979.00     354.00    3625.00     0    98.06%      72.4
  scn_two_rows_medium_P5_R5_seed5   milp_job_wMK   optimal        3200.00      32.00       0.00     0     0.00%       0.4
  scn_two_rows_medium_P5_R5_seed5   milp_job_wDLY  optimal          32.00      32.00       0.00     0     0.00%       0.4
  scn_two_rows_medium_P5_R5_seed5   milp_job_wMOV  optimal          32.00      32.00       0.00     0     0.00%       0.5
  scn_two_rows_tight_P5_R10_seed5   milp_job_wMK   maxTimeLim     5644.50      55.50      94.50     0    27.35%      64.2
  scn_two_rows_tight_P5_R10_seed5   milp_job_wDLY  maxTimeLim     9314.50      62.50      92.50     2    99.56%      61.5
  scn_two_rows_tight_P5_R10_seed5   milp_job_wMOV  maxTimeLim      148.00      59.50      88.50     0    72.30%      61.7
  scn_two_rows_tight_P5_R20_seed5   milp_job_wMK   maxTimeLim    17199.00     162.50     949.00     0    65.70%      65.8
  scn_two_rows_tight_P5_R20_seed5   milp_job_wDLY  maxTimeLim    92095.00     187.00     919.00     8    99.94%      69.7
  scn_two_rows_tight_P5_R20_seed5   milp_job_wMOV  maxTimeLim      896.00     156.00     740.00     0    93.42%      69.3
  scn_two_rows_tight_P5_R30_seed5   milp_job_wMK   maxTimeLim    42650.50     387.50    3896.50     4    81.95%      84.1
  scn_two_rows_tight_P5_R30_seed5   milp_job_wDLY  maxTimeLim   397336.00     436.00    3969.00     0    99.98%      84.9
  scn_two_rows_tight_P5_R30_seed5   milp_job_wMOV  maxTimeLim     5595.00     552.00    5043.00     0    98.62%      82.9
  scn_two_rows_tight_P5_R5_seed5    milp_job_wMK   optimal        3200.00      32.00       0.00     0     0.00%       0.9
  scn_two_rows_tight_P5_R5_seed5    milp_job_wDLY  optimal          32.00      32.00       0.00     0     0.00%       0.7
  scn_two_rows_tight_P5_R5_seed5    milp_job_wMOV  optimal          32.00      32.00       0.00     0     0.00%       0.8
  scn_chain_tight_P5_R10_seed6      milp_job_wMK   maxTimeLim     7025.50      68.50     165.50    10    40.22%      63.9
  scn_chain_tight_P5_R10_seed6      milp_job_wDLY  maxTimeLim    15557.00      89.00     154.50    18    99.73%      64.0
  scn_chain_tight_P5_R10_seed6      milp_job_wMOV  maxTimeLim      194.00      67.50     126.50     0    78.35%      64.3
  scn_full_tight_P5_R10_seed6       milp_job_wMK   maxTimeLim     7104.50      69.50     150.50     4    40.88%      69.4
  scn_full_tight_P5_R10_seed6       milp_job_wDLY  maxTimeLim    27427.00     127.00     273.00     0    99.85%      69.3
  scn_full_tight_P5_R10_seed6       milp_job_wMOV  maxTimeLim      360.50     101.00     259.50     0    88.35%      70.3
  scn_full_tight_P5_R20_seed6       milp_job_wMK   maxTimeLim    78665.00     703.50    8305.00    10    93.39%      99.9
  scn_full_tight_P5_R20_seed6       milp_job_wDLY  maxTimeLim   831213.50     703.50    8305.00    10    99.99%     101.0
  scn_full_tight_P5_R20_seed6       milp_job_wMOV  maxTimeLim    10008.50     703.50    8305.00    10    99.48%     119.9
  scn_hub_tight_P5_R10_seed6        milp_job_wMK   maxTimeLim     6569.50      64.50     119.50     0     6.01%      66.7
  scn_hub_tight_P5_R10_seed6        milp_job_wDLY  maxTimeLim    16162.00      88.00     160.50    24    99.74%      66.5
  scn_hub_tight_P5_R10_seed6        milp_job_wMOV  maxTimeLim      233.00      92.00     141.00     0    81.97%      70.8
  scn_none_tight_P5_R10_seed6       milp_job_wMK   optimal        6553.50      64.50     103.50     0     0.00%       3.0
  scn_none_tight_P5_R10_seed6       milp_job_wDLY  optimal       10414.50      64.50     103.50     0     0.00%      55.0
  scn_none_tight_P5_R10_seed6       milp_job_wMOV  optimal         168.00      64.50     103.50     0     0.00%      17.8
  scn_triangle_loose_P5_R10_seed6   milp_job_wMK   maxTimeLim     6453.00      64.50       3.00     0    34.91%      63.3
  scn_triangle_loose_P5_R10_seed6   milp_job_wDLY  maxTimeLim       75.50      67.50       0.00     8    44.37%      65.3
  scn_triangle_loose_P5_R10_seed6   milp_job_wMOV  optimal          67.50      64.50       3.00     0     0.00%      57.5
  scn_triangle_loose_P5_R20_seed6   milp_job_wMK   maxTimeLim    19081.00     184.50     631.00     0    72.75%      79.4
  scn_triangle_loose_P5_R20_seed6   milp_job_wDLY  maxTimeLim    64900.00     200.00     647.00     0    99.92%      82.7
  scn_triangle_loose_P5_R20_seed6   milp_job_wMOV  maxTimeLim      738.50     174.50     564.00     0    92.96%      80.9
  scn_triangle_loose_P5_R30_seed6   milp_job_wMK   maxTimeLim           -          -          -     -         -     134.2
  scn_triangle_loose_P5_R30_seed6   milp_job_wDLY  maxTimeLim   501183.50     633.50    5005.50     0    99.99%     101.5
  scn_triangle_loose_P5_R30_seed6   milp_job_wMOV  maxTimeLim     4733.00     556.50    4176.50     0    98.46%      80.9
  scn_triangle_loose_P5_R5_seed6    milp_job_wMK   optimal        3900.00      39.00       0.00     0     0.00%       0.5
  scn_triangle_loose_P5_R5_seed6    milp_job_wDLY  optimal          39.00      39.00       0.00     0     0.00%       0.5
  scn_triangle_loose_P5_R5_seed6    milp_job_wMOV  optimal          39.00      39.00       0.00     0     0.00%       0.6
  scn_triangle_medium_P5_R10_seed6  milp_job_wMK   maxTimeLim     6511.50      64.50      61.50     0    35.50%      62.5
  scn_triangle_medium_P5_R10_seed6  milp_job_wDLY  maxTimeLim     6717.50      67.50      66.50     0    99.37%      67.6
  scn_triangle_medium_P5_R10_seed6  milp_job_wMOV  maxTimeLim      126.00      64.50      61.50     0    66.67%      67.2
  scn_triangle_medium_P5_R20_seed6  milp_job_wMK   maxTimeLim    18996.50     180.50     946.50     0    72.63%      84.5
  scn_triangle_medium_P5_R20_seed6  milp_job_wDLY  maxTimeLim   100420.00     216.00    1002.00     4    99.95%      78.9
  scn_triangle_medium_P5_R20_seed6  milp_job_wMOV  maxTimeLim      876.50     179.50     697.00     0    94.07%      76.7
  scn_triangle_medium_P5_R30_seed6  milp_job_wMK   maxTimeLim    84681.50     770.50    7631.50     0    91.38%     110.8
  scn_triangle_medium_P5_R30_seed6  milp_job_wDLY  maxTimeLim   681142.00     742.00    6804.00     0    99.99%     103.2
  scn_triangle_medium_P5_R30_seed6  milp_job_wMOV  maxTimeLim     8100.00     770.50    7329.50     0    99.10%     108.4
  scn_triangle_medium_P5_R5_seed6   milp_job_wMK   optimal        3900.00      39.00       0.00     0     0.00%       0.7
  scn_triangle_medium_P5_R5_seed6   milp_job_wDLY  optimal          39.00      39.00       0.00     0     0.00%       0.7
  scn_triangle_medium_P5_R5_seed6   milp_job_wMOV  optimal          39.00      39.00       0.00     0     0.00%       1.7
  scn_triangle_tight_P5_R10_seed6   milp_job_wMK   maxTimeLim     6559.50      64.50     109.50     0    35.97%      65.0
  scn_triangle_tight_P5_R10_seed6   milp_job_wDLY  maxTimeLim    13588.00      78.00     135.00    10    99.69%      65.0
  scn_triangle_tight_P5_R10_seed6   milp_job_wMOV  maxTimeLim      176.00      65.50     110.50     0    76.14%      64.1
  scn_triangle_tight_P5_R20_seed6   milp_job_wMK   maxTimeLim    20318.00     192.00    1118.00     0    74.41%      78.3
  scn_triangle_tight_P5_R20_seed6   milp_job_wDLY  maxTimeLim    70755.00     155.00     706.00     0    99.93%      78.0
  scn_triangle_tight_P5_R20_seed6   milp_job_wMOV  maxTimeLim     1034.50     164.50     870.00     0    94.97%      80.5
  scn_triangle_tight_P5_R30_seed6   milp_job_wMK   maxTimeLim    84621.00     770.50    7571.00     0    91.37%     105.2
  scn_triangle_tight_P5_R30_seed6   milp_job_wDLY  maxTimeLim   543893.00     593.00    5433.00     0    99.99%     106.9
  scn_triangle_tight_P5_R30_seed6   milp_job_wMOV  maxTimeLim     6188.50     598.00    5590.50     0    98.82%     108.6
  scn_triangle_tight_P5_R5_seed6    milp_job_wMK   optimal        3900.00      39.00       0.00     0     0.00%       1.1
  scn_triangle_tight_P5_R5_seed6    milp_job_wDLY  optimal          39.00      39.00       0.00     0     0.00%       1.1
  scn_triangle_tight_P5_R5_seed6    milp_job_wMOV  optimal          39.00      39.00       0.00     0     0.00%       0.8
  scn_two_rows_loose_P5_R10_seed6   milp_job_wMK   optimal        6452.50      64.50       2.50     0     0.00%      14.5
  scn_two_rows_loose_P5_R10_seed6   milp_job_wDLY  optimal          67.50      67.50       0.00     0     0.00%      19.9
  scn_two_rows_loose_P5_R10_seed6   milp_job_wMOV  optimal          67.00      64.50       2.50     0     0.00%      20.0
  scn_two_rows_loose_P5_R20_seed6   milp_job_wMK   maxTimeLim    15322.00     148.00     522.00     0    66.06%      73.3
  scn_two_rows_loose_P5_R20_seed6   milp_job_wDLY  maxTimeLim    53290.00     190.00     531.00     0    99.90%      75.3
  scn_two_rows_loose_P5_R20_seed6   milp_job_wMOV  maxTimeLim      541.00     146.00     395.00     0    90.39%      75.3
  scn_two_rows_loose_P5_R30_seed6   milp_job_wMK   maxTimeLim    53501.00     491.00    4401.00     0    86.36%      89.4
  scn_two_rows_loose_P5_R30_seed6   milp_job_wDLY  maxTimeLim   374037.50     437.50    3736.00     0    99.98%      97.0
  scn_two_rows_loose_P5_R30_seed6   milp_job_wMOV  maxTimeLim     2672.00     323.00    2349.00     0    97.27%      95.3
  scn_two_rows_loose_P5_R5_seed6    milp_job_wMK   optimal        3900.00      39.00       0.00     0     0.00%       0.6
  scn_two_rows_loose_P5_R5_seed6    milp_job_wDLY  optimal          39.00      39.00       0.00     0     0.00%       1.0
  scn_two_rows_loose_P5_R5_seed6    milp_job_wMOV  optimal          39.00      39.00       0.00     0     0.00%       0.9
  scn_two_rows_medium_P5_R10_seed6  milp_job_wMK   optimal        6510.50      64.50      60.50     0     0.00%      35.2
  scn_two_rows_medium_P5_R10_seed6  milp_job_wDLY  maxTimeLim     6115.50      65.50      60.50     0    99.31%      62.0
  scn_two_rows_medium_P5_R10_seed6  milp_job_wMOV  maxTimeLim      125.00      64.50      60.50     0    66.40%      63.8
  scn_two_rows_medium_P5_R20_seed6  milp_job_wMK   maxTimeLim    18026.50     172.50     776.50     0    71.15%      72.7
  scn_two_rows_medium_P5_R20_seed6  milp_job_wDLY  maxTimeLim   110148.00     198.00    1099.50     0    99.95%      73.3
  scn_two_rows_medium_P5_R20_seed6  milp_job_wMOV  maxTimeLim     1086.50     202.00     884.50     0    95.21%      73.7
  scn_two_rows_medium_P5_R30_seed6  milp_job_wMK   maxTimeLim    58650.00     540.50    4600.00     0    87.55%      91.4
  scn_two_rows_medium_P5_R30_seed6  milp_job_wDLY  maxTimeLim   382832.00     432.00    3824.00     0    99.98%      95.3
  scn_two_rows_medium_P5_R30_seed6  milp_job_wMOV  maxTimeLim     4661.00     503.00    4158.00     0    98.43%      93.1
  scn_two_rows_medium_P5_R5_seed6   milp_job_wMK   optimal        3900.00      39.00       0.00     0     0.00%       0.5
  scn_two_rows_medium_P5_R5_seed6   milp_job_wDLY  optimal          39.00      39.00       0.00     0     0.00%       0.8
  scn_two_rows_medium_P5_R5_seed6   milp_job_wMOV  optimal          39.00      39.00       0.00     0     0.00%       0.6
  scn_two_rows_tight_P5_R10_seed6   milp_job_wMK   maxTimeLim     6556.50      64.50     106.50     0     4.01%      63.3
  scn_two_rows_tight_P5_R10_seed6   milp_job_wDLY  maxTimeLim    10815.50      65.50     107.50     0    99.61%      63.9
  scn_two_rows_tight_P5_R10_seed6   milp_job_wMOV  maxTimeLim      171.00      64.50     106.50     0    75.44%      63.6
  scn_two_rows_tight_P5_R20_seed6   milp_job_wMK   maxTimeLim    20804.50     195.00    1304.50     0    75.01%      73.9
  scn_two_rows_tight_P5_R20_seed6   milp_job_wDLY  maxTimeLim    87162.50     162.50     870.00     0    99.94%      73.7
  scn_two_rows_tight_P5_R20_seed6   milp_job_wMOV  maxTimeLim     1069.00     174.50     894.50     0    95.14%      74.4
  scn_two_rows_tight_P5_R30_seed6   milp_job_wMK   maxTimeLim    58599.50     534.50    5149.50     0    87.54%      91.5
  scn_two_rows_tight_P5_R30_seed6   milp_job_wDLY  maxTimeLim   420219.50     469.50    4197.50     0    99.98%      94.9
  scn_two_rows_tight_P5_R30_seed6   milp_job_wMOV  maxTimeLim     5392.50     538.50    4854.00     0    98.65%      96.7
  scn_two_rows_tight_P5_R5_seed6    milp_job_wMK   optimal        3900.00      39.00       0.00     0     0.00%       1.3
  scn_two_rows_tight_P5_R5_seed6    milp_job_wDLY  optimal          39.00      39.00       0.00     0     0.00%       0.9
  scn_two_rows_tight_P5_R5_seed6    milp_job_wMOV  optimal          39.00      39.00       0.00     0     0.00%       0.9
  scn_chain_tight_P5_R10_seed7      milp_job_wMK   maxTimeLim     6812.50      66.50     150.50    12    35.41%      66.3
  scn_chain_tight_P5_R10_seed7      milp_job_wDLY  maxTimeLim    14194.50      84.50     141.00    10    99.69%      66.5
  scn_chain_tight_P5_R10_seed7      milp_job_wMOV  maxTimeLim      203.00      71.50     131.50     0    78.33%      65.5
  scn_full_tight_P5_R10_seed7       milp_job_wMK   maxTimeLim    10471.50     102.00     267.50     4    57.98%      72.2
  scn_full_tight_P5_R10_seed7       milp_job_wDLY  maxTimeLim    20120.50      88.50     200.00    32    99.78%      74.8
  scn_full_tight_P5_R10_seed7       milp_job_wMOV  maxTimeLim      337.00     101.00     236.00     0    86.94%      66.4
  scn_full_tight_P5_R20_seed7       milp_job_wMK   maxTimeLim    76006.50     695.50    6448.50     8    93.42%      82.2
  scn_full_tight_P5_R20_seed7       milp_job_wDLY  maxTimeLim   645553.50     695.50    6448.50     8    99.99%      87.2
  scn_full_tight_P5_R20_seed7       milp_job_wMOV  maxTimeLim     7944.00     695.50    6448.50     8    99.37%      81.9
  scn_hub_tight_P5_R10_seed7        milp_job_wMK   maxTimeLim     6718.50      65.50     164.50     4    34.51%      63.3
  scn_hub_tight_P5_R10_seed7        milp_job_wDLY  maxTimeLim    10929.50      73.50     108.50     6    99.60%      63.6
  scn_hub_tight_P5_R10_seed7        milp_job_wMOV  maxTimeLim      168.00      67.50     100.50     0    52.98%      62.4
  scn_none_tight_P5_R10_seed7       milp_job_wMK   optimal        6157.50      60.50     107.50     0     0.00%       1.5
  scn_none_tight_P5_R10_seed7       milp_job_wDLY  optimal        8612.50      62.50      85.50     0     0.00%      12.6
  scn_none_tight_P5_R10_seed7       milp_job_wMOV  optimal         148.00      62.50      85.50     0     0.00%      11.9
  scn_triangle_loose_P5_R10_seed7   milp_job_wMK   maxTimeLim     6184.50      61.50      26.50     8     0.56%      62.1
  scn_triangle_loose_P5_R10_seed7   milp_job_wDLY  optimal          62.50      62.50       0.00     0     0.00%      50.2
  scn_triangle_loose_P5_R10_seed7   milp_job_wMOV  optimal          62.50      62.50       0.00     0     0.00%      13.6
  scn_triangle_loose_P5_R20_seed7   milp_job_wMK   maxTimeLim    16431.50     157.50     663.50    18    69.57%      67.2
  scn_triangle_loose_P5_R20_seed7   milp_job_wDLY  maxTimeLim    76814.00     214.00     766.00     0    99.93%      67.1
  scn_triangle_loose_P5_R20_seed7   milp_job_wMOV  maxTimeLim      761.00     186.50     574.50     0    93.43%      67.5
  scn_triangle_loose_P5_R30_seed7   milp_job_wMK   maxTimeLim    59978.00     559.00    4076.00     2    87.33%      79.2
  scn_triangle_loose_P5_R30_seed7   milp_job_wDLY  maxTimeLim   417940.50     590.50    4173.50     0    99.98%      79.3
  scn_triangle_loose_P5_R30_seed7   milp_job_wMOV  maxTimeLim     4836.00     559.50    4276.50     0    98.43%      78.9
  scn_triangle_loose_P5_R5_seed7    milp_job_wMK   optimal        3900.00      39.00       0.00     0     0.00%       0.4
  scn_triangle_loose_P5_R5_seed7    milp_job_wDLY  optimal          39.00      39.00       0.00     0     0.00%       0.3
  scn_triangle_loose_P5_R5_seed7    milp_job_wMOV  optimal          39.00      39.00       0.00     0     0.00%       0.5
  scn_triangle_medium_P5_R10_seed7  milp_job_wMK   maxTimeLim     6230.00      61.50      72.00     8     0.84%      61.7
  scn_triangle_medium_P5_R10_seed7  milp_job_wDLY  maxTimeLim     4117.50      67.50      40.50     0    98.93%      61.8
  scn_triangle_medium_P5_R10_seed7  milp_job_wMOV  maxTimeLim      103.00      62.50      40.50     0    57.28%      61.7
  scn_triangle_medium_P5_R20_seed7  milp_job_wMK   maxTimeLim    18290.50     172.50    1040.50     0    72.66%      70.0
  scn_triangle_medium_P5_R20_seed7  milp_job_wDLY  maxTimeLim    83711.00     211.00     835.00     0    99.94%      67.7
  scn_triangle_medium_P5_R20_seed7  milp_job_wMOV  maxTimeLim      872.50     178.50     694.00     0    94.27%      66.9
  scn_triangle_medium_P5_R30_seed7  milp_job_wMK   maxTimeLim    46179.50     422.50    3929.50     0    83.54%      79.2
  scn_triangle_medium_P5_R30_seed7  milp_job_wDLY  maxTimeLim   674488.50     738.50    6737.50     0    99.99%      81.5
  scn_triangle_medium_P5_R30_seed7  milp_job_wMOV  maxTimeLim     4609.00     472.50    4136.50     0    98.35%      79.1
  scn_triangle_medium_P5_R5_seed7   milp_job_wMK   optimal        3900.00      39.00       0.00     0     0.00%       0.5
  scn_triangle_medium_P5_R5_seed7   milp_job_wDLY  optimal          39.00      39.00       0.00     0     0.00%       0.6
  scn_triangle_medium_P5_R5_seed7   milp_job_wMOV  optimal          39.00      39.00       0.00     0     0.00%       0.4
  scn_triangle_tight_P5_R10_seed7   milp_job_wMK   maxTimeLim     6274.00      61.50     116.00     8    29.87%      61.7
  scn_triangle_tight_P5_R10_seed7   milp_job_wDLY  maxTimeLim    11333.50      75.50     112.50     8    99.61%      61.7
  scn_triangle_tight_P5_R10_seed7   milp_job_wMOV  maxTimeLim      153.00      62.50      90.50     0    71.24%      61.6
  scn_triangle_tight_P5_R20_seed7   milp_job_wMK   maxTimeLim    18511.50     175.50     961.50     0    72.99%      67.3
  scn_triangle_tight_P5_R20_seed7   milp_job_wDLY  maxTimeLim    97991.00     187.00     978.00     4    99.95%      66.8
  scn_triangle_tight_P5_R20_seed7   milp_job_wMOV  maxTimeLim     1003.00     159.00     844.00     0    95.02%      66.5
  scn_triangle_tight_P5_R30_seed7   milp_job_wMK   maxTimeLim    50337.00     455.50    4787.00     0    84.90%      77.8
  scn_triangle_tight_P5_R30_seed7   milp_job_wDLY  maxTimeLim   411931.50     431.50    4115.00     0    99.98%      78.1
  scn_triangle_tight_P5_R30_seed7   milp_job_wMOV  maxTimeLim     5835.00     559.00    5276.00     0    98.70%      76.8
  scn_triangle_tight_P5_R5_seed7    milp_job_wMK   optimal        3900.00      39.00       0.00     0     0.00%       0.7
  scn_triangle_tight_P5_R5_seed7    milp_job_wDLY  optimal          39.00      39.00       0.00     0     0.00%       1.0
  scn_triangle_tight_P5_R5_seed7    milp_job_wMOV  optimal          39.00      39.00       0.00     0     0.00%       0.5
  scn_two_rows_loose_P5_R10_seed7   milp_job_wMK   optimal        6081.50      60.50      27.50     4     0.00%      22.8
  scn_two_rows_loose_P5_R10_seed7   milp_job_wDLY  optimal          62.50      62.50       0.00     0     0.00%      14.8
  scn_two_rows_loose_P5_R10_seed7   milp_job_wMOV  optimal          62.50      62.50       0.00     0     0.00%       7.2
  scn_two_rows_loose_P5_R20_seed7   milp_job_wMK   maxTimeLim    15884.50     153.00     582.50     2    68.52%      64.8
  scn_two_rows_loose_P5_R20_seed7   milp_job_wDLY  maxTimeLim    46342.50     142.50     462.00     0    99.89%      64.8
  scn_two_rows_loose_P5_R20_seed7   milp_job_wMOV  maxTimeLim      705.00     164.00     541.00     0    92.91%      65.0
  scn_two_rows_loose_P5_R30_seed7   milp_job_wMK   maxTimeLim    37910.00     349.00    3010.00     0    79.95%      72.2
  scn_two_rows_loose_P5_R30_seed7   milp_job_wDLY  maxTimeLim   302757.50     357.50    3024.00     0    99.97%      72.8
  scn_two_rows_loose_P5_R30_seed7   milp_job_wMOV  maxTimeLim     3138.50     357.50    2781.00     0    97.58%      72.2
  scn_two_rows_loose_P5_R5_seed7    milp_job_wMK   optimal        3900.00      39.00       0.00     0     0.00%       0.3
  scn_two_rows_loose_P5_R5_seed7    milp_job_wDLY  optimal          39.00      39.00       0.00     0     0.00%       0.2
  scn_two_rows_loose_P5_R5_seed7    milp_job_wMOV  optimal          39.00      39.00       0.00     0     0.00%       0.2
  scn_two_rows_medium_P5_R10_seed7  milp_job_wMK   optimal        6122.50      60.50      68.50     4     0.00%      19.4
  scn_two_rows_medium_P5_R10_seed7  milp_job_wDLY  maxTimeLim     3713.50      63.50      36.50     0    98.82%      61.5
  scn_two_rows_medium_P5_R10_seed7  milp_job_wMOV  maxTimeLim       99.00      62.50      36.50     0    41.41%      61.5
  scn_two_rows_medium_P5_R20_seed7  milp_job_wMK   maxTimeLim    17902.50     170.50     852.50     0    72.07%      64.7
  scn_two_rows_medium_P5_R20_seed7  milp_job_wDLY  maxTimeLim    65663.50     159.50     655.00     4    99.92%      64.7
  scn_two_rows_medium_P5_R20_seed7  milp_job_wMOV  maxTimeLim      779.00     147.50     631.50     0    93.58%      64.9
  scn_two_rows_medium_P5_R30_seed7  milp_job_wMK   maxTimeLim    34776.50     313.00    3476.50     0    78.15%      72.7
  scn_two_rows_medium_P5_R30_seed7  milp_job_wDLY  maxTimeLim   284820.00     370.00    2844.50     0    99.97%      71.8
  scn_two_rows_medium_P5_R30_seed7  milp_job_wMOV  maxTimeLim     3389.00     349.00    3040.00     0    97.76%      72.3
  scn_two_rows_medium_P5_R5_seed7   milp_job_wMK   optimal        3900.00      39.00       0.00     0     0.00%       0.3
  scn_two_rows_medium_P5_R5_seed7   milp_job_wDLY  optimal          39.00      39.00       0.00     0     0.00%       0.4
  scn_two_rows_medium_P5_R5_seed7   milp_job_wMOV  optimal          39.00      39.00       0.00     0     0.00%       0.3
  scn_two_rows_tight_P5_R10_seed7   milp_job_wMK   optimal        6164.50      60.50     110.50     4     0.00%      37.4
  scn_two_rows_tight_P5_R10_seed7   milp_job_wDLY  maxTimeLim     8717.50      67.50      86.50     0    99.50%      61.4
  scn_two_rows_tight_P5_R10_seed7   milp_job_wMOV  maxTimeLim      149.00      62.50      86.50     0    70.47%      61.5
  scn_two_rows_tight_P5_R20_seed7   milp_job_wMK   maxTimeLim    18799.50     177.50    1049.50     0    73.40%      64.7
  scn_two_rows_tight_P5_R20_seed7   milp_job_wDLY  maxTimeLim    78019.00     165.00     778.50     4    99.94%      65.0
  scn_two_rows_tight_P5_R20_seed7   milp_job_wMOV  maxTimeLim     1026.00     165.50     860.50     0    95.13%      64.9
  scn_two_rows_tight_P5_R30_seed7   milp_job_wMK   maxTimeLim    42036.00     381.00    3936.00     0    81.92%      72.4
  scn_two_rows_tight_P5_R30_seed7   milp_job_wDLY  maxTimeLim   370606.00     356.00    3702.50     0    99.98%      72.1
  scn_two_rows_tight_P5_R30_seed7   milp_job_wMOV  maxTimeLim     3996.00     352.50    3643.50     0    98.10%      72.7
  scn_two_rows_tight_P5_R5_seed7    milp_job_wMK   optimal        3900.00      39.00       0.00     0     0.00%       0.2
  scn_two_rows_tight_P5_R5_seed7    milp_job_wDLY  optimal          39.00      39.00       0.00     0     0.00%       0.2
  scn_two_rows_tight_P5_R5_seed7    milp_job_wMOV  optimal          39.00      39.00       0.00     0     0.00%       0.2
  scn_chain_tight_P5_R10_seed8      milp_job_wMK   maxTimeLim     6276.50      61.50     120.50     6    37.86%      62.2
  scn_chain_tight_P5_R10_seed8      milp_job_wDLY  maxTimeLim    15044.00      92.00     149.50     2    99.74%      62.3
  scn_chain_tight_P5_R10_seed8      milp_job_wMOV  maxTimeLim      232.00      67.50     164.50     0    83.19%      62.4
  scn_full_tight_P5_R10_seed8       milp_job_wMK   maxTimeLim     6576.50      64.50     126.50     0    40.70%      63.6
  scn_full_tight_P5_R10_seed8       milp_job_wDLY  maxTimeLim    16195.00      95.00     161.00     0    99.76%      62.1
==================================================================
