==================================================================
  EXPERIMENT CONFIGURATIONS  (4 experiments)
  Code state (git): ed3a3b4
  Instance order  : by seed, then config (seed1 of all types first)
==================================================================
  Shared parameters:
    weight_makespan=0.1           time_limit_s=60
    weight_delay=1.0              MIPGap=0.0
    weight_movements=10           NoRelHeurTime=0

  Per-experiment parameters:
  Label          Solver                            alpha  weight_topology  n_starts  seed
  ---------------------------------------------------------------------------------------
  topology_ms6   TopologyHeuristicAircraft         0.3    1                6         1   
  fas_on_topo    FixedAssignmentSchedulerAircraft  —      —                —         —   
  fas_2cand      FixedAssignmentSchedulerAircraft  —      —                —         —   
  safe_pipeline  FixedAssignmentSchedulerAircraft  —      —                —         —   
==================================================================


==================================================================
  HEURISTIC vs MILP  —  relative gap per instance type
  gap = (MILP_obj - heuristic_obj) / MILP_obj
  gap > 0  =>  heuristic BETTER (lower objective);  < 0  => worse
  heuristic: igvnd_wMK / igvnd_wDLY / igvnd_wMOV   (MILP rows from cache)
==================================================================
  -- Relative objective gap, by weight profile --
  [wMK  (100/1/1  makespan-priority)]
    (no paired MILP/heuristic results yet)

  [wDLY  (1/100/1  delay-priority)]
    (no paired MILP/heuristic results yet)

  [wMOV  (1/1/100  movement-priority)]
    (no paired MILP/heuristic results yet)

  -- Relative objective gap, aggregated over all profiles --
  [ALL profiles]
    (no paired MILP/heuristic results yet)

  -- Per-component mean Δ (heuristic − MILP); negative = heuristic better --
  -- (relative gap is distorted when the optimum delay ≈ 0; read these too)
  [wMK  (100/1/1  makespan-priority)]
    (no paired MILP/heuristic results yet)

  [wDLY  (1/100/1  delay-priority)]
    (no paired MILP/heuristic results yet)

  [wMOV  (1/1/100  movement-priority)]
    (no paired MILP/heuristic results yet)

==================================================================


==================================================================
  SUMMARY  —  20 ok  /  0 failed  /  20 total
==================================================================
  Instance                         Experiment     Status             Obj   Makespan      Delay   Mov       Gap   Time(s)
  ----------------------------------------------------------------------------------------------------------------------
  scn_triangle_loose_P5_R10_seed3  topology_ms6   topology (        9.55      65.50       3.00     0         -      60.0
  scn_triangle_loose_P5_R10_seed3  fas_on_topo    optimal           9.55      65.50       3.00     0     0.00%       0.4
  scn_triangle_loose_P5_R10_seed3  fas_2cand      optimal          85.85      83.50      57.50     2     0.00%       3.1
  scn_triangle_loose_P5_R10_seed3  safe_pipeline  topology (        9.55      65.50       3.00     0         -       0.0
  scn_triangle_loose_P5_R10_seed5  topology_ms6   topology (        5.95      59.50       0.00     0         -      60.0
  scn_triangle_loose_P5_R10_seed5  fas_on_topo    optimal           5.95      59.50       0.00     0     0.00%       0.4
  scn_triangle_loose_P5_R10_seed5  fas_2cand      optimal           7.75      62.50       1.50     0     0.00%       0.7
  scn_triangle_loose_P5_R10_seed5  safe_pipeline  topology (        5.95      59.50       0.00     0         -       0.0
  scn_triangle_tight_P5_R5_seed5   topology_ms6   topology (        3.20      32.00       0.00     0         -      60.0
  scn_triangle_tight_P5_R5_seed5   fas_on_topo    optimal           3.20      32.00       0.00     0     0.00%       0.0
  scn_triangle_tight_P5_R5_seed5   fas_2cand      optimal           3.20      32.00       0.00     0     0.00%       0.3
  scn_triangle_tight_P5_R5_seed5   safe_pipeline  topology (        3.20      32.00       0.00     0         -       0.0
  scn_triangle_loose_P5_R10_seed6  topology_ms6   topology (        7.25      67.50       0.50     0         -      60.0
  scn_triangle_loose_P5_R10_seed6  fas_on_topo    optimal           7.25      67.50       0.50     0     0.00%       0.1
  scn_triangle_loose_P5_R10_seed6  fas_2cand      optimal          54.15      96.50      44.50     0     0.00%       3.8
  scn_triangle_loose_P5_R10_seed6  safe_pipeline  topology (        7.25      67.50       0.50     0         -       0.0
  scn_triangle_loose_P5_R10_seed9  topology_ms6   topology (       10.15      76.50       2.50     0         -      60.0
  scn_triangle_loose_P5_R10_seed9  fas_on_topo    optimal          10.15      76.50       2.50     0     0.00%       0.1
  scn_triangle_loose_P5_R10_seed9  fas_2cand      optimal          54.05     100.50      44.00     0     0.00%       1.5
  scn_triangle_loose_P5_R10_seed9  safe_pipeline  topology (       10.15      76.50       2.50     0         -       0.0
==================================================================
