==================================================================
  EXPERIMENT CONFIGURATIONS  (3 experiments)
  Code state (git): 49e616a
  Instance order  : by seed, then config (seed1 of all types first)
==================================================================
  Shared parameters:
    time_limit_s=60               NoRelHeurTime=0
    MIPGap=0.0                    seed=1

  Per-experiment parameters:
  Label       Solver                      weight_makespan  weight_delay  weight_movements
  ---------------------------------------------------------------------------------------
  igvnd_wMK   IteratedGreedyVNDJobSolver  100              1             1               
  igvnd_wDLY  IteratedGreedyVNDJobSolver  1                100           1               
  igvnd_wMOV  IteratedGreedyVNDJobSolver  1                1             100             
==================================================================


==================================================================
  HEURISTIC vs MILP  —  relative gap per instance type
  gap = (MILP_obj - heuristic_obj) / MILP_obj
  gap > 0  =>  heuristic BETTER (lower objective);  < 0  => worse
  heuristic: igvnd_wMK / igvnd_wDLY / igvnd_wMOV   (MILP rows from cache)
==================================================================
  -- Relative objective gap, by weight profile --
  [wMK  (100/1/1  makespan-priority)]
    Type                          N      Mean       Min       Max
    -----------------------------------------------------------
    scn_chain_loose_P5_R10        1    -7.41%    -7.41%    -7.41%
    scn_chain_loose_P5_R20        1    -3.02%    -3.02%    -3.02%
    scn_chain_loose_P5_R30        1   +27.74%   +27.74%   +27.74%
    scn_chain_loose_P5_R5         1    +0.00%    +0.00%    +0.00%
    scn_chain_medium_P5_R10       1    -5.34%    -5.34%    -5.34%
    scn_chain_medium_P5_R20       1   +21.35%   +21.35%   +21.35%
    scn_chain_medium_P5_R30       1   +28.75%   +28.75%   +28.75%
    scn_chain_medium_P5_R5        1    +0.00%    +0.00%    +0.00%
    scn_chain_tight_P5_R10        1    -4.13%    -4.13%    -4.13%
    scn_chain_tight_P5_R20        1    +1.84%    +1.84%    +1.84%
    scn_chain_tight_P5_R30        1   +28.87%   +28.87%   +28.87%
    scn_chain_tight_P5_R5         1    -0.05%    -0.05%    -0.05%
    scn_full_tight_P5_R10         1    -0.16%    -0.16%    -0.16%
    scn_full_tight_P5_R20         1   +60.04%   +60.04%   +60.04%
    scn_hub_loose_P5_R10          1    -3.14%    -3.14%    -3.14%
    scn_hub_loose_P5_R20          1   +14.40%   +14.40%   +14.40%
    scn_hub_loose_P5_R30          1   +15.26%   +15.26%   +15.26%
    scn_hub_loose_P5_R5           1    +0.00%    +0.00%    +0.00%
    scn_hub_medium_P5_R10         1    -3.24%    -3.24%    -3.24%
    scn_hub_medium_P5_R20         1    +8.50%    +8.50%    +8.50%
    scn_hub_medium_P5_R30         1   +12.96%   +12.96%   +12.96%
    scn_hub_medium_P5_R5          1    +0.00%    +0.00%    +0.00%
    scn_hub_tight_P5_R10          1    -3.27%    -3.27%    -3.27%
    scn_hub_tight_P5_R20          1   +14.94%   +14.94%   +14.94%
    scn_hub_tight_P5_R30          1   +14.23%   +14.23%   +14.23%
    scn_hub_tight_P5_R5           1    +0.00%    +0.00%    +0.00%
    scn_none_tight_P5_R10         1    +0.00%    +0.00%    +0.00%
    scn_triangle_loose_P5_R10     1    -1.32%    -1.32%    -1.32%
    scn_triangle_loose_P5_R20     1   +21.39%   +21.39%   +21.39%
    scn_triangle_loose_P5_R30     1   +30.62%   +30.62%   +30.62%
    scn_triangle_loose_P5_R5      1    +0.00%    +0.00%    +0.00%
    scn_triangle_medium_P5_R10    1    -1.49%    -1.49%    -1.49%
    scn_two_rows_loose_P5_R5      1    +0.00%    +0.00%    +0.00%
    scn_two_rows_medium_P5_R10    1    -1.60%    -1.60%    -1.60%
    scn_two_rows_medium_P5_R20    1   +16.21%   +16.21%   +16.21%
    scn_two_rows_medium_P5_R30    1   +16.47%   +16.47%   +16.47%
    scn_two_rows_medium_P5_R5     1    +0.00%    +0.00%    +0.00%
    scn_two_rows_tight_P5_R10     1    -0.29%    -0.29%    -0.29%
    scn_two_rows_tight_P5_R20     1   +21.73%   +21.73%   +21.73%
    scn_two_rows_tight_P5_R30     1   +15.89%   +15.89%   +15.89%
    scn_two_rows_tight_P5_R5      1    +0.00%    +0.00%    +0.00%

  [wDLY  (1/100/1  delay-priority)]
    Type                          N      Mean       Min       Max
    -----------------------------------------------------------
    scn_chain_loose_P5_R10        1  -302.60%  -302.60%  -302.60%
    scn_chain_loose_P5_R20        1   +38.85%   +38.85%   +38.85%
    scn_chain_loose_P5_R30        1   +38.50%   +38.50%   +38.50%
    scn_chain_loose_P5_R5         1    +0.00%    +0.00%    +0.00%
    scn_chain_medium_P5_R10       1    -6.55%    -6.55%    -6.55%
    scn_chain_medium_P5_R20       1   +29.07%   +29.07%   +29.07%
    scn_chain_medium_P5_R30       1   +38.02%   +38.02%   +38.02%
    scn_chain_medium_P5_R5        1    +0.00%    +0.00%    +0.00%
    scn_chain_tight_P5_R10        1    +5.96%    +5.96%    +5.96%
    scn_chain_tight_P5_R20        1   +13.94%   +13.94%   +13.94%
    scn_chain_tight_P5_R30        1   +36.14%   +36.14%   +36.14%
    scn_chain_tight_P5_R5         1  -502.50%  -502.50%  -502.50%
    scn_full_tight_P5_R10         1   +11.93%   +11.93%   +11.93%
    scn_full_tight_P5_R20         1   +70.65%   +70.65%   +70.65%
    scn_hub_loose_P5_R10          1   -27.74%   -27.74%   -27.74%
    scn_hub_loose_P5_R20          1   +22.81%   +22.81%   +22.81%
    scn_hub_loose_P5_R30          1   +17.98%   +17.98%   +17.98%
    scn_hub_loose_P5_R5           1    +0.00%    +0.00%    +0.00%
    scn_hub_medium_P5_R10         1    -4.42%    -4.42%    -4.42%
    scn_hub_medium_P5_R20         1   +12.31%   +12.31%   +12.31%
    scn_hub_medium_P5_R30         1   +19.37%   +19.37%   +19.37%
    scn_hub_medium_P5_R5          1    +0.00%    +0.00%    +0.00%
    scn_hub_tight_P5_R10          1    -0.80%    -0.80%    -0.80%
    scn_hub_tight_P5_R20          1   +16.23%   +16.23%   +16.23%
    scn_hub_tight_P5_R30          1   +14.71%   +14.71%   +14.71%
    scn_hub_tight_P5_R5           1    +0.00%    +0.00%    +0.00%
    scn_none_tight_P5_R10         1    +0.00%    +0.00%    +0.00%
    scn_triangle_loose_P5_R10     1    +0.00%    +0.00%    +0.00%
    scn_triangle_loose_P5_R20     1   +34.06%   +34.06%   +34.06%
    scn_triangle_loose_P5_R30     1   +64.51%   +64.51%   +64.51%
    scn_triangle_loose_P5_R5      1    +0.00%    +0.00%    +0.00%
    scn_two_rows_loose_P5_R5      1    +0.00%    +0.00%    +0.00%
    scn_two_rows_medium_P5_R10    1    +0.04%    +0.04%    +0.04%
    scn_two_rows_medium_P5_R20    1   +13.60%   +13.60%   +13.60%
    scn_two_rows_medium_P5_R30    1   +18.41%   +18.41%   +18.41%
    scn_two_rows_medium_P5_R5     1    +0.00%    +0.00%    +0.00%
    scn_two_rows_tight_P5_R10     1    +3.61%    +3.61%    +3.61%
    scn_two_rows_tight_P5_R20     1   +14.20%   +14.20%   +14.20%
    scn_two_rows_tight_P5_R30     1    +9.64%    +9.64%    +9.64%
    scn_two_rows_tight_P5_R5      1    +0.00%    +0.00%    +0.00%

  [wMOV  (1/1/100  movement-priority)]
    Type                          N      Mean       Min       Max
    -----------------------------------------------------------
    scn_chain_loose_P5_R10        1    +0.00%    +0.00%    +0.00%
    scn_chain_loose_P5_R20        1    +5.67%    +5.67%    +5.67%
    scn_chain_loose_P5_R30        1   +34.02%   +34.02%   +34.02%
    scn_chain_loose_P5_R5         1    +0.00%    +0.00%    +0.00%
    scn_chain_medium_P5_R10       1    +0.00%    +0.00%    +0.00%
    scn_chain_medium_P5_R20       1   +14.07%   +14.07%   +14.07%
    scn_chain_medium_P5_R30       1   +31.38%   +31.38%   +31.38%
    scn_chain_medium_P5_R5        1    +0.00%    +0.00%    +0.00%
    scn_chain_tight_P5_R10        1    +4.00%    +4.00%    +4.00%
    scn_chain_tight_P5_R20        1   +13.28%   +13.28%   +13.28%
    scn_chain_tight_P5_R30        1   +29.07%   +29.07%   +29.07%
    scn_chain_tight_P5_R5         1    +0.00%    +0.00%    +0.00%
    scn_full_tight_P5_R10         1    +6.49%    +6.49%    +6.49%
    scn_full_tight_P5_R20         1   +38.40%   +38.40%   +38.40%
    scn_hub_loose_P5_R10          1    +0.00%    +0.00%    +0.00%
    scn_hub_loose_P5_R20          1   +18.20%   +18.20%   +18.20%
    scn_hub_loose_P5_R30          1   +17.43%   +17.43%   +17.43%
    scn_hub_loose_P5_R5           1    +0.00%    +0.00%    +0.00%
    scn_hub_medium_P5_R10         1    +0.00%    +0.00%    +0.00%
    scn_hub_medium_P5_R20         1   +21.00%   +21.00%   +21.00%
    scn_hub_medium_P5_R30         1    +8.98%    +8.98%    +8.98%
    scn_hub_medium_P5_R5          1    +0.00%    +0.00%    +0.00%
    scn_hub_tight_P5_R10          1    +3.50%    +3.50%    +3.50%
    scn_hub_tight_P5_R20          1   +13.11%   +13.11%   +13.11%
    scn_hub_tight_P5_R30          1   +15.36%   +15.36%   +15.36%
    scn_hub_tight_P5_R5           1    +0.00%    +0.00%    +0.00%
    scn_none_tight_P5_R10         1    +0.00%    +0.00%    +0.00%
    scn_triangle_loose_P5_R10     1    +0.00%    +0.00%    +0.00%
    scn_triangle_loose_P5_R20     1   +25.66%   +25.66%   +25.66%
    scn_triangle_loose_P5_R30     1   +39.36%   +39.36%   +39.36%
    scn_triangle_loose_P5_R5      1    +0.00%    +0.00%    +0.00%
    scn_two_rows_loose_P5_R5      1    +0.00%    +0.00%    +0.00%
    scn_two_rows_medium_P5_R10    1    +0.00%    +0.00%    +0.00%
    scn_two_rows_medium_P5_R20    1   +17.26%   +17.26%   +17.26%
    scn_two_rows_medium_P5_R30    1   +19.32%   +19.32%   +19.32%
    scn_two_rows_medium_P5_R5     1    +0.00%    +0.00%    +0.00%
    scn_two_rows_tight_P5_R10     1    +4.35%    +4.35%    +4.35%
    scn_two_rows_tight_P5_R20     1    +4.30%    +4.30%    +4.30%
    scn_two_rows_tight_P5_R30     1   +37.98%   +37.98%   +37.98%
    scn_two_rows_tight_P5_R5      1    +0.00%    +0.00%    +0.00%

  -- Relative objective gap, aggregated over all profiles --
  [ALL profiles]
    Type                          N      Mean       Min       Max
    -----------------------------------------------------------
    scn_chain_loose_P5_R10        3  -103.34%  -302.60%    +0.00%
    scn_chain_loose_P5_R20        3   +13.83%    -3.02%   +38.85%
    scn_chain_loose_P5_R30        3   +33.42%   +27.74%   +38.50%
    scn_chain_loose_P5_R5         3    +0.00%    +0.00%    +0.00%
    scn_chain_medium_P5_R10       3    -3.97%    -6.55%    +0.00%
    scn_chain_medium_P5_R20       3   +21.50%   +14.07%   +29.07%
    scn_chain_medium_P5_R30       3   +32.71%   +28.75%   +38.02%
    scn_chain_medium_P5_R5        3    +0.00%    +0.00%    +0.00%
    scn_chain_tight_P5_R10        3    +1.95%    -4.13%    +5.96%
    scn_chain_tight_P5_R20        3    +9.68%    +1.84%   +13.94%
    scn_chain_tight_P5_R30        3   +31.36%   +28.87%   +36.14%
    scn_chain_tight_P5_R5         3  -167.52%  -502.50%    +0.00%
    scn_full_tight_P5_R10         3    +6.09%    -0.16%   +11.93%
    scn_full_tight_P5_R20         3   +56.36%   +38.40%   +70.65%
    scn_hub_loose_P5_R10          3   -10.29%   -27.74%    +0.00%
    scn_hub_loose_P5_R20          3   +18.47%   +14.40%   +22.81%
    scn_hub_loose_P5_R30          3   +16.89%   +15.26%   +17.98%
    scn_hub_loose_P5_R5           3    +0.00%    +0.00%    +0.00%
    scn_hub_medium_P5_R10         3    -2.55%    -4.42%    +0.00%
    scn_hub_medium_P5_R20         3   +13.94%    +8.50%   +21.00%
    scn_hub_medium_P5_R30         3   +13.77%    +8.98%   +19.37%
    scn_hub_medium_P5_R5          3    +0.00%    +0.00%    +0.00%
    scn_hub_tight_P5_R10          3    -0.19%    -3.27%    +3.50%
    scn_hub_tight_P5_R20          3   +14.76%   +13.11%   +16.23%
    scn_hub_tight_P5_R30          3   +14.76%   +14.23%   +15.36%
    scn_hub_tight_P5_R5           3    +0.00%    +0.00%    +0.00%
    scn_none_tight_P5_R10         3    +0.00%    +0.00%    +0.00%
    scn_triangle_loose_P5_R10     3    -0.44%    -1.32%    +0.00%
    scn_triangle_loose_P5_R20     3   +27.04%   +21.39%   +34.06%
    scn_triangle_loose_P5_R30     3   +44.83%   +30.62%   +64.51%
    scn_triangle_loose_P5_R5      3    +0.00%    +0.00%    +0.00%
    scn_triangle_medium_P5_R10    1    -1.49%    -1.49%    -1.49%
    scn_two_rows_loose_P5_R5      3    +0.00%    +0.00%    +0.00%
    scn_two_rows_medium_P5_R10    3    -0.52%    -1.60%    +0.04%
    scn_two_rows_medium_P5_R20    3   +15.69%   +13.60%   +17.26%
    scn_two_rows_medium_P5_R30    3   +18.07%   +16.47%   +19.32%
    scn_two_rows_medium_P5_R5     3    +0.00%    +0.00%    +0.00%
    scn_two_rows_tight_P5_R10     3    +2.56%    -0.29%    +4.35%
    scn_two_rows_tight_P5_R20     3   +13.41%    +4.30%   +21.73%
    scn_two_rows_tight_P5_R30     3   +21.17%    +9.64%   +37.98%
    scn_two_rows_tight_P5_R5      3    +0.00%    +0.00%    +0.00%

  -- Per-component mean Δ (heuristic − MILP); negative = heuristic better --
  -- (relative gap is distorted when the optimum delay ≈ 0; read these too)
  [wMK  (100/1/1  makespan-priority)]
    Type                          N   Δmakespan      Δdelay      Δmov
    ---------------------------------------------------------------
    scn_chain_loose_P5_R10        1       +5.00       -1.50     +4.00
    scn_chain_loose_P5_R20        1       +4.50      -40.50    +14.00
    scn_chain_loose_P5_R30        1      -95.50     -857.50    +78.00
    scn_chain_loose_P5_R5         1       +0.00       +0.00     +0.00
    scn_chain_medium_P5_R10       1       +3.50      +13.50     +2.00
    scn_chain_medium_P5_R20       1      -39.00      -79.50    +16.00
    scn_chain_medium_P5_R30       1      -93.00    -1280.50    +58.00
    scn_chain_medium_P5_R5        1       +0.00       +0.00     +0.00
    scn_chain_tight_P5_R10        1       +3.00      -15.00     +4.00
    scn_chain_tight_P5_R20        1       -2.50      -46.50    +24.00
    scn_chain_tight_P5_R30        1      -99.50    -1040.50    +62.00
    scn_chain_tight_P5_R5         1       +0.00       +4.00     -2.00
    scn_full_tight_P5_R10         1       +0.50      -22.00    -16.00
    scn_full_tight_P5_R20         1     -223.50    -1736.50     -6.00
    scn_hub_loose_P5_R10          1       +2.50      -19.00    -16.00
    scn_hub_loose_P5_R20          1      -20.50     -118.00    -24.00
    scn_hub_loose_P5_R30          1      -41.00      -93.00     +0.00
    scn_hub_loose_P5_R5           1       +0.00       +0.00     +0.00
    scn_hub_medium_P5_R10         1       +2.50      -10.50    -16.00
    scn_hub_medium_P5_R20         1      -12.50      -52.00    +24.00
    scn_hub_medium_P5_R30         1      -31.50     -529.00    +66.00
    scn_hub_medium_P5_R5          1       +0.00       +0.00     +0.00
    scn_hub_tight_P5_R10          1       +2.50       -7.00    -16.00
    scn_hub_tight_P5_R20          1      -22.50      -84.00    -16.00
    scn_hub_tight_P5_R30          1      -38.00     -215.50     +0.00
    scn_hub_tight_P5_R5           1       +0.00       +0.00     +0.00
    scn_none_tight_P5_R10         1       +0.00       +0.00     +0.00
    scn_triangle_loose_P5_R10     1       +1.00       -2.50     -8.00
    scn_triangle_loose_P5_R20     1      -32.00     -347.00     -8.00
    scn_triangle_loose_P5_R30     1      -92.50     -821.50     +0.00
    scn_triangle_loose_P5_R5      1       +0.00       +0.00     +0.00
    scn_triangle_medium_P5_R10    1       +1.00       +1.50     +0.00
    scn_two_rows_loose_P5_R5      1       +0.00       +0.00     +0.00
    scn_two_rows_medium_P5_R10    1       +1.00       -3.00     -4.00
    scn_two_rows_medium_P5_R20    1      -22.50     -148.50    -18.00
    scn_two_rows_medium_P5_R30    1      -43.50     -200.00     +0.00
    scn_two_rows_medium_P5_R5     1       +0.00       +0.00     +0.00
    scn_two_rows_tight_P5_R10     1       +0.00      +21.00     -4.00
    scn_two_rows_tight_P5_R20     1      -31.00     -392.50    -24.00
    scn_two_rows_tight_P5_R30     1      -43.50     -126.00     +0.00
    scn_two_rows_tight_P5_R5      1       +0.00       +0.00     +0.00

  [wDLY  (1/100/1  delay-priority)]
    Type                          N   Δmakespan      Δdelay      Δmov
    ---------------------------------------------------------------
    scn_chain_loose_P5_R10        1       +1.00       +4.00     +6.00
    scn_chain_loose_P5_R20        1      -32.00     -264.50    +34.00
    scn_chain_loose_P5_R30        1     -111.00    -1096.00    +74.00
    scn_chain_loose_P5_R5         1       +0.00       +0.00     +0.00
    scn_chain_medium_P5_R10       1       -4.00       +4.50     +2.00
    scn_chain_medium_P5_R20       1      -48.50     -249.50    +22.00
    scn_chain_medium_P5_R30       1      -93.50    -1270.50    +58.00
    scn_chain_medium_P5_R5        1       +0.00       +0.00     +0.00
    scn_chain_tight_P5_R10        1       +2.50       -8.00     +2.00
    scn_chain_tight_P5_R20        1      -10.00     -124.50    -10.00
    scn_chain_tight_P5_R30        1      -86.50    -1284.50     +0.00
    scn_chain_tight_P5_R5         1       +1.00       +2.00     +0.00
    scn_full_tight_P5_R10         1       -5.00      -18.00    -14.00
    scn_full_tight_P5_R20         1     -257.50    -1952.50     -4.00
    scn_hub_loose_P5_R10          1       +6.00       +0.50     +6.00
    scn_hub_loose_P5_R20          1      -22.50     -103.50    -24.00
    scn_hub_loose_P5_R30          1      -26.50     -325.00    +64.00
    scn_hub_loose_P5_R5           1       +0.00       +0.00     +0.00
    scn_hub_medium_P5_R10         1       -1.00       +3.00     -6.00
    scn_hub_medium_P5_R20         1      -24.50      -76.50    -16.00
    scn_hub_medium_P5_R30         1      -46.50     -422.50    +72.00
    scn_hub_medium_P5_R5          1       +0.00       +0.00     +0.00
    scn_hub_tight_P5_R10          1       +0.00       +1.00     -2.00
    scn_hub_tight_P5_R20          1      -27.50     -124.00    -16.00
    scn_hub_tight_P5_R30          1      -49.00     -365.50     +0.00
    scn_hub_tight_P5_R5           1       +0.00       +0.00     +0.00
    scn_none_tight_P5_R10         1       +0.00       +0.00     +0.00
    scn_triangle_loose_P5_R10     1       +0.00       +0.00     +0.00
    scn_triangle_loose_P5_R20     1      -26.50     -160.50     -4.00
    scn_triangle_loose_P5_R30     1     -277.00    -2451.00     +0.00
    scn_triangle_loose_P5_R5      1       +0.00       +0.00     +0.00
    scn_two_rows_loose_P5_R5      1       +0.00       +0.00     +0.00
    scn_two_rows_medium_P5_R10    1       -2.00       +0.00     +0.00
    scn_two_rows_medium_P5_R20    1      -21.50      -77.00     -4.00
    scn_two_rows_medium_P5_R30    1      -40.50     -371.50     -8.00
    scn_two_rows_medium_P5_R5     1       +0.00       +0.00     +0.00
    scn_two_rows_tight_P5_R10     1       -4.00       -3.50     -6.00
    scn_two_rows_tight_P5_R20     1      -24.50     -101.00     -4.00
    scn_two_rows_tight_P5_R30     1      -34.50     -215.50    -20.00
    scn_two_rows_tight_P5_R5      1       +0.00       +0.00     +0.00

  [wMOV  (1/1/100  movement-priority)]
    Type                          N   Δmakespan      Δdelay      Δmov
    ---------------------------------------------------------------
    scn_chain_loose_P5_R10        1       +0.00       +0.00     +0.00
    scn_chain_loose_P5_R20        1       -9.00      -30.00     +0.00
    scn_chain_loose_P5_R30        1      -95.50     -981.00     +0.00
    scn_chain_loose_P5_R5         1       +0.00       +0.00     +0.00
    scn_chain_medium_P5_R10       1       +0.00       +0.00     +0.00
    scn_chain_medium_P5_R20       1      -11.50     -126.50     +0.00
    scn_chain_medium_P5_R30       1      -96.50    -1016.50     +0.00
    scn_chain_medium_P5_R5        1       +0.00       +0.00     +0.00
    scn_chain_tight_P5_R10        1       +0.00       -9.00     +0.00
    scn_chain_tight_P5_R20        1      -55.00     -103.00     +0.00
    scn_chain_tight_P5_R30        1     -107.00     -994.00     +0.00
    scn_chain_tight_P5_R5         1       +0.00       +0.00     +0.00
    scn_full_tight_P5_R10         1       +0.00      -15.00     +0.00
    scn_full_tight_P5_R20         1      -84.00     -440.00     +0.00
    scn_hub_loose_P5_R10          1       +0.00       +0.00     +0.00
    scn_hub_loose_P5_R20          1      -22.50      -88.00     +0.00
    scn_hub_loose_P5_R30          1      -26.00     -328.00     +0.00
    scn_hub_loose_P5_R5           1       +0.00       +0.00     +0.00
    scn_hub_medium_P5_R10         1       +0.00       +0.00     +0.00
    scn_hub_medium_P5_R20         1      -23.50     -149.50     +0.00
    scn_hub_medium_P5_R30         1      -45.50     -177.00     +0.00
    scn_hub_medium_P5_R5          1       +0.00       +0.00     +0.00
    scn_hub_tight_P5_R10          1       +0.00       -7.00     +0.00
    scn_hub_tight_P5_R20          1      -25.50      -94.50     +0.00
    scn_hub_tight_P5_R30          1      -47.00     -376.50     +0.00
    scn_hub_tight_P5_R5           1       +0.00       +0.00     +0.00
    scn_none_tight_P5_R10         1       +0.00       +0.00     +0.00
    scn_triangle_loose_P5_R10     1       +1.00       -1.00     +0.00
    scn_triangle_loose_P5_R20     1      -33.00     -128.00     +0.00
    scn_triangle_loose_P5_R30     1      -77.00     -883.50     +0.00
    scn_triangle_loose_P5_R5      1       +0.00       +0.00     +0.00
    scn_two_rows_loose_P5_R5      1       +0.00       +0.00     +0.00
    scn_two_rows_medium_P5_R10    1       +0.00       +0.00     +0.00
    scn_two_rows_medium_P5_R20    1      -22.50     -105.00     +0.00
    scn_two_rows_medium_P5_R30    1      -38.50     -421.00     +0.00
    scn_two_rows_medium_P5_R5     1       +0.00       +0.00     +0.00
    scn_two_rows_tight_P5_R10     1       -1.00       -6.00     +0.00
    scn_two_rows_tight_P5_R20     1       -4.00      -29.00     +0.00
    scn_two_rows_tight_P5_R30     1      -99.50    -1264.50     +0.00
    scn_two_rows_tight_P5_R5      1       +0.00       +0.00     +0.00

==================================================================


==================================================================
  SUMMARY  —  121 ok  /  0 failed  /  121 total
==================================================================
  Instance                          Experiment  Status             Obj   Makespan      Delay   Mov       Gap   Time(s)
  --------------------------------------------------------------------------------------------------------------------
  scn_two_rows_loose_P5_R5_seed1    igvnd_wMK   heuristic_     3000.00      30.00       0.00     0         -      60.0
  scn_two_rows_loose_P5_R5_seed1    igvnd_wDLY  heuristic_       30.00      30.00       0.00     0         -      60.0
  scn_two_rows_loose_P5_R5_seed1    igvnd_wMOV  heuristic_       30.00      30.00       0.00     0         -      60.0
  scn_two_rows_medium_P5_R10_seed1  igvnd_wMK   heuristic_     5904.50      58.50      54.50     0         -      60.0
  scn_two_rows_medium_P5_R10_seed1  igvnd_wDLY  heuristic_     5508.50      58.50      54.50     0         -      60.0
  scn_two_rows_medium_P5_R10_seed1  igvnd_wMOV  heuristic_      113.00      58.50      54.50     0         -      60.0
  scn_two_rows_medium_P5_R20_seed1  igvnd_wMK   heuristic_    12494.00     119.50     544.00     0         -      60.0
  scn_two_rows_medium_P5_R20_seed1  igvnd_wDLY  heuristic_    49074.50     124.50     489.50     0         -      60.0
  scn_two_rows_medium_P5_R20_seed1  igvnd_wMOV  heuristic_      611.00     125.50     485.50     0         -      60.1
  scn_two_rows_medium_P5_R30_seed1  igvnd_wMK   heuristic_    23068.50     212.50    1818.50     0         -      60.2
  scn_two_rows_medium_P5_R30_seed1  igvnd_wDLY  heuristic_   164821.50     221.50    1646.00     0         -      60.1
  scn_two_rows_medium_P5_R30_seed1  igvnd_wMOV  heuristic_     1919.00     219.50    1699.50     0         -      60.1
  scn_two_rows_medium_P5_R5_seed1   igvnd_wMK   heuristic_     3000.00      30.00       0.00     0         -      60.0
  scn_two_rows_medium_P5_R5_seed1   igvnd_wDLY  heuristic_       30.00      30.00       0.00     0         -      60.0
  scn_two_rows_medium_P5_R5_seed1   igvnd_wMOV  heuristic_       30.00      30.00       0.00     0         -      60.0
  scn_two_rows_tight_P5_R10_seed1   igvnd_wMK   heuristic_     5868.50      57.50     118.50     0         -      60.0
  scn_two_rows_tight_P5_R10_seed1   igvnd_wDLY  heuristic_     9608.50      58.50      95.50     0         -      60.0
  scn_two_rows_tight_P5_R10_seed1   igvnd_wMOV  heuristic_      154.00      58.50      95.50     0         -      60.0
  scn_two_rows_tight_P5_R20_seed1   igvnd_wMK   heuristic_    12669.00     120.50     619.00     0         -      60.0
  scn_two_rows_tight_P5_R20_seed1   igvnd_wDLY  heuristic_    61223.50     123.50     611.00     0         -      60.0
  scn_two_rows_tight_P5_R20_seed1   igvnd_wMOV  heuristic_      734.50     123.50     611.00     0         -      60.1
  scn_two_rows_tight_P5_R30_seed1   igvnd_wMK   heuristic_    23697.50     214.50    2247.50     0         -      60.2
  scn_two_rows_tight_P5_R30_seed1   igvnd_wDLY  heuristic_   202421.50     221.50    2022.00     0         -      60.1
  scn_two_rows_tight_P5_R30_seed1   igvnd_wMOV  heuristic_     2227.50     226.50    2001.00     0         -      60.2
  scn_two_rows_tight_P5_R5_seed1    igvnd_wMK   heuristic_     3000.00      30.00       0.00     0         -      60.0
  scn_two_rows_tight_P5_R5_seed1    igvnd_wDLY  heuristic_       30.00      30.00       0.00     0         -      60.0
  scn_two_rows_tight_P5_R5_seed1    igvnd_wMOV  heuristic_       30.00      30.00       0.00     0         -      60.0
  scn_chain_loose_P5_R10_seed2      igvnd_wMK   heuristic_     7287.50      72.50      21.50    16         -      60.0
  scn_chain_loose_P5_R10_seed2      igvnd_wDLY  heuristic_      541.50      75.50       4.50    16         -      60.1
  scn_chain_loose_P5_R10_seed2      igvnd_wMOV  heuristic_       81.50      72.50       9.00     0         -      60.1
  scn_chain_loose_P5_R20_seed2      igvnd_wMK   heuristic_    14447.50     139.00     505.50    42         -      60.1
  scn_chain_loose_P5_R20_seed2      igvnd_wDLY  heuristic_    41634.50     144.50     414.50    40         -      60.1
  scn_chain_loose_P5_R20_seed2      igvnd_wMOV  heuristic_      648.50     153.00     495.50     0         -      60.1
  scn_chain_loose_P5_R30_seed2      igvnd_wMK   heuristic_    26911.00     246.00    2233.00    78         -      60.4
  scn_chain_loose_P5_R30_seed2      igvnd_wDLY  heuristic_   175120.50     246.50    1748.00    74         -      60.1
  scn_chain_loose_P5_R30_seed2      igvnd_wMOV  heuristic_     2088.00     244.00    1844.00     0         -      60.4
  scn_chain_loose_P5_R5_seed2       igvnd_wMK   heuristic_     3700.00      37.00       0.00     0         -      60.0
  scn_chain_loose_P5_R5_seed2       igvnd_wDLY  heuristic_       37.00      37.00       0.00     0         -      60.0
  scn_chain_loose_P5_R5_seed2       igvnd_wMOV  heuristic_       37.00      37.00       0.00     0         -      60.0
  scn_chain_medium_P5_R10_seed2     igvnd_wMK   heuristic_     7204.00      71.00      86.00    18         -      60.0
  scn_chain_medium_P5_R10_seed2     igvnd_wDLY  heuristic_     7285.50      71.50      72.00    14         -      60.2
  scn_chain_medium_P5_R10_seed2     igvnd_wMOV  heuristic_      152.00      72.50      79.50     0         -      60.0
  scn_chain_medium_P5_R20_seed2     igvnd_wMK   heuristic_    14602.50     138.50     722.50    30         -      60.1
  scn_chain_medium_P5_R20_seed2     igvnd_wDLY  heuristic_    60929.00     143.00     607.50    36         -      60.1
  scn_chain_medium_P5_R20_seed2     igvnd_wMOV  heuristic_      842.50     154.00     688.50     0         -      60.2
  scn_chain_medium_P5_R30_seed2     igvnd_wMK   heuristic_    26083.00     239.00    2121.00    62         -      60.2
  scn_chain_medium_P5_R30_seed2     igvnd_wDLY  heuristic_   207208.50     250.50    2069.00    58         -      60.3
  scn_chain_medium_P5_R30_seed2     igvnd_wMOV  heuristic_     2434.00     244.00    2190.00     0         -      60.3
  scn_chain_medium_P5_R5_seed2      igvnd_wMK   heuristic_     3700.00      37.00       0.00     0         -      60.0
  scn_chain_medium_P5_R5_seed2      igvnd_wDLY  heuristic_       37.00      37.00       0.00     0         -      60.0
  scn_chain_medium_P5_R5_seed2      igvnd_wMOV  heuristic_       37.00      37.00       0.00     0         -      60.0
  scn_chain_tight_P5_R10_seed2      igvnd_wMK   heuristic_     7293.00      71.50     129.00    14         -      60.0
  scn_chain_tight_P5_R10_seed2      igvnd_wDLY  heuristic_    12541.00      75.00     124.50    16         -      60.2
  scn_chain_tight_P5_R10_seed2      igvnd_wMOV  heuristic_      216.00      74.50     141.50     0         -      60.0
  scn_chain_tight_P5_R20_seed2      igvnd_wMK   heuristic_    14542.00     136.50     844.00    48         -      60.3
  scn_chain_tight_P5_R20_seed2      igvnd_wDLY  heuristic_    77009.00     159.00     768.50     0         -      60.1
  scn_chain_tight_P5_R20_seed2      igvnd_wMOV  heuristic_     1032.00     139.00     893.00     0         -      60.0
  scn_chain_tight_P5_R30_seed2      igvnd_wMK   heuristic_    26922.50     241.50    2710.50    62         -      60.4
  scn_chain_tight_P5_R30_seed2      igvnd_wDLY  heuristic_   227154.00     254.00    2269.00     0         -      60.2
  scn_chain_tight_P5_R30_seed2      igvnd_wMOV  heuristic_     2686.00     244.00    2442.00     0         -      60.2
  scn_chain_tight_P5_R5_seed2       igvnd_wMK   heuristic_     3706.00      37.00       6.00     0         -      60.0
  scn_chain_tight_P5_R5_seed2       igvnd_wDLY  heuristic_      241.00      39.00       2.00     2         -      60.0
  scn_chain_tight_P5_R5_seed2       igvnd_wMOV  heuristic_       43.00      37.00       6.00     0         -      60.0
  scn_full_tight_P5_R10_seed2       igvnd_wMK   heuristic_     7591.50      74.50     141.50     0         -      60.0
  scn_full_tight_P5_R10_seed2       igvnd_wDLY  heuristic_    13422.50      72.50     133.50     0         -      60.0
  scn_full_tight_P5_R10_seed2       igvnd_wMOV  heuristic_      216.00      74.50     141.50     0         -      60.2
  scn_full_tight_P5_R20_seed2       igvnd_wMK   heuristic_    16038.00     150.50     988.00     0         -      60.2
  scn_full_tight_P5_R20_seed2       igvnd_wDLY  heuristic_    81234.50     134.50     811.00     0         -      60.1
  scn_full_tight_P5_R20_seed2       igvnd_wMOV  heuristic_      840.50     130.50     710.00     0         -      61.3
  scn_hub_loose_P5_R10_seed2        igvnd_wMK   heuristic_     7054.50      70.50       4.50     0         -      60.1
  scn_hub_loose_P5_R10_seed2        igvnd_wDLY  heuristic_      285.50      77.50       2.00     8         -      60.0
  scn_hub_loose_P5_R10_seed2        igvnd_wMOV  heuristic_       75.00      70.50       4.50     0         -      60.0
  scn_hub_loose_P5_R20_seed2        igvnd_wMK   heuristic_    13030.00     126.50     380.00     0         -      60.0
  scn_hub_loose_P5_R20_seed2        igvnd_wDLY  heuristic_    35178.50     128.50     350.50     0         -      60.1
  scn_hub_loose_P5_R20_seed2        igvnd_wMOV  heuristic_      496.50     128.50     368.00     0         -      60.0
  scn_hub_loose_P5_R30_seed2        igvnd_wMK   heuristic_    23276.00     213.50    1926.00     0         -      60.4
  scn_hub_loose_P5_R30_seed2        igvnd_wDLY  heuristic_   148107.00     243.00    1478.00    64         -      60.3
  scn_hub_loose_P5_R30_seed2        igvnd_wMOV  heuristic_     1677.00     231.50    1445.50     0         -      60.1
  scn_hub_loose_P5_R5_seed2         igvnd_wMK   heuristic_     3700.00      37.00       0.00     0         -      60.0
  scn_hub_loose_P5_R5_seed2         igvnd_wDLY  heuristic_       37.00      37.00       0.00     0         -      60.0
  scn_hub_loose_P5_R5_seed2         igvnd_wMOV  heuristic_       37.00      37.00       0.00     0         -      60.0
  scn_hub_medium_P5_R10_seed2       igvnd_wMK   heuristic_     7118.50      70.50      68.50     0         -      60.0
  scn_hub_medium_P5_R10_seed2       igvnd_wDLY  heuristic_     6920.50      70.50      68.50     0         -      60.1
  scn_hub_medium_P5_R10_seed2       igvnd_wMOV  heuristic_      139.00      70.50      68.50     0         -      60.0
  scn_hub_medium_P5_R20_seed2       igvnd_wMK   heuristic_    13758.50     131.00     618.50    40         -      60.1
  scn_hub_medium_P5_R20_seed2       igvnd_wDLY  heuristic_    54774.50     124.50     546.50     0         -      60.1
  scn_hub_medium_P5_R20_seed2       igvnd_wMOV  heuristic_      651.00     129.50     521.50     0         -      60.1
  scn_hub_medium_P5_R30_seed2       igvnd_wMK   heuristic_    24269.00     224.00    1803.00    66         -      60.2
  scn_hub_medium_P5_R30_seed2       igvnd_wDLY  heuristic_   175797.00     225.00    1755.00    72         -      60.2
  scn_hub_medium_P5_R30_seed2       igvnd_wMOV  heuristic_     2256.00     221.50    2034.50     0         -      60.2
  scn_hub_medium_P5_R5_seed2        igvnd_wMK   heuristic_     3700.00      37.00       0.00     0         -      60.0
  scn_hub_medium_P5_R5_seed2        igvnd_wDLY  heuristic_       37.00      37.00       0.00     0         -      60.0
  scn_hub_medium_P5_R5_seed2        igvnd_wMOV  heuristic_       37.00      37.00       0.00     0         -      60.0
  scn_hub_tight_P5_R10_seed2        igvnd_wMK   heuristic_     7172.50      70.50     122.50     0         -      60.1
  scn_hub_tight_P5_R10_seed2        igvnd_wDLY  heuristic_    12320.50      70.50     122.50     0         -      60.0
  scn_hub_tight_P5_R10_seed2        igvnd_wMOV  heuristic_      193.00      70.50     122.50     0         -      60.0
  scn_hub_tight_P5_R20_seed2        igvnd_wMK   heuristic_    13377.00     126.50     727.00     0         -      60.1
  scn_hub_tight_P5_R20_seed2        igvnd_wDLY  heuristic_    64224.50     124.50     641.00     0         -      60.0
  scn_hub_tight_P5_R20_seed2        igvnd_wMOV  heuristic_      795.50     126.50     669.00     0         -      60.0
  scn_hub_tight_P5_R30_seed2        igvnd_wMK   heuristic_    24205.50     218.50    2355.50     0         -      60.1
  scn_hub_tight_P5_R30_seed2        igvnd_wDLY  heuristic_   212265.50     215.50    2120.50     0         -      60.3
  scn_hub_tight_P5_R30_seed2        igvnd_wMOV  heuristic_     2334.00     216.50    2117.50     0         -      60.3
  scn_hub_tight_P5_R5_seed2         igvnd_wMK   heuristic_     3701.00      37.00       1.00     0         -      60.0
  scn_hub_tight_P5_R5_seed2         igvnd_wDLY  heuristic_      137.00      37.00       1.00     0         -      60.0
  scn_hub_tight_P5_R5_seed2         igvnd_wMOV  heuristic_       38.00      37.00       1.00     0         -      60.0
  scn_none_tight_P5_R10_seed2       igvnd_wMK   heuristic_     6858.50      67.50     108.50     0         -      60.0
  scn_none_tight_P5_R10_seed2       igvnd_wDLY  heuristic_    10917.50      67.50     108.50     0         -      61.6
  scn_none_tight_P5_R10_seed2       igvnd_wMOV  heuristic_      176.00      67.50     108.50     0         -      60.0
  scn_triangle_loose_P5_R10_seed2   igvnd_wMK   heuristic_     6854.00      68.50       4.00     0         -      61.0
  scn_triangle_loose_P5_R10_seed2   igvnd_wDLY  heuristic_       71.50      71.50       0.00     0         -      60.0
  scn_triangle_loose_P5_R10_seed2   igvnd_wMOV  heuristic_       71.50      71.50       0.00     0         -      60.0
  scn_triangle_loose_P5_R20_seed2   igvnd_wMK   heuristic_    13068.50     126.50     418.50     0         -      60.2
  scn_triangle_loose_P5_R20_seed2   igvnd_wDLY  heuristic_    31126.50     126.50     310.00     0         -      60.1
  scn_triangle_loose_P5_R20_seed2   igvnd_wMOV  heuristic_      466.50     130.50     336.00     0         -      60.0
  scn_triangle_loose_P5_R30_seed2   igvnd_wMK   heuristic_    22821.50     211.50    1671.50     0         -      60.1
  scn_triangle_loose_P5_R30_seed2   igvnd_wDLY  heuristic_   135019.00     219.00    1348.00     0         -      60.1
  scn_triangle_loose_P5_R30_seed2   igvnd_wMOV  heuristic_     1480.00     222.50    1257.50     0         -      60.2
  scn_triangle_loose_P5_R5_seed2    igvnd_wMK   heuristic_     3700.00      37.00       0.00     0         -      60.0
  scn_triangle_loose_P5_R5_seed2    igvnd_wDLY  heuristic_       37.00      37.00       0.00     0         -      60.0
  scn_triangle_loose_P5_R5_seed2    igvnd_wMOV  heuristic_       37.00      37.00       0.00     0         -      60.0
  scn_triangle_medium_P5_R10_seed2  igvnd_wMK   heuristic_     6927.00      68.50      69.00     8         -      60.0
==================================================================
