==================================================================
  EXPERIMENT CONFIGURATIONS  (3 experiments)
  Code state (git): 49e616a+dirty
  Instance order  : by seed, then config (seed1 of all types first)
==================================================================
  Shared parameters:
    time_limit_s=60               NoRelHeurTime=0
    MIPGap=0.0                    seed=1

  Per-experiment parameters:
  Label       Solver                      weight_makespan  weight_delay  weight_movements
  ---------------------------------------------------------------------------------------
  igvnd_wMK   IteratedGreedyVNDJobSolver  100              1             1               
  igvnd_wDLY  IteratedGreedyVNDJobSolver  1                100           1               
  igvnd_wMOV  IteratedGreedyVNDJobSolver  1                1             100             
==================================================================


==================================================================
  HEURISTIC vs MILP  —  relative gap per instance type
  gap = (MILP_obj - heuristic_obj) / MILP_obj
  gap > 0  =>  heuristic BETTER (lower objective);  < 0  => worse
  heuristic: igvnd_wMK / igvnd_wDLY / igvnd_wMOV   (MILP rows from cache)
==================================================================
  -- Relative objective gap, by weight profile --
  [wMK  (100/1/1  makespan-priority)]
    Type                         N      Mean       Min       Max
    ----------------------------------------------------------
    scn_chain_loose_P5_R10       2    -4.80%    -5.12%    -4.49%
    scn_chain_loose_P5_R20       1   +27.41%   +27.41%   +27.41%
    scn_chain_medium_P5_R10      3    -5.00%    -6.55%    -3.39%
    scn_chain_tight_P5_R10       1    +4.85%    +4.85%    +4.85%
    scn_chain_tight_P5_R5        2    +0.00%    +0.00%    +0.00%
    scn_hub_loose_P5_R10         2    -5.49%    -8.02%    -2.96%
    scn_hub_loose_P5_R30         1   +12.64%   +12.64%   +12.64%
    scn_hub_tight_P5_R10         1    -6.92%    -6.92%    -6.92%
    scn_hub_tight_P5_R5          1    +0.00%    +0.00%    +0.00%
    scn_none_tight_P5_R10        1    +0.00%    +0.00%    +0.00%
    scn_two_rows_loose_P5_R10    2    -1.59%    -1.62%    -1.56%
    scn_two_rows_loose_P5_R30    1   +18.12%   +18.12%   +18.12%

  [wDLY  (1/100/1  delay-priority)]
    Type                         N      Mean       Min       Max
    ----------------------------------------------------------
    scn_chain_loose_P5_R10       2  -172.40%  -174.44%  -170.36%
    scn_chain_loose_P5_R20       1   +22.06%   +22.06%   +22.06%
    scn_chain_medium_P5_R10      3    +2.11%    +0.16%    +4.66%
    scn_chain_tight_P5_R10       1   +23.97%   +23.97%   +23.97%
    scn_chain_tight_P5_R5        2    +0.00%    +0.00%    +0.00%
    scn_hub_loose_P5_R10         2  -261.27%  -522.54%    +0.00%
    scn_hub_loose_P5_R30         1   +22.53%   +22.53%   +22.53%
    scn_hub_tight_P5_R10         1    +5.58%    +5.58%    +5.58%
    scn_hub_tight_P5_R5          1    +0.00%    +0.00%    +0.00%
    scn_none_tight_P5_R10        1    +0.00%    +0.00%    +0.00%
    scn_two_rows_loose_P5_R10    2   -17.96%   -35.92%    +0.00%
    scn_two_rows_loose_P5_R30    1   +47.78%   +47.78%   +47.78%

  [wMOV  (1/1/100  movement-priority)]
    Type                         N      Mean       Min       Max
    ----------------------------------------------------------
    scn_chain_loose_P5_R10       2    -1.11%    -2.22%    +0.00%
    scn_chain_loose_P5_R20       1   +27.07%   +27.07%   +27.07%
    scn_chain_medium_P5_R10      3    -0.69%    -2.08%    +0.00%
    scn_chain_tight_P5_R10       1   -10.31%   -10.31%   -10.31%
    scn_chain_tight_P5_R5        2    +0.00%    +0.00%    +0.00%
    scn_hub_loose_P5_R10         2    +0.00%    +0.00%    +0.00%
    scn_hub_loose_P5_R30         1   +25.79%   +25.79%   +25.79%
    scn_hub_tight_P5_R10         1    +0.00%    +0.00%    +0.00%
    scn_hub_tight_P5_R5          1    +0.00%    +0.00%    +0.00%
    scn_none_tight_P5_R10        1    +0.00%    +0.00%    +0.00%
    scn_two_rows_loose_P5_R10    2    +0.00%    +0.00%    +0.00%
    scn_two_rows_loose_P5_R30    1   +38.25%   +38.25%   +38.25%

  -- Relative objective gap, aggregated over all profiles --
  [ALL profiles]
    Type                         N      Mean       Min       Max
    ----------------------------------------------------------
    scn_chain_loose_P5_R10       6   -59.44%  -174.44%    +0.00%
    scn_chain_loose_P5_R20       3   +25.51%   +22.06%   +27.41%
    scn_chain_medium_P5_R10      9    -1.19%    -6.55%    +4.66%
    scn_chain_tight_P5_R10       3    +6.17%   -10.31%   +23.97%
    scn_chain_tight_P5_R5        6    +0.00%    +0.00%    +0.00%
    scn_hub_loose_P5_R10         6   -88.92%  -522.54%    +0.00%
    scn_hub_loose_P5_R30         3   +20.32%   +12.64%   +25.79%
    scn_hub_tight_P5_R10         3    -0.44%    -6.92%    +5.58%
    scn_hub_tight_P5_R5          3    +0.00%    +0.00%    +0.00%
    scn_none_tight_P5_R10        3    +0.00%    +0.00%    +0.00%
    scn_two_rows_loose_P5_R10    6    -6.52%   -35.92%    +0.00%
    scn_two_rows_loose_P5_R30    3   +34.72%   +18.12%   +47.78%

  -- Per-component mean Δ (heuristic − MILP); negative = heuristic better --
  -- (relative gap is distorted when the optimum delay ≈ 0; read these too)
  [wMK  (100/1/1  makespan-priority)]
    Type                         N   Δmakespan      Δdelay      Δmov
    --------------------------------------------------------------
    scn_chain_loose_P5_R10       2       +3.00      -14.25     -6.00
    scn_chain_loose_P5_R20       1      -48.00     -303.00    +30.00
    scn_chain_medium_P5_R10      3       +3.00       +9.67     +3.33
    scn_chain_tight_P5_R10       1       -3.00      -43.00     +2.00
    scn_chain_tight_P5_R5        2       +0.00       +0.00     +0.00
    scn_hub_loose_P5_R10         2       +3.50       +4.75     -5.00
    scn_hub_loose_P5_R30         1      -32.00     -492.00    +72.00
    scn_hub_tight_P5_R10         1       +4.00       +4.00    -12.00
    scn_hub_tight_P5_R5          1       +0.00       +0.00     +0.00
    scn_none_tight_P5_R10        1       +0.00       +0.00     +0.00
    scn_two_rows_loose_P5_R10    2       +1.00       -1.75     -4.00
    scn_two_rows_loose_P5_R30    1      -49.50     -223.00     -2.00

  [wDLY  (1/100/1  delay-priority)]
    Type                         N   Δmakespan      Δdelay      Δmov
    --------------------------------------------------------------
    scn_chain_loose_P5_R10       2       +3.00       +2.75     +7.00
    scn_chain_loose_P5_R20       1      -11.50     -118.50    +16.00
    scn_chain_medium_P5_R10      3       -3.00       -1.33     -1.33
    scn_chain_tight_P5_R10       1      -21.50      -37.00     -8.00
    scn_chain_tight_P5_R5        2       +0.00       +0.00     +0.00
    scn_hub_loose_P5_R10         2       +0.00       +2.25     +1.00
    scn_hub_loose_P5_R30         1      -52.00     -436.00     +0.00
    scn_hub_tight_P5_R10         1       -2.50       -6.00     +4.00
    scn_hub_tight_P5_R5          1       +0.00       +0.00     +0.00
    scn_none_tight_P5_R10        1       +0.00       +0.00     +0.00
    scn_two_rows_loose_P5_R10    2       -0.50       +0.50     -2.00
    scn_two_rows_loose_P5_R30    1     -129.00    -1255.50     +0.00

  [wMOV  (1/1/100  movement-priority)]
    Type                         N   Δmakespan      Δdelay      Δmov
    --------------------------------------------------------------
    scn_chain_loose_P5_R10       2       +0.25       +0.50     +0.00
    scn_chain_loose_P5_R20       1      -35.00     -184.50     +0.00
    scn_chain_medium_P5_R10      3       +0.33       +0.67     +0.00
    scn_chain_tight_P5_R10       1       +2.50      +17.50     +0.00
    scn_chain_tight_P5_R5        2       +0.00       +0.00     +0.00
    scn_hub_loose_P5_R10         2       +0.00       +0.00     +0.00
    scn_hub_loose_P5_R30         1      -66.00     -503.00     +0.00
    scn_hub_tight_P5_R10         1       +0.00       +0.00     +0.00
    scn_hub_tight_P5_R5          1       +0.00       +0.00     +0.00
    scn_none_tight_P5_R10        1       +0.00       +0.00     +0.00
    scn_two_rows_loose_P5_R10    2       +0.00       +0.00     +0.00
    scn_two_rows_loose_P5_R30    1      -90.50     -914.50     +0.00

==================================================================


==================================================================
  SUMMARY  —  54 ok  /  0 failed  /  54 total
==================================================================
  Instance                         Experiment  Status             Obj   Makespan      Delay   Mov       Gap   Time(s)
  -------------------------------------------------------------------------------------------------------------------
  scn_chain_loose_P5_R20_seed1     igvnd_wMK   heuristic_    13434.50     129.50     440.50    44         -      60.0
  scn_chain_loose_P5_R20_seed1     igvnd_wDLY  heuristic_    41841.00     147.00     416.50    44         -      60.2
  scn_chain_loose_P5_R20_seed1     igvnd_wMOV  heuristic_      591.50     139.50     452.00     0         -      60.1
  scn_chain_medium_P5_R10_seed1    igvnd_wMK   heuristic_     6220.50      61.50      60.50    10         -      60.0
  scn_chain_medium_P5_R10_seed1    igvnd_wDLY  heuristic_     6123.50      63.50      60.50    10         -      60.0
  scn_chain_medium_P5_R10_seed1    igvnd_wMOV  heuristic_      131.00      62.50      68.50     0         -      60.2
  scn_hub_loose_P5_R30_seed1       igvnd_wMK   heuristic_    25015.50     233.50    1593.50    72         -      60.3
  scn_hub_loose_P5_R30_seed1       igvnd_wDLY  heuristic_   150121.50     221.50    1499.00     0         -      60.2
  scn_hub_loose_P5_R30_seed1       igvnd_wMOV  heuristic_     1637.50     217.50    1420.00     0         -      60.2
  scn_hub_tight_P5_R5_seed1        igvnd_wMK   heuristic_     3002.00      30.00       0.00     2         -      60.0
  scn_hub_tight_P5_R5_seed1        igvnd_wDLY  heuristic_       32.00      30.00       0.00     2         -      60.0
  scn_hub_tight_P5_R5_seed1        igvnd_wMOV  heuristic_       33.00      30.00       3.00     0         -      60.0
  scn_none_tight_P5_R10_seed1      igvnd_wMK   heuristic_     5844.50      57.50      94.50     0         -      60.0
  scn_none_tight_P5_R10_seed1      igvnd_wDLY  heuristic_     9408.50      58.50      93.50     0         -      60.0
  scn_none_tight_P5_R10_seed1      igvnd_wMOV  heuristic_      152.00      58.50      93.50     0         -      60.0
  scn_two_rows_loose_P5_R10_seed1  igvnd_wMK   heuristic_     5854.50      58.50       4.50     0         -      60.0
  scn_two_rows_loose_P5_R10_seed1  igvnd_wDLY  heuristic_      359.50      59.50       3.00     0         -      60.0
  scn_two_rows_loose_P5_R10_seed1  igvnd_wMOV  heuristic_       62.50      59.50       3.00     0         -      60.0
  scn_two_rows_loose_P5_R30_seed1  igvnd_wMK   heuristic_    23383.50     218.00    1583.50     0         -      60.2
  scn_two_rows_loose_P5_R30_seed1  igvnd_wDLY  heuristic_   137372.50     222.50    1371.50     0         -      60.2
  scn_two_rows_loose_P5_R30_seed1  igvnd_wMOV  heuristic_     1622.50     226.50    1396.00     0         -      60.1
  scn_chain_medium_P5_R10_seed2    igvnd_wMK   heuristic_     7070.50      69.50     104.50    16         -      60.0
  scn_chain_medium_P5_R10_seed2    igvnd_wDLY  heuristic_     6733.50      71.50      66.50    12         -      60.0
  scn_chain_medium_P5_R10_seed2    igvnd_wMOV  heuristic_      152.00      72.50      79.50     0         -      60.0
  scn_chain_tight_P5_R5_seed3      igvnd_wMK   heuristic_     3104.00      31.00       2.00     2         -      60.0
  scn_chain_tight_P5_R5_seed3      igvnd_wDLY  heuristic_       34.00      32.00       0.00     2         -      60.0
  scn_chain_tight_P5_R5_seed3      igvnd_wMOV  heuristic_       37.00      31.00       6.00     0         -      60.0
  scn_chain_loose_P5_R10_seed5     igvnd_wMK   heuristic_     5883.00      58.50      19.00    14         -      60.0
  scn_chain_loose_P5_R10_seed5     igvnd_wDLY  heuristic_      182.50      66.50       1.00    16         -      60.0
  scn_chain_loose_P5_R10_seed5     igvnd_wMOV  heuristic_       69.00      63.00       6.00     0         -      60.0
  scn_chain_tight_P5_R5_seed5      igvnd_wMK   heuristic_     3202.00      32.00       0.00     2         -      60.0
  scn_chain_tight_P5_R5_seed5      igvnd_wDLY  heuristic_       34.00      32.00       0.00     2         -      60.0
  scn_chain_tight_P5_R5_seed5      igvnd_wMOV  heuristic_       37.00      32.00       5.00     0         -      60.0
  scn_hub_tight_P5_R10_seed5       igvnd_wMK   heuristic_     6058.50      59.50     108.50     0         -      60.2
  scn_hub_tight_P5_R10_seed5       igvnd_wDLY  heuristic_    10121.50      59.50     100.50    12         -      60.0
  scn_hub_tight_P5_R10_seed5       igvnd_wMOV  heuristic_      164.00      60.50     103.50     0         -      60.0
  scn_chain_tight_P5_R10_seed6     igvnd_wMK   heuristic_     6684.50      65.50     122.50    12         -      60.0
  scn_chain_tight_P5_R10_seed6     igvnd_wDLY  heuristic_    11827.50      67.50     117.50    10         -      60.0
  scn_chain_tight_P5_R10_seed6     igvnd_wMOV  heuristic_      214.00      70.00     144.00     0         -      60.2
  scn_hub_loose_P5_R10_seed7       igvnd_wMK   heuristic_     6677.50      66.50      23.50     4         -      60.2
  scn_hub_loose_P5_R10_seed7       igvnd_wDLY  heuristic_       67.50      67.50       0.00     0         -      60.2
  scn_hub_loose_P5_R10_seed7       igvnd_wMOV  heuristic_       67.50      67.50       0.00     0         -      60.0
  scn_two_rows_loose_P5_R10_seed7  igvnd_wMK   heuristic_     6176.50      61.50      26.50     0         -      60.0
  scn_two_rows_loose_P5_R10_seed7  igvnd_wDLY  heuristic_       62.50      62.50       0.00     0         -      60.0
  scn_two_rows_loose_P5_R10_seed7  igvnd_wMOV  heuristic_       62.50      62.50       0.00     0         -      60.1
  scn_chain_loose_P5_R10_seed8     igvnd_wMK   heuristic_     6356.50      63.50       6.50     0         -      60.1
  scn_chain_loose_P5_R10_seed8     igvnd_wDLY  heuristic_      720.50      64.50       6.50     6         -      60.0
  scn_chain_loose_P5_R10_seed8     igvnd_wMOV  heuristic_       70.00      63.50       6.50     0         -      60.1
  scn_hub_loose_P5_R10_seed9       igvnd_wMK   heuristic_     7071.50      70.50      21.50     0         -      60.0
  scn_hub_loose_P5_R10_seed9       igvnd_wDLY  heuristic_      538.50      76.50       4.50    12         -      60.0
  scn_hub_loose_P5_R10_seed9       igvnd_wMOV  heuristic_       79.50      71.50       8.00     0         -      60.0
  scn_chain_medium_P5_R10_seed10   igvnd_wMK   heuristic_     6633.50      65.50      65.50    18         -      60.0
  scn_chain_medium_P5_R10_seed10   igvnd_wDLY  heuristic_     6325.50      65.50      62.50    10         -      60.0
  scn_chain_medium_P5_R10_seed10   igvnd_wMOV  heuristic_      147.00      70.50      76.50     0         -      60.1
==================================================================
