==================================================================
  EXPERIMENT CONFIGURATIONS  (3 experiments)
  Code state (git): 49e616a
  Instance order  : by seed, then config (seed1 of all types first)
==================================================================
  Shared parameters:
    time_limit_s=60               NoRelHeurTime=0
    MIPGap=0.0                    seed=1

  Per-experiment parameters:
  Label       Solver                      weight_makespan  weight_delay  weight_movements
  ---------------------------------------------------------------------------------------
  igvnd_wMK   IteratedGreedyVNDJobSolver  100              1             1               
  igvnd_wDLY  IteratedGreedyVNDJobSolver  1                100           1               
  igvnd_wMOV  IteratedGreedyVNDJobSolver  1                1             100             
==================================================================


==================================================================
  HEURISTIC vs MILP  —  relative gap per instance type
  gap = (MILP_obj - heuristic_obj) / MILP_obj
  gap > 0  =>  heuristic BETTER (lower objective);  < 0  => worse
  heuristic: igvnd_wMK / igvnd_wDLY / igvnd_wMOV   (MILP rows from cache)
==================================================================
  -- Relative objective gap, by weight profile --
  [wMK  (100/1/1  makespan-priority)]
    Type                         N      Mean       Min       Max
    ----------------------------------------------------------
    scn_chain_loose_P5_R10       1    -7.24%    -7.24%    -7.24%
    scn_chain_loose_P5_R20       1   +25.30%   +25.30%   +25.30%
    scn_chain_loose_P5_R30       1   +18.84%   +18.84%   +18.84%
    scn_chain_loose_P5_R5        1    +0.00%    +0.00%    +0.00%
    scn_chain_medium_P5_R10      1    -6.70%    -6.70%    -6.70%
    scn_chain_medium_P5_R20      1   +12.07%   +12.07%   +12.07%
    scn_chain_medium_P5_R30      1   +29.42%   +29.42%   +29.42%
    scn_chain_medium_P5_R5       1    +0.00%    +0.00%    +0.00%
    scn_chain_tight_P5_R10       1    -4.40%    -4.40%    -4.40%
    scn_chain_tight_P5_R20       1   +22.53%   +22.53%   +22.53%
    scn_chain_tight_P5_R30       1   +29.88%   +29.88%   +29.88%
    scn_chain_tight_P5_R5        1    -0.07%    -0.07%    -0.07%
    scn_hub_loose_P5_R10         1    -1.20%    -1.20%    -1.20%
    scn_hub_loose_P5_R20         1   +13.47%   +13.47%   +13.47%
    scn_hub_loose_P5_R30         1   +13.98%   +13.98%   +13.98%
    scn_hub_loose_P5_R5          1    +0.00%    +0.00%    +0.00%
    scn_hub_medium_P5_R10        1    -1.25%    -1.25%    -1.25%
    scn_hub_medium_P5_R20        1   +14.28%   +14.28%   +14.28%
    scn_hub_medium_P5_R30        1   +12.84%   +12.84%   +12.84%
    scn_hub_medium_P5_R5         1    +0.00%    +0.00%    +0.00%
    scn_hub_tight_P5_R10         1    -1.32%    -1.32%    -1.32%
    scn_hub_tight_P5_R20         1   +15.73%   +15.73%   +15.73%
    scn_hub_tight_P5_R30         1   +10.38%   +10.38%   +10.38%
    scn_hub_tight_P5_R5          1    -0.03%    -0.03%    -0.03%
    scn_none_tight_P5_R10        1    +0.00%    +0.00%    +0.00%
    scn_two_rows_loose_P5_R10    1    -1.62%    -1.62%    -1.62%
    scn_two_rows_loose_P5_R20    1   +17.77%   +17.77%   +17.77%
    scn_two_rows_loose_P5_R30    1   +18.13%   +18.13%   +18.13%
    scn_two_rows_loose_P5_R5     1    +0.00%    +0.00%    +0.00%

  [wDLY  (1/100/1  delay-priority)]
    Type                         N      Mean       Min       Max
    ----------------------------------------------------------
    scn_chain_loose_P5_R10       1   -45.14%   -45.14%   -45.14%
    scn_chain_loose_P5_R20       1   +22.81%   +22.81%   +22.81%
    scn_chain_loose_P5_R30       1   +41.06%   +41.06%   +41.06%
    scn_chain_loose_P5_R5        1    +0.00%    +0.00%    +0.00%
    scn_chain_medium_P5_R10      1    -3.88%    -3.88%    -3.88%
    scn_chain_medium_P5_R20      1   +17.04%   +17.04%   +17.04%
    scn_chain_medium_P5_R30      1   +28.15%   +28.15%   +28.15%
    scn_chain_medium_P5_R5       1    +0.00%    +0.00%    +0.00%
    scn_chain_tight_P5_R10       1    +6.87%    +6.87%    +6.87%
    scn_chain_tight_P5_R20       1   +13.78%   +13.78%   +13.78%
    scn_chain_tight_P5_R30       1   +33.10%   +33.10%   +33.10%
    scn_chain_tight_P5_R5        1  -291.43%  -291.43%  -291.43%
    scn_hub_loose_P5_R10         1    +0.00%    +0.00%    +0.00%
    scn_hub_loose_P5_R20         1   +12.71%   +12.71%   +12.71%
    scn_hub_loose_P5_R30         1   +22.53%   +22.53%   +22.53%
    scn_hub_loose_P5_R5          1    +0.00%    +0.00%    +0.00%
    scn_hub_medium_P5_R10        1    -1.24%    -1.24%    -1.24%
    scn_hub_medium_P5_R20        1   +18.33%   +18.33%   +18.33%
    scn_hub_medium_P5_R30        1   +17.07%   +17.07%   +17.07%
    scn_hub_medium_P5_R5         1    +0.00%    +0.00%    +0.00%
    scn_hub_tight_P5_R10         1    +7.38%    +7.38%    +7.38%
    scn_hub_tight_P5_R20         1    +9.23%    +9.23%    +9.23%
    scn_hub_tight_P5_R30         1   +18.36%   +18.36%   +18.36%
    scn_hub_tight_P5_R5          1  -931.25%  -931.25%  -931.25%
    scn_none_tight_P5_R10        1    +0.00%    +0.00%    +0.00%
    scn_two_rows_loose_P5_R10    1   -35.92%   -35.92%   -35.92%
    scn_two_rows_loose_P5_R20    1   +22.96%   +22.96%   +22.96%
    scn_two_rows_loose_P5_R30    1   +47.78%   +47.78%   +47.78%

  [wMOV  (1/1/100  movement-priority)]
    Type                         N      Mean       Min       Max
    ----------------------------------------------------------
    scn_chain_loose_P5_R10       1    +0.00%    +0.00%    +0.00%
    scn_chain_loose_P5_R20       1   +25.46%   +25.46%   +25.46%
    scn_chain_loose_P5_R30       1   +37.45%   +37.45%   +37.45%
    scn_chain_loose_P5_R5        1    +0.00%    +0.00%    +0.00%
    scn_chain_medium_P5_R10      1    +0.00%    +0.00%    +0.00%
    scn_chain_medium_P5_R20      1   +28.30%   +28.30%   +28.30%
    scn_chain_medium_P5_R30      1   +25.65%   +25.65%   +25.65%
    scn_chain_medium_P5_R5       1    +0.00%    +0.00%    +0.00%
    scn_chain_tight_P5_R10       1   -10.73%   -10.73%   -10.73%
    scn_chain_tight_P5_R20       1   +18.70%   +18.70%   +18.70%
    scn_chain_tight_P5_R30       1   +33.84%   +33.84%   +33.84%
    scn_chain_tight_P5_R5        1    +0.00%    +0.00%    +0.00%
    scn_hub_loose_P5_R10         1    +0.00%    +0.00%    +0.00%
    scn_hub_loose_P5_R20         1   +23.45%   +23.45%   +23.45%
    scn_hub_loose_P5_R30         1   +25.79%   +25.79%   +25.79%
    scn_hub_loose_P5_R5          1    +0.00%    +0.00%    +0.00%
    scn_hub_medium_P5_R10        1    +0.00%    +0.00%    +0.00%
    scn_hub_medium_P5_R20        1   +16.42%   +16.42%   +16.42%
    scn_hub_medium_P5_R30        1   +16.26%   +16.26%   +16.26%
    scn_hub_medium_P5_R5         1    +0.00%    +0.00%    +0.00%
    scn_hub_tight_P5_R10         1    +0.00%    +0.00%    +0.00%
    scn_hub_tight_P5_R20         1   +18.44%   +18.44%   +18.44%
    scn_hub_tight_P5_R30         1   +19.50%   +19.50%   +19.50%
    scn_hub_tight_P5_R5          1    +0.00%    +0.00%    +0.00%
    scn_none_tight_P5_R10        1    +0.00%    +0.00%    +0.00%
    scn_two_rows_loose_P5_R10    1    +0.00%    +0.00%    +0.00%
    scn_two_rows_loose_P5_R20    1   +13.35%   +13.35%   +13.35%
    scn_two_rows_loose_P5_R30    1   +36.38%   +36.38%   +36.38%

  -- Relative objective gap, aggregated over all profiles --
  [ALL profiles]
    Type                         N      Mean       Min       Max
    ----------------------------------------------------------
    scn_chain_loose_P5_R10       3   -17.46%   -45.14%    +0.00%
    scn_chain_loose_P5_R20       3   +24.52%   +22.81%   +25.46%
    scn_chain_loose_P5_R30       3   +32.45%   +18.84%   +41.06%
    scn_chain_loose_P5_R5        3    +0.00%    +0.00%    +0.00%
    scn_chain_medium_P5_R10      3    -3.53%    -6.70%    +0.00%
    scn_chain_medium_P5_R20      3   +19.14%   +12.07%   +28.30%
    scn_chain_medium_P5_R30      3   +27.74%   +25.65%   +29.42%
    scn_chain_medium_P5_R5       3    +0.00%    +0.00%    +0.00%
    scn_chain_tight_P5_R10       3    -2.76%   -10.73%    +6.87%
    scn_chain_tight_P5_R20       3   +18.34%   +13.78%   +22.53%
    scn_chain_tight_P5_R30       3   +32.27%   +29.88%   +33.84%
    scn_chain_tight_P5_R5        3   -97.17%  -291.43%    +0.00%
    scn_hub_loose_P5_R10         3    -0.40%    -1.20%    +0.00%
    scn_hub_loose_P5_R20         3   +16.54%   +12.71%   +23.45%
    scn_hub_loose_P5_R30         3   +20.77%   +13.98%   +25.79%
    scn_hub_loose_P5_R5          3    +0.00%    +0.00%    +0.00%
    scn_hub_medium_P5_R10        3    -0.83%    -1.25%    +0.00%
    scn_hub_medium_P5_R20        3   +16.34%   +14.28%   +18.33%
    scn_hub_medium_P5_R30        3   +15.39%   +12.84%   +17.07%
    scn_hub_medium_P5_R5         3    +0.00%    +0.00%    +0.00%
    scn_hub_tight_P5_R10         3    +2.02%    -1.32%    +7.38%
    scn_hub_tight_P5_R20         3   +14.47%    +9.23%   +18.44%
    scn_hub_tight_P5_R30         3   +16.08%   +10.38%   +19.50%
    scn_hub_tight_P5_R5          3  -310.43%  -931.25%    +0.00%
    scn_none_tight_P5_R10        3    +0.00%    +0.00%    +0.00%
    scn_two_rows_loose_P5_R10    3   -12.51%   -35.92%    +0.00%
    scn_two_rows_loose_P5_R20    3   +18.03%   +13.35%   +22.96%
    scn_two_rows_loose_P5_R30    3   +34.10%   +18.13%   +47.78%
    scn_two_rows_loose_P5_R5     1    +0.00%    +0.00%    +0.00%

  -- Per-component mean Δ (heuristic − MILP); negative = heuristic better --
  -- (relative gap is distorted when the optimum delay ≈ 0; read these too)
  [wMK  (100/1/1  makespan-priority)]
    Type                         N   Δmakespan      Δdelay      Δmov
    --------------------------------------------------------------
    scn_chain_loose_P5_R10       1       +4.00      +32.50     -8.00
    scn_chain_loose_P5_R20       1      -45.00     -224.00    +42.00
    scn_chain_loose_P5_R30       1      -62.50     -186.50    +64.00
    scn_chain_loose_P5_R5        1       +0.00       +0.00     +0.00
    scn_chain_medium_P5_R10      1       +4.00       +5.00     -8.00
    scn_chain_medium_P5_R20      1      -17.00     -296.00    +34.00
    scn_chain_medium_P5_R30      1     -103.00     -951.00    +84.00
    scn_chain_medium_P5_R5       1       +0.00       +0.00     +0.00
    scn_chain_tight_P5_R10       1       +2.50       +7.00    +10.00
    scn_chain_tight_P5_R20       1      -40.00     -216.50     -6.00
    scn_chain_tight_P5_R30       1     -106.50     -917.00    +82.00
    scn_chain_tight_P5_R5        1       +0.00       +4.00     -2.00
    scn_hub_loose_P5_R10         1       +1.00      -11.50    -18.00
    scn_hub_loose_P5_R20         1      -18.50     -144.00    -28.00
    scn_hub_loose_P5_R30         1      -36.50     -393.50    +40.00
    scn_hub_loose_P5_R5          1       +0.00       +0.00     +0.00
    scn_hub_medium_P5_R10        1       +1.00       -8.00    -18.00
    scn_hub_medium_P5_R20        1      -20.50      -98.00     -8.00
    scn_hub_medium_P5_R30        1      -33.50     -502.00    +52.00
    scn_hub_medium_P5_R5         1       +0.00       +0.00     +0.00
    scn_hub_tight_P5_R10         1       +1.00       -3.00    -18.00
    scn_hub_tight_P5_R20         1      -23.50      -54.00    -36.00
    scn_hub_tight_P5_R30         1      -28.00     -291.50    +56.00
    scn_hub_tight_P5_R5          1       +0.00       +3.00     -2.00
    scn_none_tight_P5_R10        1       +0.00       +0.00     +0.00
    scn_two_rows_loose_P5_R10    1       +1.00       -2.50     -4.00
    scn_two_rows_loose_P5_R20    1      -24.50     -199.00     -4.00
    scn_two_rows_loose_P5_R30    1      -48.50     -326.50     -2.00
    scn_two_rows_loose_P5_R5     1       +0.00       +0.00     +0.00

  [wDLY  (1/100/1  delay-priority)]
    Type                         N   Δmakespan      Δdelay      Δmov
    --------------------------------------------------------------
    scn_chain_loose_P5_R10       1       +4.00       +3.50     -8.00
    scn_chain_loose_P5_R20       1      -18.00     -122.50    +24.00
    scn_chain_loose_P5_R30       1      -63.00    -1245.50    +48.00
    scn_chain_loose_P5_R5        1       +0.00       +0.00     +0.00
    scn_chain_medium_P5_R10      1       +1.00       +2.50     -2.00
    scn_chain_medium_P5_R20      1      -22.50     -124.50    +22.00
    scn_chain_medium_P5_R30      1      -66.50     -842.50    +60.00
    scn_chain_medium_P5_R5       1       +0.00       +0.00     +0.00
    scn_chain_tight_P5_R10       1       -5.50       -8.00     +0.00
    scn_chain_tight_P5_R20       1      -47.00     -116.50    +46.00
    scn_chain_tight_P5_R30       1     -104.50    -1225.00    +70.00
    scn_chain_tight_P5_R5        1       +2.00       +1.00     +0.00
    scn_hub_loose_P5_R10         1       +0.00       +0.00     +0.00
    scn_hub_loose_P5_R20         1      -16.50      -57.00    +12.00
    scn_hub_loose_P5_R30         1      -52.00     -436.00     +0.00
    scn_hub_loose_P5_R5          1       +0.00       +0.00     +0.00
    scn_hub_medium_P5_R10        1       -8.00       +1.00    -12.00
    scn_hub_medium_P5_R20        1      -26.50     -123.00     -4.00
    scn_hub_medium_P5_R30        1      -34.50     -389.00    +46.00
    scn_hub_medium_P5_R5         1       +0.00       +0.00     +0.00
    scn_hub_tight_P5_R10         1      -15.50       -8.50     -4.00
    scn_hub_tight_P5_R20         1      -12.00      -68.00     +4.00
    scn_hub_tight_P5_R30         1      -66.00     -468.50     +0.00
    scn_hub_tight_P5_R5          1       +0.00       +3.00     -2.00
    scn_none_tight_P5_R10        1       +0.00       +0.00     +0.00
    scn_two_rows_loose_P5_R10    1       -1.00       +1.00     -4.00
    scn_two_rows_loose_P5_R20    1      -22.50      -98.50     +0.00
    scn_two_rows_loose_P5_R30    1     -123.50    -1255.50     +0.00

  [wMOV  (1/1/100  movement-priority)]
    Type                         N   Δmakespan      Δdelay      Δmov
    --------------------------------------------------------------
    scn_chain_loose_P5_R10       1       +0.00       +0.00     +0.00
    scn_chain_loose_P5_R20       1      -33.00     -173.50     +0.00
    scn_chain_loose_P5_R30       1     -119.50    -1164.50     +0.00
    scn_chain_loose_P5_R5        1       +0.00       +0.00     +0.00
    scn_chain_medium_P5_R10      1       +0.00       +0.00     +0.00
    scn_chain_medium_P5_R20      1      -43.00     -260.00     +0.00
    scn_chain_medium_P5_R30      1      -98.50     -778.50     +0.00
    scn_chain_medium_P5_R5       1       +0.00       +0.00     +0.00
    scn_chain_tight_P5_R10       1       +1.00      +18.00     +0.00
    scn_chain_tight_P5_R20       1      -29.00     -198.50     +0.00
    scn_chain_tight_P5_R30       1     -114.50    -1254.50     +0.00
    scn_chain_tight_P5_R5        1       +0.00       +0.00     +0.00
    scn_hub_loose_P5_R10         1       +0.00       +0.00     +0.00
    scn_hub_loose_P5_R20         1      -22.50     -133.00     +0.00
    scn_hub_loose_P5_R30         1      -66.00     -503.00     +0.00
    scn_hub_loose_P5_R5          1       +0.00       +0.00     +0.00
    scn_hub_medium_P5_R10        1       +0.00       +0.00     +0.00
    scn_hub_medium_P5_R20        1      -23.50     -113.50     +0.00
    scn_hub_medium_P5_R30        1      -31.00     -387.50     +0.00
    scn_hub_medium_P5_R5         1       +0.00       +0.00     +0.00
    scn_hub_tight_P5_R10         1       +0.00       +0.00     +0.00
    scn_hub_tight_P5_R20         1      -19.50     -159.00     +0.00
    scn_hub_tight_P5_R30         1      -47.00     -512.50     +0.00
    scn_hub_tight_P5_R5          1       +0.00       +0.00     +0.00
    scn_none_tight_P5_R10        1       +0.00       +0.00     +0.00
    scn_two_rows_loose_P5_R10    1       +0.00       +0.00     +0.00
    scn_two_rows_loose_P5_R20    1       -3.50      -65.00     +0.00
    scn_two_rows_loose_P5_R30    1      -83.00     -873.00     +0.00

==================================================================


==================================================================
  SUMMARY  —  85 ok  /  0 failed  /  85 total
==================================================================
  Instance                         Experiment  Status             Obj   Makespan      Delay   Mov       Gap   Time(s)
  -------------------------------------------------------------------------------------------------------------------
  scn_chain_loose_P5_R10_seed1     igvnd_wMK   heuristic_     6289.50      62.50      39.50     0         -      60.1
  scn_chain_loose_P5_R10_seed1     igvnd_wDLY  heuristic_     1112.50      62.50      10.50     0         -      60.0
  scn_chain_loose_P5_R10_seed1     igvnd_wMOV  heuristic_       73.00      62.50      10.50     0         -      60.1
  scn_chain_loose_P5_R20_seed1     igvnd_wMK   heuristic_    13825.50     132.50     519.50    56         -      60.0
  scn_chain_loose_P5_R20_seed1     igvnd_wDLY  heuristic_    41442.50     140.50     412.50    52         -      60.2
  scn_chain_loose_P5_R20_seed1     igvnd_wMOV  heuristic_      604.50     141.50     463.00     0         -      60.1
  scn_chain_loose_P5_R30_seed1     igvnd_wMK   heuristic_    27449.00     248.50    2533.00    66         -      60.4
  scn_chain_loose_P5_R30_seed1     igvnd_wDLY  heuristic_   178798.50     300.50    1784.50    48         -      60.2
  scn_chain_loose_P5_R30_seed1     igvnd_wMOV  heuristic_     2145.00     240.00    1905.00     0         -      60.2
  scn_chain_loose_P5_R5_seed1      igvnd_wMK   heuristic_     3000.00      30.00       0.00     0         -      60.0
  scn_chain_loose_P5_R5_seed1      igvnd_wDLY  heuristic_       30.00      30.00       0.00     0         -      60.0
  scn_chain_loose_P5_R5_seed1      igvnd_wMOV  heuristic_       30.00      30.00       0.00     0         -      60.0
  scn_chain_medium_P5_R10_seed1    igvnd_wMK   heuristic_     6318.50      62.50      68.50     0         -      60.0
  scn_chain_medium_P5_R10_seed1    igvnd_wDLY  heuristic_     6671.50      61.50      66.00    10         -      60.1
  scn_chain_medium_P5_R10_seed1    igvnd_wMOV  heuristic_      131.00      62.50      68.50     0         -      60.1
  scn_chain_medium_P5_R20_seed1    igvnd_wMK   heuristic_    14286.50     136.00     630.50    56         -      60.0
  scn_chain_medium_P5_R20_seed1    igvnd_wDLY  heuristic_    60633.00     141.00     604.50    42         -      60.0
  scn_chain_medium_P5_R20_seed1    igvnd_wMOV  heuristic_      767.50     134.50     633.00     0         -      60.3
  scn_chain_medium_P5_R30_seed1    igvnd_wMK   heuristic_    26787.00     242.50    2453.00    84         -      60.3
  scn_chain_medium_P5_R30_seed1    igvnd_wDLY  heuristic_   215086.00     266.00    2147.50    70         -      60.2
  scn_chain_medium_P5_R30_seed1    igvnd_wMOV  heuristic_     2542.00     249.00    2293.00     0         -      60.2
  scn_chain_medium_P5_R5_seed1     igvnd_wMK   heuristic_     3000.00      30.00       0.00     0         -      60.0
  scn_chain_medium_P5_R5_seed1     igvnd_wDLY  heuristic_       30.00      30.00       0.00     0         -      60.0
  scn_chain_medium_P5_R5_seed1     igvnd_wMOV  heuristic_       30.00      30.00       0.00     0         -      60.0
  scn_chain_tight_P5_R10_seed1     igvnd_wMK   heuristic_     6331.50      62.00     113.50    18         -      60.0
  scn_chain_tight_P5_R10_seed1     igvnd_wDLY  heuristic_    10926.50      62.50     108.50    14         -      60.0
  scn_chain_tight_P5_R10_seed1     igvnd_wMOV  heuristic_      196.00      63.50     132.50     0         -      60.1
  scn_chain_tight_P5_R20_seed1     igvnd_wMK   heuristic_    14520.00     137.50     770.00     0         -      60.1
  scn_chain_tight_P5_R20_seed1     igvnd_wDLY  heuristic_    72893.50     139.50     727.00    54         -      60.1
  scn_chain_tight_P5_R20_seed1     igvnd_wMOV  heuristic_      989.00     145.50     843.50     0         -      60.1
  scn_chain_tight_P5_R30_seed1     igvnd_wMK   heuristic_    26955.00     241.00    2773.00    82         -      60.3
  scn_chain_tight_P5_R30_seed1     igvnd_wDLY  heuristic_   247633.50     263.50    2473.00    70         -      60.4
  scn_chain_tight_P5_R30_seed1     igvnd_wMOV  heuristic_     2677.00     249.00    2428.00     0         -      60.2
  scn_chain_tight_P5_R5_seed1      igvnd_wMK   heuristic_     3005.00      30.00       5.00     0         -      60.0
  scn_chain_tight_P5_R5_seed1      igvnd_wDLY  heuristic_      137.00      33.00       1.00     4         -      60.0
  scn_chain_tight_P5_R5_seed1      igvnd_wMOV  heuristic_       35.00      30.00       5.00     0         -      60.0
  scn_hub_loose_P5_R10_seed1       igvnd_wMK   heuristic_     5957.00      59.50       7.00     0         -      60.0
  scn_hub_loose_P5_R10_seed1       igvnd_wDLY  heuristic_      759.50      59.50       7.00     0         -      60.0
  scn_hub_loose_P5_R10_seed1       igvnd_wMOV  heuristic_       66.50      59.50       7.00     0         -      60.1
  scn_hub_loose_P5_R20_seed1       igvnd_wMK   heuristic_    12987.00     125.50     437.00     0         -      60.1
  scn_hub_loose_P5_R20_seed1       igvnd_wDLY  heuristic_    39183.00     139.00     390.00    44         -      60.2
  scn_hub_loose_P5_R20_seed1       igvnd_wMOV  heuristic_      507.50     129.50     378.00     0         -      60.1
  scn_hub_loose_P5_R30_seed1       igvnd_wMK   heuristic_    24632.00     229.00    1692.00    40         -      60.2
  scn_hub_loose_P5_R30_seed1       igvnd_wDLY  heuristic_   150121.50     221.50    1499.00     0         -      60.2
  scn_hub_loose_P5_R30_seed1       igvnd_wMOV  heuristic_     1637.50     217.50    1420.00     0         -      60.4
  scn_hub_loose_P5_R5_seed1        igvnd_wMK   heuristic_     3000.00      30.00       0.00     0         -      60.0
  scn_hub_loose_P5_R5_seed1        igvnd_wDLY  heuristic_       30.00      30.00       0.00     0         -      60.0
  scn_hub_loose_P5_R5_seed1        igvnd_wMOV  heuristic_       30.00      30.00       0.00     0         -      60.0
  scn_hub_medium_P5_R10_seed1      igvnd_wMK   heuristic_     6014.50      59.50      64.50     0         -      60.0
  scn_hub_medium_P5_R10_seed1      igvnd_wDLY  heuristic_     6509.50      59.50      64.50     0         -      60.1
  scn_hub_medium_P5_R10_seed1      igvnd_wMOV  heuristic_      124.00      59.50      64.50     0         -      60.0
  scn_hub_medium_P5_R20_seed1      igvnd_wMK   heuristic_    12944.00     123.50     594.00     0         -      60.1
  scn_hub_medium_P5_R20_seed1      igvnd_wDLY  heuristic_    54929.50     129.50     548.00     0         -      60.1
  scn_hub_medium_P5_R20_seed1      igvnd_wMOV  heuristic_      697.50     125.50     572.00     0         -      60.1
  scn_hub_medium_P5_R30_seed1      igvnd_wMK   heuristic_    25806.50     238.00    1954.50    52         -      60.1
  scn_hub_medium_P5_R30_seed1      igvnd_wDLY  heuristic_   188927.00     231.00    1886.50    46         -      60.3
  scn_hub_medium_P5_R30_seed1      igvnd_wMOV  heuristic_     2155.00     253.00    1902.00     0         -      60.2
  scn_hub_medium_P5_R5_seed1       igvnd_wMK   heuristic_     3000.00      30.00       0.00     0         -      60.0
  scn_hub_medium_P5_R5_seed1       igvnd_wDLY  heuristic_       30.00      30.00       0.00     0         -      60.0
  scn_hub_medium_P5_R5_seed1       igvnd_wMOV  heuristic_       30.00      30.00       0.00     0         -      60.0
  scn_hub_tight_P5_R10_seed1       igvnd_wMK   heuristic_     6058.50      59.50     108.50     0         -      60.0
  scn_hub_tight_P5_R10_seed1       igvnd_wDLY  heuristic_    10909.50      59.50     108.50     0         -      60.2
  scn_hub_tight_P5_R10_seed1       igvnd_wMOV  heuristic_      168.00      59.50     108.50     0         -      60.0
  scn_hub_tight_P5_R20_seed1       igvnd_wMK   heuristic_    13072.00     123.50     722.00     0         -      60.0
  scn_hub_tight_P5_R20_seed1       igvnd_wDLY  heuristic_    66976.00     140.00     668.00    36         -      60.0
  scn_hub_tight_P5_R20_seed1       igvnd_wMOV  heuristic_      789.50     127.50     662.00     0         -      60.0
  scn_hub_tight_P5_R30_seed1       igvnd_wMK   heuristic_    26216.50     236.50    2510.50    56         -      60.1
  scn_hub_tight_P5_R30_seed1       igvnd_wDLY  heuristic_   208573.50     223.50    2083.50     0         -      60.2
  scn_hub_tight_P5_R30_seed1       igvnd_wMOV  heuristic_     2309.00     223.50    2085.50     0         -      60.2
  scn_hub_tight_P5_R5_seed1        igvnd_wMK   heuristic_     3003.00      30.00       3.00     0         -      60.0
  scn_hub_tight_P5_R5_seed1        igvnd_wDLY  heuristic_      330.00      30.00       3.00     0         -      60.0
  scn_hub_tight_P5_R5_seed1        igvnd_wMOV  heuristic_       33.00      30.00       3.00     0         -      60.0
  scn_none_tight_P5_R10_seed1      igvnd_wMK   heuristic_     5844.50      57.50      94.50     0         -      60.0
  scn_none_tight_P5_R10_seed1      igvnd_wDLY  heuristic_     9408.50      58.50      93.50     0         -      60.0
  scn_none_tight_P5_R10_seed1      igvnd_wMOV  heuristic_      152.00      58.50      93.50     0         -      60.0
  scn_two_rows_loose_P5_R10_seed1  igvnd_wMK   heuristic_     5854.50      58.50       4.50     0         -      60.0
  scn_two_rows_loose_P5_R10_seed1  igvnd_wDLY  heuristic_      359.50      59.50       3.00     0         -      60.0
  scn_two_rows_loose_P5_R10_seed1  igvnd_wMOV  heuristic_       62.50      59.50       3.00     0         -      60.0
  scn_two_rows_loose_P5_R20_seed1  igvnd_wMK   heuristic_    12279.50     119.50     329.50     0         -      60.1
  scn_two_rows_loose_P5_R20_seed1  igvnd_wDLY  heuristic_    33123.50     123.50     330.00     0         -      60.0
  scn_two_rows_loose_P5_R20_seed1  igvnd_wMOV  heuristic_      444.50     126.50     318.00     0         -      60.1
  scn_two_rows_loose_P5_R30_seed1  igvnd_wMK   heuristic_    23380.00     219.00    1480.00     0         -      60.2
  scn_two_rows_loose_P5_R30_seed1  igvnd_wDLY  heuristic_   137378.00     228.00    1371.50     0         -      60.2
  scn_two_rows_loose_P5_R30_seed1  igvnd_wMOV  heuristic_     1671.50     234.00    1437.50     0         -      60.1
  scn_two_rows_loose_P5_R5_seed1   igvnd_wMK   heuristic_     3000.00      30.00       0.00     0         -      60.0
==================================================================
