==================================================================
  EXPERIMENT CONFIGURATIONS  (2 experiments)
==================================================================
  Shared parameters:
    weight_makespan=0.1           time_limit_s=60
    weight_delay=1.0              MIPGap=0.0
    weight_movements=10           NoRelHeurTime=0

  Per-experiment parameters:
  Label                Solver                alpha  weight_topology  n_starts  seed
  ---------------------------------------------------------------------------------
  milp_baseline_job    MILPJobsV2Solver      —      —                —         —   
  topology_ms6_job_ar  TopologyHeuristicJob  0.3    1                6         1   
==================================================================



==================================================================
  SUMMARY  —  2 ok  /  0 failed  /  2 total
==================================================================
  Instance                        Experiment           Status             Obj   Makespan      Delay   Mov       Gap   Time(s)
  ---------------------------------------------------------------------------------------------------------------------------
  scn_triangle_tight_P5_R5_seed1  milp_baseline_job    optimal           3.00      30.00       0.00     0     0.00%       0.2
  scn_triangle_tight_P5_R5_seed1  topology_ms6_job_ar  topology_j        3.00      30.00       0.00     0         -      60.0
==================================================================
