==================================================================
  EXPERIMENT CONFIGURATIONS  (1 experiments)
  Code state (git): afba6b5+dirty
  Instance order  : by seed, then config (seed1 of all types first)
==================================================================
  Shared parameters:
    weight_makespan=1             MIPGap=0.0
    weight_delay=100              NoRelHeurTime=0
    weight_movements=1            seed=1
    time_limit_s=60               

  Per-experiment parameters:
  Label       Solver                    
  --------------------------------------
  igvnd_wDLY  IteratedGreedyVNDJobSolver
==================================================================


==================================================================
  HEURISTIC vs MILP  —  relative gap per instance type
  gap = (MILP_obj - heuristic_obj) / MILP_obj
  gap > 0  =>  heuristic BETTER (lower objective);  < 0  => worse
==================================================================
  -- Relative objective gap, by weight profile --
  [wMK  (100/1/1  makespan-priority)]
    (no paired MILP/heuristic results yet)

  [wDLY  (1/100/1  delay-priority)]
    (no paired MILP/heuristic results yet)

  [wMOV  (1/1/100  movement-priority)]
    (no paired MILP/heuristic results yet)

  -- Relative objective gap, aggregated over all profiles --
  [ALL profiles]
    (no paired MILP/heuristic results yet)

  -- Per-component mean Δ (heuristic − MILP); negative = heuristic better --
  -- (relative gap is distorted when the optimum delay ≈ 0; read these too)
  [wMK  (100/1/1  makespan-priority)]
    (no paired MILP/heuristic results yet)

  [wDLY  (1/100/1  delay-priority)]
    (no paired MILP/heuristic results yet)

  [wMOV  (1/1/100  movement-priority)]
    (no paired MILP/heuristic results yet)

==================================================================


==================================================================
  SUMMARY  —  1 ok  /  0 failed  /  1 total
==================================================================
  Instance                          Experiment  Status             Obj   Makespan      Delay   Mov       Gap   Time(s)
  --------------------------------------------------------------------------------------------------------------------
  scn_triangle_loose_P5_R10_seed10  igvnd_wDLY  heuristic_      230.50      70.50       1.50    10         -      60.1
==================================================================
