==================================================================
  EXPERIMENT CONFIGURATIONS  (6 experiments)
==================================================================
  Shared parameters:
    time_limit_s=60               NoRelHeurTime=0
    MIPGap=0.0                    

  Per-experiment parameters:
  Label          Solver                      weight_makespan  weight_delay  weight_movements  seed
  ------------------------------------------------------------------------------------------------
  milp_job_wMK   MILPJobsV2Solver            100              1             1                 —   
  igvnd_wMK      IteratedGreedyVNDJobSolver  100              1             1                 1   
  milp_job_wDLY  MILPJobsV2Solver            1                100           1                 —   
  igvnd_wDLY     IteratedGreedyVNDJobSolver  1                100           1                 1   
  milp_job_wMOV  MILPJobsV2Solver            1                1             100               —   
  igvnd_wMOV     IteratedGreedyVNDJobSolver  1                1             100               1   
==================================================================


==================================================================
  HEURISTIC vs MILP  —  relative gap per instance type
  gap = (MILP_obj - heuristic_obj) / MILP_obj
  gap > 0  =>  heuristic BETTER (lower objective);  < 0  => worse
==================================================================
  -- Relative objective gap, by weight profile --
  [wMK  (100/1/1  makespan-priority)]
    Type                      N      Mean       Min       Max
    -------------------------------------------------------
    scn_chain_tight_P5_R10    1    -2.32%    -2.32%    -2.32%

  [wDLY  (1/100/1  delay-priority)]
    (no paired MILP/heuristic results yet)

  [wMOV  (1/1/100  movement-priority)]
    (no paired MILP/heuristic results yet)

  -- Relative objective gap, aggregated over all profiles --
  [ALL profiles]
    Type                      N      Mean       Min       Max
    -------------------------------------------------------
    scn_chain_tight_P5_R10    1    -2.32%    -2.32%    -2.32%

  -- Per-component mean Δ (heuristic − MILP); negative = heuristic better --
  -- (relative gap is distorted when the optimum delay ≈ 0; read these too)
  [wMK  (100/1/1  makespan-priority)]
    Type                      N   Δmakespan      Δdelay      Δmov
    -----------------------------------------------------------
    scn_chain_tight_P5_R10    1       +1.50       -1.50     -4.00

  [wDLY  (1/100/1  delay-priority)]
    (no paired MILP/heuristic results yet)

  [wMOV  (1/1/100  movement-priority)]
    (no paired MILP/heuristic results yet)

==================================================================


==================================================================
  SUMMARY  —  3 ok  /  0 failed  /  3 total
==================================================================
  Instance                      Experiment     Status             Obj   Makespan      Delay   Mov       Gap   Time(s)
  -------------------------------------------------------------------------------------------------------------------
  scn_chain_tight_P5_R10_seed1  milp_job_wMK   maxTimeLim     6223.00      61.00     109.00    14    40.54%      60.7
  scn_chain_tight_P5_R10_seed1  igvnd_wMK      heuristic_     6367.50      62.50     107.50    10         -      60.1
  scn_chain_tight_P5_R10_seed1  milp_job_wDLY  maxTimeLim    12491.00      77.00     124.00    14    99.70%      60.6
==================================================================
