==================================================================
  EXPERIMENT CONFIGURATIONS  (3 experiments)
  Code state (git): 4837874
  Instance order  : by seed, then config (seed1 of all types first)
==================================================================
  Shared parameters:
    time_limit_s=60               NoRelHeurTime=0
    MIPGap=0.0                    seed=1

  Per-experiment parameters:
  Label           Solver                   weight_makespan  weight_delay  weight_movements
  ----------------------------------------------------------------------------------------
  ta2_brkga_wMK   TheoryAssistedJobSolver  100              1             1               
  ta2_brkga_wDLY  TheoryAssistedJobSolver  1                100           1               
  ta2_brkga_wMOV  TheoryAssistedJobSolver  1                1             100             
==================================================================


==================================================================
  HEURISTIC vs MILP  —  relative gap per instance type
  gap = (MILP_obj - heuristic_obj) / MILP_obj
  gap > 0  =>  heuristic BETTER (lower objective);  < 0  => worse
  heuristic: ta2_brkga_wMK / ta2_brkga_wDLY / ta2_brkga_wMOV   (MILP rows from cache)
==================================================================
  -- Relative objective gap, by weight profile --
  [wMK  (100/1/1  makespan-priority)]
    Type                          N      Mean       Min       Max
    -----------------------------------------------------------
    scn_chain_tight_P5_R10        1   -22.44%   -22.44%   -22.44%
    scn_full_tight_P5_R10         1   -71.32%   -71.32%   -71.32%
    scn_full_tight_P5_R20         1    -1.46%    -1.46%    -1.46%
    scn_hub_tight_P5_R10          1    -3.18%    -3.18%    -3.18%
    scn_none_tight_P5_R10         1    +0.00%    +0.00%    +0.00%
    scn_triangle_loose_P5_R10     1   -18.37%   -18.37%   -18.37%
    scn_triangle_medium_P5_R10    1   -10.15%   -10.15%   -10.15%
    scn_triangle_tight_P5_R10     1   -13.88%   -13.88%   -13.88%
    scn_triangle_tight_P5_R20     1    +6.21%    +6.21%    +6.21%
    scn_triangle_tight_P5_R30     1   +10.14%   +10.14%   +10.14%
    scn_triangle_tight_P5_R5      1    -0.02%    -0.02%    -0.02%
    scn_two_rows_tight_P5_R10     1    -8.98%    -8.98%    -8.98%

  [wDLY  (1/100/1  delay-priority)]
    Type                          N      Mean       Min       Max
    -----------------------------------------------------------
    scn_chain_tight_P5_R10        1   -20.77%   -20.77%   -20.77%
    scn_full_tight_P5_R10         1   -96.98%   -96.98%   -96.98%
    scn_full_tight_P5_R20         1   +21.01%   +21.01%   +21.01%
    scn_hub_tight_P5_R10          1    -6.12%    -6.12%    -6.12%
    scn_none_tight_P5_R10         1    +0.00%    +0.00%    +0.00%
    scn_triangle_loose_P5_R10     1  -553.94%  -553.94%  -553.94%
    scn_triangle_medium_P5_R10    1    -8.50%    -8.50%    -8.50%
    scn_triangle_tight_P5_R10     1   -19.35%   -19.35%   -19.35%
    scn_triangle_tight_P5_R20     1    +2.01%    +2.01%    +2.01%
    scn_triangle_tight_P5_R30     1   +28.10%   +28.10%   +28.10%
    scn_triangle_tight_P5_R5      1    -0.02%    -0.02%    -0.02%
    scn_two_rows_tight_P5_R10     1    -7.22%    -7.22%    -7.22%

  [wMOV  (1/1/100  movement-priority)]
    Type                          N      Mean       Min       Max
    -----------------------------------------------------------
    scn_chain_tight_P5_R10        1   -23.92%   -23.92%   -23.92%
    scn_full_tight_P5_R10         1   -93.49%   -93.49%   -93.49%
    scn_full_tight_P5_R20         1   -18.85%   -18.85%   -18.85%
    scn_hub_tight_P5_R10          1    -1.34%    -1.34%    -1.34%
    scn_none_tight_P5_R10         1    +0.00%    +0.00%    +0.00%
    scn_triangle_loose_P5_R10     1   -27.95%   -27.95%   -27.95%
    scn_triangle_medium_P5_R10    1   -16.00%   -16.00%   -16.00%
    scn_triangle_tight_P5_R10     1   -18.10%   -18.10%   -18.10%
    scn_triangle_tight_P5_R20     1    -1.12%    -1.12%    -1.12%
    scn_triangle_tight_P5_R30     1   +25.97%   +25.97%   +25.97%
    scn_triangle_tight_P5_R5      1    +0.00%    +0.00%    +0.00%
    scn_two_rows_tight_P5_R10     1    -6.24%    -6.24%    -6.24%

  -- Relative objective gap, aggregated over all profiles --
  [ALL profiles]
    Type                          N      Mean       Min       Max
    -----------------------------------------------------------
    scn_chain_tight_P5_R10        3   -22.38%   -23.92%   -20.77%
    scn_full_tight_P5_R10         3   -87.26%   -96.98%   -71.32%
    scn_full_tight_P5_R20         3    +0.23%   -18.85%   +21.01%
    scn_hub_tight_P5_R10          3    -3.55%    -6.12%    -1.34%
    scn_none_tight_P5_R10         3    +0.00%    +0.00%    +0.00%
    scn_triangle_loose_P5_R10     3  -200.08%  -553.94%   -18.37%
    scn_triangle_medium_P5_R10    3   -11.55%   -16.00%    -8.50%
    scn_triangle_tight_P5_R10     3   -17.11%   -19.35%   -13.88%
    scn_triangle_tight_P5_R20     3    +2.37%    -1.12%    +6.21%
    scn_triangle_tight_P5_R30     3   +21.41%   +10.14%   +28.10%
    scn_triangle_tight_P5_R5      3    -0.01%    -0.02%    +0.00%
    scn_two_rows_tight_P5_R10     3    -7.48%    -8.98%    -6.24%

  -- Per-component mean Δ (heuristic − MILP); negative = heuristic better --
  -- (relative gap is distorted when the optimum delay ≈ 0; read these too)
  [wMK  (100/1/1  makespan-priority)]
    Type                          N   Δmakespan      Δdelay      Δmov
    ---------------------------------------------------------------
    scn_chain_tight_P5_R10        1      +13.00      +96.59     +0.00
    scn_full_tight_P5_R10         1      +46.82     +223.20    -30.00
    scn_full_tight_P5_R20         1       +2.73      +99.23    +34.00
    scn_hub_tight_P5_R10          1       +2.07       +4.78    -18.00
    scn_none_tight_P5_R10         1       +0.00       +0.00     +0.00
    scn_triangle_loose_P5_R10     1      +10.50      +51.33     -6.00
    scn_triangle_medium_P5_R10    1       +6.08       +7.17     -4.00
    scn_triangle_tight_P5_R10     1       +8.14      +29.02     -2.00
    scn_triangle_tight_P5_R20     1       -9.86      +10.86    +12.00
    scn_triangle_tight_P5_R30     1      -34.34     -379.66    +12.00
    scn_triangle_tight_P5_R5      1       +0.00       +0.00     +0.00
    scn_two_rows_tight_P5_R10     1       +5.06      +32.74     -4.00

  [wDLY  (1/100/1  delay-priority)]
    Type                          N   Δmakespan      Δdelay      Δmov
    ---------------------------------------------------------------
    scn_chain_tight_P5_R10        1       -5.42      +26.00     +0.00
    scn_full_tight_P5_R10         1      +38.96     +165.21     +4.00
    scn_full_tight_P5_R20         1      -79.61     -520.50    +22.00
    scn_hub_tight_P5_R10          1       -1.86       +6.72     -2.00
    scn_none_tight_P5_R10         1       +0.00       +0.00     +0.00
    scn_triangle_loose_P5_R10     1       +7.03      +26.11     -6.00
    scn_triangle_medium_P5_R10    1       +5.52       +5.42    -10.00
    scn_triangle_tight_P5_R10     1      +14.71      +19.73    -10.00
    scn_triangle_tight_P5_R20     1       +4.05      -15.37    -14.00
    scn_triangle_tight_P5_R30     1     -100.46    -1056.07    +24.00
    scn_triangle_tight_P5_R5      1       +0.01       +0.00     +0.00
    scn_two_rows_tight_P5_R10     1       +0.05       +7.16     +0.00

  [wMOV  (1/1/100  movement-priority)]
    Type                          N   Δmakespan      Δdelay      Δmov
    ---------------------------------------------------------------
    scn_chain_tight_P5_R10        1      +14.50      +41.00     +0.00
    scn_full_tight_P5_R10         1      +70.12     +173.88     +0.00
    scn_full_tight_P5_R20         1      +56.60     +257.80     +0.00
    scn_hub_tight_P5_R10          1       +0.02       +2.32     +0.00
    scn_none_tight_P5_R10         1       +0.00       +0.00     +0.00
    scn_triangle_loose_P5_R10     1       +3.00      +16.56     +0.00
    scn_triangle_medium_P5_R10    1       +7.50      +12.50     +0.00
    scn_triangle_tight_P5_R10     1       +3.00      +27.04     +0.00
    scn_triangle_tight_P5_R20     1       -8.50      +18.67     +0.00
    scn_triangle_tight_P5_R30     1     -132.69     -779.31     +0.00
    scn_triangle_tight_P5_R5      1       +0.00       +0.00     +0.00
    scn_two_rows_tight_P5_R10     1       +3.02       +7.09     +0.00

==================================================================


==================================================================
  SUMMARY  —  36 ok  /  0 failed  /  36 total
==================================================================
  Instance                          Experiment      Status             Obj   Makespan      Delay   Mov       Gap   Time(s)
  ------------------------------------------------------------------------------------------------------------------------
  scn_chain_tight_P5_R10_seed1      ta2_brkga_wMK   brkga (663     7619.59      74.00     205.59    14         -      60.1
  scn_chain_tight_P5_R10_seed1      ta2_brkga_wDLY  brkga (653    15085.36      71.58     150.00    14         -      60.2
  scn_chain_tight_P5_R10_seed1      ta2_brkga_wMOV  brkga (369      287.50      84.00     203.50     0         -      60.0
  scn_full_tight_P5_R10_seed1       ta2_brkga_wMK   brkga (436    11712.08     113.32     369.70    10         -      60.2
  scn_full_tight_P5_R10_seed1       ta2_brkga_wDLY  brkga (437    33642.56     109.96     335.21    12         -      60.2
  scn_full_tight_P5_R10_seed1       ta2_brkga_wMOV  brkga (169      505.00     141.62     363.38     0         -      60.1
  scn_full_tight_P5_R20_seed1       ta2_brkga_wMK   brkga (52     28250.38     260.73    2143.23    34         -      61.5
  scn_full_tight_P5_R20_seed1       ta2_brkga_wDLY  brkga (53    195932.65     258.89    1956.50    24         -      61.9
  scn_full_tight_P5_R20_seed1       ta2_brkga_wMOV  brkga (208     1981.90     258.10    1723.80     0         -      60.4
  scn_hub_tight_P5_R10_seed1        ta2_brkga_wMK   brkga (126     6279.15      61.57     120.28     2         -      60.1
  scn_hub_tight_P5_R10_seed1        ta2_brkga_wDLY  brkga (876    11588.06      61.64     115.22     4         -      60.1
  scn_hub_tight_P5_R10_seed1        ta2_brkga_wMOV  brkga (300      176.34      60.52     115.82     0         -      60.0
  scn_none_tight_P5_R10_seed1       ta2_brkga_wMK   brkga (569     5844.50      57.50      94.50     0         -      60.0
  scn_none_tight_P5_R10_seed1       ta2_brkga_wDLY  brkga (563     9408.50      58.50      93.50     0         -      60.0
  scn_none_tight_P5_R10_seed1       ta2_brkga_wMOV  brkga (569      152.00      58.50      93.50     0         -      60.0
  scn_triangle_loose_P5_R10_seed1   ta2_brkga_wMK   brkga (960     7059.33      70.00      57.33     2         -      60.1
  scn_triangle_loose_P5_R10_seed1   ta2_brkga_wDLY  brkga (924     3083.32      68.53      30.11     4         -      60.1
  scn_triangle_loose_P5_R10_seed1   ta2_brkga_wMOV  brkga (332       89.56      64.50      25.06     0         -      60.0
  scn_triangle_medium_P5_R10_seed1  ta2_brkga_wMK   brkga (892     6629.34      65.58      67.67     4         -      60.1
  scn_triangle_medium_P5_R10_seed1  ta2_brkga_wDLY  brkga (141     6857.18      65.52      67.92     0         -      60.1
  scn_triangle_medium_P5_R10_seed1  ta2_brkga_wMOV  brkga (389      145.00      70.00      75.00     0         -      60.0
  scn_triangle_tight_P5_R10_seed1   ta2_brkga_wMK   brkga (848     6900.62      67.64     130.52     6         -      60.1
  scn_triangle_tight_P5_R10_seed1   ta2_brkga_wDLY  brkga (795    12198.59      75.21     121.23     0         -      60.1
  scn_triangle_tight_P5_R10_seed1   ta2_brkga_wMOV  brkga (319      196.04      65.50     130.54     0         -      60.0
  scn_triangle_tight_P5_R20_seed1   ta2_brkga_wMK   brkga (164    14544.01     136.64     866.36    14         -      60.4
  scn_triangle_tight_P5_R20_seed1   ta2_brkga_wDLY  brkga (188    75610.74     140.05     754.63     8         -      60.6
  scn_triangle_tight_P5_R20_seed1   ta2_brkga_wMOV  brkga (630      919.17     137.50     781.67     0         -      60.1
  scn_triangle_tight_P5_R30_seed1   ta2_brkga_wMK   brkga (52     33675.71     303.66    3297.84    12         -      62.6
  scn_triangle_tight_P5_R30_seed1   ta2_brkga_wDLY  brkga (50    270410.41     293.54    2700.93    24         -      61.8
  scn_triangle_tight_P5_R30_seed1   ta2_brkga_wMOV  brkga (205     2599.51     242.31    2357.19     0         -      60.6
  scn_triangle_tight_P5_R5_seed1    ta2_brkga_wMK   brkga (772     3000.50      30.00       0.00     0         -      60.0
  scn_triangle_tight_P5_R5_seed1    ta2_brkga_wDLY  brkga (471       30.01      30.01       0.00     0         -      60.0
  scn_triangle_tight_P5_R5_seed1    ta2_brkga_wMOV  brkga (144       30.00      30.00       0.00     0         -      60.0
  scn_two_rows_tight_P5_R10_seed1   ta2_brkga_wMK   brkga (861     6493.95      63.56     133.74     4         -      60.1
  scn_two_rows_tight_P5_R10_seed1   ta2_brkga_wDLY  brkga (904    10632.54      62.55     105.66     4         -      60.1
  scn_two_rows_tight_P5_R10_seed1   ta2_brkga_wMOV  brkga (356      172.11      64.52     107.59     0         -      60.0
==================================================================
